running develop
Removing /home/lh/Documents/joao_pessoa_2026/install/hydrone_controller/lib/python3.10/site-packages/hydrone-controller.egg-link (link to .)
running egg_info
writing ../../build/hydrone_controller/hydrone_controller.egg-info/PKG-INFO
writing dependency_links to ../../build/hydrone_controller/hydrone_controller.egg-info/dependency_links.txt
writing entry points to ../../build/hydrone_controller/hydrone_controller.egg-info/entry_points.txt
writing requirements to ../../build/hydrone_controller/hydrone_controller.egg-info/requires.txt
writing top-level names to ../../build/hydrone_controller/hydrone_controller.egg-info/top_level.txt
reading manifest file '../../build/hydrone_controller/hydrone_controller.egg-info/SOURCES.txt'
writing manifest file '../../build/hydrone_controller/hydrone_controller.egg-info/SOURCES.txt'
running build
running build_py
creating /home/lh/Documents/joao_pessoa_2026/build/hydrone_controller/build
creating /home/lh/Documents/joao_pessoa_2026/build/hydrone_controller/build/lib
creating /home/lh/Documents/joao_pessoa_2026/build/hydrone_controller/build/lib/hydrone_controller
copying hydrone_controller/__init__.py -> /home/lh/Documents/joao_pessoa_2026/build/hydrone_controller/build/lib/hydrone_controller
copying hydrone_controller/controller_node.py -> /home/lh/Documents/joao_pessoa_2026/build/hydrone_controller/build/lib/hydrone_controller
running install
running install_lib
creating /home/lh/Documents/joao_pessoa_2026/install/hydrone_controller/lib/python3.10/site-packages/hydrone_controller
copying /home/lh/Documents/joao_pessoa_2026/build/hydrone_controller/build/lib/hydrone_controller/__init__.py -> /home/lh/Documents/joao_pessoa_2026/install/hydrone_controller/lib/python3.10/site-packages/hydrone_controller
copying /home/lh/Documents/joao_pessoa_2026/build/hydrone_controller/build/lib/hydrone_controller/controller_node.py -> /home/lh/Documents/joao_pessoa_2026/install/hydrone_controller/lib/python3.10/site-packages/hydrone_controller
byte-compiling /home/lh/Documents/joao_pessoa_2026/install/hydrone_controller/lib/python3.10/site-packages/hydrone_controller/__init__.py to __init__.cpython-310.pyc
byte-compiling /home/lh/Documents/joao_pessoa_2026/install/hydrone_controller/lib/python3.10/site-packages/hydrone_controller/controller_node.py to controller_node.cpython-310.pyc
running install_data
copying resource/hydrone_controller -> /home/lh/Documents/joao_pessoa_2026/install/hydrone_controller/share/ament_index/resource_index/packages
copying package.xml -> /home/lh/Documents/joao_pessoa_2026/install/hydrone_controller/share/hydrone_controller
running install_egg_info
Copying ../../build/hydrone_controller/hydrone_controller.egg-info to /home/lh/Documents/joao_pessoa_2026/install/hydrone_controller/lib/python3.10/site-packages/hydrone_controller-1.0.0-py3.10.egg-info
running install_scripts
Installing controller_node script to /home/lh/Documents/joao_pessoa_2026/install/hydrone_controller/bin
writing list of installed files to '/home/lh/Documents/joao_pessoa_2026/build/hydrone_controller/install.log'
