[0.729s] Invoking command in '/home/lh/Documents/joao_pessoa_2026/build/hydrone_controller': PYTHONPATH=/home/lh/Documents/joao_pessoa_2026/build/hydrone_controller/prefix_override:/usr/lib/python3/dist-packages/colcon_core/task/python/colcon_distutils_commands:/home/lh/Documents/joao_pessoa_2026/install/hydrone_controller/lib/python3.10/site-packages:${PYTHONPATH} /usr/bin/python3 -W ignore:setup.py install is deprecated -W ignore:easy_install command is deprecated setup.py develop --uninstall --editable --build-directory /home/lh/Documents/joao_pessoa_2026/build/hydrone_controller/build
[0.856s] running develop
[0.944s] Removing /home/lh/Documents/joao_pessoa_2026/install/hydrone_controller/lib/python3.10/site-packages/hydrone-controller.egg-link (link to .)
[0.958s] Invoked command in '/home/lh/Documents/joao_pessoa_2026/build/hydrone_controller' returned '0': PYTHONPATH=/home/lh/Documents/joao_pessoa_2026/build/hydrone_controller/prefix_override:/usr/lib/python3/dist-packages/colcon_core/task/python/colcon_distutils_commands:/home/lh/Documents/joao_pessoa_2026/install/hydrone_controller/lib/python3.10/site-packages:${PYTHONPATH} /usr/bin/python3 -W ignore:setup.py install is deprecated -W ignore:easy_install command is deprecated setup.py develop --uninstall --editable --build-directory /home/lh/Documents/joao_pessoa_2026/build/hydrone_controller/build
[0.958s] Invoking command in '/home/lh/Documents/joao_pessoa_2026/src/hydrone_controller': PYTHONPATH=/home/lh/Documents/joao_pessoa_2026/build/hydrone_controller/prefix_override:/usr/lib/python3/dist-packages/colcon_core/task/python/colcon_distutils_commands:/home/lh/Documents/joao_pessoa_2026/install/hydrone_controller/lib/python3.10/site-packages:${PYTHONPATH} /usr/bin/python3 -W ignore:setup.py install is deprecated -W ignore:easy_install command is deprecated setup.py egg_info --egg-base ../../build/hydrone_controller build --build-base /home/lh/Documents/joao_pessoa_2026/build/hydrone_controller/build install --record /home/lh/Documents/joao_pessoa_2026/build/hydrone_controller/install.log --single-version-externally-managed install_data --force
[1.103s] running egg_info
[1.103s] writing ../../build/hydrone_controller/hydrone_controller.egg-info/PKG-INFO
[1.103s] writing dependency_links to ../../build/hydrone_controller/hydrone_controller.egg-info/dependency_links.txt
[1.103s] writing entry points to ../../build/hydrone_controller/hydrone_controller.egg-info/entry_points.txt
[1.106s] writing requirements to ../../build/hydrone_controller/hydrone_controller.egg-info/requires.txt
[1.106s] writing top-level names to ../../build/hydrone_controller/hydrone_controller.egg-info/top_level.txt
[1.106s] reading manifest file '../../build/hydrone_controller/hydrone_controller.egg-info/SOURCES.txt'
[1.106s] writing manifest file '../../build/hydrone_controller/hydrone_controller.egg-info/SOURCES.txt'
[1.106s] running build
[1.106s] running build_py
[1.106s] creating /home/lh/Documents/joao_pessoa_2026/build/hydrone_controller/build
[1.106s] creating /home/lh/Documents/joao_pessoa_2026/build/hydrone_controller/build/lib
[1.106s] creating /home/lh/Documents/joao_pessoa_2026/build/hydrone_controller/build/lib/hydrone_controller
[1.106s] copying hydrone_controller/__init__.py -> /home/lh/Documents/joao_pessoa_2026/build/hydrone_controller/build/lib/hydrone_controller
[1.107s] copying hydrone_controller/controller_node.py -> /home/lh/Documents/joao_pessoa_2026/build/hydrone_controller/build/lib/hydrone_controller
[1.107s] running install
[1.107s] running install_lib
[1.107s] creating /home/lh/Documents/joao_pessoa_2026/install/hydrone_controller/lib/python3.10/site-packages/hydrone_controller
[1.107s] copying /home/lh/Documents/joao_pessoa_2026/build/hydrone_controller/build/lib/hydrone_controller/__init__.py -> /home/lh/Documents/joao_pessoa_2026/install/hydrone_controller/lib/python3.10/site-packages/hydrone_controller
[1.107s] copying /home/lh/Documents/joao_pessoa_2026/build/hydrone_controller/build/lib/hydrone_controller/controller_node.py -> /home/lh/Documents/joao_pessoa_2026/install/hydrone_controller/lib/python3.10/site-packages/hydrone_controller
[1.107s] byte-compiling /home/lh/Documents/joao_pessoa_2026/install/hydrone_controller/lib/python3.10/site-packages/hydrone_controller/__init__.py to __init__.cpython-310.pyc
[1.107s] byte-compiling /home/lh/Documents/joao_pessoa_2026/install/hydrone_controller/lib/python3.10/site-packages/hydrone_controller/controller_node.py to controller_node.cpython-310.pyc
[1.107s] running install_data
[1.107s] copying resource/hydrone_controller -> /home/lh/Documents/joao_pessoa_2026/install/hydrone_controller/share/ament_index/resource_index/packages
[1.107s] copying package.xml -> /home/lh/Documents/joao_pessoa_2026/install/hydrone_controller/share/hydrone_controller
[1.107s] running install_egg_info
[1.108s] Copying ../../build/hydrone_controller/hydrone_controller.egg-info to /home/lh/Documents/joao_pessoa_2026/install/hydrone_controller/lib/python3.10/site-packages/hydrone_controller-1.0.0-py3.10.egg-info
[1.108s] running install_scripts
[1.118s] Installing controller_node script to /home/lh/Documents/joao_pessoa_2026/install/hydrone_controller/bin
[1.119s] writing list of installed files to '/home/lh/Documents/joao_pessoa_2026/build/hydrone_controller/install.log'
[1.130s] Invoked command in '/home/lh/Documents/joao_pessoa_2026/src/hydrone_controller' returned '0': PYTHONPATH=/home/lh/Documents/joao_pessoa_2026/build/hydrone_controller/prefix_override:/usr/lib/python3/dist-packages/colcon_core/task/python/colcon_distutils_commands:/home/lh/Documents/joao_pessoa_2026/install/hydrone_controller/lib/python3.10/site-packages:${PYTHONPATH} /usr/bin/python3 -W ignore:setup.py install is deprecated -W ignore:easy_install command is deprecated setup.py egg_info --egg-base ../../build/hydrone_controller build --build-base /home/lh/Documents/joao_pessoa_2026/build/hydrone_controller/build install --record /home/lh/Documents/joao_pessoa_2026/build/hydrone_controller/install.log --single-version-externally-managed install_data --force
