[0.007s] Invoking command in '/home/lh/Documents/joao_pessoa_2026/build/biguasim_interfaces': CMAKE_PREFIX_PATH=${CMAKE_PREFIX_PATH}:/home/lh/Documents/joao_pessoa_2026/install/ardupilot_dds_tests:/home/lh/Documents/joao_pessoa_2026/install/hydrone_biguasim:/home/lh/Documents/joao_pessoa_2026/install/hydrone_bringup:/home/lh/Documents/joao_pessoa_2026/install/hydrone_vision:/home/lh/Documents/joao_pessoa_2026/install/hydrone_nav:/home/lh/Documents/joao_pessoa_2026/install/hydrone_mission:/home/lh/Documents/joao_pessoa_2026/install/hydrone_controller:/home/lh/Documents/joao_pessoa_2026/install/biguasim_main:/opt/ros/humble /usr/bin/cmake /home/lh/Documents/joao_pessoa_2026/src/biguasim-ros2/biguasim_interfaces -DAMENT_CMAKE_SYMLINK_INSTALL=1 -DCMAKE_INSTALL_PREFIX=/home/lh/Documents/joao_pessoa_2026/install/biguasim_interfaces
[0.041s] -- The C compiler identification is GNU 11.4.0
[0.074s] -- The CXX compiler identification is GNU 11.4.0
[0.079s] -- Detecting C compiler ABI info
[0.115s] -- Detecting C compiler ABI info - done
[0.121s] -- Check for working C compiler: /usr/lib/ccache/cc - skipped
[0.121s] -- Detecting C compile features
[0.121s] -- Detecting C compile features - done
[0.123s] -- Detecting CXX compiler ABI info
[0.165s] -- Detecting CXX compiler ABI info - done
[0.171s] -- Check for working CXX compiler: /usr/lib/ccache/c++ - skipped
[0.171s] -- Detecting CXX compile features
[0.171s] -- Detecting CXX compile features - done
[0.172s] -- Found ament_cmake: 1.3.14 (/opt/ros/humble/share/ament_cmake/cmake)
[0.262s] -- Found Python3: /usr/bin/python3 (found version "3.10.12") found components: Interpreter 
[0.293s] -- Override CMake install command with custom implementation using symlinks instead of copying resources
[0.302s] -- Found rosidl_default_generators: 1.2.1 (/opt/ros/humble/share/rosidl_default_generators/cmake)
[0.304s] -- Using all available rosidl_typesupport_c: rosidl_typesupport_fastrtps_c;rosidl_typesupport_introspection_c
[0.306s] -- Found rosidl_adapter: 3.1.8 (/opt/ros/humble/share/rosidl_adapter/cmake)
[0.323s] -- Using all available rosidl_typesupport_cpp: rosidl_typesupport_fastrtps_cpp;rosidl_typesupport_introspection_cpp
[0.339s] -- Found std_msgs: 4.9.1 (/opt/ros/humble/share/std_msgs/cmake)
[0.350s] -- Found sensor_msgs: 4.9.1 (/opt/ros/humble/share/sensor_msgs/cmake)
[0.364s] -- Found ament_lint_auto: 0.12.15 (/opt/ros/humble/share/ament_lint_auto/cmake)
[0.513s] -- Found ament_cmake_ros: 0.10.0 (/opt/ros/humble/share/ament_cmake_ros/cmake)
[0.669s] -- Using all available rosidl_typesupport_c: rosidl_typesupport_fastrtps_c;rosidl_typesupport_introspection_c
[0.879s] -- Using all available rosidl_typesupport_cpp: rosidl_typesupport_fastrtps_cpp;rosidl_typesupport_introspection_cpp
[0.895s] -- Found PythonInterp: /usr/bin/python3 (found suitable version "3.10.12", minimum required is "3.6") 
[0.896s] -- Found python_cmake_module: 0.10.0 (/opt/ros/humble/share/python_cmake_module/cmake)
[0.916s] -- Found PythonLibs: /usr/lib/x86_64-linux-gnu/libpython3.10.so (found suitable version "3.10.12", minimum required is "3.5") 
[0.916s] -- Using PYTHON_EXECUTABLE: /usr/bin/python3
[0.916s] -- Using PYTHON_INCLUDE_DIRS: /usr/include/python3.10
[0.916s] -- Using PYTHON_LIBRARIES: /usr/lib/x86_64-linux-gnu/libpython3.10.so
[0.930s] -- Found PythonExtra: .so  
[1.025s] -- Added test 'lint_cmake' to check CMake code style
[1.026s] -- Added test 'xmllint' to check XML markup files
[1.030s] -- Configuring done
[1.057s] -- Generating done
[1.066s] -- Build files have been written to: /home/lh/Documents/joao_pessoa_2026/build/biguasim_interfaces
[1.075s] Invoked command in '/home/lh/Documents/joao_pessoa_2026/build/biguasim_interfaces' returned '0': CMAKE_PREFIX_PATH=${CMAKE_PREFIX_PATH}:/home/lh/Documents/joao_pessoa_2026/install/ardupilot_dds_tests:/home/lh/Documents/joao_pessoa_2026/install/hydrone_biguasim:/home/lh/Documents/joao_pessoa_2026/install/hydrone_bringup:/home/lh/Documents/joao_pessoa_2026/install/hydrone_vision:/home/lh/Documents/joao_pessoa_2026/install/hydrone_nav:/home/lh/Documents/joao_pessoa_2026/install/hydrone_mission:/home/lh/Documents/joao_pessoa_2026/install/hydrone_controller:/home/lh/Documents/joao_pessoa_2026/install/biguasim_main:/opt/ros/humble /usr/bin/cmake /home/lh/Documents/joao_pessoa_2026/src/biguasim-ros2/biguasim_interfaces -DAMENT_CMAKE_SYMLINK_INSTALL=1 -DCMAKE_INSTALL_PREFIX=/home/lh/Documents/joao_pessoa_2026/install/biguasim_interfaces
[1.075s] Invoking command in '/home/lh/Documents/joao_pessoa_2026/build/biguasim_interfaces': CMAKE_PREFIX_PATH=${CMAKE_PREFIX_PATH}:/home/lh/Documents/joao_pessoa_2026/install/ardupilot_dds_tests:/home/lh/Documents/joao_pessoa_2026/install/hydrone_biguasim:/home/lh/Documents/joao_pessoa_2026/install/hydrone_bringup:/home/lh/Documents/joao_pessoa_2026/install/hydrone_vision:/home/lh/Documents/joao_pessoa_2026/install/hydrone_nav:/home/lh/Documents/joao_pessoa_2026/install/hydrone_mission:/home/lh/Documents/joao_pessoa_2026/install/hydrone_controller:/home/lh/Documents/joao_pessoa_2026/install/biguasim_main:/opt/ros/humble /usr/bin/cmake --build /home/lh/Documents/joao_pessoa_2026/build/biguasim_interfaces -- -j32 -l32
[1.098s] [  2%] [34m[1mGenerating C code for ROS interfaces[0m
[1.100s] [  5%] [34m[1mGenerating Rust code for ROS interfaces[0m
[1.101s] [  7%] [34m[1mGenerating C++ code for ROS interfaces[0m
[1.111s] [  7%] Built target ament_cmake_python_symlink_biguasim_interfaces
[1.244s] [  7%] Built target biguasim_interfaces__rs
[1.276s] [ 12%] [32mBuilding C object CMakeFiles/biguasim_interfaces__rosidl_generator_c.dir/rosidl_generator_c/biguasim_interfaces/msg/detail/imaging_sonar__functions.c.o[0m
[1.276s] [ 12%] [32mBuilding C object CMakeFiles/biguasim_interfaces__rosidl_generator_c.dir/rosidl_generator_c/biguasim_interfaces/msg/detail/dvl_sensor_range__functions.c.o[0m
[1.295s] [ 15%] [32m[1mLinking C shared library libbiguasim_interfaces__rosidl_generator_c.so[0m
[1.318s] [ 15%] Built target biguasim_interfaces__rosidl_generator_c
[1.321s] running egg_info
[1.321s] creating biguasim_interfaces.egg-info
[1.321s] writing biguasim_interfaces.egg-info/PKG-INFO
[1.321s] writing dependency_links to biguasim_interfaces.egg-info/dependency_links.txt
[1.322s] writing top-level names to biguasim_interfaces.egg-info/top_level.txt
[1.322s] writing manifest file 'biguasim_interfaces.egg-info/SOURCES.txt'
[1.323s] reading manifest file 'biguasim_interfaces.egg-info/SOURCES.txt'
[1.324s] writing manifest file 'biguasim_interfaces.egg-info/SOURCES.txt'
[1.324s] [ 17%] [34m[1mGenerating C introspection for ROS interfaces[0m
[1.324s] [ 20%] [34m[1mGenerating C type support dispatch for ROS interfaces[0m
[1.325s] [ 22%] [34m[1mGenerating C type support for eProsima Fast-RTPS[0m
[1.347s] [ 22%] Built target ament_cmake_python_build_biguasim_interfaces_egg
[1.380s] [ 22%] Built target biguasim_interfaces__cpp
[1.385s] [ 30%] [34m[1mGenerating C++ type support for eProsima Fast-RTPS[0m
[1.385s] [ 30%] [34m[1mGenerating C++ introspection for ROS interfaces[0m
[1.385s] [ 30%] [34m[1mGenerating C++ type support dispatch for ROS interfaces[0m
[1.479s] [ 32%] [32mBuilding CXX object CMakeFiles/biguasim_interfaces__rosidl_typesupport_c.dir/rosidl_typesupport_c/biguasim_interfaces/msg/imaging_sonar__type_support.cpp.o[0m
[1.480s] [ 35%] [32mBuilding CXX object CMakeFiles/biguasim_interfaces__rosidl_typesupport_c.dir/rosidl_typesupport_c/biguasim_interfaces/msg/dvl_sensor_range__type_support.cpp.o[0m
[1.486s] [ 37%] [32mBuilding C object CMakeFiles/biguasim_interfaces__rosidl_typesupport_introspection_c.dir/rosidl_typesupport_introspection_c/biguasim_interfaces/msg/detail/imaging_sonar__type_support.c.o[0m
[1.487s] [ 40%] [32mBuilding C object CMakeFiles/biguasim_interfaces__rosidl_typesupport_introspection_c.dir/rosidl_typesupport_introspection_c/biguasim_interfaces/msg/detail/dvl_sensor_range__type_support.c.o[0m
[1.491s] [ 45%] [32mBuilding CXX object CMakeFiles/biguasim_interfaces__rosidl_typesupport_fastrtps_c.dir/rosidl_typesupport_fastrtps_c/biguasim_interfaces/msg/detail/dvl_sensor_range__type_support_c.cpp.o[0m
[1.491s] [ 45%] [32mBuilding CXX object CMakeFiles/biguasim_interfaces__rosidl_typesupport_fastrtps_c.dir/rosidl_typesupport_fastrtps_c/biguasim_interfaces/msg/detail/imaging_sonar__type_support_c.cpp.o[0m
[1.495s] [ 47%] [32m[1mLinking CXX shared library libbiguasim_interfaces__rosidl_typesupport_c.so[0m
[1.501s] [ 50%] [32m[1mLinking C shared library libbiguasim_interfaces__rosidl_typesupport_introspection_c.so[0m
[1.524s] [ 50%] Built target biguasim_interfaces__rosidl_typesupport_introspection_c
[1.526s] [ 50%] Built target biguasim_interfaces__rosidl_typesupport_c
[1.539s] [ 52%] [32mBuilding CXX object CMakeFiles/biguasim_interfaces__rosidl_typesupport_cpp.dir/rosidl_typesupport_cpp/biguasim_interfaces/msg/dvl_sensor_range__type_support.cpp.o[0m
[1.539s] [ 55%] [32mBuilding CXX object CMakeFiles/biguasim_interfaces__rosidl_typesupport_cpp.dir/rosidl_typesupport_cpp/biguasim_interfaces/msg/imaging_sonar__type_support.cpp.o[0m
[1.545s] [ 57%] [32mBuilding CXX object CMakeFiles/biguasim_interfaces__rosidl_typesupport_introspection_cpp.dir/rosidl_typesupport_introspection_cpp/biguasim_interfaces/msg/detail/imaging_sonar__type_support.cpp.o[0m
[1.545s] [ 60%] [32m[1mLinking CXX shared library libbiguasim_interfaces__rosidl_typesupport_fastrtps_c.so[0m
[1.545s] [ 62%] [32mBuilding CXX object CMakeFiles/biguasim_interfaces__rosidl_typesupport_introspection_cpp.dir/rosidl_typesupport_introspection_cpp/biguasim_interfaces/msg/detail/dvl_sensor_range__type_support.cpp.o[0m
[1.547s] [ 65%] [32m[1mLinking CXX shared library libbiguasim_interfaces__rosidl_typesupport_cpp.so[0m
[1.573s] [ 67%] [32mBuilding CXX object CMakeFiles/biguasim_interfaces__rosidl_typesupport_fastrtps_cpp.dir/rosidl_typesupport_fastrtps_cpp/biguasim_interfaces/msg/detail/dds_fastrtps/dvl_sensor_range__type_support.cpp.o[0m
[1.573s] [ 70%] [32mBuilding CXX object CMakeFiles/biguasim_interfaces__rosidl_typesupport_fastrtps_cpp.dir/rosidl_typesupport_fastrtps_cpp/biguasim_interfaces/msg/detail/dds_fastrtps/imaging_sonar__type_support.cpp.o[0m
[1.580s] [ 70%] Built target biguasim_interfaces__rosidl_typesupport_cpp
[1.588s] [ 70%] Built target biguasim_interfaces__rosidl_typesupport_fastrtps_c
[1.607s] [ 72%] [32m[1mLinking CXX shared library libbiguasim_interfaces__rosidl_typesupport_introspection_cpp.so[0m
[1.635s] [ 75%] [32m[1mLinking CXX shared library libbiguasim_interfaces__rosidl_typesupport_fastrtps_cpp.so[0m
[1.651s] [ 75%] Built target biguasim_interfaces__rosidl_typesupport_introspection_cpp
[1.679s] [ 75%] Built target biguasim_interfaces__rosidl_typesupport_fastrtps_cpp
[1.692s] [ 75%] Built target biguasim_interfaces
[1.707s] [ 77%] [34m[1mGenerating Python code for ROS interfaces[0m
[2.068s] [ 77%] Built target biguasim_interfaces__py
[2.080s] [ 80%] [32mBuilding C object CMakeFiles/biguasim_interfaces__rosidl_generator_py.dir/rosidl_generator_py/biguasim_interfaces/msg/_imaging_sonar_s.c.o[0m
[2.082s] [ 82%] [32mBuilding C object CMakeFiles/biguasim_interfaces__rosidl_generator_py.dir/rosidl_generator_py/biguasim_interfaces/msg/_dvl_sensor_range_s.c.o[0m
[2.091s] [ 85%] [32m[1mLinking C shared library rosidl_generator_py/biguasim_interfaces/libbiguasim_interfaces__rosidl_generator_py.so[0m
[2.123s] [ 85%] Built target biguasim_interfaces__rosidl_generator_py
[2.133s] [ 87%] [32mBuilding C object CMakeFiles/biguasim_interfaces__rosidl_typesupport_introspection_c__pyext.dir/rosidl_generator_py/biguasim_interfaces/_biguasim_interfaces_s.ep.rosidl_typesupport_introspection_c.c.o[0m
[2.135s] [ 90%] [32mBuilding C object CMakeFiles/biguasim_interfaces__rosidl_typesupport_c__pyext.dir/rosidl_generator_py/biguasim_interfaces/_biguasim_interfaces_s.ep.rosidl_typesupport_c.c.o[0m
[2.135s] [ 92%] [32mBuilding C object CMakeFiles/biguasim_interfaces__rosidl_typesupport_fastrtps_c__pyext.dir/rosidl_generator_py/biguasim_interfaces/_biguasim_interfaces_s.ep.rosidl_typesupport_fastrtps_c.c.o[0m
[2.140s] [ 95%] [32m[1mLinking C shared library rosidl_generator_py/biguasim_interfaces/biguasim_interfaces_s__rosidl_typesupport_introspection_c.cpython-310-x86_64-linux-gnu.so[0m
[2.141s] [ 97%] [32m[1mLinking C shared library rosidl_generator_py/biguasim_interfaces/biguasim_interfaces_s__rosidl_typesupport_c.cpython-310-x86_64-linux-gnu.so[0m
[2.142s] [100%] [32m[1mLinking C shared library rosidl_generator_py/biguasim_interfaces/biguasim_interfaces_s__rosidl_typesupport_fastrtps_c.cpython-310-x86_64-linux-gnu.so[0m
[2.165s] [100%] Built target biguasim_interfaces__rosidl_typesupport_c__pyext
[2.165s] [100%] Built target biguasim_interfaces__rosidl_typesupport_fastrtps_c__pyext
[2.171s] [100%] Built target biguasim_interfaces__rosidl_typesupport_introspection_c__pyext
[2.177s] Invoked command in '/home/lh/Documents/joao_pessoa_2026/build/biguasim_interfaces' returned '0': CMAKE_PREFIX_PATH=${CMAKE_PREFIX_PATH}:/home/lh/Documents/joao_pessoa_2026/install/ardupilot_dds_tests:/home/lh/Documents/joao_pessoa_2026/install/hydrone_biguasim:/home/lh/Documents/joao_pessoa_2026/install/hydrone_bringup:/home/lh/Documents/joao_pessoa_2026/install/hydrone_vision:/home/lh/Documents/joao_pessoa_2026/install/hydrone_nav:/home/lh/Documents/joao_pessoa_2026/install/hydrone_mission:/home/lh/Documents/joao_pessoa_2026/install/hydrone_controller:/home/lh/Documents/joao_pessoa_2026/install/biguasim_main:/opt/ros/humble /usr/bin/cmake --build /home/lh/Documents/joao_pessoa_2026/build/biguasim_interfaces -- -j32 -l32
[2.177s] Invoking command in '/home/lh/Documents/joao_pessoa_2026/build/biguasim_interfaces': CMAKE_PREFIX_PATH=${CMAKE_PREFIX_PATH}:/home/lh/Documents/joao_pessoa_2026/install/ardupilot_dds_tests:/home/lh/Documents/joao_pessoa_2026/install/hydrone_biguasim:/home/lh/Documents/joao_pessoa_2026/install/hydrone_bringup:/home/lh/Documents/joao_pessoa_2026/install/hydrone_vision:/home/lh/Documents/joao_pessoa_2026/install/hydrone_nav:/home/lh/Documents/joao_pessoa_2026/install/hydrone_mission:/home/lh/Documents/joao_pessoa_2026/install/hydrone_controller:/home/lh/Documents/joao_pessoa_2026/install/biguasim_main:/opt/ros/humble /usr/bin/cmake --install /home/lh/Documents/joao_pessoa_2026/build/biguasim_interfaces
[2.182s] -- Install configuration: ""
[2.183s] -- Execute custom install script
[2.183s] -- Symlinking: /home/lh/Documents/joao_pessoa_2026/install/biguasim_interfaces/share/ament_index/resource_index/rosidl_interfaces/biguasim_interfaces
[2.189s] -- Symlinking: /home/lh/Documents/joao_pessoa_2026/install/biguasim_interfaces/include/biguasim_interfaces/biguasim_interfaces/msg/detail/dvl_sensor_range__functions.h
[2.194s] -- Symlinking: /home/lh/Documents/joao_pessoa_2026/install/biguasim_interfaces/include/biguasim_interfaces/biguasim_interfaces/msg/detail/dvl_sensor_range__struct.h
[2.200s] -- Symlinking: /home/lh/Documents/joao_pessoa_2026/install/biguasim_interfaces/include/biguasim_interfaces/biguasim_interfaces/msg/detail/dvl_sensor_range__type_support.h
[2.206s] -- Symlinking: /home/lh/Documents/joao_pessoa_2026/install/biguasim_interfaces/include/biguasim_interfaces/biguasim_interfaces/msg/detail/imaging_sonar__functions.h
[2.210s] -- Symlinking: /home/lh/Documents/joao_pessoa_2026/install/biguasim_interfaces/include/biguasim_interfaces/biguasim_interfaces/msg/detail/imaging_sonar__struct.h
[2.215s] -- Symlinking: /home/lh/Documents/joao_pessoa_2026/install/biguasim_interfaces/include/biguasim_interfaces/biguasim_interfaces/msg/detail/imaging_sonar__type_support.h
[2.219s] -- Symlinking: /home/lh/Documents/joao_pessoa_2026/install/biguasim_interfaces/include/biguasim_interfaces/biguasim_interfaces/msg/dvl_sensor_range.h
[2.222s] -- Symlinking: /home/lh/Documents/joao_pessoa_2026/install/biguasim_interfaces/include/biguasim_interfaces/biguasim_interfaces/msg/imaging_sonar.h
[2.226s] -- Symlinking: /home/lh/Documents/joao_pessoa_2026/install/biguasim_interfaces/include/biguasim_interfaces/biguasim_interfaces/msg/rosidl_generator_c__visibility_control.h
[2.232s] -- Symlinking: /home/lh/Documents/joao_pessoa_2026/install/biguasim_interfaces/share/biguasim_interfaces/environment/library_path.sh
[2.237s] -- Symlinking: /home/lh/Documents/joao_pessoa_2026/install/biguasim_interfaces/share/biguasim_interfaces/environment/library_path.dsv
[2.241s] -- Symlinking: /home/lh/Documents/joao_pessoa_2026/install/biguasim_interfaces/include/biguasim_interfaces/biguasim_interfaces/msg/detail/dvl_sensor_range__rosidl_typesupport_fastrtps_c.h
[2.246s] -- Symlinking: /home/lh/Documents/joao_pessoa_2026/install/biguasim_interfaces/include/biguasim_interfaces/biguasim_interfaces/msg/detail/imaging_sonar__rosidl_typesupport_fastrtps_c.h
[2.250s] -- Symlinking: /home/lh/Documents/joao_pessoa_2026/install/biguasim_interfaces/include/biguasim_interfaces/biguasim_interfaces/msg/rosidl_typesupport_fastrtps_c__visibility_control.h
[2.256s] -- Symlinking: /home/lh/Documents/joao_pessoa_2026/install/biguasim_interfaces/include/biguasim_interfaces/biguasim_interfaces/msg/detail/dvl_sensor_range__rosidl_typesupport_introspection_c.h
[2.261s] -- Symlinking: /home/lh/Documents/joao_pessoa_2026/install/biguasim_interfaces/include/biguasim_interfaces/biguasim_interfaces/msg/detail/imaging_sonar__rosidl_typesupport_introspection_c.h
[2.266s] -- Symlinking: /home/lh/Documents/joao_pessoa_2026/install/biguasim_interfaces/include/biguasim_interfaces/biguasim_interfaces/msg/rosidl_typesupport_introspection_c__visibility_control.h
[2.271s] -- Symlinking: /home/lh/Documents/joao_pessoa_2026/install/biguasim_interfaces/include/biguasim_interfaces/biguasim_interfaces/msg/detail/dvl_sensor_range__builder.hpp
[2.276s] -- Symlinking: /home/lh/Documents/joao_pessoa_2026/install/biguasim_interfaces/include/biguasim_interfaces/biguasim_interfaces/msg/detail/dvl_sensor_range__struct.hpp
[2.282s] -- Symlinking: /home/lh/Documents/joao_pessoa_2026/install/biguasim_interfaces/include/biguasim_interfaces/biguasim_interfaces/msg/detail/dvl_sensor_range__traits.hpp
[2.287s] -- Symlinking: /home/lh/Documents/joao_pessoa_2026/install/biguasim_interfaces/include/biguasim_interfaces/biguasim_interfaces/msg/detail/dvl_sensor_range__type_support.hpp
[2.292s] -- Symlinking: /home/lh/Documents/joao_pessoa_2026/install/biguasim_interfaces/include/biguasim_interfaces/biguasim_interfaces/msg/detail/imaging_sonar__builder.hpp
[2.297s] -- Symlinking: /home/lh/Documents/joao_pessoa_2026/install/biguasim_interfaces/include/biguasim_interfaces/biguasim_interfaces/msg/detail/imaging_sonar__struct.hpp
[2.303s] -- Symlinking: /home/lh/Documents/joao_pessoa_2026/install/biguasim_interfaces/include/biguasim_interfaces/biguasim_interfaces/msg/detail/imaging_sonar__traits.hpp
[2.309s] -- Symlinking: /home/lh/Documents/joao_pessoa_2026/install/biguasim_interfaces/include/biguasim_interfaces/biguasim_interfaces/msg/detail/imaging_sonar__type_support.hpp
[2.315s] -- Symlinking: /home/lh/Documents/joao_pessoa_2026/install/biguasim_interfaces/include/biguasim_interfaces/biguasim_interfaces/msg/dvl_sensor_range.hpp
[2.319s] -- Symlinking: /home/lh/Documents/joao_pessoa_2026/install/biguasim_interfaces/include/biguasim_interfaces/biguasim_interfaces/msg/imaging_sonar.hpp
[2.324s] -- Symlinking: /home/lh/Documents/joao_pessoa_2026/install/biguasim_interfaces/include/biguasim_interfaces/biguasim_interfaces/msg/rosidl_generator_cpp__visibility_control.hpp
[2.331s] -- Symlinking: /home/lh/Documents/joao_pessoa_2026/install/biguasim_interfaces/include/biguasim_interfaces/biguasim_interfaces/msg/detail/dvl_sensor_range__rosidl_typesupport_fastrtps_cpp.hpp
[2.335s] -- Symlinking: /home/lh/Documents/joao_pessoa_2026/install/biguasim_interfaces/include/biguasim_interfaces/biguasim_interfaces/msg/detail/imaging_sonar__rosidl_typesupport_fastrtps_cpp.hpp
[2.341s] -- Symlinking: /home/lh/Documents/joao_pessoa_2026/install/biguasim_interfaces/include/biguasim_interfaces/biguasim_interfaces/msg/rosidl_typesupport_fastrtps_cpp__visibility_control.h
[2.346s] -- Symlinking: /home/lh/Documents/joao_pessoa_2026/install/biguasim_interfaces/include/biguasim_interfaces/biguasim_interfaces/msg/detail/dvl_sensor_range__rosidl_typesupport_introspection_cpp.hpp
[2.352s] -- Symlinking: /home/lh/Documents/joao_pessoa_2026/install/biguasim_interfaces/include/biguasim_interfaces/biguasim_interfaces/msg/detail/imaging_sonar__rosidl_typesupport_introspection_cpp.hpp
[2.356s] -- Symlinking: /home/lh/Documents/joao_pessoa_2026/install/biguasim_interfaces/share/biguasim_interfaces/environment/pythonpath.sh
[2.360s] -- Symlinking: /home/lh/Documents/joao_pessoa_2026/install/biguasim_interfaces/share/biguasim_interfaces/environment/pythonpath.dsv
[2.366s] -- Symlinking: /home/lh/Documents/joao_pessoa_2026/install/biguasim_interfaces/local/lib/python3.10/dist-packages/biguasim_interfaces-0.0.0-py3.10.egg-info/PKG-INFO
[2.371s] -- Symlinking: /home/lh/Documents/joao_pessoa_2026/install/biguasim_interfaces/local/lib/python3.10/dist-packages/biguasim_interfaces-0.0.0-py3.10.egg-info/SOURCES.txt
[2.377s] -- Symlinking: /home/lh/Documents/joao_pessoa_2026/install/biguasim_interfaces/local/lib/python3.10/dist-packages/biguasim_interfaces-0.0.0-py3.10.egg-info/dependency_links.txt
[2.381s] -- Symlinking: /home/lh/Documents/joao_pessoa_2026/install/biguasim_interfaces/local/lib/python3.10/dist-packages/biguasim_interfaces-0.0.0-py3.10.egg-info/top_level.txt
[2.387s] -- Symlinking: /home/lh/Documents/joao_pessoa_2026/install/biguasim_interfaces/local/lib/python3.10/dist-packages/biguasim_interfaces/__init__.py
[2.392s] -- Symlinking: /home/lh/Documents/joao_pessoa_2026/install/biguasim_interfaces/local/lib/python3.10/dist-packages/biguasim_interfaces/_biguasim_interfaces_s.ep.rosidl_typesupport_c.c
[2.396s] -- Symlinking: /home/lh/Documents/joao_pessoa_2026/install/biguasim_interfaces/local/lib/python3.10/dist-packages/biguasim_interfaces/_biguasim_interfaces_s.ep.rosidl_typesupport_fastrtps_c.c
[2.401s] -- Symlinking: /home/lh/Documents/joao_pessoa_2026/install/biguasim_interfaces/local/lib/python3.10/dist-packages/biguasim_interfaces/_biguasim_interfaces_s.ep.rosidl_typesupport_introspection_c.c
[2.407s] -- Symlinking: /home/lh/Documents/joao_pessoa_2026/install/biguasim_interfaces/local/lib/python3.10/dist-packages/biguasim_interfaces/biguasim_interfaces_s__rosidl_typesupport_c.cpython-310-x86_64-linux-gnu.so
[2.411s] -- Symlinking: /home/lh/Documents/joao_pessoa_2026/install/biguasim_interfaces/local/lib/python3.10/dist-packages/biguasim_interfaces/biguasim_interfaces_s__rosidl_typesupport_fastrtps_c.cpython-310-x86_64-linux-gnu.so
[2.415s] -- Symlinking: /home/lh/Documents/joao_pessoa_2026/install/biguasim_interfaces/local/lib/python3.10/dist-packages/biguasim_interfaces/biguasim_interfaces_s__rosidl_typesupport_introspection_c.cpython-310-x86_64-linux-gnu.so
[2.421s] -- Symlinking: /home/lh/Documents/joao_pessoa_2026/install/biguasim_interfaces/local/lib/python3.10/dist-packages/biguasim_interfaces/libbiguasim_interfaces__rosidl_generator_py.so
[2.426s] -- Symlinking: /home/lh/Documents/joao_pessoa_2026/install/biguasim_interfaces/local/lib/python3.10/dist-packages/biguasim_interfaces/msg/__init__.py
[2.430s] -- Symlinking: /home/lh/Documents/joao_pessoa_2026/install/biguasim_interfaces/local/lib/python3.10/dist-packages/biguasim_interfaces/msg/_dvl_sensor_range.py
[2.436s] -- Symlinking: /home/lh/Documents/joao_pessoa_2026/install/biguasim_interfaces/local/lib/python3.10/dist-packages/biguasim_interfaces/msg/_dvl_sensor_range_s.c
[2.439s] -- Symlinking: /home/lh/Documents/joao_pessoa_2026/install/biguasim_interfaces/local/lib/python3.10/dist-packages/biguasim_interfaces/msg/_imaging_sonar.py
[2.444s] -- Symlinking: /home/lh/Documents/joao_pessoa_2026/install/biguasim_interfaces/local/lib/python3.10/dist-packages/biguasim_interfaces/msg/_imaging_sonar_s.c
[2.449s] -- Up-to-date symlink: /home/lh/Documents/joao_pessoa_2026/install/biguasim_interfaces/local/lib/python3.10/dist-packages/biguasim_interfaces/biguasim_interfaces_s__rosidl_typesupport_fastrtps_c.cpython-310-x86_64-linux-gnu.so
[2.450s] -- Up-to-date symlink: /home/lh/Documents/joao_pessoa_2026/install/biguasim_interfaces/local/lib/python3.10/dist-packages/biguasim_interfaces/biguasim_interfaces_s__rosidl_typesupport_introspection_c.cpython-310-x86_64-linux-gnu.so
[2.450s] -- Up-to-date symlink: /home/lh/Documents/joao_pessoa_2026/install/biguasim_interfaces/local/lib/python3.10/dist-packages/biguasim_interfaces/biguasim_interfaces_s__rosidl_typesupport_c.cpython-310-x86_64-linux-gnu.so
[2.450s] -- Symlinking: /home/lh/Documents/joao_pessoa_2026/install/biguasim_interfaces/share/ament_index/resource_index/rust_packages/biguasim_interfaces
[2.454s] -- Symlinking: /home/lh/Documents/joao_pessoa_2026/install/biguasim_interfaces/share/biguasim_interfaces/rust/Cargo.toml
[2.460s] -- Symlinking: /home/lh/Documents/joao_pessoa_2026/install/biguasim_interfaces/share/biguasim_interfaces/rust/build.rs
[2.464s] -- Symlinking: /home/lh/Documents/joao_pessoa_2026/install/biguasim_interfaces/share/biguasim_interfaces/rust/src/lib.rs
[2.469s] -- Symlinking: /home/lh/Documents/joao_pessoa_2026/install/biguasim_interfaces/share/biguasim_interfaces/rust/src/msg.rs
[2.473s] -- Symlinking: /home/lh/Documents/joao_pessoa_2026/install/biguasim_interfaces/share/biguasim_interfaces/rust/src/msg/rmw.rs
[2.477s] -- Symlinking: /home/lh/Documents/joao_pessoa_2026/install/biguasim_interfaces/share/biguasim_interfaces/msg/DVLSensorRange.idl
[2.482s] -- Symlinking: /home/lh/Documents/joao_pessoa_2026/install/biguasim_interfaces/share/biguasim_interfaces/msg/ImagingSonar.idl
[2.487s] -- Symlinking: /home/lh/Documents/joao_pessoa_2026/install/biguasim_interfaces/share/biguasim_interfaces/msg/DVLSensorRange.msg
[2.491s] -- Symlinking: /home/lh/Documents/joao_pessoa_2026/install/biguasim_interfaces/share/biguasim_interfaces/msg/ImagingSonar.msg
[2.495s] -- Symlinking: /home/lh/Documents/joao_pessoa_2026/install/biguasim_interfaces/share/ament_index/resource_index/package_run_dependencies/biguasim_interfaces
[2.501s] -- Symlinking: /home/lh/Documents/joao_pessoa_2026/install/biguasim_interfaces/share/ament_index/resource_index/parent_prefix_path/biguasim_interfaces
[2.505s] -- Symlinking: /home/lh/Documents/joao_pessoa_2026/install/biguasim_interfaces/share/biguasim_interfaces/environment/ament_prefix_path.sh
[2.509s] -- Symlinking: /home/lh/Documents/joao_pessoa_2026/install/biguasim_interfaces/share/biguasim_interfaces/environment/ament_prefix_path.dsv
[2.513s] -- Symlinking: /home/lh/Documents/joao_pessoa_2026/install/biguasim_interfaces/share/biguasim_interfaces/environment/path.sh
[2.518s] -- Symlinking: /home/lh/Documents/joao_pessoa_2026/install/biguasim_interfaces/share/biguasim_interfaces/environment/path.dsv
[2.524s] -- Symlinking: /home/lh/Documents/joao_pessoa_2026/install/biguasim_interfaces/share/biguasim_interfaces/local_setup.bash
[2.528s] -- Symlinking: /home/lh/Documents/joao_pessoa_2026/install/biguasim_interfaces/share/biguasim_interfaces/local_setup.sh
[2.533s] -- Symlinking: /home/lh/Documents/joao_pessoa_2026/install/biguasim_interfaces/share/biguasim_interfaces/local_setup.zsh
[2.539s] -- Symlinking: /home/lh/Documents/joao_pessoa_2026/install/biguasim_interfaces/share/biguasim_interfaces/local_setup.dsv
[2.544s] -- Symlinking: /home/lh/Documents/joao_pessoa_2026/install/biguasim_interfaces/share/biguasim_interfaces/package.dsv
[2.550s] -- Symlinking: /home/lh/Documents/joao_pessoa_2026/install/biguasim_interfaces/share/ament_index/resource_index/packages/biguasim_interfaces
[2.556s] -- Symlinking: /home/lh/Documents/joao_pessoa_2026/install/biguasim_interfaces/share/biguasim_interfaces/cmake/rosidl_cmake-extras.cmake
[2.561s] -- Symlinking: /home/lh/Documents/joao_pessoa_2026/install/biguasim_interfaces/share/biguasim_interfaces/cmake/ament_cmake_export_dependencies-extras.cmake
[2.565s] -- Symlinking: /home/lh/Documents/joao_pessoa_2026/install/biguasim_interfaces/share/biguasim_interfaces/cmake/ament_cmake_export_include_directories-extras.cmake
[2.571s] -- Symlinking: /home/lh/Documents/joao_pessoa_2026/install/biguasim_interfaces/share/biguasim_interfaces/cmake/ament_cmake_export_libraries-extras.cmake
[2.576s] -- Symlinking: /home/lh/Documents/joao_pessoa_2026/install/biguasim_interfaces/share/biguasim_interfaces/cmake/ament_cmake_export_targets-extras.cmake
[2.580s] -- Symlinking: /home/lh/Documents/joao_pessoa_2026/install/biguasim_interfaces/share/biguasim_interfaces/cmake/rosidl_cmake_export_typesupport_targets-extras.cmake
[2.584s] -- Symlinking: /home/lh/Documents/joao_pessoa_2026/install/biguasim_interfaces/share/biguasim_interfaces/cmake/rosidl_cmake_export_typesupport_libraries-extras.cmake
[2.589s] -- Symlinking: /home/lh/Documents/joao_pessoa_2026/install/biguasim_interfaces/share/biguasim_interfaces/cmake/biguasim_interfacesConfig.cmake
[2.595s] -- Symlinking: /home/lh/Documents/joao_pessoa_2026/install/biguasim_interfaces/share/biguasim_interfaces/cmake/biguasim_interfacesConfig-version.cmake
[2.600s] -- Symlinking: /home/lh/Documents/joao_pessoa_2026/install/biguasim_interfaces/share/biguasim_interfaces/package.xml
[2.606s] -- Installing: /home/lh/Documents/joao_pessoa_2026/install/biguasim_interfaces/lib/libbiguasim_interfaces__rosidl_generator_c.so
[2.606s] -- Set runtime path of "/home/lh/Documents/joao_pessoa_2026/install/biguasim_interfaces/lib/libbiguasim_interfaces__rosidl_generator_c.so" to ""
[2.606s] -- Installing: /home/lh/Documents/joao_pessoa_2026/install/biguasim_interfaces/lib/libbiguasim_interfaces__rosidl_typesupport_fastrtps_c.so
[2.606s] -- Set runtime path of "/home/lh/Documents/joao_pessoa_2026/install/biguasim_interfaces/lib/libbiguasim_interfaces__rosidl_typesupport_fastrtps_c.so" to ""
[2.606s] -- Installing: /home/lh/Documents/joao_pessoa_2026/install/biguasim_interfaces/lib/libbiguasim_interfaces__rosidl_typesupport_introspection_c.so
[2.607s] -- Set runtime path of "/home/lh/Documents/joao_pessoa_2026/install/biguasim_interfaces/lib/libbiguasim_interfaces__rosidl_typesupport_introspection_c.so" to ""
[2.607s] -- Installing: /home/lh/Documents/joao_pessoa_2026/install/biguasim_interfaces/lib/libbiguasim_interfaces__rosidl_typesupport_c.so
[2.607s] -- Set runtime path of "/home/lh/Documents/joao_pessoa_2026/install/biguasim_interfaces/lib/libbiguasim_interfaces__rosidl_typesupport_c.so" to ""
[2.607s] -- Installing: /home/lh/Documents/joao_pessoa_2026/install/biguasim_interfaces/lib/libbiguasim_interfaces__rosidl_typesupport_fastrtps_cpp.so
[2.607s] -- Set runtime path of "/home/lh/Documents/joao_pessoa_2026/install/biguasim_interfaces/lib/libbiguasim_interfaces__rosidl_typesupport_fastrtps_cpp.so" to ""
[2.607s] -- Installing: /home/lh/Documents/joao_pessoa_2026/install/biguasim_interfaces/lib/libbiguasim_interfaces__rosidl_typesupport_introspection_cpp.so
[2.607s] -- Set runtime path of "/home/lh/Documents/joao_pessoa_2026/install/biguasim_interfaces/lib/libbiguasim_interfaces__rosidl_typesupport_introspection_cpp.so" to ""
[2.607s] -- Installing: /home/lh/Documents/joao_pessoa_2026/install/biguasim_interfaces/lib/libbiguasim_interfaces__rosidl_typesupport_cpp.so
[2.608s] -- Set runtime path of "/home/lh/Documents/joao_pessoa_2026/install/biguasim_interfaces/lib/libbiguasim_interfaces__rosidl_typesupport_cpp.so" to ""
[2.627s] Listing '/home/lh/Documents/joao_pessoa_2026/install/biguasim_interfaces/local/lib/python3.10/dist-packages/biguasim_interfaces'...
[2.627s] Compiling '/home/lh/Documents/joao_pessoa_2026/install/biguasim_interfaces/local/lib/python3.10/dist-packages/biguasim_interfaces/__init__.py'...
[2.627s] Listing '/home/lh/Documents/joao_pessoa_2026/install/biguasim_interfaces/local/lib/python3.10/dist-packages/biguasim_interfaces/msg'...
[2.627s] Compiling '/home/lh/Documents/joao_pessoa_2026/install/biguasim_interfaces/local/lib/python3.10/dist-packages/biguasim_interfaces/msg/__init__.py'...
[2.627s] Compiling '/home/lh/Documents/joao_pessoa_2026/install/biguasim_interfaces/local/lib/python3.10/dist-packages/biguasim_interfaces/msg/_dvl_sensor_range.py'...
[2.627s] Compiling '/home/lh/Documents/joao_pessoa_2026/install/biguasim_interfaces/local/lib/python3.10/dist-packages/biguasim_interfaces/msg/_imaging_sonar.py'...
[2.631s] -- Installing: /home/lh/Documents/joao_pessoa_2026/install/biguasim_interfaces/lib/libbiguasim_interfaces__rosidl_generator_py.so
[2.631s] -- Set runtime path of "/home/lh/Documents/joao_pessoa_2026/install/biguasim_interfaces/lib/libbiguasim_interfaces__rosidl_generator_py.so" to ""
[2.631s] -- Installing: /home/lh/Documents/joao_pessoa_2026/install/biguasim_interfaces/share/biguasim_interfaces/cmake/export_biguasim_interfaces__rosidl_generator_cExport.cmake
[2.631s] -- Installing: /home/lh/Documents/joao_pessoa_2026/install/biguasim_interfaces/share/biguasim_interfaces/cmake/export_biguasim_interfaces__rosidl_generator_cExport-noconfig.cmake
[2.631s] -- Installing: /home/lh/Documents/joao_pessoa_2026/install/biguasim_interfaces/share/biguasim_interfaces/cmake/export_biguasim_interfaces__rosidl_typesupport_fastrtps_cExport.cmake
[2.631s] -- Installing: /home/lh/Documents/joao_pessoa_2026/install/biguasim_interfaces/share/biguasim_interfaces/cmake/export_biguasim_interfaces__rosidl_typesupport_fastrtps_cExport-noconfig.cmake
[2.631s] -- Installing: /home/lh/Documents/joao_pessoa_2026/install/biguasim_interfaces/share/biguasim_interfaces/cmake/biguasim_interfaces__rosidl_typesupport_introspection_cExport.cmake
[2.631s] -- Installing: /home/lh/Documents/joao_pessoa_2026/install/biguasim_interfaces/share/biguasim_interfaces/cmake/biguasim_interfaces__rosidl_typesupport_introspection_cExport-noconfig.cmake
[2.632s] -- Installing: /home/lh/Documents/joao_pessoa_2026/install/biguasim_interfaces/share/biguasim_interfaces/cmake/biguasim_interfaces__rosidl_typesupport_cExport.cmake
[2.632s] -- Installing: /home/lh/Documents/joao_pessoa_2026/install/biguasim_interfaces/share/biguasim_interfaces/cmake/biguasim_interfaces__rosidl_typesupport_cExport-noconfig.cmake
[2.632s] -- Installing: /home/lh/Documents/joao_pessoa_2026/install/biguasim_interfaces/share/biguasim_interfaces/cmake/export_biguasim_interfaces__rosidl_generator_cppExport.cmake
[2.632s] -- Installing: /home/lh/Documents/joao_pessoa_2026/install/biguasim_interfaces/share/biguasim_interfaces/cmake/export_biguasim_interfaces__rosidl_typesupport_fastrtps_cppExport.cmake
[2.632s] -- Installing: /home/lh/Documents/joao_pessoa_2026/install/biguasim_interfaces/share/biguasim_interfaces/cmake/export_biguasim_interfaces__rosidl_typesupport_fastrtps_cppExport-noconfig.cmake
[2.632s] -- Installing: /home/lh/Documents/joao_pessoa_2026/install/biguasim_interfaces/share/biguasim_interfaces/cmake/biguasim_interfaces__rosidl_typesupport_introspection_cppExport.cmake
[2.632s] -- Installing: /home/lh/Documents/joao_pessoa_2026/install/biguasim_interfaces/share/biguasim_interfaces/cmake/biguasim_interfaces__rosidl_typesupport_introspection_cppExport-noconfig.cmake
[2.632s] -- Installing: /home/lh/Documents/joao_pessoa_2026/install/biguasim_interfaces/share/biguasim_interfaces/cmake/biguasim_interfaces__rosidl_typesupport_cppExport.cmake
[2.632s] -- Installing: /home/lh/Documents/joao_pessoa_2026/install/biguasim_interfaces/share/biguasim_interfaces/cmake/biguasim_interfaces__rosidl_typesupport_cppExport-noconfig.cmake
[2.632s] -- Installing: /home/lh/Documents/joao_pessoa_2026/install/biguasim_interfaces/share/biguasim_interfaces/cmake/export_biguasim_interfaces__rosidl_generator_pyExport.cmake
[2.633s] -- Installing: /home/lh/Documents/joao_pessoa_2026/install/biguasim_interfaces/share/biguasim_interfaces/cmake/export_biguasim_interfaces__rosidl_generator_pyExport-noconfig.cmake
[2.635s] Invoked command in '/home/lh/Documents/joao_pessoa_2026/build/biguasim_interfaces' returned '0': CMAKE_PREFIX_PATH=${CMAKE_PREFIX_PATH}:/home/lh/Documents/joao_pessoa_2026/install/ardupilot_dds_tests:/home/lh/Documents/joao_pessoa_2026/install/hydrone_biguasim:/home/lh/Documents/joao_pessoa_2026/install/hydrone_bringup:/home/lh/Documents/joao_pessoa_2026/install/hydrone_vision:/home/lh/Documents/joao_pessoa_2026/install/hydrone_nav:/home/lh/Documents/joao_pessoa_2026/install/hydrone_mission:/home/lh/Documents/joao_pessoa_2026/install/hydrone_controller:/home/lh/Documents/joao_pessoa_2026/install/biguasim_main:/opt/ros/humble /usr/bin/cmake --install /home/lh/Documents/joao_pessoa_2026/build/biguasim_interfaces
