[0.008s] Invoking command in '/home/lh/Documents/joao_pessoa_2026/build/micro_ros_msgs': CMAKE_PREFIX_PATH=${CMAKE_PREFIX_PATH}:/home/lh/Documents/joao_pessoa_2026/install/hydrone_biguasim:/home/lh/Documents/joao_pessoa_2026/install/hydrone_bringup:/home/lh/Documents/joao_pessoa_2026/install/hydrone_vision:/home/lh/Documents/joao_pessoa_2026/install/hydrone_nav:/home/lh/Documents/joao_pessoa_2026/install/hydrone_mission:/home/lh/Documents/joao_pessoa_2026/install/hydrone_controller:/home/lh/Documents/joao_pessoa_2026/install/ardupilot_dds_tests:/home/lh/Documents/joao_pessoa_2026/install/biguasim_main:/opt/ros/humble /usr/bin/cmake /home/lh/Documents/joao_pessoa_2026/src/micro_ros_msgs -DAMENT_CMAKE_SYMLINK_INSTALL=1 -DCMAKE_INSTALL_PREFIX=/home/lh/Documents/joao_pessoa_2026/install/micro_ros_msgs
[0.016s] -- Found ament_cmake: 1.3.14 (/opt/ros/humble/share/ament_cmake/cmake)
[0.086s] -- Override CMake install command with custom implementation using symlinks instead of copying resources
[0.089s] -- Found rosidl_default_generators: 1.2.1 (/opt/ros/humble/share/rosidl_default_generators/cmake)
[0.090s] -- Using all available rosidl_typesupport_c: rosidl_typesupport_fastrtps_c;rosidl_typesupport_introspection_c
[0.091s] -- Found rosidl_adapter: 3.1.8 (/opt/ros/humble/share/rosidl_adapter/cmake)
[0.105s] -- Using all available rosidl_typesupport_cpp: rosidl_typesupport_fastrtps_cpp;rosidl_typesupport_introspection_cpp
[0.117s] -- Found ament_lint_auto: 0.12.15 (/opt/ros/humble/share/ament_lint_auto/cmake)
[0.278s] -- Found ament_cmake_ros: 0.10.0 (/opt/ros/humble/share/ament_cmake_ros/cmake)
[0.385s] -- Using all available rosidl_typesupport_c: rosidl_typesupport_fastrtps_c;rosidl_typesupport_introspection_c
[0.524s] -- Using all available rosidl_typesupport_cpp: rosidl_typesupport_fastrtps_cpp;rosidl_typesupport_introspection_cpp
[0.538s] -- Found python_cmake_module: 0.10.0 (/opt/ros/humble/share/python_cmake_module/cmake)
[0.554s] -- Using PYTHON_EXECUTABLE: /usr/bin/python3
[0.554s] -- Using PYTHON_INCLUDE_DIRS: /usr/include/python3.10
[0.554s] -- Using PYTHON_LIBRARIES: /usr/lib/x86_64-linux-gnu/libpython3.10.so
[0.610s] -- Added test 'copyright' to check source files copyright and LICENSE
[0.611s] -- Added test 'lint_cmake' to check CMake code style
[0.611s] -- Added test 'xmllint' to check XML markup files
[0.613s] -- Configuring done
[0.628s] -- Generating done
[0.633s] -- Build files have been written to: /home/lh/Documents/joao_pessoa_2026/build/micro_ros_msgs
[0.637s] Invoked command in '/home/lh/Documents/joao_pessoa_2026/build/micro_ros_msgs' returned '0': CMAKE_PREFIX_PATH=${CMAKE_PREFIX_PATH}:/home/lh/Documents/joao_pessoa_2026/install/hydrone_biguasim:/home/lh/Documents/joao_pessoa_2026/install/hydrone_bringup:/home/lh/Documents/joao_pessoa_2026/install/hydrone_vision:/home/lh/Documents/joao_pessoa_2026/install/hydrone_nav:/home/lh/Documents/joao_pessoa_2026/install/hydrone_mission:/home/lh/Documents/joao_pessoa_2026/install/hydrone_controller:/home/lh/Documents/joao_pessoa_2026/install/ardupilot_dds_tests:/home/lh/Documents/joao_pessoa_2026/install/biguasim_main:/opt/ros/humble /usr/bin/cmake /home/lh/Documents/joao_pessoa_2026/src/micro_ros_msgs -DAMENT_CMAKE_SYMLINK_INSTALL=1 -DCMAKE_INSTALL_PREFIX=/home/lh/Documents/joao_pessoa_2026/install/micro_ros_msgs
[0.638s] Invoking command in '/home/lh/Documents/joao_pessoa_2026/build/micro_ros_msgs': CMAKE_PREFIX_PATH=${CMAKE_PREFIX_PATH}:/home/lh/Documents/joao_pessoa_2026/install/hydrone_biguasim:/home/lh/Documents/joao_pessoa_2026/install/hydrone_bringup:/home/lh/Documents/joao_pessoa_2026/install/hydrone_vision:/home/lh/Documents/joao_pessoa_2026/install/hydrone_nav:/home/lh/Documents/joao_pessoa_2026/install/hydrone_mission:/home/lh/Documents/joao_pessoa_2026/install/hydrone_controller:/home/lh/Documents/joao_pessoa_2026/install/ardupilot_dds_tests:/home/lh/Documents/joao_pessoa_2026/install/biguasim_main:/opt/ros/humble /usr/bin/cmake --build /home/lh/Documents/joao_pessoa_2026/build/micro_ros_msgs -- -j32 -l32
[0.664s] [35m[1mConsolidate compiler generated dependencies of target micro_ros_msgs__rosidl_generator_c[0m
[0.671s] [  2%] Built target micro_ros_msgs__rs
[0.671s] [  4%] Built target micro_ros_msgs__cpp
[0.672s] [ 14%] Built target micro_ros_msgs__rosidl_generator_c
[0.675s] [ 14%] Built target ament_cmake_python_symlink_micro_ros_msgs
[0.676s] [35m[1mConsolidate compiler generated dependencies of target micro_ros_msgs__rosidl_typesupport_fastrtps_cpp[0m
[0.676s] [35m[1mConsolidate compiler generated dependencies of target micro_ros_msgs__rosidl_typesupport_introspection_cpp[0m
[0.678s] [35m[1mConsolidate compiler generated dependencies of target micro_ros_msgs__rosidl_typesupport_cpp[0m
[0.679s] [35m[1mConsolidate compiler generated dependencies of target micro_ros_msgs__rosidl_typesupport_introspection_c[0m
[0.679s] [35m[1mConsolidate compiler generated dependencies of target micro_ros_msgs__rosidl_typesupport_c[0m
[0.679s] [35m[1mConsolidate compiler generated dependencies of target micro_ros_msgs__rosidl_typesupport_fastrtps_c[0m
[0.682s] [ 25%] Built target micro_ros_msgs__rosidl_typesupport_introspection_cpp
[0.683s] [ 35%] Built target micro_ros_msgs__rosidl_typesupport_fastrtps_cpp
[0.686s] [ 45%] Built target micro_ros_msgs__rosidl_typesupport_c
[0.687s] [ 56%] Built target micro_ros_msgs__rosidl_typesupport_introspection_c
[0.687s] [ 66%] Built target micro_ros_msgs__rosidl_typesupport_cpp
[0.688s] [ 77%] Built target micro_ros_msgs__rosidl_typesupport_fastrtps_c
[0.702s] [ 77%] Built target micro_ros_msgs
[0.713s] [ 79%] Built target micro_ros_msgs__py
[0.720s] [35m[1mConsolidate compiler generated dependencies of target micro_ros_msgs__rosidl_generator_py[0m
[0.728s] [ 87%] Built target micro_ros_msgs__rosidl_generator_py
[0.736s] [35m[1mConsolidate compiler generated dependencies of target micro_ros_msgs__rosidl_typesupport_introspection_c__pyext[0m
[0.736s] [35m[1mConsolidate compiler generated dependencies of target micro_ros_msgs__rosidl_typesupport_c__pyext[0m
[0.736s] [35m[1mConsolidate compiler generated dependencies of target micro_ros_msgs__rosidl_typesupport_fastrtps_c__pyext[0m
[0.744s] [ 97%] Built target micro_ros_msgs__rosidl_typesupport_fastrtps_c__pyext
[0.744s] [ 97%] Built target micro_ros_msgs__rosidl_typesupport_introspection_c__pyext
[0.744s] [100%] Built target micro_ros_msgs__rosidl_typesupport_c__pyext
[0.806s] running egg_info
[0.807s] writing micro_ros_msgs.egg-info/PKG-INFO
[0.807s] writing dependency_links to micro_ros_msgs.egg-info/dependency_links.txt
[0.807s] writing top-level names to micro_ros_msgs.egg-info/top_level.txt
[0.808s] reading manifest file 'micro_ros_msgs.egg-info/SOURCES.txt'
[0.808s] writing manifest file 'micro_ros_msgs.egg-info/SOURCES.txt'
[0.821s] [100%] Built target ament_cmake_python_build_micro_ros_msgs_egg
[0.828s] Invoked command in '/home/lh/Documents/joao_pessoa_2026/build/micro_ros_msgs' returned '0': CMAKE_PREFIX_PATH=${CMAKE_PREFIX_PATH}:/home/lh/Documents/joao_pessoa_2026/install/hydrone_biguasim:/home/lh/Documents/joao_pessoa_2026/install/hydrone_bringup:/home/lh/Documents/joao_pessoa_2026/install/hydrone_vision:/home/lh/Documents/joao_pessoa_2026/install/hydrone_nav:/home/lh/Documents/joao_pessoa_2026/install/hydrone_mission:/home/lh/Documents/joao_pessoa_2026/install/hydrone_controller:/home/lh/Documents/joao_pessoa_2026/install/ardupilot_dds_tests:/home/lh/Documents/joao_pessoa_2026/install/biguasim_main:/opt/ros/humble /usr/bin/cmake --build /home/lh/Documents/joao_pessoa_2026/build/micro_ros_msgs -- -j32 -l32
[0.833s] Invoking command in '/home/lh/Documents/joao_pessoa_2026/build/micro_ros_msgs': CMAKE_PREFIX_PATH=${CMAKE_PREFIX_PATH}:/home/lh/Documents/joao_pessoa_2026/install/hydrone_biguasim:/home/lh/Documents/joao_pessoa_2026/install/hydrone_bringup:/home/lh/Documents/joao_pessoa_2026/install/hydrone_vision:/home/lh/Documents/joao_pessoa_2026/install/hydrone_nav:/home/lh/Documents/joao_pessoa_2026/install/hydrone_mission:/home/lh/Documents/joao_pessoa_2026/install/hydrone_controller:/home/lh/Documents/joao_pessoa_2026/install/ardupilot_dds_tests:/home/lh/Documents/joao_pessoa_2026/install/biguasim_main:/opt/ros/humble /usr/bin/cmake --install /home/lh/Documents/joao_pessoa_2026/build/micro_ros_msgs
[0.838s] -- Install configuration: ""
[0.838s] -- Execute custom install script
[0.839s] -- Up-to-date symlink: /home/lh/Documents/joao_pessoa_2026/install/micro_ros_msgs/share/ament_index/resource_index/rosidl_interfaces/micro_ros_msgs
[0.839s] -- Up-to-date symlink: /home/lh/Documents/joao_pessoa_2026/install/micro_ros_msgs/include/micro_ros_msgs/micro_ros_msgs/msg/detail/entity__functions.h
[0.839s] -- Up-to-date symlink: /home/lh/Documents/joao_pessoa_2026/install/micro_ros_msgs/include/micro_ros_msgs/micro_ros_msgs/msg/detail/entity__struct.h
[0.839s] -- Up-to-date symlink: /home/lh/Documents/joao_pessoa_2026/install/micro_ros_msgs/include/micro_ros_msgs/micro_ros_msgs/msg/detail/entity__type_support.h
[0.839s] -- Up-to-date symlink: /home/lh/Documents/joao_pessoa_2026/install/micro_ros_msgs/include/micro_ros_msgs/micro_ros_msgs/msg/detail/graph__functions.h
[0.839s] -- Up-to-date symlink: /home/lh/Documents/joao_pessoa_2026/install/micro_ros_msgs/include/micro_ros_msgs/micro_ros_msgs/msg/detail/graph__struct.h
[0.839s] -- Up-to-date symlink: /home/lh/Documents/joao_pessoa_2026/install/micro_ros_msgs/include/micro_ros_msgs/micro_ros_msgs/msg/detail/graph__type_support.h
[0.839s] -- Up-to-date symlink: /home/lh/Documents/joao_pessoa_2026/install/micro_ros_msgs/include/micro_ros_msgs/micro_ros_msgs/msg/detail/node__functions.h
[0.839s] -- Up-to-date symlink: /home/lh/Documents/joao_pessoa_2026/install/micro_ros_msgs/include/micro_ros_msgs/micro_ros_msgs/msg/detail/node__struct.h
[0.840s] -- Up-to-date symlink: /home/lh/Documents/joao_pessoa_2026/install/micro_ros_msgs/include/micro_ros_msgs/micro_ros_msgs/msg/detail/node__type_support.h
[0.840s] -- Up-to-date symlink: /home/lh/Documents/joao_pessoa_2026/install/micro_ros_msgs/include/micro_ros_msgs/micro_ros_msgs/msg/entity.h
[0.840s] -- Up-to-date symlink: /home/lh/Documents/joao_pessoa_2026/install/micro_ros_msgs/include/micro_ros_msgs/micro_ros_msgs/msg/graph.h
[0.840s] -- Up-to-date symlink: /home/lh/Documents/joao_pessoa_2026/install/micro_ros_msgs/include/micro_ros_msgs/micro_ros_msgs/msg/node.h
[0.840s] -- Up-to-date symlink: /home/lh/Documents/joao_pessoa_2026/install/micro_ros_msgs/include/micro_ros_msgs/micro_ros_msgs/msg/rosidl_generator_c__visibility_control.h
[0.840s] -- Up-to-date symlink: /home/lh/Documents/joao_pessoa_2026/install/micro_ros_msgs/share/micro_ros_msgs/environment/library_path.sh
[0.840s] -- Up-to-date symlink: /home/lh/Documents/joao_pessoa_2026/install/micro_ros_msgs/share/micro_ros_msgs/environment/library_path.dsv
[0.840s] -- Up-to-date symlink: /home/lh/Documents/joao_pessoa_2026/install/micro_ros_msgs/include/micro_ros_msgs/micro_ros_msgs/msg/detail/entity__rosidl_typesupport_fastrtps_c.h
[0.840s] -- Up-to-date symlink: /home/lh/Documents/joao_pessoa_2026/install/micro_ros_msgs/include/micro_ros_msgs/micro_ros_msgs/msg/detail/graph__rosidl_typesupport_fastrtps_c.h
[0.840s] -- Up-to-date symlink: /home/lh/Documents/joao_pessoa_2026/install/micro_ros_msgs/include/micro_ros_msgs/micro_ros_msgs/msg/detail/node__rosidl_typesupport_fastrtps_c.h
[0.841s] -- Up-to-date symlink: /home/lh/Documents/joao_pessoa_2026/install/micro_ros_msgs/include/micro_ros_msgs/micro_ros_msgs/msg/rosidl_typesupport_fastrtps_c__visibility_control.h
[0.841s] -- Up-to-date symlink: /home/lh/Documents/joao_pessoa_2026/install/micro_ros_msgs/include/micro_ros_msgs/micro_ros_msgs/msg/detail/entity__rosidl_typesupport_introspection_c.h
[0.841s] -- Up-to-date symlink: /home/lh/Documents/joao_pessoa_2026/install/micro_ros_msgs/include/micro_ros_msgs/micro_ros_msgs/msg/detail/graph__rosidl_typesupport_introspection_c.h
[0.841s] -- Up-to-date symlink: /home/lh/Documents/joao_pessoa_2026/install/micro_ros_msgs/include/micro_ros_msgs/micro_ros_msgs/msg/detail/node__rosidl_typesupport_introspection_c.h
[0.841s] -- Up-to-date symlink: /home/lh/Documents/joao_pessoa_2026/install/micro_ros_msgs/include/micro_ros_msgs/micro_ros_msgs/msg/rosidl_typesupport_introspection_c__visibility_control.h
[0.841s] -- Up-to-date symlink: /home/lh/Documents/joao_pessoa_2026/install/micro_ros_msgs/include/micro_ros_msgs/micro_ros_msgs/msg/detail/entity__builder.hpp
[0.841s] -- Up-to-date symlink: /home/lh/Documents/joao_pessoa_2026/install/micro_ros_msgs/include/micro_ros_msgs/micro_ros_msgs/msg/detail/entity__struct.hpp
[0.841s] -- Up-to-date symlink: /home/lh/Documents/joao_pessoa_2026/install/micro_ros_msgs/include/micro_ros_msgs/micro_ros_msgs/msg/detail/entity__traits.hpp
[0.841s] -- Up-to-date symlink: /home/lh/Documents/joao_pessoa_2026/install/micro_ros_msgs/include/micro_ros_msgs/micro_ros_msgs/msg/detail/entity__type_support.hpp
[0.842s] -- Up-to-date symlink: /home/lh/Documents/joao_pessoa_2026/install/micro_ros_msgs/include/micro_ros_msgs/micro_ros_msgs/msg/detail/graph__builder.hpp
[0.842s] -- Up-to-date symlink: /home/lh/Documents/joao_pessoa_2026/install/micro_ros_msgs/include/micro_ros_msgs/micro_ros_msgs/msg/detail/graph__struct.hpp
[0.842s] -- Up-to-date symlink: /home/lh/Documents/joao_pessoa_2026/install/micro_ros_msgs/include/micro_ros_msgs/micro_ros_msgs/msg/detail/graph__traits.hpp
[0.842s] -- Up-to-date symlink: /home/lh/Documents/joao_pessoa_2026/install/micro_ros_msgs/include/micro_ros_msgs/micro_ros_msgs/msg/detail/graph__type_support.hpp
[0.842s] -- Up-to-date symlink: /home/lh/Documents/joao_pessoa_2026/install/micro_ros_msgs/include/micro_ros_msgs/micro_ros_msgs/msg/detail/node__builder.hpp
[0.842s] -- Up-to-date symlink: /home/lh/Documents/joao_pessoa_2026/install/micro_ros_msgs/include/micro_ros_msgs/micro_ros_msgs/msg/detail/node__struct.hpp
[0.842s] -- Up-to-date symlink: /home/lh/Documents/joao_pessoa_2026/install/micro_ros_msgs/include/micro_ros_msgs/micro_ros_msgs/msg/detail/node__traits.hpp
[0.842s] -- Up-to-date symlink: /home/lh/Documents/joao_pessoa_2026/install/micro_ros_msgs/include/micro_ros_msgs/micro_ros_msgs/msg/detail/node__type_support.hpp
[0.842s] -- Up-to-date symlink: /home/lh/Documents/joao_pessoa_2026/install/micro_ros_msgs/include/micro_ros_msgs/micro_ros_msgs/msg/entity.hpp
[0.842s] -- Up-to-date symlink: /home/lh/Documents/joao_pessoa_2026/install/micro_ros_msgs/include/micro_ros_msgs/micro_ros_msgs/msg/graph.hpp
[0.842s] -- Up-to-date symlink: /home/lh/Documents/joao_pessoa_2026/install/micro_ros_msgs/include/micro_ros_msgs/micro_ros_msgs/msg/node.hpp
[0.842s] -- Up-to-date symlink: /home/lh/Documents/joao_pessoa_2026/install/micro_ros_msgs/include/micro_ros_msgs/micro_ros_msgs/msg/rosidl_generator_cpp__visibility_control.hpp
[0.843s] -- Up-to-date symlink: /home/lh/Documents/joao_pessoa_2026/install/micro_ros_msgs/include/micro_ros_msgs/micro_ros_msgs/msg/detail/entity__rosidl_typesupport_fastrtps_cpp.hpp
[0.843s] -- Up-to-date symlink: /home/lh/Documents/joao_pessoa_2026/install/micro_ros_msgs/include/micro_ros_msgs/micro_ros_msgs/msg/detail/graph__rosidl_typesupport_fastrtps_cpp.hpp
[0.843s] -- Up-to-date symlink: /home/lh/Documents/joao_pessoa_2026/install/micro_ros_msgs/include/micro_ros_msgs/micro_ros_msgs/msg/detail/node__rosidl_typesupport_fastrtps_cpp.hpp
[0.843s] -- Up-to-date symlink: /home/lh/Documents/joao_pessoa_2026/install/micro_ros_msgs/include/micro_ros_msgs/micro_ros_msgs/msg/rosidl_typesupport_fastrtps_cpp__visibility_control.h
[0.843s] -- Up-to-date symlink: /home/lh/Documents/joao_pessoa_2026/install/micro_ros_msgs/include/micro_ros_msgs/micro_ros_msgs/msg/detail/entity__rosidl_typesupport_introspection_cpp.hpp
[0.843s] -- Up-to-date symlink: /home/lh/Documents/joao_pessoa_2026/install/micro_ros_msgs/include/micro_ros_msgs/micro_ros_msgs/msg/detail/graph__rosidl_typesupport_introspection_cpp.hpp
[0.843s] -- Up-to-date symlink: /home/lh/Documents/joao_pessoa_2026/install/micro_ros_msgs/include/micro_ros_msgs/micro_ros_msgs/msg/detail/node__rosidl_typesupport_introspection_cpp.hpp
[0.843s] -- Up-to-date symlink: /home/lh/Documents/joao_pessoa_2026/install/micro_ros_msgs/share/micro_ros_msgs/environment/pythonpath.sh
[0.843s] -- Up-to-date symlink: /home/lh/Documents/joao_pessoa_2026/install/micro_ros_msgs/share/micro_ros_msgs/environment/pythonpath.dsv
[0.844s] -- Up-to-date symlink: /home/lh/Documents/joao_pessoa_2026/install/micro_ros_msgs/local/lib/python3.10/dist-packages/micro_ros_msgs-6.0.0-py3.10.egg-info/PKG-INFO
[0.844s] -- Up-to-date symlink: /home/lh/Documents/joao_pessoa_2026/install/micro_ros_msgs/local/lib/python3.10/dist-packages/micro_ros_msgs-6.0.0-py3.10.egg-info/SOURCES.txt
[0.844s] -- Up-to-date symlink: /home/lh/Documents/joao_pessoa_2026/install/micro_ros_msgs/local/lib/python3.10/dist-packages/micro_ros_msgs-6.0.0-py3.10.egg-info/dependency_links.txt
[0.844s] -- Up-to-date symlink: /home/lh/Documents/joao_pessoa_2026/install/micro_ros_msgs/local/lib/python3.10/dist-packages/micro_ros_msgs-6.0.0-py3.10.egg-info/top_level.txt
[0.844s] -- Up-to-date symlink: /home/lh/Documents/joao_pessoa_2026/install/micro_ros_msgs/local/lib/python3.10/dist-packages/micro_ros_msgs/__init__.py
[0.844s] -- Up-to-date symlink: /home/lh/Documents/joao_pessoa_2026/install/micro_ros_msgs/local/lib/python3.10/dist-packages/micro_ros_msgs/_micro_ros_msgs_s.ep.rosidl_typesupport_c.c
[0.844s] -- Up-to-date symlink: /home/lh/Documents/joao_pessoa_2026/install/micro_ros_msgs/local/lib/python3.10/dist-packages/micro_ros_msgs/_micro_ros_msgs_s.ep.rosidl_typesupport_fastrtps_c.c
[0.844s] -- Up-to-date symlink: /home/lh/Documents/joao_pessoa_2026/install/micro_ros_msgs/local/lib/python3.10/dist-packages/micro_ros_msgs/_micro_ros_msgs_s.ep.rosidl_typesupport_introspection_c.c
[0.844s] -- Up-to-date symlink: /home/lh/Documents/joao_pessoa_2026/install/micro_ros_msgs/local/lib/python3.10/dist-packages/micro_ros_msgs/libmicro_ros_msgs__rosidl_generator_py.so
[0.845s] -- Up-to-date symlink: /home/lh/Documents/joao_pessoa_2026/install/micro_ros_msgs/local/lib/python3.10/dist-packages/micro_ros_msgs/micro_ros_msgs_s__rosidl_typesupport_c.cpython-310-x86_64-linux-gnu.so
[0.845s] -- Up-to-date symlink: /home/lh/Documents/joao_pessoa_2026/install/micro_ros_msgs/local/lib/python3.10/dist-packages/micro_ros_msgs/micro_ros_msgs_s__rosidl_typesupport_fastrtps_c.cpython-310-x86_64-linux-gnu.so
[0.845s] -- Up-to-date symlink: /home/lh/Documents/joao_pessoa_2026/install/micro_ros_msgs/local/lib/python3.10/dist-packages/micro_ros_msgs/micro_ros_msgs_s__rosidl_typesupport_introspection_c.cpython-310-x86_64-linux-gnu.so
[0.845s] -- Up-to-date symlink: /home/lh/Documents/joao_pessoa_2026/install/micro_ros_msgs/local/lib/python3.10/dist-packages/micro_ros_msgs/msg/__init__.py
[0.845s] -- Up-to-date symlink: /home/lh/Documents/joao_pessoa_2026/install/micro_ros_msgs/local/lib/python3.10/dist-packages/micro_ros_msgs/msg/_entity.py
[0.845s] -- Up-to-date symlink: /home/lh/Documents/joao_pessoa_2026/install/micro_ros_msgs/local/lib/python3.10/dist-packages/micro_ros_msgs/msg/_entity_s.c
[0.845s] -- Up-to-date symlink: /home/lh/Documents/joao_pessoa_2026/install/micro_ros_msgs/local/lib/python3.10/dist-packages/micro_ros_msgs/msg/_graph.py
[0.845s] -- Up-to-date symlink: /home/lh/Documents/joao_pessoa_2026/install/micro_ros_msgs/local/lib/python3.10/dist-packages/micro_ros_msgs/msg/_graph_s.c
[0.845s] -- Up-to-date symlink: /home/lh/Documents/joao_pessoa_2026/install/micro_ros_msgs/local/lib/python3.10/dist-packages/micro_ros_msgs/msg/_node.py
[0.845s] -- Up-to-date symlink: /home/lh/Documents/joao_pessoa_2026/install/micro_ros_msgs/local/lib/python3.10/dist-packages/micro_ros_msgs/msg/_node_s.c
[0.845s] -- Up-to-date symlink: /home/lh/Documents/joao_pessoa_2026/install/micro_ros_msgs/local/lib/python3.10/dist-packages/micro_ros_msgs/micro_ros_msgs_s__rosidl_typesupport_fastrtps_c.cpython-310-x86_64-linux-gnu.so
[0.846s] -- Up-to-date symlink: /home/lh/Documents/joao_pessoa_2026/install/micro_ros_msgs/local/lib/python3.10/dist-packages/micro_ros_msgs/micro_ros_msgs_s__rosidl_typesupport_introspection_c.cpython-310-x86_64-linux-gnu.so
[0.846s] -- Up-to-date symlink: /home/lh/Documents/joao_pessoa_2026/install/micro_ros_msgs/local/lib/python3.10/dist-packages/micro_ros_msgs/micro_ros_msgs_s__rosidl_typesupport_c.cpython-310-x86_64-linux-gnu.so
[0.846s] -- Up-to-date symlink: /home/lh/Documents/joao_pessoa_2026/install/micro_ros_msgs/share/ament_index/resource_index/rust_packages/micro_ros_msgs
[0.846s] -- Up-to-date symlink: /home/lh/Documents/joao_pessoa_2026/install/micro_ros_msgs/share/micro_ros_msgs/rust/Cargo.toml
[0.846s] -- Up-to-date symlink: /home/lh/Documents/joao_pessoa_2026/install/micro_ros_msgs/share/micro_ros_msgs/rust/build.rs
[0.846s] -- Up-to-date symlink: /home/lh/Documents/joao_pessoa_2026/install/micro_ros_msgs/share/micro_ros_msgs/rust/src/lib.rs
[0.846s] -- Up-to-date symlink: /home/lh/Documents/joao_pessoa_2026/install/micro_ros_msgs/share/micro_ros_msgs/rust/src/msg.rs
[0.846s] -- Up-to-date symlink: /home/lh/Documents/joao_pessoa_2026/install/micro_ros_msgs/share/micro_ros_msgs/rust/src/msg/rmw.rs
[0.846s] -- Up-to-date symlink: /home/lh/Documents/joao_pessoa_2026/install/micro_ros_msgs/share/micro_ros_msgs/msg/Graph.idl
[0.846s] -- Up-to-date symlink: /home/lh/Documents/joao_pessoa_2026/install/micro_ros_msgs/share/micro_ros_msgs/msg/Node.idl
[0.847s] -- Up-to-date symlink: /home/lh/Documents/joao_pessoa_2026/install/micro_ros_msgs/share/micro_ros_msgs/msg/Entity.idl
[0.847s] -- Up-to-date symlink: /home/lh/Documents/joao_pessoa_2026/install/micro_ros_msgs/share/micro_ros_msgs/msg/Graph.msg
[0.847s] -- Up-to-date symlink: /home/lh/Documents/joao_pessoa_2026/install/micro_ros_msgs/share/micro_ros_msgs/msg/Node.msg
[0.847s] -- Up-to-date symlink: /home/lh/Documents/joao_pessoa_2026/install/micro_ros_msgs/share/micro_ros_msgs/msg/Entity.msg
[0.847s] -- Up-to-date symlink: /home/lh/Documents/joao_pessoa_2026/install/micro_ros_msgs/share/ament_index/resource_index/package_run_dependencies/micro_ros_msgs
[0.847s] -- Up-to-date symlink: /home/lh/Documents/joao_pessoa_2026/install/micro_ros_msgs/share/ament_index/resource_index/parent_prefix_path/micro_ros_msgs
[0.847s] -- Up-to-date symlink: /home/lh/Documents/joao_pessoa_2026/install/micro_ros_msgs/share/micro_ros_msgs/environment/ament_prefix_path.sh
[0.847s] -- Up-to-date symlink: /home/lh/Documents/joao_pessoa_2026/install/micro_ros_msgs/share/micro_ros_msgs/environment/ament_prefix_path.dsv
[0.847s] -- Up-to-date symlink: /home/lh/Documents/joao_pessoa_2026/install/micro_ros_msgs/share/micro_ros_msgs/environment/path.sh
[0.847s] -- Up-to-date symlink: /home/lh/Documents/joao_pessoa_2026/install/micro_ros_msgs/share/micro_ros_msgs/environment/path.dsv
[0.848s] -- Up-to-date symlink: /home/lh/Documents/joao_pessoa_2026/install/micro_ros_msgs/share/micro_ros_msgs/local_setup.bash
[0.848s] -- Up-to-date symlink: /home/lh/Documents/joao_pessoa_2026/install/micro_ros_msgs/share/micro_ros_msgs/local_setup.sh
[0.848s] -- Up-to-date symlink: /home/lh/Documents/joao_pessoa_2026/install/micro_ros_msgs/share/micro_ros_msgs/local_setup.zsh
[0.848s] -- Up-to-date symlink: /home/lh/Documents/joao_pessoa_2026/install/micro_ros_msgs/share/micro_ros_msgs/local_setup.dsv
[0.848s] -- Symlinking: /home/lh/Documents/joao_pessoa_2026/install/micro_ros_msgs/share/micro_ros_msgs/package.dsv
[0.854s] -- Up-to-date symlink: /home/lh/Documents/joao_pessoa_2026/install/micro_ros_msgs/share/ament_index/resource_index/packages/micro_ros_msgs
[0.854s] -- Up-to-date symlink: /home/lh/Documents/joao_pessoa_2026/install/micro_ros_msgs/share/micro_ros_msgs/cmake/rosidl_cmake-extras.cmake
[0.854s] -- Up-to-date symlink: /home/lh/Documents/joao_pessoa_2026/install/micro_ros_msgs/share/micro_ros_msgs/cmake/ament_cmake_export_include_directories-extras.cmake
[0.854s] -- Up-to-date symlink: /home/lh/Documents/joao_pessoa_2026/install/micro_ros_msgs/share/micro_ros_msgs/cmake/ament_cmake_export_libraries-extras.cmake
[0.854s] -- Up-to-date symlink: /home/lh/Documents/joao_pessoa_2026/install/micro_ros_msgs/share/micro_ros_msgs/cmake/ament_cmake_export_targets-extras.cmake
[0.854s] -- Up-to-date symlink: /home/lh/Documents/joao_pessoa_2026/install/micro_ros_msgs/share/micro_ros_msgs/cmake/rosidl_cmake_export_typesupport_targets-extras.cmake
[0.854s] -- Up-to-date symlink: /home/lh/Documents/joao_pessoa_2026/install/micro_ros_msgs/share/micro_ros_msgs/cmake/ament_cmake_export_dependencies-extras.cmake
[0.854s] -- Up-to-date symlink: /home/lh/Documents/joao_pessoa_2026/install/micro_ros_msgs/share/micro_ros_msgs/cmake/rosidl_cmake_export_typesupport_libraries-extras.cmake
[0.855s] -- Up-to-date symlink: /home/lh/Documents/joao_pessoa_2026/install/micro_ros_msgs/share/micro_ros_msgs/cmake/micro_ros_msgsConfig.cmake
[0.855s] -- Up-to-date symlink: /home/lh/Documents/joao_pessoa_2026/install/micro_ros_msgs/share/micro_ros_msgs/cmake/micro_ros_msgsConfig-version.cmake
[0.855s] -- Up-to-date symlink: /home/lh/Documents/joao_pessoa_2026/install/micro_ros_msgs/share/micro_ros_msgs/package.xml
[0.855s] -- Up-to-date: /home/lh/Documents/joao_pessoa_2026/install/micro_ros_msgs/lib/libmicro_ros_msgs__rosidl_generator_c.so
[0.855s] -- Up-to-date: /home/lh/Documents/joao_pessoa_2026/install/micro_ros_msgs/lib/libmicro_ros_msgs__rosidl_typesupport_fastrtps_c.so
[0.855s] -- Up-to-date: /home/lh/Documents/joao_pessoa_2026/install/micro_ros_msgs/lib/libmicro_ros_msgs__rosidl_typesupport_introspection_c.so
[0.855s] -- Up-to-date: /home/lh/Documents/joao_pessoa_2026/install/micro_ros_msgs/lib/libmicro_ros_msgs__rosidl_typesupport_c.so
[0.856s] -- Up-to-date: /home/lh/Documents/joao_pessoa_2026/install/micro_ros_msgs/lib/libmicro_ros_msgs__rosidl_typesupport_fastrtps_cpp.so
[0.856s] -- Up-to-date: /home/lh/Documents/joao_pessoa_2026/install/micro_ros_msgs/lib/libmicro_ros_msgs__rosidl_typesupport_introspection_cpp.so
[0.856s] -- Up-to-date: /home/lh/Documents/joao_pessoa_2026/install/micro_ros_msgs/lib/libmicro_ros_msgs__rosidl_typesupport_cpp.so
[0.891s] Listing '/home/lh/Documents/joao_pessoa_2026/install/micro_ros_msgs/local/lib/python3.10/dist-packages/micro_ros_msgs'...
[0.891s] Compiling '/home/lh/Documents/joao_pessoa_2026/install/micro_ros_msgs/local/lib/python3.10/dist-packages/micro_ros_msgs/__init__.py'...
[0.891s] Listing '/home/lh/Documents/joao_pessoa_2026/install/micro_ros_msgs/local/lib/python3.10/dist-packages/micro_ros_msgs/msg'...
[0.895s] -- Up-to-date: /home/lh/Documents/joao_pessoa_2026/install/micro_ros_msgs/lib/libmicro_ros_msgs__rosidl_generator_py.so
[0.896s] -- Up-to-date: /home/lh/Documents/joao_pessoa_2026/install/micro_ros_msgs/share/micro_ros_msgs/cmake/export_micro_ros_msgs__rosidl_generator_cExport.cmake
[0.896s] -- Up-to-date: /home/lh/Documents/joao_pessoa_2026/install/micro_ros_msgs/share/micro_ros_msgs/cmake/export_micro_ros_msgs__rosidl_generator_cExport-noconfig.cmake
[0.896s] -- Up-to-date: /home/lh/Documents/joao_pessoa_2026/install/micro_ros_msgs/share/micro_ros_msgs/cmake/export_micro_ros_msgs__rosidl_typesupport_fastrtps_cExport.cmake
[0.896s] -- Up-to-date: /home/lh/Documents/joao_pessoa_2026/install/micro_ros_msgs/share/micro_ros_msgs/cmake/export_micro_ros_msgs__rosidl_typesupport_fastrtps_cExport-noconfig.cmake
[0.896s] -- Up-to-date: /home/lh/Documents/joao_pessoa_2026/install/micro_ros_msgs/share/micro_ros_msgs/cmake/micro_ros_msgs__rosidl_typesupport_introspection_cExport.cmake
[0.896s] -- Up-to-date: /home/lh/Documents/joao_pessoa_2026/install/micro_ros_msgs/share/micro_ros_msgs/cmake/micro_ros_msgs__rosidl_typesupport_introspection_cExport-noconfig.cmake
[0.896s] -- Up-to-date: /home/lh/Documents/joao_pessoa_2026/install/micro_ros_msgs/share/micro_ros_msgs/cmake/micro_ros_msgs__rosidl_typesupport_cExport.cmake
[0.896s] -- Up-to-date: /home/lh/Documents/joao_pessoa_2026/install/micro_ros_msgs/share/micro_ros_msgs/cmake/micro_ros_msgs__rosidl_typesupport_cExport-noconfig.cmake
[0.896s] -- Up-to-date: /home/lh/Documents/joao_pessoa_2026/install/micro_ros_msgs/share/micro_ros_msgs/cmake/export_micro_ros_msgs__rosidl_generator_cppExport.cmake
[0.896s] -- Up-to-date: /home/lh/Documents/joao_pessoa_2026/install/micro_ros_msgs/share/micro_ros_msgs/cmake/export_micro_ros_msgs__rosidl_typesupport_fastrtps_cppExport.cmake
[0.896s] -- Up-to-date: /home/lh/Documents/joao_pessoa_2026/install/micro_ros_msgs/share/micro_ros_msgs/cmake/export_micro_ros_msgs__rosidl_typesupport_fastrtps_cppExport-noconfig.cmake
[0.896s] -- Up-to-date: /home/lh/Documents/joao_pessoa_2026/install/micro_ros_msgs/share/micro_ros_msgs/cmake/micro_ros_msgs__rosidl_typesupport_introspection_cppExport.cmake
[0.896s] -- Up-to-date: /home/lh/Documents/joao_pessoa_2026/install/micro_ros_msgs/share/micro_ros_msgs/cmake/micro_ros_msgs__rosidl_typesupport_introspection_cppExport-noconfig.cmake
[0.896s] -- Up-to-date: /home/lh/Documents/joao_pessoa_2026/install/micro_ros_msgs/share/micro_ros_msgs/cmake/micro_ros_msgs__rosidl_typesupport_cppExport.cmake
[0.896s] -- Up-to-date: /home/lh/Documents/joao_pessoa_2026/install/micro_ros_msgs/share/micro_ros_msgs/cmake/micro_ros_msgs__rosidl_typesupport_cppExport-noconfig.cmake
[0.897s] -- Up-to-date: /home/lh/Documents/joao_pessoa_2026/install/micro_ros_msgs/share/micro_ros_msgs/cmake/export_micro_ros_msgs__rosidl_generator_pyExport.cmake
[0.897s] -- Up-to-date: /home/lh/Documents/joao_pessoa_2026/install/micro_ros_msgs/share/micro_ros_msgs/cmake/export_micro_ros_msgs__rosidl_generator_pyExport-noconfig.cmake
[0.898s] Invoked command in '/home/lh/Documents/joao_pessoa_2026/build/micro_ros_msgs' returned '0': CMAKE_PREFIX_PATH=${CMAKE_PREFIX_PATH}:/home/lh/Documents/joao_pessoa_2026/install/hydrone_biguasim:/home/lh/Documents/joao_pessoa_2026/install/hydrone_bringup:/home/lh/Documents/joao_pessoa_2026/install/hydrone_vision:/home/lh/Documents/joao_pessoa_2026/install/hydrone_nav:/home/lh/Documents/joao_pessoa_2026/install/hydrone_mission:/home/lh/Documents/joao_pessoa_2026/install/hydrone_controller:/home/lh/Documents/joao_pessoa_2026/install/ardupilot_dds_tests:/home/lh/Documents/joao_pessoa_2026/install/biguasim_main:/opt/ros/humble /usr/bin/cmake --install /home/lh/Documents/joao_pessoa_2026/build/micro_ros_msgs
