[0.905s] Invoking command in '/home/lh/Documents/joao_pessoa_2026/src/hydrone_nav': PYTHONPATH=/home/lh/Documents/joao_pessoa_2026/build/hydrone_nav/prefix_override:/usr/lib/python3/dist-packages/colcon_core/task/python/colcon_distutils_commands:/home/lh/Documents/joao_pessoa_2026/install/hydrone_nav/lib/python3.10/site-packages:${PYTHONPATH} /usr/bin/python3 -W ignore:setup.py install is deprecated -W ignore:easy_install command is deprecated setup.py egg_info --egg-base ../../build/hydrone_nav build --build-base /home/lh/Documents/joao_pessoa_2026/build/hydrone_nav/build install --record /home/lh/Documents/joao_pessoa_2026/build/hydrone_nav/install.log --single-version-externally-managed install_data
[1.027s] running egg_info
[1.027s] writing ../../build/hydrone_nav/hydrone_nav.egg-info/PKG-INFO
[1.027s] writing dependency_links to ../../build/hydrone_nav/hydrone_nav.egg-info/dependency_links.txt
[1.027s] writing entry points to ../../build/hydrone_nav/hydrone_nav.egg-info/entry_points.txt
[1.027s] writing requirements to ../../build/hydrone_nav/hydrone_nav.egg-info/requires.txt
[1.027s] writing top-level names to ../../build/hydrone_nav/hydrone_nav.egg-info/top_level.txt
[1.027s] reading manifest file '../../build/hydrone_nav/hydrone_nav.egg-info/SOURCES.txt'
[1.028s] writing manifest file '../../build/hydrone_nav/hydrone_nav.egg-info/SOURCES.txt'
[1.028s] running build
[1.028s] running build_py
[1.028s] running install
[1.028s] running install_lib
[1.029s] running install_data
[1.029s] running install_egg_info
[1.030s] removing '/home/lh/Documents/joao_pessoa_2026/install/hydrone_nav/lib/python3.10/site-packages/hydrone_nav-1.0.0-py3.10.egg-info' (and everything under it)
[1.030s] Copying ../../build/hydrone_nav/hydrone_nav.egg-info to /home/lh/Documents/joao_pessoa_2026/install/hydrone_nav/lib/python3.10/site-packages/hydrone_nav-1.0.0-py3.10.egg-info
[1.030s] running install_scripts
[1.041s] Installing nav_node script to /home/lh/Documents/joao_pessoa_2026/install/hydrone_nav/bin
[1.041s] writing list of installed files to '/home/lh/Documents/joao_pessoa_2026/build/hydrone_nav/install.log'
[1.054s] Invoked command in '/home/lh/Documents/joao_pessoa_2026/src/hydrone_nav' returned '0': PYTHONPATH=/home/lh/Documents/joao_pessoa_2026/build/hydrone_nav/prefix_override:/usr/lib/python3/dist-packages/colcon_core/task/python/colcon_distutils_commands:/home/lh/Documents/joao_pessoa_2026/install/hydrone_nav/lib/python3.10/site-packages:${PYTHONPATH} /usr/bin/python3 -W ignore:setup.py install is deprecated -W ignore:easy_install command is deprecated setup.py egg_info --egg-base ../../build/hydrone_nav build --build-base /home/lh/Documents/joao_pessoa_2026/build/hydrone_nav/build install --record /home/lh/Documents/joao_pessoa_2026/build/hydrone_nav/install.log --single-version-externally-managed install_data
