running develop
Removing /home/lh/Documents/joao_pessoa_2026/install/hydrone_bringup/lib/python3.10/site-packages/hydrone-bringup.egg-link (link to .)
running egg_info
writing ../../build/hydrone_bringup/hydrone_bringup.egg-info/PKG-INFO
writing dependency_links to ../../build/hydrone_bringup/hydrone_bringup.egg-info/dependency_links.txt
writing entry points to ../../build/hydrone_bringup/hydrone_bringup.egg-info/entry_points.txt
writing requirements to ../../build/hydrone_bringup/hydrone_bringup.egg-info/requires.txt
writing top-level names to ../../build/hydrone_bringup/hydrone_bringup.egg-info/top_level.txt
reading manifest file '../../build/hydrone_bringup/hydrone_bringup.egg-info/SOURCES.txt'
writing manifest file '../../build/hydrone_bringup/hydrone_bringup.egg-info/SOURCES.txt'
running build
running build_py
creating /home/lh/Documents/joao_pessoa_2026/build/hydrone_bringup/build
creating /home/lh/Documents/joao_pessoa_2026/build/hydrone_bringup/build/lib
creating /home/lh/Documents/joao_pessoa_2026/build/hydrone_bringup/build/lib/hydrone_bringup
copying hydrone_bringup/__init__.py -> /home/lh/Documents/joao_pessoa_2026/build/hydrone_bringup/build/lib/hydrone_bringup
running install
running install_lib
creating /home/lh/Documents/joao_pessoa_2026/install/hydrone_bringup/lib/python3.10/site-packages/hydrone_bringup
copying /home/lh/Documents/joao_pessoa_2026/build/hydrone_bringup/build/lib/hydrone_bringup/__init__.py -> /home/lh/Documents/joao_pessoa_2026/install/hydrone_bringup/lib/python3.10/site-packages/hydrone_bringup
byte-compiling /home/lh/Documents/joao_pessoa_2026/install/hydrone_bringup/lib/python3.10/site-packages/hydrone_bringup/__init__.py to __init__.cpython-310.pyc
running install_data
copying resource/hydrone_bringup -> /home/lh/Documents/joao_pessoa_2026/install/hydrone_bringup/share/ament_index/resource_index/packages
copying package.xml -> /home/lh/Documents/joao_pessoa_2026/install/hydrone_bringup/share/hydrone_bringup
copying launch/hydrone_sim.launch.py -> /home/lh/Documents/joao_pessoa_2026/install/hydrone_bringup/share/hydrone_bringup/launch
copying launch/hydrone.launch.py -> /home/lh/Documents/joao_pessoa_2026/install/hydrone_bringup/share/hydrone_bringup/launch
running install_egg_info
Copying ../../build/hydrone_bringup/hydrone_bringup.egg-info to /home/lh/Documents/joao_pessoa_2026/install/hydrone_bringup/lib/python3.10/site-packages/hydrone_bringup-1.0.0-py3.10.egg-info
running install_scripts
writing list of installed files to '/home/lh/Documents/joao_pessoa_2026/build/hydrone_bringup/install.log'
