running develop
Removing /home/lh/Documents/joao_pessoa_2026/install/hydrone_biguasim/lib/python3.10/site-packages/hydrone-biguasim.egg-link (link to .)
running egg_info
writing ../../build/hydrone_biguasim/hydrone_biguasim.egg-info/PKG-INFO
writing dependency_links to ../../build/hydrone_biguasim/hydrone_biguasim.egg-info/dependency_links.txt
writing entry points to ../../build/hydrone_biguasim/hydrone_biguasim.egg-info/entry_points.txt
writing requirements to ../../build/hydrone_biguasim/hydrone_biguasim.egg-info/requires.txt
writing top-level names to ../../build/hydrone_biguasim/hydrone_biguasim.egg-info/top_level.txt
reading manifest file '../../build/hydrone_biguasim/hydrone_biguasim.egg-info/SOURCES.txt'
writing manifest file '../../build/hydrone_biguasim/hydrone_biguasim.egg-info/SOURCES.txt'
running build
running build_py
creating /home/lh/Documents/joao_pessoa_2026/build/hydrone_biguasim/build
creating /home/lh/Documents/joao_pessoa_2026/build/hydrone_biguasim/build/lib
creating /home/lh/Documents/joao_pessoa_2026/build/hydrone_biguasim/build/lib/hydrone_biguasim
copying hydrone_biguasim/__init__.py -> /home/lh/Documents/joao_pessoa_2026/build/hydrone_biguasim/build/lib/hydrone_biguasim
copying hydrone_biguasim/biguasim_bridge.py -> /home/lh/Documents/joao_pessoa_2026/build/hydrone_biguasim/build/lib/hydrone_biguasim
running install
running install_lib
creating /home/lh/Documents/joao_pessoa_2026/install/hydrone_biguasim/lib/python3.10/site-packages/hydrone_biguasim
copying /home/lh/Documents/joao_pessoa_2026/build/hydrone_biguasim/build/lib/hydrone_biguasim/__init__.py -> /home/lh/Documents/joao_pessoa_2026/install/hydrone_biguasim/lib/python3.10/site-packages/hydrone_biguasim
copying /home/lh/Documents/joao_pessoa_2026/build/hydrone_biguasim/build/lib/hydrone_biguasim/biguasim_bridge.py -> /home/lh/Documents/joao_pessoa_2026/install/hydrone_biguasim/lib/python3.10/site-packages/hydrone_biguasim
byte-compiling /home/lh/Documents/joao_pessoa_2026/install/hydrone_biguasim/lib/python3.10/site-packages/hydrone_biguasim/__init__.py to __init__.cpython-310.pyc
byte-compiling /home/lh/Documents/joao_pessoa_2026/install/hydrone_biguasim/lib/python3.10/site-packages/hydrone_biguasim/biguasim_bridge.py to biguasim_bridge.cpython-310.pyc
running install_data
copying resource/hydrone_biguasim -> /home/lh/Documents/joao_pessoa_2026/install/hydrone_biguasim/share/ament_index/resource_index/packages
copying package.xml -> /home/lh/Documents/joao_pessoa_2026/install/hydrone_biguasim/share/hydrone_biguasim
copying launch/sim.launch.py -> /home/lh/Documents/joao_pessoa_2026/install/hydrone_biguasim/share/hydrone_biguasim/launch
copying config/biguasim_drone.yaml -> /home/lh/Documents/joao_pessoa_2026/install/hydrone_biguasim/share/hydrone_biguasim/config
running install_egg_info
Copying ../../build/hydrone_biguasim/hydrone_biguasim.egg-info to /home/lh/Documents/joao_pessoa_2026/install/hydrone_biguasim/lib/python3.10/site-packages/hydrone_biguasim-1.0.0-py3.10.egg-info
running install_scripts
Installing biguasim_bridge script to /home/lh/Documents/joao_pessoa_2026/install/hydrone_biguasim/bin
writing list of installed files to '/home/lh/Documents/joao_pessoa_2026/build/hydrone_biguasim/install.log'
