[0.897s] Invoking command in '/home/lh/Documents/joao_pessoa_2026/src/hydrone_vision': PYTHONPATH=/home/lh/Documents/joao_pessoa_2026/build/hydrone_vision/prefix_override:/usr/lib/python3/dist-packages/colcon_core/task/python/colcon_distutils_commands:/home/lh/Documents/joao_pessoa_2026/install/hydrone_vision/lib/python3.10/site-packages:${PYTHONPATH} /usr/bin/python3 -W ignore:setup.py install is deprecated -W ignore:easy_install command is deprecated setup.py egg_info --egg-base ../../build/hydrone_vision build --build-base /home/lh/Documents/joao_pessoa_2026/build/hydrone_vision/build install --record /home/lh/Documents/joao_pessoa_2026/build/hydrone_vision/install.log --single-version-externally-managed install_data
[1.013s] running egg_info
[1.013s] writing ../../build/hydrone_vision/hydrone_vision.egg-info/PKG-INFO
[1.013s] writing dependency_links to ../../build/hydrone_vision/hydrone_vision.egg-info/dependency_links.txt
[1.013s] writing entry points to ../../build/hydrone_vision/hydrone_vision.egg-info/entry_points.txt
[1.013s] writing requirements to ../../build/hydrone_vision/hydrone_vision.egg-info/requires.txt
[1.013s] writing top-level names to ../../build/hydrone_vision/hydrone_vision.egg-info/top_level.txt
[1.014s] reading manifest file '../../build/hydrone_vision/hydrone_vision.egg-info/SOURCES.txt'
[1.014s] writing manifest file '../../build/hydrone_vision/hydrone_vision.egg-info/SOURCES.txt'
[1.014s] running build
[1.014s] running build_py
[1.014s] running install
[1.014s] running install_lib
[1.015s] running install_data
[1.015s] running install_egg_info
[1.016s] removing '/home/lh/Documents/joao_pessoa_2026/install/hydrone_vision/lib/python3.10/site-packages/hydrone_vision-1.0.0-py3.10.egg-info' (and everything under it)
[1.016s] Copying ../../build/hydrone_vision/hydrone_vision.egg-info to /home/lh/Documents/joao_pessoa_2026/install/hydrone_vision/lib/python3.10/site-packages/hydrone_vision-1.0.0-py3.10.egg-info
[1.016s] running install_scripts
[1.026s] Installing vision_node script to /home/lh/Documents/joao_pessoa_2026/install/hydrone_vision/bin
[1.027s] writing list of installed files to '/home/lh/Documents/joao_pessoa_2026/build/hydrone_vision/install.log'
[1.042s] Invoked command in '/home/lh/Documents/joao_pessoa_2026/src/hydrone_vision' returned '0': PYTHONPATH=/home/lh/Documents/joao_pessoa_2026/build/hydrone_vision/prefix_override:/usr/lib/python3/dist-packages/colcon_core/task/python/colcon_distutils_commands:/home/lh/Documents/joao_pessoa_2026/install/hydrone_vision/lib/python3.10/site-packages:${PYTHONPATH} /usr/bin/python3 -W ignore:setup.py install is deprecated -W ignore:easy_install command is deprecated setup.py egg_info --egg-base ../../build/hydrone_vision build --build-base /home/lh/Documents/joao_pessoa_2026/build/hydrone_vision/build install --record /home/lh/Documents/joao_pessoa_2026/build/hydrone_vision/install.log --single-version-externally-managed install_data
