running develop
running egg_info
creating hydrone_bringup.egg-info
writing hydrone_bringup.egg-info/PKG-INFO
writing dependency_links to hydrone_bringup.egg-info/dependency_links.txt
writing entry points to hydrone_bringup.egg-info/entry_points.txt
writing requirements to hydrone_bringup.egg-info/requires.txt
writing top-level names to hydrone_bringup.egg-info/top_level.txt
writing manifest file 'hydrone_bringup.egg-info/SOURCES.txt'
reading manifest file 'hydrone_bringup.egg-info/SOURCES.txt'
writing manifest file 'hydrone_bringup.egg-info/SOURCES.txt'
running build_ext
Creating /home/lh/Documents/joao_pessoa_2026/install/hydrone_bringup/lib/python3.10/site-packages/hydrone-bringup.egg-link (link to .)

Installed /home/lh/Documents/joao_pessoa_2026/build/hydrone_bringup
running symlink_data
creating /home/lh/Documents/joao_pessoa_2026/install/hydrone_bringup/share/ament_index
creating /home/lh/Documents/joao_pessoa_2026/install/hydrone_bringup/share/ament_index/resource_index
creating /home/lh/Documents/joao_pessoa_2026/install/hydrone_bringup/share/ament_index/resource_index/packages
symbolically linking /home/lh/Documents/joao_pessoa_2026/build/hydrone_bringup/resource/hydrone_bringup -> /home/lh/Documents/joao_pessoa_2026/install/hydrone_bringup/share/ament_index/resource_index/packages
symbolically linking /home/lh/Documents/joao_pessoa_2026/build/hydrone_bringup/package.xml -> /home/lh/Documents/joao_pessoa_2026/install/hydrone_bringup/share/hydrone_bringup
creating /home/lh/Documents/joao_pessoa_2026/install/hydrone_bringup/share/hydrone_bringup/launch
symbolically linking /home/lh/Documents/joao_pessoa_2026/build/hydrone_bringup/launch/hydrone.launch.py -> /home/lh/Documents/joao_pessoa_2026/install/hydrone_bringup/share/hydrone_bringup/launch
creating /home/lh/Documents/joao_pessoa_2026/install/hydrone_bringup/share/hydrone_bringup/config
