[0.311s] Invoking command in '/home/lh/Documents/joao_pessoa_2026/build/hydrone_bringup': AMENT_PREFIX_PATH=/home/lh/Documents/joao_pessoa_2026/install/hydrone_vision:/home/lh/Documents/joao_pessoa_2026/install/hydrone_nav:/home/lh/Documents/joao_pessoa_2026/install/hydrone_mission:/home/lh/Documents/joao_pessoa_2026/install/hydrone_controller:/home/lh/Documents/joao_pessoa_2026/install/hydrone_msgs:${AMENT_PREFIX_PATH} CMAKE_PREFIX_PATH=/home/lh/Documents/joao_pessoa_2026/install/hydrone_msgs:${CMAKE_PREFIX_PATH} LD_LIBRARY_PATH=/home/lh/Documents/joao_pessoa_2026/install/hydrone_msgs/lib:${LD_LIBRARY_PATH} PATH=/home/lh/Documents/joao_pessoa_2026/install/hydrone_vision/bin:/home/lh/Documents/joao_pessoa_2026/install/hydrone_nav/bin:/home/lh/Documents/joao_pessoa_2026/install/hydrone_mission/bin:/home/lh/Documents/joao_pessoa_2026/install/hydrone_controller/bin:${PATH} PYTHONPATH=/home/lh/Documents/joao_pessoa_2026/build/hydrone_bringup/prefix_override:/usr/lib/python3/dist-packages/colcon_core/task/python/colcon_distutils_commands:/home/lh/Documents/joao_pessoa_2026/install/hydrone_bringup/lib/python3.10/site-packages:/home/lh/Documents/joao_pessoa_2026/build/hydrone_vision:/home/lh/Documents/joao_pessoa_2026/install/hydrone_vision/lib/python3.10/site-packages:/home/lh/Documents/joao_pessoa_2026/build/hydrone_nav:/home/lh/Documents/joao_pessoa_2026/install/hydrone_nav/lib/python3.10/site-packages:/home/lh/Documents/joao_pessoa_2026/build/hydrone_mission:/home/lh/Documents/joao_pessoa_2026/install/hydrone_mission/lib/python3.10/site-packages:/home/lh/Documents/joao_pessoa_2026/build/hydrone_controller:/home/lh/Documents/joao_pessoa_2026/install/hydrone_controller/lib/python3.10/site-packages:/home/lh/Documents/joao_pessoa_2026/install/hydrone_msgs/local/lib/python3.10/dist-packages:${PYTHONPATH} /usr/bin/python3 -W ignore:setup.py install is deprecated -W ignore:easy_install command is deprecated setup.py develop --editable --build-directory /home/lh/Documents/joao_pessoa_2026/build/hydrone_bringup/build --no-deps symlink_data
[0.435s] running develop
[0.511s] running egg_info
[0.512s] creating hydrone_bringup.egg-info
[0.512s] writing hydrone_bringup.egg-info/PKG-INFO
[0.512s] writing dependency_links to hydrone_bringup.egg-info/dependency_links.txt
[0.512s] writing entry points to hydrone_bringup.egg-info/entry_points.txt
[0.512s] writing requirements to hydrone_bringup.egg-info/requires.txt
[0.512s] writing top-level names to hydrone_bringup.egg-info/top_level.txt
[0.512s] writing manifest file 'hydrone_bringup.egg-info/SOURCES.txt'
[0.512s] reading manifest file 'hydrone_bringup.egg-info/SOURCES.txt'
[0.512s] writing manifest file 'hydrone_bringup.egg-info/SOURCES.txt'
[0.513s] running build_ext
[0.513s] Creating /home/lh/Documents/joao_pessoa_2026/install/hydrone_bringup/lib/python3.10/site-packages/hydrone-bringup.egg-link (link to .)
[0.513s] 
[0.513s] Installed /home/lh/Documents/joao_pessoa_2026/build/hydrone_bringup
[0.513s] running symlink_data
[0.513s] creating /home/lh/Documents/joao_pessoa_2026/install/hydrone_bringup/share/ament_index
[0.513s] creating /home/lh/Documents/joao_pessoa_2026/install/hydrone_bringup/share/ament_index/resource_index
[0.514s] creating /home/lh/Documents/joao_pessoa_2026/install/hydrone_bringup/share/ament_index/resource_index/packages
[0.514s] symbolically linking /home/lh/Documents/joao_pessoa_2026/build/hydrone_bringup/resource/hydrone_bringup -> /home/lh/Documents/joao_pessoa_2026/install/hydrone_bringup/share/ament_index/resource_index/packages
[0.514s] symbolically linking /home/lh/Documents/joao_pessoa_2026/build/hydrone_bringup/package.xml -> /home/lh/Documents/joao_pessoa_2026/install/hydrone_bringup/share/hydrone_bringup
[0.514s] creating /home/lh/Documents/joao_pessoa_2026/install/hydrone_bringup/share/hydrone_bringup/launch
[0.514s] symbolically linking /home/lh/Documents/joao_pessoa_2026/build/hydrone_bringup/launch/hydrone.launch.py -> /home/lh/Documents/joao_pessoa_2026/install/hydrone_bringup/share/hydrone_bringup/launch
[0.514s] creating /home/lh/Documents/joao_pessoa_2026/install/hydrone_bringup/share/hydrone_bringup/config
[0.524s] Invoked command in '/home/lh/Documents/joao_pessoa_2026/build/hydrone_bringup' returned '0': AMENT_PREFIX_PATH=/home/lh/Documents/joao_pessoa_2026/install/hydrone_vision:/home/lh/Documents/joao_pessoa_2026/install/hydrone_nav:/home/lh/Documents/joao_pessoa_2026/install/hydrone_mission:/home/lh/Documents/joao_pessoa_2026/install/hydrone_controller:/home/lh/Documents/joao_pessoa_2026/install/hydrone_msgs:${AMENT_PREFIX_PATH} CMAKE_PREFIX_PATH=/home/lh/Documents/joao_pessoa_2026/install/hydrone_msgs:${CMAKE_PREFIX_PATH} LD_LIBRARY_PATH=/home/lh/Documents/joao_pessoa_2026/install/hydrone_msgs/lib:${LD_LIBRARY_PATH} PATH=/home/lh/Documents/joao_pessoa_2026/install/hydrone_vision/bin:/home/lh/Documents/joao_pessoa_2026/install/hydrone_nav/bin:/home/lh/Documents/joao_pessoa_2026/install/hydrone_mission/bin:/home/lh/Documents/joao_pessoa_2026/install/hydrone_controller/bin:${PATH} PYTHONPATH=/home/lh/Documents/joao_pessoa_2026/build/hydrone_bringup/prefix_override:/usr/lib/python3/dist-packages/colcon_core/task/python/colcon_distutils_commands:/home/lh/Documents/joao_pessoa_2026/install/hydrone_bringup/lib/python3.10/site-packages:/home/lh/Documents/joao_pessoa_2026/build/hydrone_vision:/home/lh/Documents/joao_pessoa_2026/install/hydrone_vision/lib/python3.10/site-packages:/home/lh/Documents/joao_pessoa_2026/build/hydrone_nav:/home/lh/Documents/joao_pessoa_2026/install/hydrone_nav/lib/python3.10/site-packages:/home/lh/Documents/joao_pessoa_2026/build/hydrone_mission:/home/lh/Documents/joao_pessoa_2026/install/hydrone_mission/lib/python3.10/site-packages:/home/lh/Documents/joao_pessoa_2026/build/hydrone_controller:/home/lh/Documents/joao_pessoa_2026/install/hydrone_controller/lib/python3.10/site-packages:/home/lh/Documents/joao_pessoa_2026/install/hydrone_msgs/local/lib/python3.10/dist-packages:${PYTHONPATH} /usr/bin/python3 -W ignore:setup.py install is deprecated -W ignore:easy_install command is deprecated setup.py develop --editable --build-directory /home/lh/Documents/joao_pessoa_2026/build/hydrone_bringup/build --no-deps symlink_data
