[0.008s] Invoking command in '/home/lh/Documents/joao_pessoa_2026/build/biguasim_interfaces': CMAKE_PREFIX_PATH=${CMAKE_PREFIX_PATH}:/home/lh/Documents/joao_pessoa_2026/install/hydrone_biguasim:/home/lh/Documents/joao_pessoa_2026/install/hydrone_bringup:/home/lh/Documents/joao_pessoa_2026/install/hydrone_vision:/home/lh/Documents/joao_pessoa_2026/install/hydrone_nav:/home/lh/Documents/joao_pessoa_2026/install/hydrone_mission:/home/lh/Documents/joao_pessoa_2026/install/hydrone_controller:/home/lh/Documents/joao_pessoa_2026/install/ardupilot_dds_tests:/home/lh/Documents/joao_pessoa_2026/install/biguasim_main:/opt/ros/humble /usr/bin/cmake --build /home/lh/Documents/joao_pessoa_2026/build/biguasim_interfaces -- -j32 -l32
[0.036s] [  2%] Built target biguasim_interfaces__cpp
[0.036s] [ 12%] Built target biguasim_interfaces__rosidl_generator_c
[0.039s] [ 15%] Built target biguasim_interfaces__rs
[0.045s] [ 15%] Built target ament_cmake_python_symlink_biguasim_interfaces
[0.050s] [ 25%] Built target biguasim_interfaces__rosidl_typesupport_c
[0.050s] [ 35%] Built target biguasim_interfaces__rosidl_typesupport_introspection_c
[0.051s] [ 45%] Built target biguasim_interfaces__rosidl_typesupport_fastrtps_cpp
[0.051s] [ 55%] Built target biguasim_interfaces__rosidl_typesupport_cpp
[0.052s] [ 65%] Built target biguasim_interfaces__rosidl_typesupport_introspection_cpp
[0.052s] [ 75%] Built target biguasim_interfaces__rosidl_typesupport_fastrtps_c
[0.063s] [ 75%] Built target biguasim_interfaces
[0.077s] [ 77%] Built target biguasim_interfaces__py
[0.092s] [ 85%] Built target biguasim_interfaces__rosidl_generator_py
[0.106s] [ 90%] Built target biguasim_interfaces__rosidl_typesupport_introspection_c__pyext
[0.107s] [ 95%] Built target biguasim_interfaces__rosidl_typesupport_c__pyext
[0.108s] [100%] Built target biguasim_interfaces__rosidl_typesupport_fastrtps_c__pyext
[0.166s] running egg_info
[0.166s] writing biguasim_interfaces.egg-info/PKG-INFO
[0.166s] writing dependency_links to biguasim_interfaces.egg-info/dependency_links.txt
[0.166s] writing top-level names to biguasim_interfaces.egg-info/top_level.txt
[0.167s] reading manifest file 'biguasim_interfaces.egg-info/SOURCES.txt'
[0.168s] writing manifest file 'biguasim_interfaces.egg-info/SOURCES.txt'
[0.183s] [100%] Built target ament_cmake_python_build_biguasim_interfaces_egg
[0.199s] Invoked command in '/home/lh/Documents/joao_pessoa_2026/build/biguasim_interfaces' returned '0': CMAKE_PREFIX_PATH=${CMAKE_PREFIX_PATH}:/home/lh/Documents/joao_pessoa_2026/install/hydrone_biguasim:/home/lh/Documents/joao_pessoa_2026/install/hydrone_bringup:/home/lh/Documents/joao_pessoa_2026/install/hydrone_vision:/home/lh/Documents/joao_pessoa_2026/install/hydrone_nav:/home/lh/Documents/joao_pessoa_2026/install/hydrone_mission:/home/lh/Documents/joao_pessoa_2026/install/hydrone_controller:/home/lh/Documents/joao_pessoa_2026/install/ardupilot_dds_tests:/home/lh/Documents/joao_pessoa_2026/install/biguasim_main:/opt/ros/humble /usr/bin/cmake --build /home/lh/Documents/joao_pessoa_2026/build/biguasim_interfaces -- -j32 -l32
[0.200s] Invoking command in '/home/lh/Documents/joao_pessoa_2026/build/biguasim_interfaces': CMAKE_PREFIX_PATH=${CMAKE_PREFIX_PATH}:/home/lh/Documents/joao_pessoa_2026/install/hydrone_biguasim:/home/lh/Documents/joao_pessoa_2026/install/hydrone_bringup:/home/lh/Documents/joao_pessoa_2026/install/hydrone_vision:/home/lh/Documents/joao_pessoa_2026/install/hydrone_nav:/home/lh/Documents/joao_pessoa_2026/install/hydrone_mission:/home/lh/Documents/joao_pessoa_2026/install/hydrone_controller:/home/lh/Documents/joao_pessoa_2026/install/ardupilot_dds_tests:/home/lh/Documents/joao_pessoa_2026/install/biguasim_main:/opt/ros/humble /usr/bin/cmake --install /home/lh/Documents/joao_pessoa_2026/build/biguasim_interfaces
[0.205s] -- Install configuration: ""
[0.205s] -- Execute custom install script
[0.205s] -- Up-to-date symlink: /home/lh/Documents/joao_pessoa_2026/install/biguasim_interfaces/share/ament_index/resource_index/rosidl_interfaces/biguasim_interfaces
[0.206s] -- Up-to-date symlink: /home/lh/Documents/joao_pessoa_2026/install/biguasim_interfaces/include/biguasim_interfaces/biguasim_interfaces/msg/detail/dvl_sensor_range__functions.h
[0.206s] -- Up-to-date symlink: /home/lh/Documents/joao_pessoa_2026/install/biguasim_interfaces/include/biguasim_interfaces/biguasim_interfaces/msg/detail/dvl_sensor_range__struct.h
[0.206s] -- Up-to-date symlink: /home/lh/Documents/joao_pessoa_2026/install/biguasim_interfaces/include/biguasim_interfaces/biguasim_interfaces/msg/detail/dvl_sensor_range__type_support.h
[0.206s] -- Up-to-date symlink: /home/lh/Documents/joao_pessoa_2026/install/biguasim_interfaces/include/biguasim_interfaces/biguasim_interfaces/msg/detail/imaging_sonar__functions.h
[0.206s] -- Up-to-date symlink: /home/lh/Documents/joao_pessoa_2026/install/biguasim_interfaces/include/biguasim_interfaces/biguasim_interfaces/msg/detail/imaging_sonar__struct.h
[0.206s] -- Up-to-date symlink: /home/lh/Documents/joao_pessoa_2026/install/biguasim_interfaces/include/biguasim_interfaces/biguasim_interfaces/msg/detail/imaging_sonar__type_support.h
[0.206s] -- Up-to-date symlink: /home/lh/Documents/joao_pessoa_2026/install/biguasim_interfaces/include/biguasim_interfaces/biguasim_interfaces/msg/dvl_sensor_range.h
[0.206s] -- Up-to-date symlink: /home/lh/Documents/joao_pessoa_2026/install/biguasim_interfaces/include/biguasim_interfaces/biguasim_interfaces/msg/imaging_sonar.h
[0.207s] -- Up-to-date symlink: /home/lh/Documents/joao_pessoa_2026/install/biguasim_interfaces/include/biguasim_interfaces/biguasim_interfaces/msg/rosidl_generator_c__visibility_control.h
[0.207s] -- Up-to-date symlink: /home/lh/Documents/joao_pessoa_2026/install/biguasim_interfaces/share/biguasim_interfaces/environment/library_path.sh
[0.207s] -- Up-to-date symlink: /home/lh/Documents/joao_pessoa_2026/install/biguasim_interfaces/share/biguasim_interfaces/environment/library_path.dsv
[0.207s] -- Up-to-date symlink: /home/lh/Documents/joao_pessoa_2026/install/biguasim_interfaces/include/biguasim_interfaces/biguasim_interfaces/msg/detail/dvl_sensor_range__rosidl_typesupport_fastrtps_c.h
[0.207s] -- Up-to-date symlink: /home/lh/Documents/joao_pessoa_2026/install/biguasim_interfaces/include/biguasim_interfaces/biguasim_interfaces/msg/detail/imaging_sonar__rosidl_typesupport_fastrtps_c.h
[0.207s] -- Up-to-date symlink: /home/lh/Documents/joao_pessoa_2026/install/biguasim_interfaces/include/biguasim_interfaces/biguasim_interfaces/msg/rosidl_typesupport_fastrtps_c__visibility_control.h
[0.208s] -- Up-to-date symlink: /home/lh/Documents/joao_pessoa_2026/install/biguasim_interfaces/include/biguasim_interfaces/biguasim_interfaces/msg/detail/dvl_sensor_range__rosidl_typesupport_introspection_c.h
[0.208s] -- Up-to-date symlink: /home/lh/Documents/joao_pessoa_2026/install/biguasim_interfaces/include/biguasim_interfaces/biguasim_interfaces/msg/detail/imaging_sonar__rosidl_typesupport_introspection_c.h
[0.208s] -- Up-to-date symlink: /home/lh/Documents/joao_pessoa_2026/install/biguasim_interfaces/include/biguasim_interfaces/biguasim_interfaces/msg/rosidl_typesupport_introspection_c__visibility_control.h
[0.208s] -- Up-to-date symlink: /home/lh/Documents/joao_pessoa_2026/install/biguasim_interfaces/include/biguasim_interfaces/biguasim_interfaces/msg/detail/dvl_sensor_range__builder.hpp
[0.208s] -- Up-to-date symlink: /home/lh/Documents/joao_pessoa_2026/install/biguasim_interfaces/include/biguasim_interfaces/biguasim_interfaces/msg/detail/dvl_sensor_range__struct.hpp
[0.209s] -- Up-to-date symlink: /home/lh/Documents/joao_pessoa_2026/install/biguasim_interfaces/include/biguasim_interfaces/biguasim_interfaces/msg/detail/dvl_sensor_range__traits.hpp
[0.209s] -- Up-to-date symlink: /home/lh/Documents/joao_pessoa_2026/install/biguasim_interfaces/include/biguasim_interfaces/biguasim_interfaces/msg/detail/dvl_sensor_range__type_support.hpp
[0.209s] -- Up-to-date symlink: /home/lh/Documents/joao_pessoa_2026/install/biguasim_interfaces/include/biguasim_interfaces/biguasim_interfaces/msg/detail/imaging_sonar__builder.hpp
[0.209s] -- Up-to-date symlink: /home/lh/Documents/joao_pessoa_2026/install/biguasim_interfaces/include/biguasim_interfaces/biguasim_interfaces/msg/detail/imaging_sonar__struct.hpp
[0.209s] -- Up-to-date symlink: /home/lh/Documents/joao_pessoa_2026/install/biguasim_interfaces/include/biguasim_interfaces/biguasim_interfaces/msg/detail/imaging_sonar__traits.hpp
[0.210s] -- Up-to-date symlink: /home/lh/Documents/joao_pessoa_2026/install/biguasim_interfaces/include/biguasim_interfaces/biguasim_interfaces/msg/detail/imaging_sonar__type_support.hpp
[0.210s] -- Up-to-date symlink: /home/lh/Documents/joao_pessoa_2026/install/biguasim_interfaces/include/biguasim_interfaces/biguasim_interfaces/msg/dvl_sensor_range.hpp
[0.210s] -- Up-to-date symlink: /home/lh/Documents/joao_pessoa_2026/install/biguasim_interfaces/include/biguasim_interfaces/biguasim_interfaces/msg/imaging_sonar.hpp
[0.210s] -- Up-to-date symlink: /home/lh/Documents/joao_pessoa_2026/install/biguasim_interfaces/include/biguasim_interfaces/biguasim_interfaces/msg/rosidl_generator_cpp__visibility_control.hpp
[0.210s] -- Up-to-date symlink: /home/lh/Documents/joao_pessoa_2026/install/biguasim_interfaces/include/biguasim_interfaces/biguasim_interfaces/msg/detail/dvl_sensor_range__rosidl_typesupport_fastrtps_cpp.hpp
[0.211s] -- Up-to-date symlink: /home/lh/Documents/joao_pessoa_2026/install/biguasim_interfaces/include/biguasim_interfaces/biguasim_interfaces/msg/detail/imaging_sonar__rosidl_typesupport_fastrtps_cpp.hpp
[0.211s] -- Up-to-date symlink: /home/lh/Documents/joao_pessoa_2026/install/biguasim_interfaces/include/biguasim_interfaces/biguasim_interfaces/msg/rosidl_typesupport_fastrtps_cpp__visibility_control.h
[0.211s] -- Up-to-date symlink: /home/lh/Documents/joao_pessoa_2026/install/biguasim_interfaces/include/biguasim_interfaces/biguasim_interfaces/msg/detail/dvl_sensor_range__rosidl_typesupport_introspection_cpp.hpp
[0.211s] -- Up-to-date symlink: /home/lh/Documents/joao_pessoa_2026/install/biguasim_interfaces/include/biguasim_interfaces/biguasim_interfaces/msg/detail/imaging_sonar__rosidl_typesupport_introspection_cpp.hpp
[0.211s] -- Up-to-date symlink: /home/lh/Documents/joao_pessoa_2026/install/biguasim_interfaces/share/biguasim_interfaces/environment/pythonpath.sh
[0.212s] -- Up-to-date symlink: /home/lh/Documents/joao_pessoa_2026/install/biguasim_interfaces/share/biguasim_interfaces/environment/pythonpath.dsv
[0.212s] -- Up-to-date symlink: /home/lh/Documents/joao_pessoa_2026/install/biguasim_interfaces/local/lib/python3.10/dist-packages/biguasim_interfaces-0.0.0-py3.10.egg-info/PKG-INFO
[0.212s] -- Up-to-date symlink: /home/lh/Documents/joao_pessoa_2026/install/biguasim_interfaces/local/lib/python3.10/dist-packages/biguasim_interfaces-0.0.0-py3.10.egg-info/SOURCES.txt
[0.212s] -- Up-to-date symlink: /home/lh/Documents/joao_pessoa_2026/install/biguasim_interfaces/local/lib/python3.10/dist-packages/biguasim_interfaces-0.0.0-py3.10.egg-info/dependency_links.txt
[0.212s] -- Up-to-date symlink: /home/lh/Documents/joao_pessoa_2026/install/biguasim_interfaces/local/lib/python3.10/dist-packages/biguasim_interfaces-0.0.0-py3.10.egg-info/top_level.txt
[0.213s] -- Up-to-date symlink: /home/lh/Documents/joao_pessoa_2026/install/biguasim_interfaces/local/lib/python3.10/dist-packages/biguasim_interfaces/__init__.py
[0.213s] -- Up-to-date symlink: /home/lh/Documents/joao_pessoa_2026/install/biguasim_interfaces/local/lib/python3.10/dist-packages/biguasim_interfaces/_biguasim_interfaces_s.ep.rosidl_typesupport_c.c
[0.213s] -- Up-to-date symlink: /home/lh/Documents/joao_pessoa_2026/install/biguasim_interfaces/local/lib/python3.10/dist-packages/biguasim_interfaces/_biguasim_interfaces_s.ep.rosidl_typesupport_fastrtps_c.c
[0.213s] -- Up-to-date symlink: /home/lh/Documents/joao_pessoa_2026/install/biguasim_interfaces/local/lib/python3.10/dist-packages/biguasim_interfaces/_biguasim_interfaces_s.ep.rosidl_typesupport_introspection_c.c
[0.213s] -- Up-to-date symlink: /home/lh/Documents/joao_pessoa_2026/install/biguasim_interfaces/local/lib/python3.10/dist-packages/biguasim_interfaces/biguasim_interfaces_s__rosidl_typesupport_c.cpython-310-x86_64-linux-gnu.so
[0.214s] -- Up-to-date symlink: /home/lh/Documents/joao_pessoa_2026/install/biguasim_interfaces/local/lib/python3.10/dist-packages/biguasim_interfaces/biguasim_interfaces_s__rosidl_typesupport_fastrtps_c.cpython-310-x86_64-linux-gnu.so
[0.214s] -- Up-to-date symlink: /home/lh/Documents/joao_pessoa_2026/install/biguasim_interfaces/local/lib/python3.10/dist-packages/biguasim_interfaces/biguasim_interfaces_s__rosidl_typesupport_introspection_c.cpython-310-x86_64-linux-gnu.so
[0.214s] -- Up-to-date symlink: /home/lh/Documents/joao_pessoa_2026/install/biguasim_interfaces/local/lib/python3.10/dist-packages/biguasim_interfaces/libbiguasim_interfaces__rosidl_generator_py.so
[0.214s] -- Up-to-date symlink: /home/lh/Documents/joao_pessoa_2026/install/biguasim_interfaces/local/lib/python3.10/dist-packages/biguasim_interfaces/msg/__init__.py
[0.214s] -- Up-to-date symlink: /home/lh/Documents/joao_pessoa_2026/install/biguasim_interfaces/local/lib/python3.10/dist-packages/biguasim_interfaces/msg/_dvl_sensor_range.py
[0.214s] -- Up-to-date symlink: /home/lh/Documents/joao_pessoa_2026/install/biguasim_interfaces/local/lib/python3.10/dist-packages/biguasim_interfaces/msg/_dvl_sensor_range_s.c
[0.214s] -- Up-to-date symlink: /home/lh/Documents/joao_pessoa_2026/install/biguasim_interfaces/local/lib/python3.10/dist-packages/biguasim_interfaces/msg/_imaging_sonar.py
[0.214s] -- Up-to-date symlink: /home/lh/Documents/joao_pessoa_2026/install/biguasim_interfaces/local/lib/python3.10/dist-packages/biguasim_interfaces/msg/_imaging_sonar_s.c
[0.215s] -- Up-to-date symlink: /home/lh/Documents/joao_pessoa_2026/install/biguasim_interfaces/local/lib/python3.10/dist-packages/biguasim_interfaces/biguasim_interfaces_s__rosidl_typesupport_fastrtps_c.cpython-310-x86_64-linux-gnu.so
[0.215s] -- Up-to-date symlink: /home/lh/Documents/joao_pessoa_2026/install/biguasim_interfaces/local/lib/python3.10/dist-packages/biguasim_interfaces/biguasim_interfaces_s__rosidl_typesupport_introspection_c.cpython-310-x86_64-linux-gnu.so
[0.216s] -- Up-to-date symlink: /home/lh/Documents/joao_pessoa_2026/install/biguasim_interfaces/local/lib/python3.10/dist-packages/biguasim_interfaces/biguasim_interfaces_s__rosidl_typesupport_c.cpython-310-x86_64-linux-gnu.so
[0.216s] -- Up-to-date symlink: /home/lh/Documents/joao_pessoa_2026/install/biguasim_interfaces/share/ament_index/resource_index/rust_packages/biguasim_interfaces
[0.217s] -- Up-to-date symlink: /home/lh/Documents/joao_pessoa_2026/install/biguasim_interfaces/share/biguasim_interfaces/rust/Cargo.toml
[0.218s] -- Up-to-date symlink: /home/lh/Documents/joao_pessoa_2026/install/biguasim_interfaces/share/biguasim_interfaces/rust/build.rs
[0.218s] -- Up-to-date symlink: /home/lh/Documents/joao_pessoa_2026/install/biguasim_interfaces/share/biguasim_interfaces/rust/src/lib.rs
[0.218s] -- Up-to-date symlink: /home/lh/Documents/joao_pessoa_2026/install/biguasim_interfaces/share/biguasim_interfaces/rust/src/msg.rs
[0.218s] -- Up-to-date symlink: /home/lh/Documents/joao_pessoa_2026/install/biguasim_interfaces/share/biguasim_interfaces/rust/src/msg/rmw.rs
[0.218s] -- Up-to-date symlink: /home/lh/Documents/joao_pessoa_2026/install/biguasim_interfaces/share/biguasim_interfaces/msg/DVLSensorRange.idl
[0.218s] -- Up-to-date symlink: /home/lh/Documents/joao_pessoa_2026/install/biguasim_interfaces/share/biguasim_interfaces/msg/ImagingSonar.idl
[0.219s] -- Up-to-date symlink: /home/lh/Documents/joao_pessoa_2026/install/biguasim_interfaces/share/biguasim_interfaces/msg/DVLSensorRange.msg
[0.219s] -- Up-to-date symlink: /home/lh/Documents/joao_pessoa_2026/install/biguasim_interfaces/share/biguasim_interfaces/msg/ImagingSonar.msg
[0.219s] -- Up-to-date symlink: /home/lh/Documents/joao_pessoa_2026/install/biguasim_interfaces/share/ament_index/resource_index/package_run_dependencies/biguasim_interfaces
[0.219s] -- Up-to-date symlink: /home/lh/Documents/joao_pessoa_2026/install/biguasim_interfaces/share/ament_index/resource_index/parent_prefix_path/biguasim_interfaces
[0.219s] -- Up-to-date symlink: /home/lh/Documents/joao_pessoa_2026/install/biguasim_interfaces/share/biguasim_interfaces/environment/ament_prefix_path.sh
[0.219s] -- Up-to-date symlink: /home/lh/Documents/joao_pessoa_2026/install/biguasim_interfaces/share/biguasim_interfaces/environment/ament_prefix_path.dsv
[0.220s] -- Up-to-date symlink: /home/lh/Documents/joao_pessoa_2026/install/biguasim_interfaces/share/biguasim_interfaces/environment/path.sh
[0.220s] -- Up-to-date symlink: /home/lh/Documents/joao_pessoa_2026/install/biguasim_interfaces/share/biguasim_interfaces/environment/path.dsv
[0.220s] -- Up-to-date symlink: /home/lh/Documents/joao_pessoa_2026/install/biguasim_interfaces/share/biguasim_interfaces/local_setup.bash
[0.220s] -- Up-to-date symlink: /home/lh/Documents/joao_pessoa_2026/install/biguasim_interfaces/share/biguasim_interfaces/local_setup.sh
[0.221s] -- Up-to-date symlink: /home/lh/Documents/joao_pessoa_2026/install/biguasim_interfaces/share/biguasim_interfaces/local_setup.zsh
[0.221s] -- Up-to-date symlink: /home/lh/Documents/joao_pessoa_2026/install/biguasim_interfaces/share/biguasim_interfaces/local_setup.dsv
[0.221s] -- Symlinking: /home/lh/Documents/joao_pessoa_2026/install/biguasim_interfaces/share/biguasim_interfaces/package.dsv
[0.225s] -- Up-to-date symlink: /home/lh/Documents/joao_pessoa_2026/install/biguasim_interfaces/share/ament_index/resource_index/packages/biguasim_interfaces
[0.225s] -- Up-to-date symlink: /home/lh/Documents/joao_pessoa_2026/install/biguasim_interfaces/share/biguasim_interfaces/cmake/rosidl_cmake-extras.cmake
[0.225s] -- Up-to-date symlink: /home/lh/Documents/joao_pessoa_2026/install/biguasim_interfaces/share/biguasim_interfaces/cmake/ament_cmake_export_dependencies-extras.cmake
[0.226s] -- Up-to-date symlink: /home/lh/Documents/joao_pessoa_2026/install/biguasim_interfaces/share/biguasim_interfaces/cmake/ament_cmake_export_include_directories-extras.cmake
[0.226s] -- Up-to-date symlink: /home/lh/Documents/joao_pessoa_2026/install/biguasim_interfaces/share/biguasim_interfaces/cmake/ament_cmake_export_libraries-extras.cmake
[0.226s] -- Up-to-date symlink: /home/lh/Documents/joao_pessoa_2026/install/biguasim_interfaces/share/biguasim_interfaces/cmake/ament_cmake_export_targets-extras.cmake
[0.226s] -- Up-to-date symlink: /home/lh/Documents/joao_pessoa_2026/install/biguasim_interfaces/share/biguasim_interfaces/cmake/rosidl_cmake_export_typesupport_targets-extras.cmake
[0.226s] -- Up-to-date symlink: /home/lh/Documents/joao_pessoa_2026/install/biguasim_interfaces/share/biguasim_interfaces/cmake/rosidl_cmake_export_typesupport_libraries-extras.cmake
[0.226s] -- Up-to-date symlink: /home/lh/Documents/joao_pessoa_2026/install/biguasim_interfaces/share/biguasim_interfaces/cmake/biguasim_interfacesConfig.cmake
[0.227s] -- Up-to-date symlink: /home/lh/Documents/joao_pessoa_2026/install/biguasim_interfaces/share/biguasim_interfaces/cmake/biguasim_interfacesConfig-version.cmake
[0.227s] -- Up-to-date symlink: /home/lh/Documents/joao_pessoa_2026/install/biguasim_interfaces/share/biguasim_interfaces/package.xml
[0.227s] -- Up-to-date: /home/lh/Documents/joao_pessoa_2026/install/biguasim_interfaces/lib/libbiguasim_interfaces__rosidl_generator_c.so
[0.227s] -- Up-to-date: /home/lh/Documents/joao_pessoa_2026/install/biguasim_interfaces/lib/libbiguasim_interfaces__rosidl_typesupport_fastrtps_c.so
[0.227s] -- Up-to-date: /home/lh/Documents/joao_pessoa_2026/install/biguasim_interfaces/lib/libbiguasim_interfaces__rosidl_typesupport_introspection_c.so
[0.227s] -- Up-to-date: /home/lh/Documents/joao_pessoa_2026/install/biguasim_interfaces/lib/libbiguasim_interfaces__rosidl_typesupport_c.so
[0.227s] -- Up-to-date: /home/lh/Documents/joao_pessoa_2026/install/biguasim_interfaces/lib/libbiguasim_interfaces__rosidl_typesupport_fastrtps_cpp.so
[0.227s] -- Up-to-date: /home/lh/Documents/joao_pessoa_2026/install/biguasim_interfaces/lib/libbiguasim_interfaces__rosidl_typesupport_introspection_cpp.so
[0.227s] -- Up-to-date: /home/lh/Documents/joao_pessoa_2026/install/biguasim_interfaces/lib/libbiguasim_interfaces__rosidl_typesupport_cpp.so
[0.250s] Listing '/home/lh/Documents/joao_pessoa_2026/install/biguasim_interfaces/local/lib/python3.10/dist-packages/biguasim_interfaces'...
[0.250s] Listing '/home/lh/Documents/joao_pessoa_2026/install/biguasim_interfaces/local/lib/python3.10/dist-packages/biguasim_interfaces/msg'...
[0.253s] -- Up-to-date: /home/lh/Documents/joao_pessoa_2026/install/biguasim_interfaces/lib/libbiguasim_interfaces__rosidl_generator_py.so
[0.253s] -- Up-to-date: /home/lh/Documents/joao_pessoa_2026/install/biguasim_interfaces/share/biguasim_interfaces/cmake/export_biguasim_interfaces__rosidl_generator_cExport.cmake
[0.253s] -- Up-to-date: /home/lh/Documents/joao_pessoa_2026/install/biguasim_interfaces/share/biguasim_interfaces/cmake/export_biguasim_interfaces__rosidl_generator_cExport-noconfig.cmake
[0.254s] -- Up-to-date: /home/lh/Documents/joao_pessoa_2026/install/biguasim_interfaces/share/biguasim_interfaces/cmake/export_biguasim_interfaces__rosidl_typesupport_fastrtps_cExport.cmake
[0.254s] -- Up-to-date: /home/lh/Documents/joao_pessoa_2026/install/biguasim_interfaces/share/biguasim_interfaces/cmake/export_biguasim_interfaces__rosidl_typesupport_fastrtps_cExport-noconfig.cmake
[0.254s] -- Up-to-date: /home/lh/Documents/joao_pessoa_2026/install/biguasim_interfaces/share/biguasim_interfaces/cmake/biguasim_interfaces__rosidl_typesupport_introspection_cExport.cmake
[0.254s] -- Up-to-date: /home/lh/Documents/joao_pessoa_2026/install/biguasim_interfaces/share/biguasim_interfaces/cmake/biguasim_interfaces__rosidl_typesupport_introspection_cExport-noconfig.cmake
[0.254s] -- Up-to-date: /home/lh/Documents/joao_pessoa_2026/install/biguasim_interfaces/share/biguasim_interfaces/cmake/biguasim_interfaces__rosidl_typesupport_cExport.cmake
[0.254s] -- Up-to-date: /home/lh/Documents/joao_pessoa_2026/install/biguasim_interfaces/share/biguasim_interfaces/cmake/biguasim_interfaces__rosidl_typesupport_cExport-noconfig.cmake
[0.254s] -- Up-to-date: /home/lh/Documents/joao_pessoa_2026/install/biguasim_interfaces/share/biguasim_interfaces/cmake/export_biguasim_interfaces__rosidl_generator_cppExport.cmake
[0.254s] -- Up-to-date: /home/lh/Documents/joao_pessoa_2026/install/biguasim_interfaces/share/biguasim_interfaces/cmake/export_biguasim_interfaces__rosidl_typesupport_fastrtps_cppExport.cmake
[0.254s] -- Up-to-date: /home/lh/Documents/joao_pessoa_2026/install/biguasim_interfaces/share/biguasim_interfaces/cmake/export_biguasim_interfaces__rosidl_typesupport_fastrtps_cppExport-noconfig.cmake
[0.255s] -- Up-to-date: /home/lh/Documents/joao_pessoa_2026/install/biguasim_interfaces/share/biguasim_interfaces/cmake/biguasim_interfaces__rosidl_typesupport_introspection_cppExport.cmake
[0.255s] -- Up-to-date: /home/lh/Documents/joao_pessoa_2026/install/biguasim_interfaces/share/biguasim_interfaces/cmake/biguasim_interfaces__rosidl_typesupport_introspection_cppExport-noconfig.cmake
[0.255s] -- Up-to-date: /home/lh/Documents/joao_pessoa_2026/install/biguasim_interfaces/share/biguasim_interfaces/cmake/biguasim_interfaces__rosidl_typesupport_cppExport.cmake
[0.255s] -- Up-to-date: /home/lh/Documents/joao_pessoa_2026/install/biguasim_interfaces/share/biguasim_interfaces/cmake/biguasim_interfaces__rosidl_typesupport_cppExport-noconfig.cmake
[0.255s] -- Up-to-date: /home/lh/Documents/joao_pessoa_2026/install/biguasim_interfaces/share/biguasim_interfaces/cmake/export_biguasim_interfaces__rosidl_generator_pyExport.cmake
[0.255s] -- Up-to-date: /home/lh/Documents/joao_pessoa_2026/install/biguasim_interfaces/share/biguasim_interfaces/cmake/export_biguasim_interfaces__rosidl_generator_pyExport-noconfig.cmake
[0.284s] Invoked command in '/home/lh/Documents/joao_pessoa_2026/build/biguasim_interfaces' returned '0': CMAKE_PREFIX_PATH=${CMAKE_PREFIX_PATH}:/home/lh/Documents/joao_pessoa_2026/install/hydrone_biguasim:/home/lh/Documents/joao_pessoa_2026/install/hydrone_bringup:/home/lh/Documents/joao_pessoa_2026/install/hydrone_vision:/home/lh/Documents/joao_pessoa_2026/install/hydrone_nav:/home/lh/Documents/joao_pessoa_2026/install/hydrone_mission:/home/lh/Documents/joao_pessoa_2026/install/hydrone_controller:/home/lh/Documents/joao_pessoa_2026/install/ardupilot_dds_tests:/home/lh/Documents/joao_pessoa_2026/install/biguasim_main:/opt/ros/humble /usr/bin/cmake --install /home/lh/Documents/joao_pessoa_2026/build/biguasim_interfaces
