running develop
running egg_info
creating biguasim_main.egg-info
writing biguasim_main.egg-info/PKG-INFO
writing dependency_links to biguasim_main.egg-info/dependency_links.txt
writing entry points to biguasim_main.egg-info/entry_points.txt
writing requirements to biguasim_main.egg-info/requires.txt
writing top-level names to biguasim_main.egg-info/top_level.txt
writing manifest file 'biguasim_main.egg-info/SOURCES.txt'
reading manifest file 'biguasim_main.egg-info/SOURCES.txt'
writing manifest file 'biguasim_main.egg-info/SOURCES.txt'
running build_ext
Creating /home/lh/Documents/joao_pessoa_2026/install/biguasim_main/lib/python3.10/site-packages/biguasim-main.egg-link (link to .)
Installing ardubridge_node script to /home/lh/Documents/joao_pessoa_2026/install/biguasim_main/lib/biguasim_main
Installing biguasim_node script to /home/lh/Documents/joao_pessoa_2026/install/biguasim_main/lib/biguasim_main

Installed /home/lh/Documents/joao_pessoa_2026/build/biguasim_main
running symlink_data
creating /home/lh/Documents/joao_pessoa_2026/install/biguasim_main/share/ament_index
creating /home/lh/Documents/joao_pessoa_2026/install/biguasim_main/share/ament_index/resource_index
creating /home/lh/Documents/joao_pessoa_2026/install/biguasim_main/share/ament_index/resource_index/packages
symbolically linking /home/lh/Documents/joao_pessoa_2026/build/biguasim_main/resource/biguasim_main -> /home/lh/Documents/joao_pessoa_2026/install/biguasim_main/share/ament_index/resource_index/packages
symbolically linking /home/lh/Documents/joao_pessoa_2026/build/biguasim_main/package.xml -> /home/lh/Documents/joao_pessoa_2026/install/biguasim_main/share/biguasim_main
creating /home/lh/Documents/joao_pessoa_2026/install/biguasim_main/share/biguasim_main/launch
symbolically linking /home/lh/Documents/joao_pessoa_2026/build/biguasim_main/launch/ardubridge.launch.py -> /home/lh/Documents/joao_pessoa_2026/install/biguasim_main/share/biguasim_main/launch
symbolically linking /home/lh/Documents/joao_pessoa_2026/build/biguasim_main/launch/biguasim.launch.py -> /home/lh/Documents/joao_pessoa_2026/install/biguasim_main/share/biguasim_main/launch
creating /home/lh/Documents/joao_pessoa_2026/install/biguasim_main/share/biguasim_main/config
symbolically linking /home/lh/Documents/joao_pessoa_2026/build/biguasim_main/config/config.yaml -> /home/lh/Documents/joao_pessoa_2026/install/biguasim_main/share/biguasim_main/config
creating /home/lh/Documents/joao_pessoa_2026/install/biguasim_main/share/biguasim_main/scripts
