[0.665s] Invoking command in '/home/lh/Documents/joao_pessoa_2026/build/hydrone_vision': CMAKE_PREFIX_PATH=/home/lh/Documents/joao_pessoa_2026/install/hydrone_msgs:/home/lh/Documents/joao_pessoa_2026/install/ardupilot_sitl:/home/lh/Documents/joao_pessoa_2026/install/micro_ros_agent:/home/lh/Documents/joao_pessoa_2026/install/micro_ros_msgs:/home/lh/Documents/joao_pessoa_2026/install/biguasim_interfaces:/home/lh/Documents/joao_pessoa_2026/install/ardupilot_msgs LD_LIBRARY_PATH=/home/lh/Documents/joao_pessoa_2026/install/hydrone_msgs/lib:/home/lh/Documents/joao_pessoa_2026/install/micro_ros_agent/lib:/home/lh/Documents/joao_pessoa_2026/install/micro_ros_msgs/lib:/home/lh/Documents/joao_pessoa_2026/install/biguasim_interfaces/lib:/home/lh/Documents/joao_pessoa_2026/install/ardupilot_msgs/lib:/opt/ros/humble/opt/rviz_ogre_vendor/lib:/opt/ros/humble/lib/x86_64-linux-gnu:/opt/ros/humble/lib PYTHONPATH=/home/lh/Documents/joao_pessoa_2026/build/hydrone_vision/prefix_override:/usr/lib/python3/dist-packages/colcon_core/task/python/colcon_distutils_commands:/home/lh/Documents/joao_pessoa_2026/install/hydrone_vision/lib/python3.10/site-packages:${PYTHONPATH} /usr/bin/python3 -W ignore:setup.py install is deprecated -W ignore:easy_install command is deprecated setup.py develop --editable --build-directory /home/lh/Documents/joao_pessoa_2026/build/hydrone_vision/build --no-deps symlink_data
[0.796s] running develop
[0.875s] running egg_info
[0.875s] creating hydrone_vision.egg-info
[0.876s] writing hydrone_vision.egg-info/PKG-INFO
[0.876s] writing dependency_links to hydrone_vision.egg-info/dependency_links.txt
[0.876s] writing entry points to hydrone_vision.egg-info/entry_points.txt
[0.876s] writing requirements to hydrone_vision.egg-info/requires.txt
[0.876s] writing top-level names to hydrone_vision.egg-info/top_level.txt
[0.876s] writing manifest file 'hydrone_vision.egg-info/SOURCES.txt'
[0.877s] reading manifest file 'hydrone_vision.egg-info/SOURCES.txt'
[0.877s] writing manifest file 'hydrone_vision.egg-info/SOURCES.txt'
[0.877s] running build_ext
[0.877s] Creating /home/lh/Documents/joao_pessoa_2026/install/hydrone_vision/lib/python3.10/site-packages/hydrone-vision.egg-link (link to .)
[0.877s] Installing vision_node script to /home/lh/Documents/joao_pessoa_2026/install/hydrone_vision/bin
[0.877s] 
[0.877s] Installed /home/lh/Documents/joao_pessoa_2026/build/hydrone_vision
[0.877s] running symlink_data
[0.878s] creating /home/lh/Documents/joao_pessoa_2026/install/hydrone_vision/share/ament_index
[0.878s] creating /home/lh/Documents/joao_pessoa_2026/install/hydrone_vision/share/ament_index/resource_index
[0.878s] creating /home/lh/Documents/joao_pessoa_2026/install/hydrone_vision/share/ament_index/resource_index/packages
[0.878s] symbolically linking /home/lh/Documents/joao_pessoa_2026/build/hydrone_vision/resource/hydrone_vision -> /home/lh/Documents/joao_pessoa_2026/install/hydrone_vision/share/ament_index/resource_index/packages
[0.878s] symbolically linking /home/lh/Documents/joao_pessoa_2026/build/hydrone_vision/package.xml -> /home/lh/Documents/joao_pessoa_2026/install/hydrone_vision/share/hydrone_vision
[0.893s] Invoked command in '/home/lh/Documents/joao_pessoa_2026/build/hydrone_vision' returned '0': CMAKE_PREFIX_PATH=/home/lh/Documents/joao_pessoa_2026/install/hydrone_msgs:/home/lh/Documents/joao_pessoa_2026/install/ardupilot_sitl:/home/lh/Documents/joao_pessoa_2026/install/micro_ros_agent:/home/lh/Documents/joao_pessoa_2026/install/micro_ros_msgs:/home/lh/Documents/joao_pessoa_2026/install/biguasim_interfaces:/home/lh/Documents/joao_pessoa_2026/install/ardupilot_msgs LD_LIBRARY_PATH=/home/lh/Documents/joao_pessoa_2026/install/hydrone_msgs/lib:/home/lh/Documents/joao_pessoa_2026/install/micro_ros_agent/lib:/home/lh/Documents/joao_pessoa_2026/install/micro_ros_msgs/lib:/home/lh/Documents/joao_pessoa_2026/install/biguasim_interfaces/lib:/home/lh/Documents/joao_pessoa_2026/install/ardupilot_msgs/lib:/opt/ros/humble/opt/rviz_ogre_vendor/lib:/opt/ros/humble/lib/x86_64-linux-gnu:/opt/ros/humble/lib PYTHONPATH=/home/lh/Documents/joao_pessoa_2026/build/hydrone_vision/prefix_override:/usr/lib/python3/dist-packages/colcon_core/task/python/colcon_distutils_commands:/home/lh/Documents/joao_pessoa_2026/install/hydrone_vision/lib/python3.10/site-packages:${PYTHONPATH} /usr/bin/python3 -W ignore:setup.py install is deprecated -W ignore:easy_install command is deprecated setup.py develop --editable --build-directory /home/lh/Documents/joao_pessoa_2026/build/hydrone_vision/build --no-deps symlink_data
