[0.668s] Invoking command in '/home/lh/Documents/joao_pessoa_2026/build/hydrone_controller': CMAKE_PREFIX_PATH=/home/lh/Documents/joao_pessoa_2026/install/hydrone_msgs:/home/lh/Documents/joao_pessoa_2026/install/ardupilot_sitl:/home/lh/Documents/joao_pessoa_2026/install/micro_ros_agent:/home/lh/Documents/joao_pessoa_2026/install/micro_ros_msgs:/home/lh/Documents/joao_pessoa_2026/install/biguasim_interfaces:/home/lh/Documents/joao_pessoa_2026/install/ardupilot_msgs LD_LIBRARY_PATH=/home/lh/Documents/joao_pessoa_2026/install/hydrone_msgs/lib:/home/lh/Documents/joao_pessoa_2026/install/micro_ros_agent/lib:/home/lh/Documents/joao_pessoa_2026/install/micro_ros_msgs/lib:/home/lh/Documents/joao_pessoa_2026/install/biguasim_interfaces/lib:/home/lh/Documents/joao_pessoa_2026/install/ardupilot_msgs/lib:/opt/ros/humble/opt/rviz_ogre_vendor/lib:/opt/ros/humble/lib/x86_64-linux-gnu:/opt/ros/humble/lib PYTHONPATH=/home/lh/Documents/joao_pessoa_2026/build/hydrone_controller/prefix_override:/usr/lib/python3/dist-packages/colcon_core/task/python/colcon_distutils_commands:/home/lh/Documents/joao_pessoa_2026/install/hydrone_controller/lib/python3.10/site-packages:${PYTHONPATH} /usr/bin/python3 -W ignore:setup.py install is deprecated -W ignore:easy_install command is deprecated setup.py develop --editable --build-directory /home/lh/Documents/joao_pessoa_2026/build/hydrone_controller/build --no-deps symlink_data
[0.789s] running develop
[0.865s] running egg_info
[0.865s] creating hydrone_controller.egg-info
[0.865s] writing hydrone_controller.egg-info/PKG-INFO
[0.865s] writing dependency_links to hydrone_controller.egg-info/dependency_links.txt
[0.865s] writing entry points to hydrone_controller.egg-info/entry_points.txt
[0.866s] writing requirements to hydrone_controller.egg-info/requires.txt
[0.866s] writing top-level names to hydrone_controller.egg-info/top_level.txt
[0.866s] writing manifest file 'hydrone_controller.egg-info/SOURCES.txt'
[0.866s] reading manifest file 'hydrone_controller.egg-info/SOURCES.txt'
[0.866s] writing manifest file 'hydrone_controller.egg-info/SOURCES.txt'
[0.867s] running build_ext
[0.867s] Creating /home/lh/Documents/joao_pessoa_2026/install/hydrone_controller/lib/python3.10/site-packages/hydrone-controller.egg-link (link to .)
[0.867s] Installing controller_node script to /home/lh/Documents/joao_pessoa_2026/install/hydrone_controller/bin
[0.868s] 
[0.868s] Installed /home/lh/Documents/joao_pessoa_2026/build/hydrone_controller
[0.868s] running symlink_data
[0.868s] creating /home/lh/Documents/joao_pessoa_2026/install/hydrone_controller/share/ament_index
[0.868s] creating /home/lh/Documents/joao_pessoa_2026/install/hydrone_controller/share/ament_index/resource_index
[0.868s] creating /home/lh/Documents/joao_pessoa_2026/install/hydrone_controller/share/ament_index/resource_index/packages
[0.868s] symbolically linking /home/lh/Documents/joao_pessoa_2026/build/hydrone_controller/resource/hydrone_controller -> /home/lh/Documents/joao_pessoa_2026/install/hydrone_controller/share/ament_index/resource_index/packages
[0.868s] symbolically linking /home/lh/Documents/joao_pessoa_2026/build/hydrone_controller/package.xml -> /home/lh/Documents/joao_pessoa_2026/install/hydrone_controller/share/hydrone_controller
[0.881s] Invoked command in '/home/lh/Documents/joao_pessoa_2026/build/hydrone_controller' returned '0': CMAKE_PREFIX_PATH=/home/lh/Documents/joao_pessoa_2026/install/hydrone_msgs:/home/lh/Documents/joao_pessoa_2026/install/ardupilot_sitl:/home/lh/Documents/joao_pessoa_2026/install/micro_ros_agent:/home/lh/Documents/joao_pessoa_2026/install/micro_ros_msgs:/home/lh/Documents/joao_pessoa_2026/install/biguasim_interfaces:/home/lh/Documents/joao_pessoa_2026/install/ardupilot_msgs LD_LIBRARY_PATH=/home/lh/Documents/joao_pessoa_2026/install/hydrone_msgs/lib:/home/lh/Documents/joao_pessoa_2026/install/micro_ros_agent/lib:/home/lh/Documents/joao_pessoa_2026/install/micro_ros_msgs/lib:/home/lh/Documents/joao_pessoa_2026/install/biguasim_interfaces/lib:/home/lh/Documents/joao_pessoa_2026/install/ardupilot_msgs/lib:/opt/ros/humble/opt/rviz_ogre_vendor/lib:/opt/ros/humble/lib/x86_64-linux-gnu:/opt/ros/humble/lib PYTHONPATH=/home/lh/Documents/joao_pessoa_2026/build/hydrone_controller/prefix_override:/usr/lib/python3/dist-packages/colcon_core/task/python/colcon_distutils_commands:/home/lh/Documents/joao_pessoa_2026/install/hydrone_controller/lib/python3.10/site-packages:${PYTHONPATH} /usr/bin/python3 -W ignore:setup.py install is deprecated -W ignore:easy_install command is deprecated setup.py develop --editable --build-directory /home/lh/Documents/joao_pessoa_2026/build/hydrone_controller/build --no-deps symlink_data
