[0.717s] Invoking command in '/home/lh/Documents/joao_pessoa_2026/src/hydrone_nav': PYTHONPATH=/home/lh/Documents/joao_pessoa_2026/build/hydrone_nav/prefix_override:/usr/lib/python3/dist-packages/colcon_core/task/python/colcon_distutils_commands:/home/lh/Documents/joao_pessoa_2026/install/hydrone_nav/lib/python3.10/site-packages:${PYTHONPATH} /usr/bin/python3 -W ignore:setup.py install is deprecated -W ignore:easy_install command is deprecated setup.py egg_info --egg-base ../../build/hydrone_nav build --build-base /home/lh/Documents/joao_pessoa_2026/build/hydrone_nav/build install --record /home/lh/Documents/joao_pessoa_2026/build/hydrone_nav/install.log --single-version-externally-managed install_data
[0.869s] running egg_info
[0.869s] writing ../../build/hydrone_nav/hydrone_nav.egg-info/PKG-INFO
[0.869s] writing dependency_links to ../../build/hydrone_nav/hydrone_nav.egg-info/dependency_links.txt
[0.869s] writing entry points to ../../build/hydrone_nav/hydrone_nav.egg-info/entry_points.txt
[0.869s] writing requirements to ../../build/hydrone_nav/hydrone_nav.egg-info/requires.txt
[0.869s] writing top-level names to ../../build/hydrone_nav/hydrone_nav.egg-info/top_level.txt
[0.870s] reading manifest file '../../build/hydrone_nav/hydrone_nav.egg-info/SOURCES.txt'
[0.870s] writing manifest file '../../build/hydrone_nav/hydrone_nav.egg-info/SOURCES.txt'
[0.870s] running build
[0.871s] running build_py
[0.871s] running install
[0.871s] running install_lib
[0.871s] running install_data
[0.871s] running install_egg_info
[0.872s] removing '/home/lh/Documents/joao_pessoa_2026/install/hydrone_nav/lib/python3.10/site-packages/hydrone_nav-1.0.0-py3.10.egg-info' (and everything under it)
[0.872s] Copying ../../build/hydrone_nav/hydrone_nav.egg-info to /home/lh/Documents/joao_pessoa_2026/install/hydrone_nav/lib/python3.10/site-packages/hydrone_nav-1.0.0-py3.10.egg-info
[0.873s] running install_scripts
[0.883s] Installing nav_node script to /home/lh/Documents/joao_pessoa_2026/install/hydrone_nav/bin
[0.884s] writing list of installed files to '/home/lh/Documents/joao_pessoa_2026/build/hydrone_nav/install.log'
[0.896s] Invoked command in '/home/lh/Documents/joao_pessoa_2026/src/hydrone_nav' returned '0': PYTHONPATH=/home/lh/Documents/joao_pessoa_2026/build/hydrone_nav/prefix_override:/usr/lib/python3/dist-packages/colcon_core/task/python/colcon_distutils_commands:/home/lh/Documents/joao_pessoa_2026/install/hydrone_nav/lib/python3.10/site-packages:${PYTHONPATH} /usr/bin/python3 -W ignore:setup.py install is deprecated -W ignore:easy_install command is deprecated setup.py egg_info --egg-base ../../build/hydrone_nav build --build-base /home/lh/Documents/joao_pessoa_2026/build/hydrone_nav/build install --record /home/lh/Documents/joao_pessoa_2026/build/hydrone_nav/install.log --single-version-externally-managed install_data
