[ 10%] Built target hydrone_msgs__rosidl_generator_c
[ 12%] Built target hydrone_msgs__cpp
[ 14%] Built target hydrone_msgs__rs
[ 14%] Built target ament_cmake_python_symlink_hydrone_msgs
[ 34%] Built target hydrone_msgs__rosidl_typesupport_fastrtps_c
[ 35%] Built target hydrone_msgs__rosidl_typesupport_c
[ 46%] Built target hydrone_msgs__rosidl_typesupport_introspection_c
[ 57%] Built target hydrone_msgs__rosidl_typesupport_cpp
[ 68%] Built target hydrone_msgs__rosidl_typesupport_introspection_cpp
[ 79%] Built target hydrone_msgs__rosidl_typesupport_fastrtps_cpp
[ 79%] Built target hydrone_msgs
[ 81%] Built target hydrone_msgs__py
[ 90%] Built target hydrone_msgs__rosidl_generator_py
[ 93%] Built target hydrone_msgs__rosidl_typesupport_c__pyext
[ 96%] Built target hydrone_msgs__rosidl_typesupport_fastrtps_c__pyext
[100%] Built target hydrone_msgs__rosidl_typesupport_introspection_c__pyext
running egg_info
writing hydrone_msgs.egg-info/PKG-INFO
writing dependency_links to hydrone_msgs.egg-info/dependency_links.txt
writing top-level names to hydrone_msgs.egg-info/top_level.txt
reading manifest file 'hydrone_msgs.egg-info/SOURCES.txt'
writing manifest file 'hydrone_msgs.egg-info/SOURCES.txt'
[100%] Built target ament_cmake_python_build_hydrone_msgs_egg
-- Install configuration: ""
-- Execute custom install script
-- Up-to-date symlink: /home/lh/Documents/joao_pessoa_2026/install/hydrone_msgs/share/ament_index/resource_index/rosidl_interfaces/hydrone_msgs
-- Up-to-date symlink: /home/lh/Documents/joao_pessoa_2026/install/hydrone_msgs/include/hydrone_msgs/hydrone_msgs/msg/detail/human_gesture__functions.h
-- Up-to-date symlink: /home/lh/Documents/joao_pessoa_2026/install/hydrone_msgs/include/hydrone_msgs/hydrone_msgs/msg/detail/human_gesture__struct.h
-- Up-to-date symlink: /home/lh/Documents/joao_pessoa_2026/install/hydrone_msgs/include/hydrone_msgs/hydrone_msgs/msg/detail/human_gesture__type_support.h
-- Up-to-date symlink: /home/lh/Documents/joao_pessoa_2026/install/hydrone_msgs/include/hydrone_msgs/hydrone_msgs/msg/detail/landing_base__functions.h
-- Up-to-date symlink: /home/lh/Documents/joao_pessoa_2026/install/hydrone_msgs/include/hydrone_msgs/hydrone_msgs/msg/detail/landing_base__struct.h
-- Up-to-date symlink: /home/lh/Documents/joao_pessoa_2026/install/hydrone_msgs/include/hydrone_msgs/hydrone_msgs/msg/detail/landing_base__type_support.h
-- Up-to-date symlink: /home/lh/Documents/joao_pessoa_2026/install/hydrone_msgs/include/hydrone_msgs/hydrone_msgs/msg/detail/mission_state__functions.h
-- Up-to-date symlink: /home/lh/Documents/joao_pessoa_2026/install/hydrone_msgs/include/hydrone_msgs/hydrone_msgs/msg/detail/mission_state__struct.h
-- Up-to-date symlink: /home/lh/Documents/joao_pessoa_2026/install/hydrone_msgs/include/hydrone_msgs/hydrone_msgs/msg/detail/mission_state__type_support.h
-- Up-to-date symlink: /home/lh/Documents/joao_pessoa_2026/install/hydrone_msgs/include/hydrone_msgs/hydrone_msgs/msg/detail/qr_code__functions.h
-- Up-to-date symlink: /home/lh/Documents/joao_pessoa_2026/install/hydrone_msgs/include/hydrone_msgs/hydrone_msgs/msg/detail/qr_code__struct.h
-- Up-to-date symlink: /home/lh/Documents/joao_pessoa_2026/install/hydrone_msgs/include/hydrone_msgs/hydrone_msgs/msg/detail/qr_code__type_support.h
-- Up-to-date symlink: /home/lh/Documents/joao_pessoa_2026/install/hydrone_msgs/include/hydrone_msgs/hydrone_msgs/msg/human_gesture.h
-- Up-to-date symlink: /home/lh/Documents/joao_pessoa_2026/install/hydrone_msgs/include/hydrone_msgs/hydrone_msgs/msg/landing_base.h
-- Up-to-date symlink: /home/lh/Documents/joao_pessoa_2026/install/hydrone_msgs/include/hydrone_msgs/hydrone_msgs/msg/mission_state.h
-- Up-to-date symlink: /home/lh/Documents/joao_pessoa_2026/install/hydrone_msgs/include/hydrone_msgs/hydrone_msgs/msg/qr_code.h
-- Up-to-date symlink: /home/lh/Documents/joao_pessoa_2026/install/hydrone_msgs/include/hydrone_msgs/hydrone_msgs/msg/rosidl_generator_c__visibility_control.h
-- Up-to-date symlink: /home/lh/Documents/joao_pessoa_2026/install/hydrone_msgs/include/hydrone_msgs/hydrone_msgs/srv/detail/set_phase__functions.h
-- Up-to-date symlink: /home/lh/Documents/joao_pessoa_2026/install/hydrone_msgs/include/hydrone_msgs/hydrone_msgs/srv/detail/set_phase__struct.h
-- Up-to-date symlink: /home/lh/Documents/joao_pessoa_2026/install/hydrone_msgs/include/hydrone_msgs/hydrone_msgs/srv/detail/set_phase__type_support.h
-- Up-to-date symlink: /home/lh/Documents/joao_pessoa_2026/install/hydrone_msgs/include/hydrone_msgs/hydrone_msgs/srv/set_phase.h
-- Up-to-date symlink: /home/lh/Documents/joao_pessoa_2026/install/hydrone_msgs/share/hydrone_msgs/environment/library_path.sh
-- Up-to-date symlink: /home/lh/Documents/joao_pessoa_2026/install/hydrone_msgs/share/hydrone_msgs/environment/library_path.dsv
-- Up-to-date symlink: /home/lh/Documents/joao_pessoa_2026/install/hydrone_msgs/include/hydrone_msgs/hydrone_msgs/msg/detail/human_gesture__rosidl_typesupport_fastrtps_c.h
-- Up-to-date symlink: /home/lh/Documents/joao_pessoa_2026/install/hydrone_msgs/include/hydrone_msgs/hydrone_msgs/msg/detail/landing_base__rosidl_typesupport_fastrtps_c.h
-- Up-to-date symlink: /home/lh/Documents/joao_pessoa_2026/install/hydrone_msgs/include/hydrone_msgs/hydrone_msgs/msg/detail/mission_state__rosidl_typesupport_fastrtps_c.h
-- Up-to-date symlink: /home/lh/Documents/joao_pessoa_2026/install/hydrone_msgs/include/hydrone_msgs/hydrone_msgs/msg/detail/qr_code__rosidl_typesupport_fastrtps_c.h
-- Up-to-date symlink: /home/lh/Documents/joao_pessoa_2026/install/hydrone_msgs/include/hydrone_msgs/hydrone_msgs/msg/rosidl_typesupport_fastrtps_c__visibility_control.h
-- Up-to-date symlink: /home/lh/Documents/joao_pessoa_2026/install/hydrone_msgs/include/hydrone_msgs/hydrone_msgs/srv/detail/set_phase__rosidl_typesupport_fastrtps_c.h
-- Up-to-date symlink: /home/lh/Documents/joao_pessoa_2026/install/hydrone_msgs/include/hydrone_msgs/hydrone_msgs/msg/detail/human_gesture__rosidl_typesupport_introspection_c.h
-- Up-to-date symlink: /home/lh/Documents/joao_pessoa_2026/install/hydrone_msgs/include/hydrone_msgs/hydrone_msgs/msg/detail/landing_base__rosidl_typesupport_introspection_c.h
-- Up-to-date symlink: /home/lh/Documents/joao_pessoa_2026/install/hydrone_msgs/include/hydrone_msgs/hydrone_msgs/msg/detail/mission_state__rosidl_typesupport_introspection_c.h
-- Up-to-date symlink: /home/lh/Documents/joao_pessoa_2026/install/hydrone_msgs/include/hydrone_msgs/hydrone_msgs/msg/detail/qr_code__rosidl_typesupport_introspection_c.h
-- Up-to-date symlink: /home/lh/Documents/joao_pessoa_2026/install/hydrone_msgs/include/hydrone_msgs/hydrone_msgs/msg/rosidl_typesupport_introspection_c__visibility_control.h
-- Up-to-date symlink: /home/lh/Documents/joao_pessoa_2026/install/hydrone_msgs/include/hydrone_msgs/hydrone_msgs/srv/detail/set_phase__rosidl_typesupport_introspection_c.h
-- Up-to-date symlink: /home/lh/Documents/joao_pessoa_2026/install/hydrone_msgs/include/hydrone_msgs/hydrone_msgs/msg/detail/human_gesture__builder.hpp
-- Up-to-date symlink: /home/lh/Documents/joao_pessoa_2026/install/hydrone_msgs/include/hydrone_msgs/hydrone_msgs/msg/detail/human_gesture__struct.hpp
-- Up-to-date symlink: /home/lh/Documents/joao_pessoa_2026/install/hydrone_msgs/include/hydrone_msgs/hydrone_msgs/msg/detail/human_gesture__traits.hpp
-- Up-to-date symlink: /home/lh/Documents/joao_pessoa_2026/install/hydrone_msgs/include/hydrone_msgs/hydrone_msgs/msg/detail/human_gesture__type_support.hpp
-- Up-to-date symlink: /home/lh/Documents/joao_pessoa_2026/install/hydrone_msgs/include/hydrone_msgs/hydrone_msgs/msg/detail/landing_base__builder.hpp
-- Up-to-date symlink: /home/lh/Documents/joao_pessoa_2026/install/hydrone_msgs/include/hydrone_msgs/hydrone_msgs/msg/detail/landing_base__struct.hpp
-- Up-to-date symlink: /home/lh/Documents/joao_pessoa_2026/install/hydrone_msgs/include/hydrone_msgs/hydrone_msgs/msg/detail/landing_base__traits.hpp
-- Up-to-date symlink: /home/lh/Documents/joao_pessoa_2026/install/hydrone_msgs/include/hydrone_msgs/hydrone_msgs/msg/detail/landing_base__type_support.hpp
-- Up-to-date symlink: /home/lh/Documents/joao_pessoa_2026/install/hydrone_msgs/include/hydrone_msgs/hydrone_msgs/msg/detail/mission_state__builder.hpp
-- Up-to-date symlink: /home/lh/Documents/joao_pessoa_2026/install/hydrone_msgs/include/hydrone_msgs/hydrone_msgs/msg/detail/mission_state__struct.hpp
-- Up-to-date symlink: /home/lh/Documents/joao_pessoa_2026/install/hydrone_msgs/include/hydrone_msgs/hydrone_msgs/msg/detail/mission_state__traits.hpp
-- Up-to-date symlink: /home/lh/Documents/joao_pessoa_2026/install/hydrone_msgs/include/hydrone_msgs/hydrone_msgs/msg/detail/mission_state__type_support.hpp
-- Up-to-date symlink: /home/lh/Documents/joao_pessoa_2026/install/hydrone_msgs/include/hydrone_msgs/hydrone_msgs/msg/detail/qr_code__builder.hpp
-- Up-to-date symlink: /home/lh/Documents/joao_pessoa_2026/install/hydrone_msgs/include/hydrone_msgs/hydrone_msgs/msg/detail/qr_code__struct.hpp
-- Up-to-date symlink: /home/lh/Documents/joao_pessoa_2026/install/hydrone_msgs/include/hydrone_msgs/hydrone_msgs/msg/detail/qr_code__traits.hpp
-- Up-to-date symlink: /home/lh/Documents/joao_pessoa_2026/install/hydrone_msgs/include/hydrone_msgs/hydrone_msgs/msg/detail/qr_code__type_support.hpp
-- Up-to-date symlink: /home/lh/Documents/joao_pessoa_2026/install/hydrone_msgs/include/hydrone_msgs/hydrone_msgs/msg/human_gesture.hpp
-- Up-to-date symlink: /home/lh/Documents/joao_pessoa_2026/install/hydrone_msgs/include/hydrone_msgs/hydrone_msgs/msg/landing_base.hpp
-- Up-to-date symlink: /home/lh/Documents/joao_pessoa_2026/install/hydrone_msgs/include/hydrone_msgs/hydrone_msgs/msg/mission_state.hpp
-- Up-to-date symlink: /home/lh/Documents/joao_pessoa_2026/install/hydrone_msgs/include/hydrone_msgs/hydrone_msgs/msg/qr_code.hpp
-- Up-to-date symlink: /home/lh/Documents/joao_pessoa_2026/install/hydrone_msgs/include/hydrone_msgs/hydrone_msgs/msg/rosidl_generator_cpp__visibility_control.hpp
-- Up-to-date symlink: /home/lh/Documents/joao_pessoa_2026/install/hydrone_msgs/include/hydrone_msgs/hydrone_msgs/srv/detail/set_phase__builder.hpp
-- Up-to-date symlink: /home/lh/Documents/joao_pessoa_2026/install/hydrone_msgs/include/hydrone_msgs/hydrone_msgs/srv/detail/set_phase__struct.hpp
-- Up-to-date symlink: /home/lh/Documents/joao_pessoa_2026/install/hydrone_msgs/include/hydrone_msgs/hydrone_msgs/srv/detail/set_phase__traits.hpp
-- Up-to-date symlink: /home/lh/Documents/joao_pessoa_2026/install/hydrone_msgs/include/hydrone_msgs/hydrone_msgs/srv/detail/set_phase__type_support.hpp
-- Up-to-date symlink: /home/lh/Documents/joao_pessoa_2026/install/hydrone_msgs/include/hydrone_msgs/hydrone_msgs/srv/set_phase.hpp
-- Up-to-date symlink: /home/lh/Documents/joao_pessoa_2026/install/hydrone_msgs/include/hydrone_msgs/hydrone_msgs/msg/detail/human_gesture__rosidl_typesupport_fastrtps_cpp.hpp
-- Up-to-date symlink: /home/lh/Documents/joao_pessoa_2026/install/hydrone_msgs/include/hydrone_msgs/hydrone_msgs/msg/detail/landing_base__rosidl_typesupport_fastrtps_cpp.hpp
-- Up-to-date symlink: /home/lh/Documents/joao_pessoa_2026/install/hydrone_msgs/include/hydrone_msgs/hydrone_msgs/msg/detail/mission_state__rosidl_typesupport_fastrtps_cpp.hpp
-- Up-to-date symlink: /home/lh/Documents/joao_pessoa_2026/install/hydrone_msgs/include/hydrone_msgs/hydrone_msgs/msg/detail/qr_code__rosidl_typesupport_fastrtps_cpp.hpp
-- Up-to-date symlink: /home/lh/Documents/joao_pessoa_2026/install/hydrone_msgs/include/hydrone_msgs/hydrone_msgs/msg/rosidl_typesupport_fastrtps_cpp__visibility_control.h
-- Up-to-date symlink: /home/lh/Documents/joao_pessoa_2026/install/hydrone_msgs/include/hydrone_msgs/hydrone_msgs/srv/detail/set_phase__rosidl_typesupport_fastrtps_cpp.hpp
-- Up-to-date symlink: /home/lh/Documents/joao_pessoa_2026/install/hydrone_msgs/include/hydrone_msgs/hydrone_msgs/msg/detail/human_gesture__rosidl_typesupport_introspection_cpp.hpp
-- Up-to-date symlink: /home/lh/Documents/joao_pessoa_2026/install/hydrone_msgs/include/hydrone_msgs/hydrone_msgs/msg/detail/landing_base__rosidl_typesupport_introspection_cpp.hpp
-- Up-to-date symlink: /home/lh/Documents/joao_pessoa_2026/install/hydrone_msgs/include/hydrone_msgs/hydrone_msgs/msg/detail/mission_state__rosidl_typesupport_introspection_cpp.hpp
-- Up-to-date symlink: /home/lh/Documents/joao_pessoa_2026/install/hydrone_msgs/include/hydrone_msgs/hydrone_msgs/msg/detail/qr_code__rosidl_typesupport_introspection_cpp.hpp
-- Up-to-date symlink: /home/lh/Documents/joao_pessoa_2026/install/hydrone_msgs/include/hydrone_msgs/hydrone_msgs/srv/detail/set_phase__rosidl_typesupport_introspection_cpp.hpp
-- Up-to-date symlink: /home/lh/Documents/joao_pessoa_2026/install/hydrone_msgs/share/hydrone_msgs/environment/pythonpath.sh
-- Up-to-date symlink: /home/lh/Documents/joao_pessoa_2026/install/hydrone_msgs/share/hydrone_msgs/environment/pythonpath.dsv
-- Up-to-date symlink: /home/lh/Documents/joao_pessoa_2026/install/hydrone_msgs/local/lib/python3.10/dist-packages/hydrone_msgs-1.0.0-py3.10.egg-info/PKG-INFO
-- Up-to-date symlink: /home/lh/Documents/joao_pessoa_2026/install/hydrone_msgs/local/lib/python3.10/dist-packages/hydrone_msgs-1.0.0-py3.10.egg-info/SOURCES.txt
-- Up-to-date symlink: /home/lh/Documents/joao_pessoa_2026/install/hydrone_msgs/local/lib/python3.10/dist-packages/hydrone_msgs-1.0.0-py3.10.egg-info/dependency_links.txt
-- Up-to-date symlink: /home/lh/Documents/joao_pessoa_2026/install/hydrone_msgs/local/lib/python3.10/dist-packages/hydrone_msgs-1.0.0-py3.10.egg-info/top_level.txt
-- Up-to-date symlink: /home/lh/Documents/joao_pessoa_2026/install/hydrone_msgs/local/lib/python3.10/dist-packages/hydrone_msgs/__init__.py
-- Up-to-date symlink: /home/lh/Documents/joao_pessoa_2026/install/hydrone_msgs/local/lib/python3.10/dist-packages/hydrone_msgs/_hydrone_msgs_s.ep.rosidl_typesupport_c.c
-- Up-to-date symlink: /home/lh/Documents/joao_pessoa_2026/install/hydrone_msgs/local/lib/python3.10/dist-packages/hydrone_msgs/_hydrone_msgs_s.ep.rosidl_typesupport_fastrtps_c.c
-- Up-to-date symlink: /home/lh/Documents/joao_pessoa_2026/install/hydrone_msgs/local/lib/python3.10/dist-packages/hydrone_msgs/_hydrone_msgs_s.ep.rosidl_typesupport_introspection_c.c
-- Up-to-date symlink: /home/lh/Documents/joao_pessoa_2026/install/hydrone_msgs/local/lib/python3.10/dist-packages/hydrone_msgs/hydrone_msgs_s__rosidl_typesupport_c.cpython-310-x86_64-linux-gnu.so
-- Up-to-date symlink: /home/lh/Documents/joao_pessoa_2026/install/hydrone_msgs/local/lib/python3.10/dist-packages/hydrone_msgs/hydrone_msgs_s__rosidl_typesupport_fastrtps_c.cpython-310-x86_64-linux-gnu.so
-- Up-to-date symlink: /home/lh/Documents/joao_pessoa_2026/install/hydrone_msgs/local/lib/python3.10/dist-packages/hydrone_msgs/hydrone_msgs_s__rosidl_typesupport_introspection_c.cpython-310-x86_64-linux-gnu.so
-- Up-to-date symlink: /home/lh/Documents/joao_pessoa_2026/install/hydrone_msgs/local/lib/python3.10/dist-packages/hydrone_msgs/libhydrone_msgs__rosidl_generator_py.so
-- Up-to-date symlink: /home/lh/Documents/joao_pessoa_2026/install/hydrone_msgs/local/lib/python3.10/dist-packages/hydrone_msgs/msg/__init__.py
-- Up-to-date symlink: /home/lh/Documents/joao_pessoa_2026/install/hydrone_msgs/local/lib/python3.10/dist-packages/hydrone_msgs/msg/_human_gesture.py
-- Up-to-date symlink: /home/lh/Documents/joao_pessoa_2026/install/hydrone_msgs/local/lib/python3.10/dist-packages/hydrone_msgs/msg/_human_gesture_s.c
-- Up-to-date symlink: /home/lh/Documents/joao_pessoa_2026/install/hydrone_msgs/local/lib/python3.10/dist-packages/hydrone_msgs/msg/_landing_base.py
-- Up-to-date symlink: /home/lh/Documents/joao_pessoa_2026/install/hydrone_msgs/local/lib/python3.10/dist-packages/hydrone_msgs/msg/_landing_base_s.c
-- Up-to-date symlink: /home/lh/Documents/joao_pessoa_2026/install/hydrone_msgs/local/lib/python3.10/dist-packages/hydrone_msgs/msg/_mission_state.py
-- Up-to-date symlink: /home/lh/Documents/joao_pessoa_2026/install/hydrone_msgs/local/lib/python3.10/dist-packages/hydrone_msgs/msg/_mission_state_s.c
-- Up-to-date symlink: /home/lh/Documents/joao_pessoa_2026/install/hydrone_msgs/local/lib/python3.10/dist-packages/hydrone_msgs/msg/_qr_code.py
-- Up-to-date symlink: /home/lh/Documents/joao_pessoa_2026/install/hydrone_msgs/local/lib/python3.10/dist-packages/hydrone_msgs/msg/_qr_code_s.c
-- Up-to-date symlink: /home/lh/Documents/joao_pessoa_2026/install/hydrone_msgs/local/lib/python3.10/dist-packages/hydrone_msgs/srv/__init__.py
-- Up-to-date symlink: /home/lh/Documents/joao_pessoa_2026/install/hydrone_msgs/local/lib/python3.10/dist-packages/hydrone_msgs/srv/_set_phase.py
-- Up-to-date symlink: /home/lh/Documents/joao_pessoa_2026/install/hydrone_msgs/local/lib/python3.10/dist-packages/hydrone_msgs/srv/_set_phase_s.c
-- Up-to-date symlink: /home/lh/Documents/joao_pessoa_2026/install/hydrone_msgs/local/lib/python3.10/dist-packages/hydrone_msgs/hydrone_msgs_s__rosidl_typesupport_fastrtps_c.cpython-310-x86_64-linux-gnu.so
-- Up-to-date symlink: /home/lh/Documents/joao_pessoa_2026/install/hydrone_msgs/local/lib/python3.10/dist-packages/hydrone_msgs/hydrone_msgs_s__rosidl_typesupport_introspection_c.cpython-310-x86_64-linux-gnu.so
-- Up-to-date symlink: /home/lh/Documents/joao_pessoa_2026/install/hydrone_msgs/local/lib/python3.10/dist-packages/hydrone_msgs/hydrone_msgs_s__rosidl_typesupport_c.cpython-310-x86_64-linux-gnu.so
-- Up-to-date symlink: /home/lh/Documents/joao_pessoa_2026/install/hydrone_msgs/share/ament_index/resource_index/rust_packages/hydrone_msgs
-- Up-to-date symlink: /home/lh/Documents/joao_pessoa_2026/install/hydrone_msgs/share/hydrone_msgs/rust/Cargo.toml
-- Up-to-date symlink: /home/lh/Documents/joao_pessoa_2026/install/hydrone_msgs/share/hydrone_msgs/rust/build.rs
-- Up-to-date symlink: /home/lh/Documents/joao_pessoa_2026/install/hydrone_msgs/share/hydrone_msgs/rust/src/lib.rs
-- Up-to-date symlink: /home/lh/Documents/joao_pessoa_2026/install/hydrone_msgs/share/hydrone_msgs/rust/src/msg.rs
-- Up-to-date symlink: /home/lh/Documents/joao_pessoa_2026/install/hydrone_msgs/share/hydrone_msgs/rust/src/msg/rmw.rs
-- Up-to-date symlink: /home/lh/Documents/joao_pessoa_2026/install/hydrone_msgs/share/hydrone_msgs/rust/src/srv.rs
-- Up-to-date symlink: /home/lh/Documents/joao_pessoa_2026/install/hydrone_msgs/share/hydrone_msgs/rust/src/srv/rmw.rs
-- Up-to-date symlink: /home/lh/Documents/joao_pessoa_2026/install/hydrone_msgs/share/hydrone_msgs/msg/LandingBase.idl
-- Up-to-date symlink: /home/lh/Documents/joao_pessoa_2026/install/hydrone_msgs/share/hydrone_msgs/msg/MissionState.idl
-- Up-to-date symlink: /home/lh/Documents/joao_pessoa_2026/install/hydrone_msgs/share/hydrone_msgs/msg/HumanGesture.idl
-- Up-to-date symlink: /home/lh/Documents/joao_pessoa_2026/install/hydrone_msgs/share/hydrone_msgs/msg/QRCode.idl
-- Up-to-date symlink: /home/lh/Documents/joao_pessoa_2026/install/hydrone_msgs/share/hydrone_msgs/srv/SetPhase.idl
-- Up-to-date symlink: /home/lh/Documents/joao_pessoa_2026/install/hydrone_msgs/share/hydrone_msgs/msg/LandingBase.msg
-- Up-to-date symlink: /home/lh/Documents/joao_pessoa_2026/install/hydrone_msgs/share/hydrone_msgs/msg/MissionState.msg
-- Up-to-date symlink: /home/lh/Documents/joao_pessoa_2026/install/hydrone_msgs/share/hydrone_msgs/msg/HumanGesture.msg
-- Up-to-date symlink: /home/lh/Documents/joao_pessoa_2026/install/hydrone_msgs/share/hydrone_msgs/msg/QRCode.msg
-- Up-to-date symlink: /home/lh/Documents/joao_pessoa_2026/install/hydrone_msgs/share/hydrone_msgs/srv/SetPhase.srv
-- Up-to-date symlink: /home/lh/Documents/joao_pessoa_2026/install/hydrone_msgs/share/hydrone_msgs/srv/SetPhase_Request.msg
-- Up-to-date symlink: /home/lh/Documents/joao_pessoa_2026/install/hydrone_msgs/share/hydrone_msgs/srv/SetPhase_Response.msg
-- Up-to-date symlink: /home/lh/Documents/joao_pessoa_2026/install/hydrone_msgs/share/ament_index/resource_index/package_run_dependencies/hydrone_msgs
-- Up-to-date symlink: /home/lh/Documents/joao_pessoa_2026/install/hydrone_msgs/share/ament_index/resource_index/parent_prefix_path/hydrone_msgs
-- Up-to-date symlink: /home/lh/Documents/joao_pessoa_2026/install/hydrone_msgs/share/hydrone_msgs/environment/ament_prefix_path.sh
-- Up-to-date symlink: /home/lh/Documents/joao_pessoa_2026/install/hydrone_msgs/share/hydrone_msgs/environment/ament_prefix_path.dsv
-- Up-to-date symlink: /home/lh/Documents/joao_pessoa_2026/install/hydrone_msgs/share/hydrone_msgs/environment/path.sh
-- Up-to-date symlink: /home/lh/Documents/joao_pessoa_2026/install/hydrone_msgs/share/hydrone_msgs/environment/path.dsv
-- Up-to-date symlink: /home/lh/Documents/joao_pessoa_2026/install/hydrone_msgs/share/hydrone_msgs/local_setup.bash
-- Up-to-date symlink: /home/lh/Documents/joao_pessoa_2026/install/hydrone_msgs/share/hydrone_msgs/local_setup.sh
-- Up-to-date symlink: /home/lh/Documents/joao_pessoa_2026/install/hydrone_msgs/share/hydrone_msgs/local_setup.zsh
-- Up-to-date symlink: /home/lh/Documents/joao_pessoa_2026/install/hydrone_msgs/share/hydrone_msgs/local_setup.dsv
-- Symlinking: /home/lh/Documents/joao_pessoa_2026/install/hydrone_msgs/share/hydrone_msgs/package.dsv
-- Up-to-date symlink: /home/lh/Documents/joao_pessoa_2026/install/hydrone_msgs/share/ament_index/resource_index/packages/hydrone_msgs
-- Up-to-date symlink: /home/lh/Documents/joao_pessoa_2026/install/hydrone_msgs/share/hydrone_msgs/cmake/rosidl_cmake-extras.cmake
-- Up-to-date symlink: /home/lh/Documents/joao_pessoa_2026/install/hydrone_msgs/share/hydrone_msgs/cmake/ament_cmake_export_dependencies-extras.cmake
-- Up-to-date symlink: /home/lh/Documents/joao_pessoa_2026/install/hydrone_msgs/share/hydrone_msgs/cmake/ament_cmake_export_include_directories-extras.cmake
-- Up-to-date symlink: /home/lh/Documents/joao_pessoa_2026/install/hydrone_msgs/share/hydrone_msgs/cmake/ament_cmake_export_libraries-extras.cmake
-- Up-to-date symlink: /home/lh/Documents/joao_pessoa_2026/install/hydrone_msgs/share/hydrone_msgs/cmake/ament_cmake_export_targets-extras.cmake
-- Up-to-date symlink: /home/lh/Documents/joao_pessoa_2026/install/hydrone_msgs/share/hydrone_msgs/cmake/rosidl_cmake_export_typesupport_targets-extras.cmake
-- Up-to-date symlink: /home/lh/Documents/joao_pessoa_2026/install/hydrone_msgs/share/hydrone_msgs/cmake/rosidl_cmake_export_typesupport_libraries-extras.cmake
-- Up-to-date symlink: /home/lh/Documents/joao_pessoa_2026/install/hydrone_msgs/share/hydrone_msgs/cmake/hydrone_msgsConfig.cmake
-- Up-to-date symlink: /home/lh/Documents/joao_pessoa_2026/install/hydrone_msgs/share/hydrone_msgs/cmake/hydrone_msgsConfig-version.cmake
-- Up-to-date symlink: /home/lh/Documents/joao_pessoa_2026/install/hydrone_msgs/share/hydrone_msgs/package.xml
-- Up-to-date: /home/lh/Documents/joao_pessoa_2026/install/hydrone_msgs/lib/libhydrone_msgs__rosidl_generator_c.so
-- Up-to-date: /home/lh/Documents/joao_pessoa_2026/install/hydrone_msgs/lib/libhydrone_msgs__rosidl_typesupport_fastrtps_c.so
-- Up-to-date: /home/lh/Documents/joao_pessoa_2026/install/hydrone_msgs/lib/libhydrone_msgs__rosidl_typesupport_introspection_c.so
-- Up-to-date: /home/lh/Documents/joao_pessoa_2026/install/hydrone_msgs/lib/libhydrone_msgs__rosidl_typesupport_c.so
-- Up-to-date: /home/lh/Documents/joao_pessoa_2026/install/hydrone_msgs/lib/libhydrone_msgs__rosidl_typesupport_fastrtps_cpp.so
-- Up-to-date: /home/lh/Documents/joao_pessoa_2026/install/hydrone_msgs/lib/libhydrone_msgs__rosidl_typesupport_introspection_cpp.so
-- Up-to-date: /home/lh/Documents/joao_pessoa_2026/install/hydrone_msgs/lib/libhydrone_msgs__rosidl_typesupport_cpp.so
Listing '/home/lh/Documents/joao_pessoa_2026/install/hydrone_msgs/local/lib/python3.10/dist-packages/hydrone_msgs'...
Listing '/home/lh/Documents/joao_pessoa_2026/install/hydrone_msgs/local/lib/python3.10/dist-packages/hydrone_msgs/msg'...
Listing '/home/lh/Documents/joao_pessoa_2026/install/hydrone_msgs/local/lib/python3.10/dist-packages/hydrone_msgs/srv'...
-- Up-to-date: /home/lh/Documents/joao_pessoa_2026/install/hydrone_msgs/lib/libhydrone_msgs__rosidl_generator_py.so
-- Up-to-date: /home/lh/Documents/joao_pessoa_2026/install/hydrone_msgs/share/hydrone_msgs/cmake/export_hydrone_msgs__rosidl_generator_cExport.cmake
-- Up-to-date: /home/lh/Documents/joao_pessoa_2026/install/hydrone_msgs/share/hydrone_msgs/cmake/export_hydrone_msgs__rosidl_generator_cExport-noconfig.cmake
-- Up-to-date: /home/lh/Documents/joao_pessoa_2026/install/hydrone_msgs/share/hydrone_msgs/cmake/export_hydrone_msgs__rosidl_typesupport_fastrtps_cExport.cmake
-- Up-to-date: /home/lh/Documents/joao_pessoa_2026/install/hydrone_msgs/share/hydrone_msgs/cmake/export_hydrone_msgs__rosidl_typesupport_fastrtps_cExport-noconfig.cmake
-- Up-to-date: /home/lh/Documents/joao_pessoa_2026/install/hydrone_msgs/share/hydrone_msgs/cmake/hydrone_msgs__rosidl_typesupport_introspection_cExport.cmake
-- Up-to-date: /home/lh/Documents/joao_pessoa_2026/install/hydrone_msgs/share/hydrone_msgs/cmake/hydrone_msgs__rosidl_typesupport_introspection_cExport-noconfig.cmake
-- Up-to-date: /home/lh/Documents/joao_pessoa_2026/install/hydrone_msgs/share/hydrone_msgs/cmake/hydrone_msgs__rosidl_typesupport_cExport.cmake
-- Up-to-date: /home/lh/Documents/joao_pessoa_2026/install/hydrone_msgs/share/hydrone_msgs/cmake/hydrone_msgs__rosidl_typesupport_cExport-noconfig.cmake
-- Up-to-date: /home/lh/Documents/joao_pessoa_2026/install/hydrone_msgs/share/hydrone_msgs/cmake/export_hydrone_msgs__rosidl_generator_cppExport.cmake
-- Up-to-date: /home/lh/Documents/joao_pessoa_2026/install/hydrone_msgs/share/hydrone_msgs/cmake/export_hydrone_msgs__rosidl_typesupport_fastrtps_cppExport.cmake
-- Up-to-date: /home/lh/Documents/joao_pessoa_2026/install/hydrone_msgs/share/hydrone_msgs/cmake/export_hydrone_msgs__rosidl_typesupport_fastrtps_cppExport-noconfig.cmake
-- Up-to-date: /home/lh/Documents/joao_pessoa_2026/install/hydrone_msgs/share/hydrone_msgs/cmake/hydrone_msgs__rosidl_typesupport_introspection_cppExport.cmake
-- Up-to-date: /home/lh/Documents/joao_pessoa_2026/install/hydrone_msgs/share/hydrone_msgs/cmake/hydrone_msgs__rosidl_typesupport_introspection_cppExport-noconfig.cmake
-- Up-to-date: /home/lh/Documents/joao_pessoa_2026/install/hydrone_msgs/share/hydrone_msgs/cmake/hydrone_msgs__rosidl_typesupport_cppExport.cmake
-- Up-to-date: /home/lh/Documents/joao_pessoa_2026/install/hydrone_msgs/share/hydrone_msgs/cmake/hydrone_msgs__rosidl_typesupport_cppExport-noconfig.cmake
-- Up-to-date: /home/lh/Documents/joao_pessoa_2026/install/hydrone_msgs/share/hydrone_msgs/cmake/export_hydrone_msgs__rosidl_generator_pyExport.cmake
-- Up-to-date: /home/lh/Documents/joao_pessoa_2026/install/hydrone_msgs/share/hydrone_msgs/cmake/export_hydrone_msgs__rosidl_generator_pyExport-noconfig.cmake
