running egg_info
writing ../../../build/biguasim_main/biguasim_main.egg-info/PKG-INFO
writing dependency_links to ../../../build/biguasim_main/biguasim_main.egg-info/dependency_links.txt
writing entry points to ../../../build/biguasim_main/biguasim_main.egg-info/entry_points.txt
writing requirements to ../../../build/biguasim_main/biguasim_main.egg-info/requires.txt
writing top-level names to ../../../build/biguasim_main/biguasim_main.egg-info/top_level.txt
reading manifest file '../../../build/biguasim_main/biguasim_main.egg-info/SOURCES.txt'
writing manifest file '../../../build/biguasim_main/biguasim_main.egg-info/SOURCES.txt'
running build
running build_py
copying biguasim_main/ardubridge_node.py -> /home/lh/Documents/joao_pessoa_2026/build/biguasim_main/build/lib/biguasim_main
running install
running install_lib
copying /home/lh/Documents/joao_pessoa_2026/build/biguasim_main/build/lib/biguasim_main/ardubridge_node.py -> /home/lh/Documents/joao_pessoa_2026/install/biguasim_main/lib/python3.10/site-packages/biguasim_main
byte-compiling /home/lh/Documents/joao_pessoa_2026/install/biguasim_main/lib/python3.10/site-packages/biguasim_main/ardubridge_node.py to ardubridge_node.cpython-310.pyc
running install_data
running install_egg_info
removing '/home/lh/Documents/joao_pessoa_2026/install/biguasim_main/lib/python3.10/site-packages/biguasim_main-1.0.0-py3.10.egg-info' (and everything under it)
Copying ../../../build/biguasim_main/biguasim_main.egg-info to /home/lh/Documents/joao_pessoa_2026/install/biguasim_main/lib/python3.10/site-packages/biguasim_main-1.0.0-py3.10.egg-info
running install_scripts
Installing ardubridge_node script to /home/lh/Documents/joao_pessoa_2026/install/biguasim_main/lib/biguasim_main
Installing biguasim_node script to /home/lh/Documents/joao_pessoa_2026/install/biguasim_main/lib/biguasim_main
writing list of installed files to '/home/lh/Documents/joao_pessoa_2026/build/biguasim_main/install.log'
