[0.964s] Invoking command in '/home/lh/Documents/joao_pessoa_2026/src/biguasim-ros2/biguasim_main': CMAKE_PREFIX_PATH=/home/lh/Documents/joao_pessoa_2026/install/biguasim_interfaces:/home/lh/Documents/joao_pessoa_2026/install/hydrone_msgs:/home/lh/Documents/joao_pessoa_2026/install/ardupilot_sitl:/home/lh/Documents/joao_pessoa_2026/install/micro_ros_agent:/home/lh/Documents/joao_pessoa_2026/install/micro_ros_msgs:/home/lh/Documents/joao_pessoa_2026/install/ardupilot_msgs LD_LIBRARY_PATH=/home/lh/Documents/joao_pessoa_2026/install/biguasim_interfaces/lib:/home/lh/Documents/joao_pessoa_2026/install/hydrone_msgs/lib:/home/lh/Documents/joao_pessoa_2026/install/micro_ros_agent/lib:/home/lh/Documents/joao_pessoa_2026/install/micro_ros_msgs/lib:/home/lh/Documents/joao_pessoa_2026/install/ardupilot_msgs/lib:/opt/ros/humble/opt/rviz_ogre_vendor/lib:/opt/ros/humble/lib/x86_64-linux-gnu:/opt/ros/humble/lib PYTHONPATH=/home/lh/Documents/joao_pessoa_2026/build/biguasim_main/prefix_override:/usr/lib/python3/dist-packages/colcon_core/task/python/colcon_distutils_commands:/home/lh/Documents/joao_pessoa_2026/install/biguasim_main/lib/python3.10/site-packages:${PYTHONPATH} /usr/bin/python3 -W ignore:setup.py install is deprecated -W ignore:easy_install command is deprecated setup.py egg_info --egg-base ../../../build/biguasim_main build --build-base /home/lh/Documents/joao_pessoa_2026/build/biguasim_main/build install --record /home/lh/Documents/joao_pessoa_2026/build/biguasim_main/install.log --single-version-externally-managed install_data
[1.087s] running egg_info
[1.088s] writing ../../../build/biguasim_main/biguasim_main.egg-info/PKG-INFO
[1.088s] writing dependency_links to ../../../build/biguasim_main/biguasim_main.egg-info/dependency_links.txt
[1.088s] writing entry points to ../../../build/biguasim_main/biguasim_main.egg-info/entry_points.txt
[1.088s] writing requirements to ../../../build/biguasim_main/biguasim_main.egg-info/requires.txt
[1.088s] writing top-level names to ../../../build/biguasim_main/biguasim_main.egg-info/top_level.txt
[1.089s] reading manifest file '../../../build/biguasim_main/biguasim_main.egg-info/SOURCES.txt'
[1.089s] writing manifest file '../../../build/biguasim_main/biguasim_main.egg-info/SOURCES.txt'
[1.089s] running build
[1.089s] running build_py
[1.089s] copying biguasim_main/ardubridge_node.py -> /home/lh/Documents/joao_pessoa_2026/build/biguasim_main/build/lib/biguasim_main
[1.089s] running install
[1.090s] running install_lib
[1.090s] copying /home/lh/Documents/joao_pessoa_2026/build/biguasim_main/build/lib/biguasim_main/ardubridge_node.py -> /home/lh/Documents/joao_pessoa_2026/install/biguasim_main/lib/python3.10/site-packages/biguasim_main
[1.090s] byte-compiling /home/lh/Documents/joao_pessoa_2026/install/biguasim_main/lib/python3.10/site-packages/biguasim_main/ardubridge_node.py to ardubridge_node.cpython-310.pyc
[1.091s] running install_data
[1.091s] running install_egg_info
[1.092s] removing '/home/lh/Documents/joao_pessoa_2026/install/biguasim_main/lib/python3.10/site-packages/biguasim_main-1.0.0-py3.10.egg-info' (and everything under it)
[1.092s] Copying ../../../build/biguasim_main/biguasim_main.egg-info to /home/lh/Documents/joao_pessoa_2026/install/biguasim_main/lib/python3.10/site-packages/biguasim_main-1.0.0-py3.10.egg-info
[1.092s] running install_scripts
[1.103s] Installing ardubridge_node script to /home/lh/Documents/joao_pessoa_2026/install/biguasim_main/lib/biguasim_main
[1.103s] Installing biguasim_node script to /home/lh/Documents/joao_pessoa_2026/install/biguasim_main/lib/biguasim_main
[1.103s] writing list of installed files to '/home/lh/Documents/joao_pessoa_2026/build/biguasim_main/install.log'
[1.213s] Invoked command in '/home/lh/Documents/joao_pessoa_2026/src/biguasim-ros2/biguasim_main' returned '0': CMAKE_PREFIX_PATH=/home/lh/Documents/joao_pessoa_2026/install/biguasim_interfaces:/home/lh/Documents/joao_pessoa_2026/install/hydrone_msgs:/home/lh/Documents/joao_pessoa_2026/install/ardupilot_sitl:/home/lh/Documents/joao_pessoa_2026/install/micro_ros_agent:/home/lh/Documents/joao_pessoa_2026/install/micro_ros_msgs:/home/lh/Documents/joao_pessoa_2026/install/ardupilot_msgs LD_LIBRARY_PATH=/home/lh/Documents/joao_pessoa_2026/install/biguasim_interfaces/lib:/home/lh/Documents/joao_pessoa_2026/install/hydrone_msgs/lib:/home/lh/Documents/joao_pessoa_2026/install/micro_ros_agent/lib:/home/lh/Documents/joao_pessoa_2026/install/micro_ros_msgs/lib:/home/lh/Documents/joao_pessoa_2026/install/ardupilot_msgs/lib:/opt/ros/humble/opt/rviz_ogre_vendor/lib:/opt/ros/humble/lib/x86_64-linux-gnu:/opt/ros/humble/lib PYTHONPATH=/home/lh/Documents/joao_pessoa_2026/build/biguasim_main/prefix_override:/usr/lib/python3/dist-packages/colcon_core/task/python/colcon_distutils_commands:/home/lh/Documents/joao_pessoa_2026/install/biguasim_main/lib/python3.10/site-packages:${PYTHONPATH} /usr/bin/python3 -W ignore:setup.py install is deprecated -W ignore:easy_install command is deprecated setup.py egg_info --egg-base ../../../build/biguasim_main build --build-base /home/lh/Documents/joao_pessoa_2026/build/biguasim_main/build install --record /home/lh/Documents/joao_pessoa_2026/build/biguasim_main/install.log --single-version-externally-managed install_data
