[0.673s] Invoking command in '/home/lh/Documents/joao_pessoa_2026/build/hydrone_mission': CMAKE_PREFIX_PATH=/home/lh/Documents/joao_pessoa_2026/install/hydrone_msgs:/home/lh/Documents/joao_pessoa_2026/install/ardupilot_sitl:/home/lh/Documents/joao_pessoa_2026/install/micro_ros_agent:/home/lh/Documents/joao_pessoa_2026/install/micro_ros_msgs:/home/lh/Documents/joao_pessoa_2026/install/biguasim_interfaces:/home/lh/Documents/joao_pessoa_2026/install/ardupilot_msgs LD_LIBRARY_PATH=/home/lh/Documents/joao_pessoa_2026/install/hydrone_msgs/lib:/home/lh/Documents/joao_pessoa_2026/install/micro_ros_agent/lib:/home/lh/Documents/joao_pessoa_2026/install/micro_ros_msgs/lib:/home/lh/Documents/joao_pessoa_2026/install/biguasim_interfaces/lib:/home/lh/Documents/joao_pessoa_2026/install/ardupilot_msgs/lib:/opt/ros/humble/opt/rviz_ogre_vendor/lib:/opt/ros/humble/lib/x86_64-linux-gnu:/opt/ros/humble/lib PYTHONPATH=/home/lh/Documents/joao_pessoa_2026/build/hydrone_mission/prefix_override:/usr/lib/python3/dist-packages/colcon_core/task/python/colcon_distutils_commands:/home/lh/Documents/joao_pessoa_2026/install/hydrone_mission/lib/python3.10/site-packages:${PYTHONPATH} /usr/bin/python3 -W ignore:setup.py install is deprecated -W ignore:easy_install command is deprecated setup.py develop --editable --build-directory /home/lh/Documents/joao_pessoa_2026/build/hydrone_mission/build --no-deps symlink_data
[0.802s] running develop
[0.880s] running egg_info
[0.880s] creating hydrone_mission.egg-info
[0.881s] writing hydrone_mission.egg-info/PKG-INFO
[0.881s] writing dependency_links to hydrone_mission.egg-info/dependency_links.txt
[0.881s] writing entry points to hydrone_mission.egg-info/entry_points.txt
[0.881s] writing requirements to hydrone_mission.egg-info/requires.txt
[0.881s] writing top-level names to hydrone_mission.egg-info/top_level.txt
[0.881s] writing manifest file 'hydrone_mission.egg-info/SOURCES.txt'
[0.882s] reading manifest file 'hydrone_mission.egg-info/SOURCES.txt'
[0.882s] writing manifest file 'hydrone_mission.egg-info/SOURCES.txt'
[0.882s] running build_ext
[0.882s] Creating /home/lh/Documents/joao_pessoa_2026/install/hydrone_mission/lib/python3.10/site-packages/hydrone-mission.egg-link (link to .)
[0.882s] Installing mission_node script to /home/lh/Documents/joao_pessoa_2026/install/hydrone_mission/bin
[0.883s] 
[0.883s] Installed /home/lh/Documents/joao_pessoa_2026/build/hydrone_mission
[0.883s] running symlink_data
[0.883s] creating /home/lh/Documents/joao_pessoa_2026/install/hydrone_mission/share/ament_index
[0.883s] creating /home/lh/Documents/joao_pessoa_2026/install/hydrone_mission/share/ament_index/resource_index
[0.883s] creating /home/lh/Documents/joao_pessoa_2026/install/hydrone_mission/share/ament_index/resource_index/packages
[0.883s] symbolically linking /home/lh/Documents/joao_pessoa_2026/build/hydrone_mission/resource/hydrone_mission -> /home/lh/Documents/joao_pessoa_2026/install/hydrone_mission/share/ament_index/resource_index/packages
[0.883s] symbolically linking /home/lh/Documents/joao_pessoa_2026/build/hydrone_mission/package.xml -> /home/lh/Documents/joao_pessoa_2026/install/hydrone_mission/share/hydrone_mission
[0.902s] Invoked command in '/home/lh/Documents/joao_pessoa_2026/build/hydrone_mission' returned '0': CMAKE_PREFIX_PATH=/home/lh/Documents/joao_pessoa_2026/install/hydrone_msgs:/home/lh/Documents/joao_pessoa_2026/install/ardupilot_sitl:/home/lh/Documents/joao_pessoa_2026/install/micro_ros_agent:/home/lh/Documents/joao_pessoa_2026/install/micro_ros_msgs:/home/lh/Documents/joao_pessoa_2026/install/biguasim_interfaces:/home/lh/Documents/joao_pessoa_2026/install/ardupilot_msgs LD_LIBRARY_PATH=/home/lh/Documents/joao_pessoa_2026/install/hydrone_msgs/lib:/home/lh/Documents/joao_pessoa_2026/install/micro_ros_agent/lib:/home/lh/Documents/joao_pessoa_2026/install/micro_ros_msgs/lib:/home/lh/Documents/joao_pessoa_2026/install/biguasim_interfaces/lib:/home/lh/Documents/joao_pessoa_2026/install/ardupilot_msgs/lib:/opt/ros/humble/opt/rviz_ogre_vendor/lib:/opt/ros/humble/lib/x86_64-linux-gnu:/opt/ros/humble/lib PYTHONPATH=/home/lh/Documents/joao_pessoa_2026/build/hydrone_mission/prefix_override:/usr/lib/python3/dist-packages/colcon_core/task/python/colcon_distutils_commands:/home/lh/Documents/joao_pessoa_2026/install/hydrone_mission/lib/python3.10/site-packages:${PYTHONPATH} /usr/bin/python3 -W ignore:setup.py install is deprecated -W ignore:easy_install command is deprecated setup.py develop --editable --build-directory /home/lh/Documents/joao_pessoa_2026/build/hydrone_mission/build --no-deps symlink_data
