[0.726s] Invoking command in '/home/lh/Documents/joao_pessoa_2026/build/hydrone_mission': AMENT_PREFIX_PATH=/home/lh/Documents/joao_pessoa_2026/install/hydrone_msgs:${AMENT_PREFIX_PATH} CMAKE_PREFIX_PATH=/home/lh/Documents/joao_pessoa_2026/install/hydrone_msgs:${CMAKE_PREFIX_PATH} LD_LIBRARY_PATH=/home/lh/Documents/joao_pessoa_2026/install/hydrone_msgs/lib:${LD_LIBRARY_PATH} PYTHONPATH=/home/lh/Documents/joao_pessoa_2026/build/hydrone_mission/prefix_override:/usr/lib/python3/dist-packages/colcon_core/task/python/colcon_distutils_commands:/home/lh/Documents/joao_pessoa_2026/install/hydrone_mission/lib/python3.10/site-packages:/home/lh/Documents/joao_pessoa_2026/install/hydrone_msgs/local/lib/python3.10/dist-packages:${PYTHONPATH} /usr/bin/python3 -W ignore:setup.py install is deprecated -W ignore:easy_install command is deprecated setup.py develop --editable --build-directory /home/lh/Documents/joao_pessoa_2026/build/hydrone_mission/build --no-deps symlink_data
[0.841s] running develop
[0.916s] running egg_info
[0.916s] creating hydrone_mission.egg-info
[0.916s] writing hydrone_mission.egg-info/PKG-INFO
[0.916s] writing dependency_links to hydrone_mission.egg-info/dependency_links.txt
[0.916s] writing entry points to hydrone_mission.egg-info/entry_points.txt
[0.916s] writing requirements to hydrone_mission.egg-info/requires.txt
[0.916s] writing top-level names to hydrone_mission.egg-info/top_level.txt
[0.916s] writing manifest file 'hydrone_mission.egg-info/SOURCES.txt'
[0.917s] reading manifest file 'hydrone_mission.egg-info/SOURCES.txt'
[0.917s] writing manifest file 'hydrone_mission.egg-info/SOURCES.txt'
[0.918s] running build_ext
[0.918s] Creating /home/lh/Documents/joao_pessoa_2026/install/hydrone_mission/lib/python3.10/site-packages/hydrone-mission.egg-link (link to .)
[0.918s] Installing mission_node script to /home/lh/Documents/joao_pessoa_2026/install/hydrone_mission/bin
[0.918s] 
[0.918s] Installed /home/lh/Documents/joao_pessoa_2026/build/hydrone_mission
[0.918s] running symlink_data
[0.918s] creating /home/lh/Documents/joao_pessoa_2026/install/hydrone_mission/share/ament_index
[0.918s] creating /home/lh/Documents/joao_pessoa_2026/install/hydrone_mission/share/ament_index/resource_index
[0.918s] creating /home/lh/Documents/joao_pessoa_2026/install/hydrone_mission/share/ament_index/resource_index/packages
[0.918s] symbolically linking /home/lh/Documents/joao_pessoa_2026/build/hydrone_mission/resource/hydrone_mission -> /home/lh/Documents/joao_pessoa_2026/install/hydrone_mission/share/ament_index/resource_index/packages
[0.918s] symbolically linking /home/lh/Documents/joao_pessoa_2026/build/hydrone_mission/package.xml -> /home/lh/Documents/joao_pessoa_2026/install/hydrone_mission/share/hydrone_mission
[0.930s] Invoked command in '/home/lh/Documents/joao_pessoa_2026/build/hydrone_mission' returned '0': AMENT_PREFIX_PATH=/home/lh/Documents/joao_pessoa_2026/install/hydrone_msgs:${AMENT_PREFIX_PATH} CMAKE_PREFIX_PATH=/home/lh/Documents/joao_pessoa_2026/install/hydrone_msgs:${CMAKE_PREFIX_PATH} LD_LIBRARY_PATH=/home/lh/Documents/joao_pessoa_2026/install/hydrone_msgs/lib:${LD_LIBRARY_PATH} PYTHONPATH=/home/lh/Documents/joao_pessoa_2026/build/hydrone_mission/prefix_override:/usr/lib/python3/dist-packages/colcon_core/task/python/colcon_distutils_commands:/home/lh/Documents/joao_pessoa_2026/install/hydrone_mission/lib/python3.10/site-packages:/home/lh/Documents/joao_pessoa_2026/install/hydrone_msgs/local/lib/python3.10/dist-packages:${PYTHONPATH} /usr/bin/python3 -W ignore:setup.py install is deprecated -W ignore:easy_install command is deprecated setup.py develop --editable --build-directory /home/lh/Documents/joao_pessoa_2026/build/hydrone_mission/build --no-deps symlink_data
