[0.007s] Invoking command in '/home/lh/Documents/joao_pessoa_2026/build/biguasim_interfaces': CMAKE_PREFIX_PATH=${CMAKE_PREFIX_PATH}:/home/lh/Documents/joao_pessoa_2026/install/ardupilot_dds_tests:/home/lh/Documents/joao_pessoa_2026/install/biguasim_main:/opt/ros/humble /usr/bin/cmake /home/lh/Documents/joao_pessoa_2026/src/biguasim-ros2/biguasim_interfaces -DAMENT_CMAKE_SYMLINK_INSTALL=1 -DCMAKE_INSTALL_PREFIX=/home/lh/Documents/joao_pessoa_2026/install/biguasim_interfaces
[0.042s] -- The C compiler identification is GNU 11.4.0
[0.074s] -- The CXX compiler identification is GNU 11.4.0
[0.079s] -- Detecting C compiler ABI info
[0.114s] -- Detecting C compiler ABI info - done
[0.119s] -- Check for working C compiler: /usr/lib/ccache/cc - skipped
[0.119s] -- Detecting C compile features
[0.120s] -- Detecting C compile features - done
[0.122s] -- Detecting CXX compiler ABI info
[0.171s] -- Detecting CXX compiler ABI info - done
[0.174s] -- Check for working CXX compiler: /usr/lib/ccache/c++ - skipped
[0.175s] -- Detecting CXX compile features
[0.175s] -- Detecting CXX compile features - done
[0.176s] -- Found ament_cmake: 1.3.14 (/opt/ros/humble/share/ament_cmake/cmake)
[0.262s] -- Found Python3: /usr/bin/python3 (found version "3.10.12") found components: Interpreter 
[0.295s] -- Override CMake install command with custom implementation using symlinks instead of copying resources
[0.304s] -- Found rosidl_default_generators: 1.2.1 (/opt/ros/humble/share/rosidl_default_generators/cmake)
[0.305s] -- Using all available rosidl_typesupport_c: rosidl_typesupport_fastrtps_c;rosidl_typesupport_introspection_c
[0.308s] -- Found rosidl_adapter: 3.1.8 (/opt/ros/humble/share/rosidl_adapter/cmake)
[0.325s] -- Using all available rosidl_typesupport_cpp: rosidl_typesupport_fastrtps_cpp;rosidl_typesupport_introspection_cpp
[0.340s] -- Found std_msgs: 4.9.1 (/opt/ros/humble/share/std_msgs/cmake)
[0.351s] -- Found sensor_msgs: 4.9.1 (/opt/ros/humble/share/sensor_msgs/cmake)
[0.364s] -- Found ament_lint_auto: 0.12.15 (/opt/ros/humble/share/ament_lint_auto/cmake)
[0.522s] -- Found ament_cmake_ros: 0.10.0 (/opt/ros/humble/share/ament_cmake_ros/cmake)
[0.669s] -- Using all available rosidl_typesupport_c: rosidl_typesupport_fastrtps_c;rosidl_typesupport_introspection_c
[0.856s] -- Using all available rosidl_typesupport_cpp: rosidl_typesupport_fastrtps_cpp;rosidl_typesupport_introspection_cpp
[0.873s] -- Found PythonInterp: /usr/bin/python3 (found suitable version "3.10.12", minimum required is "3.6") 
[0.873s] -- Found python_cmake_module: 0.10.0 (/opt/ros/humble/share/python_cmake_module/cmake)
[0.890s] -- Found PythonLibs: /usr/lib/x86_64-linux-gnu/libpython3.10.so (found suitable version "3.10.12", minimum required is "3.5") 
[0.890s] -- Using PYTHON_EXECUTABLE: /usr/bin/python3
[0.890s] -- Using PYTHON_INCLUDE_DIRS: /usr/include/python3.10
[0.890s] -- Using PYTHON_LIBRARIES: /usr/lib/x86_64-linux-gnu/libpython3.10.so
[0.901s] -- Found PythonExtra: .so  
[0.991s] -- Added test 'lint_cmake' to check CMake code style
[0.991s] -- Added test 'xmllint' to check XML markup files
[0.995s] -- Configuring done
[1.023s] -- Generating done
[1.032s] -- Build files have been written to: /home/lh/Documents/joao_pessoa_2026/build/biguasim_interfaces
[1.042s] Invoked command in '/home/lh/Documents/joao_pessoa_2026/build/biguasim_interfaces' returned '0': CMAKE_PREFIX_PATH=${CMAKE_PREFIX_PATH}:/home/lh/Documents/joao_pessoa_2026/install/ardupilot_dds_tests:/home/lh/Documents/joao_pessoa_2026/install/biguasim_main:/opt/ros/humble /usr/bin/cmake /home/lh/Documents/joao_pessoa_2026/src/biguasim-ros2/biguasim_interfaces -DAMENT_CMAKE_SYMLINK_INSTALL=1 -DCMAKE_INSTALL_PREFIX=/home/lh/Documents/joao_pessoa_2026/install/biguasim_interfaces
[1.042s] Invoking command in '/home/lh/Documents/joao_pessoa_2026/build/biguasim_interfaces': CMAKE_PREFIX_PATH=${CMAKE_PREFIX_PATH}:/home/lh/Documents/joao_pessoa_2026/install/ardupilot_dds_tests:/home/lh/Documents/joao_pessoa_2026/install/biguasim_main:/opt/ros/humble /usr/bin/cmake --build /home/lh/Documents/joao_pessoa_2026/build/biguasim_interfaces -- -j32 -l32
[1.068s] [  2%] [34m[1mGenerating C code for ROS interfaces[0m
[1.073s] [  5%] [34m[1mGenerating Rust code for ROS interfaces[0m
[1.074s] [  7%] [34m[1mGenerating C++ code for ROS interfaces[0m
[1.083s] [  7%] Built target ament_cmake_python_symlink_biguasim_interfaces
[1.211s] running egg_info
[1.211s] creating biguasim_interfaces.egg-info
[1.211s] writing biguasim_interfaces.egg-info/PKG-INFO
[1.211s] writing dependency_links to biguasim_interfaces.egg-info/dependency_links.txt
[1.211s] writing top-level names to biguasim_interfaces.egg-info/top_level.txt
[1.211s] writing manifest file 'biguasim_interfaces.egg-info/SOURCES.txt'
[1.213s] reading manifest file 'biguasim_interfaces.egg-info/SOURCES.txt'
[1.213s] writing manifest file 'biguasim_interfaces.egg-info/SOURCES.txt'
[1.235s] [  7%] Built target ament_cmake_python_build_biguasim_interfaces_egg
[1.243s] [ 12%] [32mBuilding C object CMakeFiles/biguasim_interfaces__rosidl_generator_c.dir/rosidl_generator_c/biguasim_interfaces/msg/detail/imaging_sonar__functions.c.o[0m
[1.243s] [ 12%] [32mBuilding C object CMakeFiles/biguasim_interfaces__rosidl_generator_c.dir/rosidl_generator_c/biguasim_interfaces/msg/detail/dvl_sensor_range__functions.c.o[0m
[1.288s] [ 15%] [32m[1mLinking C shared library libbiguasim_interfaces__rosidl_generator_c.so[0m
[1.309s] [ 15%] Built target biguasim_interfaces__rosidl_generator_c
[1.316s] [ 20%] [34m[1mGenerating C type support for eProsima Fast-RTPS[0m
[1.316s] [ 20%] [34m[1mGenerating C type support dispatch for ROS interfaces[0m
[1.316s] [ 22%] [34m[1mGenerating C introspection for ROS interfaces[0m
[1.322s] [ 22%] Built target biguasim_interfaces__rs
[1.359s] [ 22%] Built target biguasim_interfaces__cpp
[1.364s] [ 27%] [34m[1mGenerating C++ type support for eProsima Fast-RTPS[0m
[1.364s] [ 27%] [34m[1mGenerating C++ introspection for ROS interfaces[0m
[1.366s] [ 30%] [34m[1mGenerating C++ type support dispatch for ROS interfaces[0m
[1.509s] [ 32%] [32mBuilding CXX object CMakeFiles/biguasim_interfaces__rosidl_typesupport_fastrtps_c.dir/rosidl_typesupport_fastrtps_c/biguasim_interfaces/msg/detail/dvl_sensor_range__type_support_c.cpp.o[0m
[1.511s] [ 35%] [32mBuilding CXX object CMakeFiles/biguasim_interfaces__rosidl_typesupport_fastrtps_c.dir/rosidl_typesupport_fastrtps_c/biguasim_interfaces/msg/detail/imaging_sonar__type_support_c.cpp.o[0m
[1.542s] [ 37%] [32mBuilding CXX object CMakeFiles/biguasim_interfaces__rosidl_typesupport_introspection_cpp.dir/rosidl_typesupport_introspection_cpp/biguasim_interfaces/msg/detail/imaging_sonar__type_support.cpp.o[0m
[1.542s] [ 40%] [32mBuilding CXX object CMakeFiles/biguasim_interfaces__rosidl_typesupport_introspection_cpp.dir/rosidl_typesupport_introspection_cpp/biguasim_interfaces/msg/detail/dvl_sensor_range__type_support.cpp.o[0m
[1.550s] [ 42%] [32mBuilding CXX object CMakeFiles/biguasim_interfaces__rosidl_typesupport_c.dir/rosidl_typesupport_c/biguasim_interfaces/msg/imaging_sonar__type_support.cpp.o[0m
[1.550s] [ 45%] [32mBuilding CXX object CMakeFiles/biguasim_interfaces__rosidl_typesupport_c.dir/rosidl_typesupport_c/biguasim_interfaces/msg/dvl_sensor_range__type_support.cpp.o[0m
[1.563s] [ 47%] [32mBuilding CXX object CMakeFiles/biguasim_interfaces__rosidl_typesupport_fastrtps_cpp.dir/rosidl_typesupport_fastrtps_cpp/biguasim_interfaces/msg/detail/dds_fastrtps/dvl_sensor_range__type_support.cpp.o[0m
[1.563s] [ 50%] [32mBuilding CXX object CMakeFiles/biguasim_interfaces__rosidl_typesupport_fastrtps_cpp.dir/rosidl_typesupport_fastrtps_cpp/biguasim_interfaces/msg/detail/dds_fastrtps/imaging_sonar__type_support.cpp.o[0m
[1.584s] [ 52%] [32m[1mLinking CXX shared library libbiguasim_interfaces__rosidl_typesupport_c.so[0m
[1.601s] [ 55%] [32mBuilding C object CMakeFiles/biguasim_interfaces__rosidl_typesupport_introspection_c.dir/rosidl_typesupport_introspection_c/biguasim_interfaces/msg/detail/dvl_sensor_range__type_support.c.o[0m
[1.601s] [ 57%] [32mBuilding C object CMakeFiles/biguasim_interfaces__rosidl_typesupport_introspection_c.dir/rosidl_typesupport_introspection_c/biguasim_interfaces/msg/detail/imaging_sonar__type_support.c.o[0m
[1.617s] [ 57%] Built target biguasim_interfaces__rosidl_typesupport_c
[1.629s] [ 60%] [32mBuilding CXX object CMakeFiles/biguasim_interfaces__rosidl_typesupport_cpp.dir/rosidl_typesupport_cpp/biguasim_interfaces/msg/imaging_sonar__type_support.cpp.o[0m
[1.631s] [ 62%] [32m[1mLinking C shared library libbiguasim_interfaces__rosidl_typesupport_introspection_c.so[0m
[1.631s] [ 65%] [32mBuilding CXX object CMakeFiles/biguasim_interfaces__rosidl_typesupport_cpp.dir/rosidl_typesupport_cpp/biguasim_interfaces/msg/dvl_sensor_range__type_support.cpp.o[0m
[1.654s] [ 65%] Built target biguasim_interfaces__rosidl_typesupport_introspection_c
[1.846s] [ 67%] [32m[1mLinking CXX shared library libbiguasim_interfaces__rosidl_typesupport_fastrtps_c.so[0m
[1.894s] [ 70%] [32m[1mLinking CXX shared library libbiguasim_interfaces__rosidl_typesupport_cpp.so[0m
[1.894s] [ 70%] Built target biguasim_interfaces__rosidl_typesupport_fastrtps_c
[1.904s] [ 72%] [32m[1mLinking CXX shared library libbiguasim_interfaces__rosidl_typesupport_introspection_cpp.so[0m
[1.932s] [ 72%] Built target biguasim_interfaces__rosidl_typesupport_cpp
[1.948s] [ 75%] [32m[1mLinking CXX shared library libbiguasim_interfaces__rosidl_typesupport_fastrtps_cpp.so[0m
[1.977s] [ 75%] Built target biguasim_interfaces__rosidl_typesupport_introspection_cpp
[2.017s] [ 75%] Built target biguasim_interfaces__rosidl_typesupport_fastrtps_cpp
[2.031s] [ 75%] Built target biguasim_interfaces
[2.050s] [ 77%] [34m[1mGenerating Python code for ROS interfaces[0m
[2.499s] [ 77%] Built target biguasim_interfaces__py
[2.509s] [ 80%] [32mBuilding C object CMakeFiles/biguasim_interfaces__rosidl_generator_py.dir/rosidl_generator_py/biguasim_interfaces/msg/_dvl_sensor_range_s.c.o[0m
[2.509s] [ 82%] [32mBuilding C object CMakeFiles/biguasim_interfaces__rosidl_generator_py.dir/rosidl_generator_py/biguasim_interfaces/msg/_imaging_sonar_s.c.o[0m
[2.617s] [ 85%] [32m[1mLinking C shared library rosidl_generator_py/biguasim_interfaces/libbiguasim_interfaces__rosidl_generator_py.so[0m
[2.639s] [ 85%] Built target biguasim_interfaces__rosidl_generator_py
[2.650s] [ 87%] [32mBuilding C object CMakeFiles/biguasim_interfaces__rosidl_typesupport_c__pyext.dir/rosidl_generator_py/biguasim_interfaces/_biguasim_interfaces_s.ep.rosidl_typesupport_c.c.o[0m
[2.651s] [ 90%] [32mBuilding C object CMakeFiles/biguasim_interfaces__rosidl_typesupport_introspection_c__pyext.dir/rosidl_generator_py/biguasim_interfaces/_biguasim_interfaces_s.ep.rosidl_typesupport_introspection_c.c.o[0m
[2.653s] [ 92%] [32mBuilding C object CMakeFiles/biguasim_interfaces__rosidl_typesupport_fastrtps_c__pyext.dir/rosidl_generator_py/biguasim_interfaces/_biguasim_interfaces_s.ep.rosidl_typesupport_fastrtps_c.c.o[0m
[2.747s] [ 95%] [32m[1mLinking C shared library rosidl_generator_py/biguasim_interfaces/biguasim_interfaces_s__rosidl_typesupport_c.cpython-310-x86_64-linux-gnu.so[0m
[2.756s] [ 97%] [32m[1mLinking C shared library rosidl_generator_py/biguasim_interfaces/biguasim_interfaces_s__rosidl_typesupport_fastrtps_c.cpython-310-x86_64-linux-gnu.so[0m
[2.762s] [100%] [32m[1mLinking C shared library rosidl_generator_py/biguasim_interfaces/biguasim_interfaces_s__rosidl_typesupport_introspection_c.cpython-310-x86_64-linux-gnu.so[0m
[2.779s] [100%] Built target biguasim_interfaces__rosidl_typesupport_c__pyext
[2.781s] [100%] Built target biguasim_interfaces__rosidl_typesupport_fastrtps_c__pyext
[2.792s] [100%] Built target biguasim_interfaces__rosidl_typesupport_introspection_c__pyext
[2.800s] Invoked command in '/home/lh/Documents/joao_pessoa_2026/build/biguasim_interfaces' returned '0': CMAKE_PREFIX_PATH=${CMAKE_PREFIX_PATH}:/home/lh/Documents/joao_pessoa_2026/install/ardupilot_dds_tests:/home/lh/Documents/joao_pessoa_2026/install/biguasim_main:/opt/ros/humble /usr/bin/cmake --build /home/lh/Documents/joao_pessoa_2026/build/biguasim_interfaces -- -j32 -l32
[2.801s] Invoking command in '/home/lh/Documents/joao_pessoa_2026/build/biguasim_interfaces': CMAKE_PREFIX_PATH=${CMAKE_PREFIX_PATH}:/home/lh/Documents/joao_pessoa_2026/install/ardupilot_dds_tests:/home/lh/Documents/joao_pessoa_2026/install/biguasim_main:/opt/ros/humble /usr/bin/cmake --install /home/lh/Documents/joao_pessoa_2026/build/biguasim_interfaces
[2.806s] -- Install configuration: ""
[2.806s] -- Execute custom install script
[2.807s] -- Symlinking: /home/lh/Documents/joao_pessoa_2026/install/biguasim_interfaces/share/ament_index/resource_index/rosidl_interfaces/biguasim_interfaces
[2.812s] -- Symlinking: /home/lh/Documents/joao_pessoa_2026/install/biguasim_interfaces/include/biguasim_interfaces/biguasim_interfaces/msg/detail/dvl_sensor_range__functions.h
[2.817s] -- Symlinking: /home/lh/Documents/joao_pessoa_2026/install/biguasim_interfaces/include/biguasim_interfaces/biguasim_interfaces/msg/detail/dvl_sensor_range__struct.h
[2.822s] -- Symlinking: /home/lh/Documents/joao_pessoa_2026/install/biguasim_interfaces/include/biguasim_interfaces/biguasim_interfaces/msg/detail/dvl_sensor_range__type_support.h
[2.828s] -- Symlinking: /home/lh/Documents/joao_pessoa_2026/install/biguasim_interfaces/include/biguasim_interfaces/biguasim_interfaces/msg/detail/imaging_sonar__functions.h
[2.833s] -- Symlinking: /home/lh/Documents/joao_pessoa_2026/install/biguasim_interfaces/include/biguasim_interfaces/biguasim_interfaces/msg/detail/imaging_sonar__struct.h
[2.838s] -- Symlinking: /home/lh/Documents/joao_pessoa_2026/install/biguasim_interfaces/include/biguasim_interfaces/biguasim_interfaces/msg/detail/imaging_sonar__type_support.h
[2.844s] -- Symlinking: /home/lh/Documents/joao_pessoa_2026/install/biguasim_interfaces/include/biguasim_interfaces/biguasim_interfaces/msg/dvl_sensor_range.h
[2.849s] -- Symlinking: /home/lh/Documents/joao_pessoa_2026/install/biguasim_interfaces/include/biguasim_interfaces/biguasim_interfaces/msg/imaging_sonar.h
[2.854s] -- Symlinking: /home/lh/Documents/joao_pessoa_2026/install/biguasim_interfaces/include/biguasim_interfaces/biguasim_interfaces/msg/rosidl_generator_c__visibility_control.h
[2.860s] -- Symlinking: /home/lh/Documents/joao_pessoa_2026/install/biguasim_interfaces/share/biguasim_interfaces/environment/library_path.sh
[2.865s] -- Symlinking: /home/lh/Documents/joao_pessoa_2026/install/biguasim_interfaces/share/biguasim_interfaces/environment/library_path.dsv
[2.870s] -- Symlinking: /home/lh/Documents/joao_pessoa_2026/install/biguasim_interfaces/include/biguasim_interfaces/biguasim_interfaces/msg/detail/dvl_sensor_range__rosidl_typesupport_fastrtps_c.h
[2.875s] -- Symlinking: /home/lh/Documents/joao_pessoa_2026/install/biguasim_interfaces/include/biguasim_interfaces/biguasim_interfaces/msg/detail/imaging_sonar__rosidl_typesupport_fastrtps_c.h
[2.879s] -- Symlinking: /home/lh/Documents/joao_pessoa_2026/install/biguasim_interfaces/include/biguasim_interfaces/biguasim_interfaces/msg/rosidl_typesupport_fastrtps_c__visibility_control.h
[2.884s] -- Symlinking: /home/lh/Documents/joao_pessoa_2026/install/biguasim_interfaces/include/biguasim_interfaces/biguasim_interfaces/msg/detail/dvl_sensor_range__rosidl_typesupport_introspection_c.h
[2.890s] -- Symlinking: /home/lh/Documents/joao_pessoa_2026/install/biguasim_interfaces/include/biguasim_interfaces/biguasim_interfaces/msg/detail/imaging_sonar__rosidl_typesupport_introspection_c.h
[2.894s] -- Symlinking: /home/lh/Documents/joao_pessoa_2026/install/biguasim_interfaces/include/biguasim_interfaces/biguasim_interfaces/msg/rosidl_typesupport_introspection_c__visibility_control.h
[2.899s] -- Symlinking: /home/lh/Documents/joao_pessoa_2026/install/biguasim_interfaces/include/biguasim_interfaces/biguasim_interfaces/msg/detail/dvl_sensor_range__builder.hpp
[2.904s] -- Symlinking: /home/lh/Documents/joao_pessoa_2026/install/biguasim_interfaces/include/biguasim_interfaces/biguasim_interfaces/msg/detail/dvl_sensor_range__struct.hpp
[2.910s] -- Symlinking: /home/lh/Documents/joao_pessoa_2026/install/biguasim_interfaces/include/biguasim_interfaces/biguasim_interfaces/msg/detail/dvl_sensor_range__traits.hpp
[2.915s] -- Symlinking: /home/lh/Documents/joao_pessoa_2026/install/biguasim_interfaces/include/biguasim_interfaces/biguasim_interfaces/msg/detail/dvl_sensor_range__type_support.hpp
[2.920s] -- Symlinking: /home/lh/Documents/joao_pessoa_2026/install/biguasim_interfaces/include/biguasim_interfaces/biguasim_interfaces/msg/detail/imaging_sonar__builder.hpp
[2.925s] -- Symlinking: /home/lh/Documents/joao_pessoa_2026/install/biguasim_interfaces/include/biguasim_interfaces/biguasim_interfaces/msg/detail/imaging_sonar__struct.hpp
[2.930s] -- Symlinking: /home/lh/Documents/joao_pessoa_2026/install/biguasim_interfaces/include/biguasim_interfaces/biguasim_interfaces/msg/detail/imaging_sonar__traits.hpp
[2.935s] -- Symlinking: /home/lh/Documents/joao_pessoa_2026/install/biguasim_interfaces/include/biguasim_interfaces/biguasim_interfaces/msg/detail/imaging_sonar__type_support.hpp
[2.940s] -- Symlinking: /home/lh/Documents/joao_pessoa_2026/install/biguasim_interfaces/include/biguasim_interfaces/biguasim_interfaces/msg/dvl_sensor_range.hpp
[2.944s] -- Symlinking: /home/lh/Documents/joao_pessoa_2026/install/biguasim_interfaces/include/biguasim_interfaces/biguasim_interfaces/msg/imaging_sonar.hpp
[2.948s] -- Symlinking: /home/lh/Documents/joao_pessoa_2026/install/biguasim_interfaces/include/biguasim_interfaces/biguasim_interfaces/msg/rosidl_generator_cpp__visibility_control.hpp
[2.953s] -- Symlinking: /home/lh/Documents/joao_pessoa_2026/install/biguasim_interfaces/include/biguasim_interfaces/biguasim_interfaces/msg/detail/dvl_sensor_range__rosidl_typesupport_fastrtps_cpp.hpp
[2.958s] -- Symlinking: /home/lh/Documents/joao_pessoa_2026/install/biguasim_interfaces/include/biguasim_interfaces/biguasim_interfaces/msg/detail/imaging_sonar__rosidl_typesupport_fastrtps_cpp.hpp
[2.963s] -- Symlinking: /home/lh/Documents/joao_pessoa_2026/install/biguasim_interfaces/include/biguasim_interfaces/biguasim_interfaces/msg/rosidl_typesupport_fastrtps_cpp__visibility_control.h
[2.968s] -- Symlinking: /home/lh/Documents/joao_pessoa_2026/install/biguasim_interfaces/include/biguasim_interfaces/biguasim_interfaces/msg/detail/dvl_sensor_range__rosidl_typesupport_introspection_cpp.hpp
[2.973s] -- Symlinking: /home/lh/Documents/joao_pessoa_2026/install/biguasim_interfaces/include/biguasim_interfaces/biguasim_interfaces/msg/detail/imaging_sonar__rosidl_typesupport_introspection_cpp.hpp
[2.978s] -- Symlinking: /home/lh/Documents/joao_pessoa_2026/install/biguasim_interfaces/share/biguasim_interfaces/environment/pythonpath.sh
[2.981s] -- Symlinking: /home/lh/Documents/joao_pessoa_2026/install/biguasim_interfaces/share/biguasim_interfaces/environment/pythonpath.dsv
[2.986s] -- Symlinking: /home/lh/Documents/joao_pessoa_2026/install/biguasim_interfaces/local/lib/python3.10/dist-packages/biguasim_interfaces-0.0.0-py3.10.egg-info/PKG-INFO
[2.990s] -- Symlinking: /home/lh/Documents/joao_pessoa_2026/install/biguasim_interfaces/local/lib/python3.10/dist-packages/biguasim_interfaces-0.0.0-py3.10.egg-info/SOURCES.txt
[2.995s] -- Symlinking: /home/lh/Documents/joao_pessoa_2026/install/biguasim_interfaces/local/lib/python3.10/dist-packages/biguasim_interfaces-0.0.0-py3.10.egg-info/dependency_links.txt
[3.000s] -- Symlinking: /home/lh/Documents/joao_pessoa_2026/install/biguasim_interfaces/local/lib/python3.10/dist-packages/biguasim_interfaces-0.0.0-py3.10.egg-info/top_level.txt
[3.006s] -- Symlinking: /home/lh/Documents/joao_pessoa_2026/install/biguasim_interfaces/local/lib/python3.10/dist-packages/biguasim_interfaces/__init__.py
[3.011s] -- Symlinking: /home/lh/Documents/joao_pessoa_2026/install/biguasim_interfaces/local/lib/python3.10/dist-packages/biguasim_interfaces/_biguasim_interfaces_s.ep.rosidl_typesupport_c.c
[3.016s] -- Symlinking: /home/lh/Documents/joao_pessoa_2026/install/biguasim_interfaces/local/lib/python3.10/dist-packages/biguasim_interfaces/_biguasim_interfaces_s.ep.rosidl_typesupport_fastrtps_c.c
[3.022s] -- Symlinking: /home/lh/Documents/joao_pessoa_2026/install/biguasim_interfaces/local/lib/python3.10/dist-packages/biguasim_interfaces/_biguasim_interfaces_s.ep.rosidl_typesupport_introspection_c.c
[3.027s] -- Symlinking: /home/lh/Documents/joao_pessoa_2026/install/biguasim_interfaces/local/lib/python3.10/dist-packages/biguasim_interfaces/biguasim_interfaces_s__rosidl_typesupport_c.cpython-310-x86_64-linux-gnu.so
[3.033s] -- Symlinking: /home/lh/Documents/joao_pessoa_2026/install/biguasim_interfaces/local/lib/python3.10/dist-packages/biguasim_interfaces/biguasim_interfaces_s__rosidl_typesupport_fastrtps_c.cpython-310-x86_64-linux-gnu.so
[3.037s] -- Symlinking: /home/lh/Documents/joao_pessoa_2026/install/biguasim_interfaces/local/lib/python3.10/dist-packages/biguasim_interfaces/biguasim_interfaces_s__rosidl_typesupport_introspection_c.cpython-310-x86_64-linux-gnu.so
[3.041s] -- Symlinking: /home/lh/Documents/joao_pessoa_2026/install/biguasim_interfaces/local/lib/python3.10/dist-packages/biguasim_interfaces/libbiguasim_interfaces__rosidl_generator_py.so
[3.046s] -- Symlinking: /home/lh/Documents/joao_pessoa_2026/install/biguasim_interfaces/local/lib/python3.10/dist-packages/biguasim_interfaces/msg/__init__.py
[3.052s] -- Symlinking: /home/lh/Documents/joao_pessoa_2026/install/biguasim_interfaces/local/lib/python3.10/dist-packages/biguasim_interfaces/msg/_dvl_sensor_range.py
[3.057s] -- Symlinking: /home/lh/Documents/joao_pessoa_2026/install/biguasim_interfaces/local/lib/python3.10/dist-packages/biguasim_interfaces/msg/_dvl_sensor_range_s.c
[3.063s] -- Symlinking: /home/lh/Documents/joao_pessoa_2026/install/biguasim_interfaces/local/lib/python3.10/dist-packages/biguasim_interfaces/msg/_imaging_sonar.py
[3.069s] -- Symlinking: /home/lh/Documents/joao_pessoa_2026/install/biguasim_interfaces/local/lib/python3.10/dist-packages/biguasim_interfaces/msg/_imaging_sonar_s.c
[3.075s] -- Up-to-date symlink: /home/lh/Documents/joao_pessoa_2026/install/biguasim_interfaces/local/lib/python3.10/dist-packages/biguasim_interfaces/biguasim_interfaces_s__rosidl_typesupport_fastrtps_c.cpython-310-x86_64-linux-gnu.so
[3.075s] -- Up-to-date symlink: /home/lh/Documents/joao_pessoa_2026/install/biguasim_interfaces/local/lib/python3.10/dist-packages/biguasim_interfaces/biguasim_interfaces_s__rosidl_typesupport_introspection_c.cpython-310-x86_64-linux-gnu.so
[3.075s] -- Up-to-date symlink: /home/lh/Documents/joao_pessoa_2026/install/biguasim_interfaces/local/lib/python3.10/dist-packages/biguasim_interfaces/biguasim_interfaces_s__rosidl_typesupport_c.cpython-310-x86_64-linux-gnu.so
[3.075s] -- Symlinking: /home/lh/Documents/joao_pessoa_2026/install/biguasim_interfaces/share/ament_index/resource_index/rust_packages/biguasim_interfaces
[3.082s] -- Symlinking: /home/lh/Documents/joao_pessoa_2026/install/biguasim_interfaces/share/biguasim_interfaces/rust/Cargo.toml
[3.088s] -- Symlinking: /home/lh/Documents/joao_pessoa_2026/install/biguasim_interfaces/share/biguasim_interfaces/rust/build.rs
[3.094s] -- Symlinking: /home/lh/Documents/joao_pessoa_2026/install/biguasim_interfaces/share/biguasim_interfaces/rust/src/lib.rs
[3.100s] -- Symlinking: /home/lh/Documents/joao_pessoa_2026/install/biguasim_interfaces/share/biguasim_interfaces/rust/src/msg.rs
[3.106s] -- Symlinking: /home/lh/Documents/joao_pessoa_2026/install/biguasim_interfaces/share/biguasim_interfaces/rust/src/msg/rmw.rs
[3.112s] -- Symlinking: /home/lh/Documents/joao_pessoa_2026/install/biguasim_interfaces/share/biguasim_interfaces/msg/DVLSensorRange.idl
[3.117s] -- Symlinking: /home/lh/Documents/joao_pessoa_2026/install/biguasim_interfaces/share/biguasim_interfaces/msg/ImagingSonar.idl
[3.124s] -- Symlinking: /home/lh/Documents/joao_pessoa_2026/install/biguasim_interfaces/share/biguasim_interfaces/msg/DVLSensorRange.msg
[3.130s] -- Symlinking: /home/lh/Documents/joao_pessoa_2026/install/biguasim_interfaces/share/biguasim_interfaces/msg/ImagingSonar.msg
[3.136s] -- Symlinking: /home/lh/Documents/joao_pessoa_2026/install/biguasim_interfaces/share/ament_index/resource_index/package_run_dependencies/biguasim_interfaces
[3.141s] -- Symlinking: /home/lh/Documents/joao_pessoa_2026/install/biguasim_interfaces/share/ament_index/resource_index/parent_prefix_path/biguasim_interfaces
[3.147s] -- Symlinking: /home/lh/Documents/joao_pessoa_2026/install/biguasim_interfaces/share/biguasim_interfaces/environment/ament_prefix_path.sh
[3.150s] -- Symlinking: /home/lh/Documents/joao_pessoa_2026/install/biguasim_interfaces/share/biguasim_interfaces/environment/ament_prefix_path.dsv
[3.157s] -- Symlinking: /home/lh/Documents/joao_pessoa_2026/install/biguasim_interfaces/share/biguasim_interfaces/environment/path.sh
[3.163s] -- Symlinking: /home/lh/Documents/joao_pessoa_2026/install/biguasim_interfaces/share/biguasim_interfaces/environment/path.dsv
[3.168s] -- Symlinking: /home/lh/Documents/joao_pessoa_2026/install/biguasim_interfaces/share/biguasim_interfaces/local_setup.bash
[3.174s] -- Symlinking: /home/lh/Documents/joao_pessoa_2026/install/biguasim_interfaces/share/biguasim_interfaces/local_setup.sh
[3.180s] -- Symlinking: /home/lh/Documents/joao_pessoa_2026/install/biguasim_interfaces/share/biguasim_interfaces/local_setup.zsh
[3.186s] -- Symlinking: /home/lh/Documents/joao_pessoa_2026/install/biguasim_interfaces/share/biguasim_interfaces/local_setup.dsv
[3.192s] -- Symlinking: /home/lh/Documents/joao_pessoa_2026/install/biguasim_interfaces/share/biguasim_interfaces/package.dsv
[3.199s] -- Symlinking: /home/lh/Documents/joao_pessoa_2026/install/biguasim_interfaces/share/ament_index/resource_index/packages/biguasim_interfaces
[3.205s] -- Symlinking: /home/lh/Documents/joao_pessoa_2026/install/biguasim_interfaces/share/biguasim_interfaces/cmake/rosidl_cmake-extras.cmake
[3.210s] -- Symlinking: /home/lh/Documents/joao_pessoa_2026/install/biguasim_interfaces/share/biguasim_interfaces/cmake/ament_cmake_export_dependencies-extras.cmake
[3.216s] -- Symlinking: /home/lh/Documents/joao_pessoa_2026/install/biguasim_interfaces/share/biguasim_interfaces/cmake/ament_cmake_export_include_directories-extras.cmake
[3.221s] -- Symlinking: /home/lh/Documents/joao_pessoa_2026/install/biguasim_interfaces/share/biguasim_interfaces/cmake/ament_cmake_export_libraries-extras.cmake
[3.227s] -- Symlinking: /home/lh/Documents/joao_pessoa_2026/install/biguasim_interfaces/share/biguasim_interfaces/cmake/ament_cmake_export_targets-extras.cmake
[3.232s] -- Symlinking: /home/lh/Documents/joao_pessoa_2026/install/biguasim_interfaces/share/biguasim_interfaces/cmake/rosidl_cmake_export_typesupport_targets-extras.cmake
[3.238s] -- Symlinking: /home/lh/Documents/joao_pessoa_2026/install/biguasim_interfaces/share/biguasim_interfaces/cmake/rosidl_cmake_export_typesupport_libraries-extras.cmake
[3.243s] -- Symlinking: /home/lh/Documents/joao_pessoa_2026/install/biguasim_interfaces/share/biguasim_interfaces/cmake/biguasim_interfacesConfig.cmake
[3.248s] -- Symlinking: /home/lh/Documents/joao_pessoa_2026/install/biguasim_interfaces/share/biguasim_interfaces/cmake/biguasim_interfacesConfig-version.cmake
[3.253s] -- Symlinking: /home/lh/Documents/joao_pessoa_2026/install/biguasim_interfaces/share/biguasim_interfaces/package.xml
[3.256s] -- Installing: /home/lh/Documents/joao_pessoa_2026/install/biguasim_interfaces/lib/libbiguasim_interfaces__rosidl_generator_c.so
[3.257s] -- Set runtime path of "/home/lh/Documents/joao_pessoa_2026/install/biguasim_interfaces/lib/libbiguasim_interfaces__rosidl_generator_c.so" to ""
[3.257s] -- Installing: /home/lh/Documents/joao_pessoa_2026/install/biguasim_interfaces/lib/libbiguasim_interfaces__rosidl_typesupport_fastrtps_c.so
[3.257s] -- Set runtime path of "/home/lh/Documents/joao_pessoa_2026/install/biguasim_interfaces/lib/libbiguasim_interfaces__rosidl_typesupport_fastrtps_c.so" to ""
[3.257s] -- Installing: /home/lh/Documents/joao_pessoa_2026/install/biguasim_interfaces/lib/libbiguasim_interfaces__rosidl_typesupport_introspection_c.so
[3.257s] -- Set runtime path of "/home/lh/Documents/joao_pessoa_2026/install/biguasim_interfaces/lib/libbiguasim_interfaces__rosidl_typesupport_introspection_c.so" to ""
[3.257s] -- Installing: /home/lh/Documents/joao_pessoa_2026/install/biguasim_interfaces/lib/libbiguasim_interfaces__rosidl_typesupport_c.so
[3.257s] -- Set runtime path of "/home/lh/Documents/joao_pessoa_2026/install/biguasim_interfaces/lib/libbiguasim_interfaces__rosidl_typesupport_c.so" to ""
[3.257s] -- Installing: /home/lh/Documents/joao_pessoa_2026/install/biguasim_interfaces/lib/libbiguasim_interfaces__rosidl_typesupport_fastrtps_cpp.so
[3.257s] -- Set runtime path of "/home/lh/Documents/joao_pessoa_2026/install/biguasim_interfaces/lib/libbiguasim_interfaces__rosidl_typesupport_fastrtps_cpp.so" to ""
[3.257s] -- Installing: /home/lh/Documents/joao_pessoa_2026/install/biguasim_interfaces/lib/libbiguasim_interfaces__rosidl_typesupport_introspection_cpp.so
[3.257s] -- Set runtime path of "/home/lh/Documents/joao_pessoa_2026/install/biguasim_interfaces/lib/libbiguasim_interfaces__rosidl_typesupport_introspection_cpp.so" to ""
[3.257s] -- Installing: /home/lh/Documents/joao_pessoa_2026/install/biguasim_interfaces/lib/libbiguasim_interfaces__rosidl_typesupport_cpp.so
[3.257s] -- Set runtime path of "/home/lh/Documents/joao_pessoa_2026/install/biguasim_interfaces/lib/libbiguasim_interfaces__rosidl_typesupport_cpp.so" to ""
[3.276s] Listing '/home/lh/Documents/joao_pessoa_2026/install/biguasim_interfaces/local/lib/python3.10/dist-packages/biguasim_interfaces'...
[3.276s] Compiling '/home/lh/Documents/joao_pessoa_2026/install/biguasim_interfaces/local/lib/python3.10/dist-packages/biguasim_interfaces/__init__.py'...
[3.276s] Listing '/home/lh/Documents/joao_pessoa_2026/install/biguasim_interfaces/local/lib/python3.10/dist-packages/biguasim_interfaces/msg'...
[3.276s] Compiling '/home/lh/Documents/joao_pessoa_2026/install/biguasim_interfaces/local/lib/python3.10/dist-packages/biguasim_interfaces/msg/__init__.py'...
[3.276s] Compiling '/home/lh/Documents/joao_pessoa_2026/install/biguasim_interfaces/local/lib/python3.10/dist-packages/biguasim_interfaces/msg/_dvl_sensor_range.py'...
[3.276s] Compiling '/home/lh/Documents/joao_pessoa_2026/install/biguasim_interfaces/local/lib/python3.10/dist-packages/biguasim_interfaces/msg/_imaging_sonar.py'...
[3.278s] -- Installing: /home/lh/Documents/joao_pessoa_2026/install/biguasim_interfaces/lib/libbiguasim_interfaces__rosidl_generator_py.so
[3.278s] -- Set runtime path of "/home/lh/Documents/joao_pessoa_2026/install/biguasim_interfaces/lib/libbiguasim_interfaces__rosidl_generator_py.so" to ""
[3.278s] -- Installing: /home/lh/Documents/joao_pessoa_2026/install/biguasim_interfaces/share/biguasim_interfaces/cmake/export_biguasim_interfaces__rosidl_generator_cExport.cmake
[3.278s] -- Installing: /home/lh/Documents/joao_pessoa_2026/install/biguasim_interfaces/share/biguasim_interfaces/cmake/export_biguasim_interfaces__rosidl_generator_cExport-noconfig.cmake
[3.278s] -- Installing: /home/lh/Documents/joao_pessoa_2026/install/biguasim_interfaces/share/biguasim_interfaces/cmake/export_biguasim_interfaces__rosidl_typesupport_fastrtps_cExport.cmake
[3.278s] -- Installing: /home/lh/Documents/joao_pessoa_2026/install/biguasim_interfaces/share/biguasim_interfaces/cmake/export_biguasim_interfaces__rosidl_typesupport_fastrtps_cExport-noconfig.cmake
[3.279s] -- Installing: /home/lh/Documents/joao_pessoa_2026/install/biguasim_interfaces/share/biguasim_interfaces/cmake/biguasim_interfaces__rosidl_typesupport_introspection_cExport.cmake
[3.279s] -- Installing: /home/lh/Documents/joao_pessoa_2026/install/biguasim_interfaces/share/biguasim_interfaces/cmake/biguasim_interfaces__rosidl_typesupport_introspection_cExport-noconfig.cmake
[3.279s] -- Installing: /home/lh/Documents/joao_pessoa_2026/install/biguasim_interfaces/share/biguasim_interfaces/cmake/biguasim_interfaces__rosidl_typesupport_cExport.cmake
[3.279s] -- Installing: /home/lh/Documents/joao_pessoa_2026/install/biguasim_interfaces/share/biguasim_interfaces/cmake/biguasim_interfaces__rosidl_typesupport_cExport-noconfig.cmake
[3.279s] -- Installing: /home/lh/Documents/joao_pessoa_2026/install/biguasim_interfaces/share/biguasim_interfaces/cmake/export_biguasim_interfaces__rosidl_generator_cppExport.cmake
[3.279s] -- Installing: /home/lh/Documents/joao_pessoa_2026/install/biguasim_interfaces/share/biguasim_interfaces/cmake/export_biguasim_interfaces__rosidl_typesupport_fastrtps_cppExport.cmake
[3.279s] -- Installing: /home/lh/Documents/joao_pessoa_2026/install/biguasim_interfaces/share/biguasim_interfaces/cmake/export_biguasim_interfaces__rosidl_typesupport_fastrtps_cppExport-noconfig.cmake
[3.279s] -- Installing: /home/lh/Documents/joao_pessoa_2026/install/biguasim_interfaces/share/biguasim_interfaces/cmake/biguasim_interfaces__rosidl_typesupport_introspection_cppExport.cmake
[3.279s] -- Installing: /home/lh/Documents/joao_pessoa_2026/install/biguasim_interfaces/share/biguasim_interfaces/cmake/biguasim_interfaces__rosidl_typesupport_introspection_cppExport-noconfig.cmake
[3.279s] -- Installing: /home/lh/Documents/joao_pessoa_2026/install/biguasim_interfaces/share/biguasim_interfaces/cmake/biguasim_interfaces__rosidl_typesupport_cppExport.cmake
[3.279s] -- Installing: /home/lh/Documents/joao_pessoa_2026/install/biguasim_interfaces/share/biguasim_interfaces/cmake/biguasim_interfaces__rosidl_typesupport_cppExport-noconfig.cmake
[3.279s] -- Installing: /home/lh/Documents/joao_pessoa_2026/install/biguasim_interfaces/share/biguasim_interfaces/cmake/export_biguasim_interfaces__rosidl_generator_pyExport.cmake
[3.279s] -- Installing: /home/lh/Documents/joao_pessoa_2026/install/biguasim_interfaces/share/biguasim_interfaces/cmake/export_biguasim_interfaces__rosidl_generator_pyExport-noconfig.cmake
[3.281s] Invoked command in '/home/lh/Documents/joao_pessoa_2026/build/biguasim_interfaces' returned '0': CMAKE_PREFIX_PATH=${CMAKE_PREFIX_PATH}:/home/lh/Documents/joao_pessoa_2026/install/ardupilot_dds_tests:/home/lh/Documents/joao_pessoa_2026/install/biguasim_main:/opt/ros/humble /usr/bin/cmake --install /home/lh/Documents/joao_pessoa_2026/build/biguasim_interfaces
