[0.008s] Invoking command in '/home/lh/Documents/joao_pessoa_2026/build/micro_ros_msgs': CMAKE_PREFIX_PATH=${CMAKE_PREFIX_PATH}:/home/lh/Documents/joao_pessoa_2026/install/hydrone_biguasim:/home/lh/Documents/joao_pessoa_2026/install/hydrone_bringup:/home/lh/Documents/joao_pessoa_2026/install/hydrone_vision:/home/lh/Documents/joao_pessoa_2026/install/hydrone_nav:/home/lh/Documents/joao_pessoa_2026/install/hydrone_mission:/home/lh/Documents/joao_pessoa_2026/install/hydrone_controller:/home/lh/Documents/joao_pessoa_2026/install/ardupilot_dds_tests:/home/lh/Documents/joao_pessoa_2026/install/biguasim_main:/opt/ros/humble /usr/bin/cmake --build /home/lh/Documents/joao_pessoa_2026/build/micro_ros_msgs -- -j32 -l32
[0.037s] [  2%] Built target micro_ros_msgs__rs
[0.039s] [  4%] Built target micro_ros_msgs__cpp
[0.042s] [ 14%] Built target micro_ros_msgs__rosidl_generator_c
[0.043s] [ 14%] Built target ament_cmake_python_symlink_micro_ros_msgs
[0.053s] [ 35%] Built target micro_ros_msgs__rosidl_typesupport_fastrtps_cpp
[0.053s] [ 35%] Built target micro_ros_msgs__rosidl_typesupport_cpp
[0.053s] [ 45%] Built target micro_ros_msgs__rosidl_typesupport_introspection_cpp
[0.054s] [ 56%] Built target micro_ros_msgs__rosidl_typesupport_introspection_c
[0.056s] [ 77%] Built target micro_ros_msgs__rosidl_typesupport_fastrtps_c
[0.057s] [ 77%] Built target micro_ros_msgs__rosidl_typesupport_c
[0.070s] [ 77%] Built target micro_ros_msgs
[0.083s] [ 79%] Built target micro_ros_msgs__py
[0.099s] [ 87%] Built target micro_ros_msgs__rosidl_generator_py
[0.109s] [ 91%] Built target micro_ros_msgs__rosidl_typesupport_fastrtps_c__pyext
[0.111s] [ 95%] Built target micro_ros_msgs__rosidl_typesupport_introspection_c__pyext
[0.112s] [100%] Built target micro_ros_msgs__rosidl_typesupport_c__pyext
[0.202s] running egg_info
[0.203s] writing micro_ros_msgs.egg-info/PKG-INFO
[0.203s] writing dependency_links to micro_ros_msgs.egg-info/dependency_links.txt
[0.203s] writing top-level names to micro_ros_msgs.egg-info/top_level.txt
[0.204s] reading manifest file 'micro_ros_msgs.egg-info/SOURCES.txt'
[0.204s] writing manifest file 'micro_ros_msgs.egg-info/SOURCES.txt'
[0.219s] [100%] Built target ament_cmake_python_build_micro_ros_msgs_egg
[0.226s] Invoked command in '/home/lh/Documents/joao_pessoa_2026/build/micro_ros_msgs' returned '0': CMAKE_PREFIX_PATH=${CMAKE_PREFIX_PATH}:/home/lh/Documents/joao_pessoa_2026/install/hydrone_biguasim:/home/lh/Documents/joao_pessoa_2026/install/hydrone_bringup:/home/lh/Documents/joao_pessoa_2026/install/hydrone_vision:/home/lh/Documents/joao_pessoa_2026/install/hydrone_nav:/home/lh/Documents/joao_pessoa_2026/install/hydrone_mission:/home/lh/Documents/joao_pessoa_2026/install/hydrone_controller:/home/lh/Documents/joao_pessoa_2026/install/ardupilot_dds_tests:/home/lh/Documents/joao_pessoa_2026/install/biguasim_main:/opt/ros/humble /usr/bin/cmake --build /home/lh/Documents/joao_pessoa_2026/build/micro_ros_msgs -- -j32 -l32
[0.227s] Invoking command in '/home/lh/Documents/joao_pessoa_2026/build/micro_ros_msgs': CMAKE_PREFIX_PATH=${CMAKE_PREFIX_PATH}:/home/lh/Documents/joao_pessoa_2026/install/hydrone_biguasim:/home/lh/Documents/joao_pessoa_2026/install/hydrone_bringup:/home/lh/Documents/joao_pessoa_2026/install/hydrone_vision:/home/lh/Documents/joao_pessoa_2026/install/hydrone_nav:/home/lh/Documents/joao_pessoa_2026/install/hydrone_mission:/home/lh/Documents/joao_pessoa_2026/install/hydrone_controller:/home/lh/Documents/joao_pessoa_2026/install/ardupilot_dds_tests:/home/lh/Documents/joao_pessoa_2026/install/biguasim_main:/opt/ros/humble /usr/bin/cmake --install /home/lh/Documents/joao_pessoa_2026/build/micro_ros_msgs
[0.232s] -- Install configuration: ""
[0.233s] -- Execute custom install script
[0.233s] -- Up-to-date symlink: /home/lh/Documents/joao_pessoa_2026/install/micro_ros_msgs/share/ament_index/resource_index/rosidl_interfaces/micro_ros_msgs
[0.233s] -- Up-to-date symlink: /home/lh/Documents/joao_pessoa_2026/install/micro_ros_msgs/include/micro_ros_msgs/micro_ros_msgs/msg/detail/entity__functions.h
[0.233s] -- Up-to-date symlink: /home/lh/Documents/joao_pessoa_2026/install/micro_ros_msgs/include/micro_ros_msgs/micro_ros_msgs/msg/detail/entity__struct.h
[0.233s] -- Up-to-date symlink: /home/lh/Documents/joao_pessoa_2026/install/micro_ros_msgs/include/micro_ros_msgs/micro_ros_msgs/msg/detail/entity__type_support.h
[0.233s] -- Up-to-date symlink: /home/lh/Documents/joao_pessoa_2026/install/micro_ros_msgs/include/micro_ros_msgs/micro_ros_msgs/msg/detail/graph__functions.h
[0.233s] -- Up-to-date symlink: /home/lh/Documents/joao_pessoa_2026/install/micro_ros_msgs/include/micro_ros_msgs/micro_ros_msgs/msg/detail/graph__struct.h
[0.233s] -- Up-to-date symlink: /home/lh/Documents/joao_pessoa_2026/install/micro_ros_msgs/include/micro_ros_msgs/micro_ros_msgs/msg/detail/graph__type_support.h
[0.233s] -- Up-to-date symlink: /home/lh/Documents/joao_pessoa_2026/install/micro_ros_msgs/include/micro_ros_msgs/micro_ros_msgs/msg/detail/node__functions.h
[0.234s] -- Up-to-date symlink: /home/lh/Documents/joao_pessoa_2026/install/micro_ros_msgs/include/micro_ros_msgs/micro_ros_msgs/msg/detail/node__struct.h
[0.234s] -- Up-to-date symlink: /home/lh/Documents/joao_pessoa_2026/install/micro_ros_msgs/include/micro_ros_msgs/micro_ros_msgs/msg/detail/node__type_support.h
[0.234s] -- Up-to-date symlink: /home/lh/Documents/joao_pessoa_2026/install/micro_ros_msgs/include/micro_ros_msgs/micro_ros_msgs/msg/entity.h
[0.234s] -- Up-to-date symlink: /home/lh/Documents/joao_pessoa_2026/install/micro_ros_msgs/include/micro_ros_msgs/micro_ros_msgs/msg/graph.h
[0.234s] -- Up-to-date symlink: /home/lh/Documents/joao_pessoa_2026/install/micro_ros_msgs/include/micro_ros_msgs/micro_ros_msgs/msg/node.h
[0.234s] -- Up-to-date symlink: /home/lh/Documents/joao_pessoa_2026/install/micro_ros_msgs/include/micro_ros_msgs/micro_ros_msgs/msg/rosidl_generator_c__visibility_control.h
[0.234s] -- Up-to-date symlink: /home/lh/Documents/joao_pessoa_2026/install/micro_ros_msgs/share/micro_ros_msgs/environment/library_path.sh
[0.234s] -- Up-to-date symlink: /home/lh/Documents/joao_pessoa_2026/install/micro_ros_msgs/share/micro_ros_msgs/environment/library_path.dsv
[0.234s] -- Up-to-date symlink: /home/lh/Documents/joao_pessoa_2026/install/micro_ros_msgs/include/micro_ros_msgs/micro_ros_msgs/msg/detail/entity__rosidl_typesupport_fastrtps_c.h
[0.234s] -- Up-to-date symlink: /home/lh/Documents/joao_pessoa_2026/install/micro_ros_msgs/include/micro_ros_msgs/micro_ros_msgs/msg/detail/graph__rosidl_typesupport_fastrtps_c.h
[0.234s] -- Up-to-date symlink: /home/lh/Documents/joao_pessoa_2026/install/micro_ros_msgs/include/micro_ros_msgs/micro_ros_msgs/msg/detail/node__rosidl_typesupport_fastrtps_c.h
[0.234s] -- Up-to-date symlink: /home/lh/Documents/joao_pessoa_2026/install/micro_ros_msgs/include/micro_ros_msgs/micro_ros_msgs/msg/rosidl_typesupport_fastrtps_c__visibility_control.h
[0.235s] -- Up-to-date symlink: /home/lh/Documents/joao_pessoa_2026/install/micro_ros_msgs/include/micro_ros_msgs/micro_ros_msgs/msg/detail/entity__rosidl_typesupport_introspection_c.h
[0.235s] -- Up-to-date symlink: /home/lh/Documents/joao_pessoa_2026/install/micro_ros_msgs/include/micro_ros_msgs/micro_ros_msgs/msg/detail/graph__rosidl_typesupport_introspection_c.h
[0.235s] -- Up-to-date symlink: /home/lh/Documents/joao_pessoa_2026/install/micro_ros_msgs/include/micro_ros_msgs/micro_ros_msgs/msg/detail/node__rosidl_typesupport_introspection_c.h
[0.235s] -- Up-to-date symlink: /home/lh/Documents/joao_pessoa_2026/install/micro_ros_msgs/include/micro_ros_msgs/micro_ros_msgs/msg/rosidl_typesupport_introspection_c__visibility_control.h
[0.235s] -- Up-to-date symlink: /home/lh/Documents/joao_pessoa_2026/install/micro_ros_msgs/include/micro_ros_msgs/micro_ros_msgs/msg/detail/entity__builder.hpp
[0.235s] -- Up-to-date symlink: /home/lh/Documents/joao_pessoa_2026/install/micro_ros_msgs/include/micro_ros_msgs/micro_ros_msgs/msg/detail/entity__struct.hpp
[0.235s] -- Up-to-date symlink: /home/lh/Documents/joao_pessoa_2026/install/micro_ros_msgs/include/micro_ros_msgs/micro_ros_msgs/msg/detail/entity__traits.hpp
[0.235s] -- Up-to-date symlink: /home/lh/Documents/joao_pessoa_2026/install/micro_ros_msgs/include/micro_ros_msgs/micro_ros_msgs/msg/detail/entity__type_support.hpp
[0.235s] -- Up-to-date symlink: /home/lh/Documents/joao_pessoa_2026/install/micro_ros_msgs/include/micro_ros_msgs/micro_ros_msgs/msg/detail/graph__builder.hpp
[0.235s] -- Up-to-date symlink: /home/lh/Documents/joao_pessoa_2026/install/micro_ros_msgs/include/micro_ros_msgs/micro_ros_msgs/msg/detail/graph__struct.hpp
[0.236s] -- Up-to-date symlink: /home/lh/Documents/joao_pessoa_2026/install/micro_ros_msgs/include/micro_ros_msgs/micro_ros_msgs/msg/detail/graph__traits.hpp
[0.236s] -- Up-to-date symlink: /home/lh/Documents/joao_pessoa_2026/install/micro_ros_msgs/include/micro_ros_msgs/micro_ros_msgs/msg/detail/graph__type_support.hpp
[0.236s] -- Up-to-date symlink: /home/lh/Documents/joao_pessoa_2026/install/micro_ros_msgs/include/micro_ros_msgs/micro_ros_msgs/msg/detail/node__builder.hpp
[0.236s] -- Up-to-date symlink: /home/lh/Documents/joao_pessoa_2026/install/micro_ros_msgs/include/micro_ros_msgs/micro_ros_msgs/msg/detail/node__struct.hpp
[0.236s] -- Up-to-date symlink: /home/lh/Documents/joao_pessoa_2026/install/micro_ros_msgs/include/micro_ros_msgs/micro_ros_msgs/msg/detail/node__traits.hpp
[0.236s] -- Up-to-date symlink: /home/lh/Documents/joao_pessoa_2026/install/micro_ros_msgs/include/micro_ros_msgs/micro_ros_msgs/msg/detail/node__type_support.hpp
[0.236s] -- Up-to-date symlink: /home/lh/Documents/joao_pessoa_2026/install/micro_ros_msgs/include/micro_ros_msgs/micro_ros_msgs/msg/entity.hpp
[0.236s] -- Up-to-date symlink: /home/lh/Documents/joao_pessoa_2026/install/micro_ros_msgs/include/micro_ros_msgs/micro_ros_msgs/msg/graph.hpp
[0.236s] -- Up-to-date symlink: /home/lh/Documents/joao_pessoa_2026/install/micro_ros_msgs/include/micro_ros_msgs/micro_ros_msgs/msg/node.hpp
[0.236s] -- Up-to-date symlink: /home/lh/Documents/joao_pessoa_2026/install/micro_ros_msgs/include/micro_ros_msgs/micro_ros_msgs/msg/rosidl_generator_cpp__visibility_control.hpp
[0.236s] -- Up-to-date symlink: /home/lh/Documents/joao_pessoa_2026/install/micro_ros_msgs/include/micro_ros_msgs/micro_ros_msgs/msg/detail/entity__rosidl_typesupport_fastrtps_cpp.hpp
[0.237s] -- Up-to-date symlink: /home/lh/Documents/joao_pessoa_2026/install/micro_ros_msgs/include/micro_ros_msgs/micro_ros_msgs/msg/detail/graph__rosidl_typesupport_fastrtps_cpp.hpp
[0.237s] -- Up-to-date symlink: /home/lh/Documents/joao_pessoa_2026/install/micro_ros_msgs/include/micro_ros_msgs/micro_ros_msgs/msg/detail/node__rosidl_typesupport_fastrtps_cpp.hpp
[0.237s] -- Up-to-date symlink: /home/lh/Documents/joao_pessoa_2026/install/micro_ros_msgs/include/micro_ros_msgs/micro_ros_msgs/msg/rosidl_typesupport_fastrtps_cpp__visibility_control.h
[0.237s] -- Up-to-date symlink: /home/lh/Documents/joao_pessoa_2026/install/micro_ros_msgs/include/micro_ros_msgs/micro_ros_msgs/msg/detail/entity__rosidl_typesupport_introspection_cpp.hpp
[0.237s] -- Up-to-date symlink: /home/lh/Documents/joao_pessoa_2026/install/micro_ros_msgs/include/micro_ros_msgs/micro_ros_msgs/msg/detail/graph__rosidl_typesupport_introspection_cpp.hpp
[0.237s] -- Up-to-date symlink: /home/lh/Documents/joao_pessoa_2026/install/micro_ros_msgs/include/micro_ros_msgs/micro_ros_msgs/msg/detail/node__rosidl_typesupport_introspection_cpp.hpp
[0.237s] -- Up-to-date symlink: /home/lh/Documents/joao_pessoa_2026/install/micro_ros_msgs/share/micro_ros_msgs/environment/pythonpath.sh
[0.237s] -- Up-to-date symlink: /home/lh/Documents/joao_pessoa_2026/install/micro_ros_msgs/share/micro_ros_msgs/environment/pythonpath.dsv
[0.237s] -- Up-to-date symlink: /home/lh/Documents/joao_pessoa_2026/install/micro_ros_msgs/local/lib/python3.10/dist-packages/micro_ros_msgs-6.0.0-py3.10.egg-info/PKG-INFO
[0.237s] -- Up-to-date symlink: /home/lh/Documents/joao_pessoa_2026/install/micro_ros_msgs/local/lib/python3.10/dist-packages/micro_ros_msgs-6.0.0-py3.10.egg-info/SOURCES.txt
[0.238s] -- Up-to-date symlink: /home/lh/Documents/joao_pessoa_2026/install/micro_ros_msgs/local/lib/python3.10/dist-packages/micro_ros_msgs-6.0.0-py3.10.egg-info/dependency_links.txt
[0.238s] -- Up-to-date symlink: /home/lh/Documents/joao_pessoa_2026/install/micro_ros_msgs/local/lib/python3.10/dist-packages/micro_ros_msgs-6.0.0-py3.10.egg-info/top_level.txt
[0.238s] -- Up-to-date symlink: /home/lh/Documents/joao_pessoa_2026/install/micro_ros_msgs/local/lib/python3.10/dist-packages/micro_ros_msgs/__init__.py
[0.238s] -- Up-to-date symlink: /home/lh/Documents/joao_pessoa_2026/install/micro_ros_msgs/local/lib/python3.10/dist-packages/micro_ros_msgs/_micro_ros_msgs_s.ep.rosidl_typesupport_c.c
[0.238s] -- Up-to-date symlink: /home/lh/Documents/joao_pessoa_2026/install/micro_ros_msgs/local/lib/python3.10/dist-packages/micro_ros_msgs/_micro_ros_msgs_s.ep.rosidl_typesupport_fastrtps_c.c
[0.238s] -- Up-to-date symlink: /home/lh/Documents/joao_pessoa_2026/install/micro_ros_msgs/local/lib/python3.10/dist-packages/micro_ros_msgs/_micro_ros_msgs_s.ep.rosidl_typesupport_introspection_c.c
[0.238s] -- Up-to-date symlink: /home/lh/Documents/joao_pessoa_2026/install/micro_ros_msgs/local/lib/python3.10/dist-packages/micro_ros_msgs/libmicro_ros_msgs__rosidl_generator_py.so
[0.238s] -- Up-to-date symlink: /home/lh/Documents/joao_pessoa_2026/install/micro_ros_msgs/local/lib/python3.10/dist-packages/micro_ros_msgs/micro_ros_msgs_s__rosidl_typesupport_c.cpython-310-x86_64-linux-gnu.so
[0.238s] -- Up-to-date symlink: /home/lh/Documents/joao_pessoa_2026/install/micro_ros_msgs/local/lib/python3.10/dist-packages/micro_ros_msgs/micro_ros_msgs_s__rosidl_typesupport_fastrtps_c.cpython-310-x86_64-linux-gnu.so
[0.238s] -- Up-to-date symlink: /home/lh/Documents/joao_pessoa_2026/install/micro_ros_msgs/local/lib/python3.10/dist-packages/micro_ros_msgs/micro_ros_msgs_s__rosidl_typesupport_introspection_c.cpython-310-x86_64-linux-gnu.so
[0.239s] -- Up-to-date symlink: /home/lh/Documents/joao_pessoa_2026/install/micro_ros_msgs/local/lib/python3.10/dist-packages/micro_ros_msgs/msg/__init__.py
[0.239s] -- Up-to-date symlink: /home/lh/Documents/joao_pessoa_2026/install/micro_ros_msgs/local/lib/python3.10/dist-packages/micro_ros_msgs/msg/_entity.py
[0.239s] -- Up-to-date symlink: /home/lh/Documents/joao_pessoa_2026/install/micro_ros_msgs/local/lib/python3.10/dist-packages/micro_ros_msgs/msg/_entity_s.c
[0.239s] -- Up-to-date symlink: /home/lh/Documents/joao_pessoa_2026/install/micro_ros_msgs/local/lib/python3.10/dist-packages/micro_ros_msgs/msg/_graph.py
[0.239s] -- Up-to-date symlink: /home/lh/Documents/joao_pessoa_2026/install/micro_ros_msgs/local/lib/python3.10/dist-packages/micro_ros_msgs/msg/_graph_s.c
[0.239s] -- Up-to-date symlink: /home/lh/Documents/joao_pessoa_2026/install/micro_ros_msgs/local/lib/python3.10/dist-packages/micro_ros_msgs/msg/_node.py
[0.239s] -- Up-to-date symlink: /home/lh/Documents/joao_pessoa_2026/install/micro_ros_msgs/local/lib/python3.10/dist-packages/micro_ros_msgs/msg/_node_s.c
[0.239s] -- Up-to-date symlink: /home/lh/Documents/joao_pessoa_2026/install/micro_ros_msgs/local/lib/python3.10/dist-packages/micro_ros_msgs/micro_ros_msgs_s__rosidl_typesupport_fastrtps_c.cpython-310-x86_64-linux-gnu.so
[0.239s] -- Up-to-date symlink: /home/lh/Documents/joao_pessoa_2026/install/micro_ros_msgs/local/lib/python3.10/dist-packages/micro_ros_msgs/micro_ros_msgs_s__rosidl_typesupport_introspection_c.cpython-310-x86_64-linux-gnu.so
[0.239s] -- Up-to-date symlink: /home/lh/Documents/joao_pessoa_2026/install/micro_ros_msgs/local/lib/python3.10/dist-packages/micro_ros_msgs/micro_ros_msgs_s__rosidl_typesupport_c.cpython-310-x86_64-linux-gnu.so
[0.239s] -- Up-to-date symlink: /home/lh/Documents/joao_pessoa_2026/install/micro_ros_msgs/share/ament_index/resource_index/rust_packages/micro_ros_msgs
[0.240s] -- Up-to-date symlink: /home/lh/Documents/joao_pessoa_2026/install/micro_ros_msgs/share/micro_ros_msgs/rust/Cargo.toml
[0.240s] -- Up-to-date symlink: /home/lh/Documents/joao_pessoa_2026/install/micro_ros_msgs/share/micro_ros_msgs/rust/build.rs
[0.240s] -- Up-to-date symlink: /home/lh/Documents/joao_pessoa_2026/install/micro_ros_msgs/share/micro_ros_msgs/rust/src/lib.rs
[0.240s] -- Up-to-date symlink: /home/lh/Documents/joao_pessoa_2026/install/micro_ros_msgs/share/micro_ros_msgs/rust/src/msg.rs
[0.240s] -- Up-to-date symlink: /home/lh/Documents/joao_pessoa_2026/install/micro_ros_msgs/share/micro_ros_msgs/rust/src/msg/rmw.rs
[0.240s] -- Up-to-date symlink: /home/lh/Documents/joao_pessoa_2026/install/micro_ros_msgs/share/micro_ros_msgs/msg/Graph.idl
[0.240s] -- Up-to-date symlink: /home/lh/Documents/joao_pessoa_2026/install/micro_ros_msgs/share/micro_ros_msgs/msg/Node.idl
[0.240s] -- Up-to-date symlink: /home/lh/Documents/joao_pessoa_2026/install/micro_ros_msgs/share/micro_ros_msgs/msg/Entity.idl
[0.240s] -- Up-to-date symlink: /home/lh/Documents/joao_pessoa_2026/install/micro_ros_msgs/share/micro_ros_msgs/msg/Graph.msg
[0.240s] -- Up-to-date symlink: /home/lh/Documents/joao_pessoa_2026/install/micro_ros_msgs/share/micro_ros_msgs/msg/Node.msg
[0.241s] -- Up-to-date symlink: /home/lh/Documents/joao_pessoa_2026/install/micro_ros_msgs/share/micro_ros_msgs/msg/Entity.msg
[0.241s] -- Up-to-date symlink: /home/lh/Documents/joao_pessoa_2026/install/micro_ros_msgs/share/ament_index/resource_index/package_run_dependencies/micro_ros_msgs
[0.241s] -- Up-to-date symlink: /home/lh/Documents/joao_pessoa_2026/install/micro_ros_msgs/share/ament_index/resource_index/parent_prefix_path/micro_ros_msgs
[0.241s] -- Up-to-date symlink: /home/lh/Documents/joao_pessoa_2026/install/micro_ros_msgs/share/micro_ros_msgs/environment/ament_prefix_path.sh
[0.241s] -- Up-to-date symlink: /home/lh/Documents/joao_pessoa_2026/install/micro_ros_msgs/share/micro_ros_msgs/environment/ament_prefix_path.dsv
[0.241s] -- Up-to-date symlink: /home/lh/Documents/joao_pessoa_2026/install/micro_ros_msgs/share/micro_ros_msgs/environment/path.sh
[0.241s] -- Up-to-date symlink: /home/lh/Documents/joao_pessoa_2026/install/micro_ros_msgs/share/micro_ros_msgs/environment/path.dsv
[0.241s] -- Up-to-date symlink: /home/lh/Documents/joao_pessoa_2026/install/micro_ros_msgs/share/micro_ros_msgs/local_setup.bash
[0.241s] -- Up-to-date symlink: /home/lh/Documents/joao_pessoa_2026/install/micro_ros_msgs/share/micro_ros_msgs/local_setup.sh
[0.241s] -- Up-to-date symlink: /home/lh/Documents/joao_pessoa_2026/install/micro_ros_msgs/share/micro_ros_msgs/local_setup.zsh
[0.242s] -- Up-to-date symlink: /home/lh/Documents/joao_pessoa_2026/install/micro_ros_msgs/share/micro_ros_msgs/local_setup.dsv
[0.242s] -- Symlinking: /home/lh/Documents/joao_pessoa_2026/install/micro_ros_msgs/share/micro_ros_msgs/package.dsv
[0.249s] -- Up-to-date symlink: /home/lh/Documents/joao_pessoa_2026/install/micro_ros_msgs/share/ament_index/resource_index/packages/micro_ros_msgs
[0.249s] -- Up-to-date symlink: /home/lh/Documents/joao_pessoa_2026/install/micro_ros_msgs/share/micro_ros_msgs/cmake/rosidl_cmake-extras.cmake
[0.250s] -- Up-to-date symlink: /home/lh/Documents/joao_pessoa_2026/install/micro_ros_msgs/share/micro_ros_msgs/cmake/ament_cmake_export_include_directories-extras.cmake
[0.250s] -- Up-to-date symlink: /home/lh/Documents/joao_pessoa_2026/install/micro_ros_msgs/share/micro_ros_msgs/cmake/ament_cmake_export_libraries-extras.cmake
[0.250s] -- Up-to-date symlink: /home/lh/Documents/joao_pessoa_2026/install/micro_ros_msgs/share/micro_ros_msgs/cmake/ament_cmake_export_targets-extras.cmake
[0.250s] -- Up-to-date symlink: /home/lh/Documents/joao_pessoa_2026/install/micro_ros_msgs/share/micro_ros_msgs/cmake/rosidl_cmake_export_typesupport_targets-extras.cmake
[0.250s] -- Up-to-date symlink: /home/lh/Documents/joao_pessoa_2026/install/micro_ros_msgs/share/micro_ros_msgs/cmake/ament_cmake_export_dependencies-extras.cmake
[0.250s] -- Up-to-date symlink: /home/lh/Documents/joao_pessoa_2026/install/micro_ros_msgs/share/micro_ros_msgs/cmake/rosidl_cmake_export_typesupport_libraries-extras.cmake
[0.251s] -- Up-to-date symlink: /home/lh/Documents/joao_pessoa_2026/install/micro_ros_msgs/share/micro_ros_msgs/cmake/micro_ros_msgsConfig.cmake
[0.251s] -- Up-to-date symlink: /home/lh/Documents/joao_pessoa_2026/install/micro_ros_msgs/share/micro_ros_msgs/cmake/micro_ros_msgsConfig-version.cmake
[0.251s] -- Up-to-date symlink: /home/lh/Documents/joao_pessoa_2026/install/micro_ros_msgs/share/micro_ros_msgs/package.xml
[0.251s] -- Up-to-date: /home/lh/Documents/joao_pessoa_2026/install/micro_ros_msgs/lib/libmicro_ros_msgs__rosidl_generator_c.so
[0.251s] -- Up-to-date: /home/lh/Documents/joao_pessoa_2026/install/micro_ros_msgs/lib/libmicro_ros_msgs__rosidl_typesupport_fastrtps_c.so
[0.251s] -- Up-to-date: /home/lh/Documents/joao_pessoa_2026/install/micro_ros_msgs/lib/libmicro_ros_msgs__rosidl_typesupport_introspection_c.so
[0.251s] -- Up-to-date: /home/lh/Documents/joao_pessoa_2026/install/micro_ros_msgs/lib/libmicro_ros_msgs__rosidl_typesupport_c.so
[0.251s] -- Up-to-date: /home/lh/Documents/joao_pessoa_2026/install/micro_ros_msgs/lib/libmicro_ros_msgs__rosidl_typesupport_fastrtps_cpp.so
[0.252s] -- Up-to-date: /home/lh/Documents/joao_pessoa_2026/install/micro_ros_msgs/lib/libmicro_ros_msgs__rosidl_typesupport_introspection_cpp.so
[0.252s] -- Up-to-date: /home/lh/Documents/joao_pessoa_2026/install/micro_ros_msgs/lib/libmicro_ros_msgs__rosidl_typesupport_cpp.so
[0.269s] Listing '/home/lh/Documents/joao_pessoa_2026/install/micro_ros_msgs/local/lib/python3.10/dist-packages/micro_ros_msgs'...
[0.269s] Listing '/home/lh/Documents/joao_pessoa_2026/install/micro_ros_msgs/local/lib/python3.10/dist-packages/micro_ros_msgs/msg'...
[0.271s] -- Up-to-date: /home/lh/Documents/joao_pessoa_2026/install/micro_ros_msgs/lib/libmicro_ros_msgs__rosidl_generator_py.so
[0.271s] -- Up-to-date: /home/lh/Documents/joao_pessoa_2026/install/micro_ros_msgs/share/micro_ros_msgs/cmake/export_micro_ros_msgs__rosidl_generator_cExport.cmake
[0.271s] -- Up-to-date: /home/lh/Documents/joao_pessoa_2026/install/micro_ros_msgs/share/micro_ros_msgs/cmake/export_micro_ros_msgs__rosidl_generator_cExport-noconfig.cmake
[0.271s] -- Up-to-date: /home/lh/Documents/joao_pessoa_2026/install/micro_ros_msgs/share/micro_ros_msgs/cmake/export_micro_ros_msgs__rosidl_typesupport_fastrtps_cExport.cmake
[0.271s] -- Up-to-date: /home/lh/Documents/joao_pessoa_2026/install/micro_ros_msgs/share/micro_ros_msgs/cmake/export_micro_ros_msgs__rosidl_typesupport_fastrtps_cExport-noconfig.cmake
[0.271s] -- Up-to-date: /home/lh/Documents/joao_pessoa_2026/install/micro_ros_msgs/share/micro_ros_msgs/cmake/micro_ros_msgs__rosidl_typesupport_introspection_cExport.cmake
[0.271s] -- Up-to-date: /home/lh/Documents/joao_pessoa_2026/install/micro_ros_msgs/share/micro_ros_msgs/cmake/micro_ros_msgs__rosidl_typesupport_introspection_cExport-noconfig.cmake
[0.271s] -- Up-to-date: /home/lh/Documents/joao_pessoa_2026/install/micro_ros_msgs/share/micro_ros_msgs/cmake/micro_ros_msgs__rosidl_typesupport_cExport.cmake
[0.272s] -- Up-to-date: /home/lh/Documents/joao_pessoa_2026/install/micro_ros_msgs/share/micro_ros_msgs/cmake/micro_ros_msgs__rosidl_typesupport_cExport-noconfig.cmake
[0.272s] -- Up-to-date: /home/lh/Documents/joao_pessoa_2026/install/micro_ros_msgs/share/micro_ros_msgs/cmake/export_micro_ros_msgs__rosidl_generator_cppExport.cmake
[0.272s] -- Up-to-date: /home/lh/Documents/joao_pessoa_2026/install/micro_ros_msgs/share/micro_ros_msgs/cmake/export_micro_ros_msgs__rosidl_typesupport_fastrtps_cppExport.cmake
[0.272s] -- Up-to-date: /home/lh/Documents/joao_pessoa_2026/install/micro_ros_msgs/share/micro_ros_msgs/cmake/export_micro_ros_msgs__rosidl_typesupport_fastrtps_cppExport-noconfig.cmake
[0.272s] -- Up-to-date: /home/lh/Documents/joao_pessoa_2026/install/micro_ros_msgs/share/micro_ros_msgs/cmake/micro_ros_msgs__rosidl_typesupport_introspection_cppExport.cmake
[0.272s] -- Up-to-date: /home/lh/Documents/joao_pessoa_2026/install/micro_ros_msgs/share/micro_ros_msgs/cmake/micro_ros_msgs__rosidl_typesupport_introspection_cppExport-noconfig.cmake
[0.272s] -- Up-to-date: /home/lh/Documents/joao_pessoa_2026/install/micro_ros_msgs/share/micro_ros_msgs/cmake/micro_ros_msgs__rosidl_typesupport_cppExport.cmake
[0.272s] -- Up-to-date: /home/lh/Documents/joao_pessoa_2026/install/micro_ros_msgs/share/micro_ros_msgs/cmake/micro_ros_msgs__rosidl_typesupport_cppExport-noconfig.cmake
[0.272s] -- Up-to-date: /home/lh/Documents/joao_pessoa_2026/install/micro_ros_msgs/share/micro_ros_msgs/cmake/export_micro_ros_msgs__rosidl_generator_pyExport.cmake
[0.272s] -- Up-to-date: /home/lh/Documents/joao_pessoa_2026/install/micro_ros_msgs/share/micro_ros_msgs/cmake/export_micro_ros_msgs__rosidl_generator_pyExport-noconfig.cmake
[0.295s] Invoked command in '/home/lh/Documents/joao_pessoa_2026/build/micro_ros_msgs' returned '0': CMAKE_PREFIX_PATH=${CMAKE_PREFIX_PATH}:/home/lh/Documents/joao_pessoa_2026/install/hydrone_biguasim:/home/lh/Documents/joao_pessoa_2026/install/hydrone_bringup:/home/lh/Documents/joao_pessoa_2026/install/hydrone_vision:/home/lh/Documents/joao_pessoa_2026/install/hydrone_nav:/home/lh/Documents/joao_pessoa_2026/install/hydrone_mission:/home/lh/Documents/joao_pessoa_2026/install/hydrone_controller:/home/lh/Documents/joao_pessoa_2026/install/ardupilot_dds_tests:/home/lh/Documents/joao_pessoa_2026/install/biguasim_main:/opt/ros/humble /usr/bin/cmake --install /home/lh/Documents/joao_pessoa_2026/build/micro_ros_msgs
