[0.899s] Invoking command in '/home/lh/Documents/joao_pessoa_2026/src/hydrone_controller': PYTHONPATH=/home/lh/Documents/joao_pessoa_2026/build/hydrone_controller/prefix_override:/usr/lib/python3/dist-packages/colcon_core/task/python/colcon_distutils_commands:/home/lh/Documents/joao_pessoa_2026/install/hydrone_controller/lib/python3.10/site-packages:${PYTHONPATH} /usr/bin/python3 -W ignore:setup.py install is deprecated -W ignore:easy_install command is deprecated setup.py egg_info --egg-base ../../build/hydrone_controller build --build-base /home/lh/Documents/joao_pessoa_2026/build/hydrone_controller/build install --record /home/lh/Documents/joao_pessoa_2026/build/hydrone_controller/install.log --single-version-externally-managed install_data
[1.024s] running egg_info
[1.024s] writing ../../build/hydrone_controller/hydrone_controller.egg-info/PKG-INFO
[1.024s] writing dependency_links to ../../build/hydrone_controller/hydrone_controller.egg-info/dependency_links.txt
[1.024s] writing entry points to ../../build/hydrone_controller/hydrone_controller.egg-info/entry_points.txt
[1.024s] writing requirements to ../../build/hydrone_controller/hydrone_controller.egg-info/requires.txt
[1.024s] writing top-level names to ../../build/hydrone_controller/hydrone_controller.egg-info/top_level.txt
[1.025s] reading manifest file '../../build/hydrone_controller/hydrone_controller.egg-info/SOURCES.txt'
[1.025s] writing manifest file '../../build/hydrone_controller/hydrone_controller.egg-info/SOURCES.txt'
[1.025s] running build
[1.025s] running build_py
[1.025s] running install
[1.026s] running install_lib
[1.026s] running install_data
[1.026s] running install_egg_info
[1.027s] removing '/home/lh/Documents/joao_pessoa_2026/install/hydrone_controller/lib/python3.10/site-packages/hydrone_controller-1.0.0-py3.10.egg-info' (and everything under it)
[1.027s] Copying ../../build/hydrone_controller/hydrone_controller.egg-info to /home/lh/Documents/joao_pessoa_2026/install/hydrone_controller/lib/python3.10/site-packages/hydrone_controller-1.0.0-py3.10.egg-info
[1.027s] running install_scripts
[1.038s] Installing controller_node script to /home/lh/Documents/joao_pessoa_2026/install/hydrone_controller/bin
[1.038s] writing list of installed files to '/home/lh/Documents/joao_pessoa_2026/build/hydrone_controller/install.log'
[1.050s] Invoked command in '/home/lh/Documents/joao_pessoa_2026/src/hydrone_controller' returned '0': PYTHONPATH=/home/lh/Documents/joao_pessoa_2026/build/hydrone_controller/prefix_override:/usr/lib/python3/dist-packages/colcon_core/task/python/colcon_distutils_commands:/home/lh/Documents/joao_pessoa_2026/install/hydrone_controller/lib/python3.10/site-packages:${PYTHONPATH} /usr/bin/python3 -W ignore:setup.py install is deprecated -W ignore:easy_install command is deprecated setup.py egg_info --egg-base ../../build/hydrone_controller build --build-base /home/lh/Documents/joao_pessoa_2026/build/hydrone_controller/build install --record /home/lh/Documents/joao_pessoa_2026/build/hydrone_controller/install.log --single-version-externally-managed install_data
