[0.286s] Invoking command in '/home/lh/Documents/joao_pessoa_2026/build/biguasim_main': CMAKE_PREFIX_PATH=/home/lh/Documents/joao_pessoa_2026/install/biguasim_interfaces:/home/lh/Documents/joao_pessoa_2026/install/ardupilot_sitl:/home/lh/Documents/joao_pessoa_2026/install/micro_ros_agent:/home/lh/Documents/joao_pessoa_2026/install/micro_ros_msgs:/home/lh/Documents/joao_pessoa_2026/install/ardupilot_msgs LD_LIBRARY_PATH=/home/lh/Documents/joao_pessoa_2026/install/biguasim_interfaces/lib:/home/lh/Documents/joao_pessoa_2026/install/micro_ros_agent/lib:/home/lh/Documents/joao_pessoa_2026/install/micro_ros_msgs/lib:/home/lh/Documents/joao_pessoa_2026/install/ardupilot_msgs/lib:/opt/ros/humble/opt/rviz_ogre_vendor/lib:/opt/ros/humble/lib/x86_64-linux-gnu:/opt/ros/humble/lib PYTHONPATH=/home/lh/Documents/joao_pessoa_2026/build/biguasim_main/prefix_override:/usr/lib/python3/dist-packages/colcon_core/task/python/colcon_distutils_commands:/home/lh/Documents/joao_pessoa_2026/install/biguasim_main/lib/python3.10/site-packages:${PYTHONPATH} /usr/bin/python3 -W ignore:setup.py install is deprecated -W ignore:easy_install command is deprecated setup.py develop --editable --build-directory /home/lh/Documents/joao_pessoa_2026/build/biguasim_main/build --no-deps symlink_data
[0.406s] running develop
[0.483s] running egg_info
[0.483s] creating biguasim_main.egg-info
[0.483s] writing biguasim_main.egg-info/PKG-INFO
[0.484s] writing dependency_links to biguasim_main.egg-info/dependency_links.txt
[0.484s] writing entry points to biguasim_main.egg-info/entry_points.txt
[0.484s] writing requirements to biguasim_main.egg-info/requires.txt
[0.484s] writing top-level names to biguasim_main.egg-info/top_level.txt
[0.484s] writing manifest file 'biguasim_main.egg-info/SOURCES.txt'
[0.484s] reading manifest file 'biguasim_main.egg-info/SOURCES.txt'
[0.485s] writing manifest file 'biguasim_main.egg-info/SOURCES.txt'
[0.485s] running build_ext
[0.485s] Creating /home/lh/Documents/joao_pessoa_2026/install/biguasim_main/lib/python3.10/site-packages/biguasim-main.egg-link (link to .)
[0.486s] Installing ardubridge_node script to /home/lh/Documents/joao_pessoa_2026/install/biguasim_main/lib/biguasim_main
[0.486s] Installing biguasim_node script to /home/lh/Documents/joao_pessoa_2026/install/biguasim_main/lib/biguasim_main
[0.486s] 
[0.486s] Installed /home/lh/Documents/joao_pessoa_2026/build/biguasim_main
[0.486s] running symlink_data
[0.486s] creating /home/lh/Documents/joao_pessoa_2026/install/biguasim_main/share/ament_index
[0.486s] creating /home/lh/Documents/joao_pessoa_2026/install/biguasim_main/share/ament_index/resource_index
[0.486s] creating /home/lh/Documents/joao_pessoa_2026/install/biguasim_main/share/ament_index/resource_index/packages
[0.486s] symbolically linking /home/lh/Documents/joao_pessoa_2026/build/biguasim_main/resource/biguasim_main -> /home/lh/Documents/joao_pessoa_2026/install/biguasim_main/share/ament_index/resource_index/packages
[0.486s] symbolically linking /home/lh/Documents/joao_pessoa_2026/build/biguasim_main/package.xml -> /home/lh/Documents/joao_pessoa_2026/install/biguasim_main/share/biguasim_main
[0.486s] creating /home/lh/Documents/joao_pessoa_2026/install/biguasim_main/share/biguasim_main/launch
[0.486s] symbolically linking /home/lh/Documents/joao_pessoa_2026/build/biguasim_main/launch/biguasim.launch.py -> /home/lh/Documents/joao_pessoa_2026/install/biguasim_main/share/biguasim_main/launch
[0.486s] creating /home/lh/Documents/joao_pessoa_2026/install/biguasim_main/share/biguasim_main/config
[0.486s] symbolically linking /home/lh/Documents/joao_pessoa_2026/build/biguasim_main/config/config.yaml -> /home/lh/Documents/joao_pessoa_2026/install/biguasim_main/share/biguasim_main/config
[0.486s] creating /home/lh/Documents/joao_pessoa_2026/install/biguasim_main/share/biguasim_main/scripts
[0.498s] Invoked command in '/home/lh/Documents/joao_pessoa_2026/build/biguasim_main' returned '0': CMAKE_PREFIX_PATH=/home/lh/Documents/joao_pessoa_2026/install/biguasim_interfaces:/home/lh/Documents/joao_pessoa_2026/install/ardupilot_sitl:/home/lh/Documents/joao_pessoa_2026/install/micro_ros_agent:/home/lh/Documents/joao_pessoa_2026/install/micro_ros_msgs:/home/lh/Documents/joao_pessoa_2026/install/ardupilot_msgs LD_LIBRARY_PATH=/home/lh/Documents/joao_pessoa_2026/install/biguasim_interfaces/lib:/home/lh/Documents/joao_pessoa_2026/install/micro_ros_agent/lib:/home/lh/Documents/joao_pessoa_2026/install/micro_ros_msgs/lib:/home/lh/Documents/joao_pessoa_2026/install/ardupilot_msgs/lib:/opt/ros/humble/opt/rviz_ogre_vendor/lib:/opt/ros/humble/lib/x86_64-linux-gnu:/opt/ros/humble/lib PYTHONPATH=/home/lh/Documents/joao_pessoa_2026/build/biguasim_main/prefix_override:/usr/lib/python3/dist-packages/colcon_core/task/python/colcon_distutils_commands:/home/lh/Documents/joao_pessoa_2026/install/biguasim_main/lib/python3.10/site-packages:${PYTHONPATH} /usr/bin/python3 -W ignore:setup.py install is deprecated -W ignore:easy_install command is deprecated setup.py develop --editable --build-directory /home/lh/Documents/joao_pessoa_2026/build/biguasim_main/build --no-deps symlink_data
