[0.008s] Invoking command in '/home/lh/Documents/joao_pessoa_2026/build/hydrone_msgs': CMAKE_PREFIX_PATH=${CMAKE_PREFIX_PATH}:/home/lh/Documents/joao_pessoa_2026/install/ardupilot_dds_tests:/home/lh/Documents/joao_pessoa_2026/install/hydrone_biguasim:/home/lh/Documents/joao_pessoa_2026/install/hydrone_bringup:/home/lh/Documents/joao_pessoa_2026/install/hydrone_vision:/home/lh/Documents/joao_pessoa_2026/install/hydrone_nav:/home/lh/Documents/joao_pessoa_2026/install/hydrone_mission:/home/lh/Documents/joao_pessoa_2026/install/hydrone_controller:/home/lh/Documents/joao_pessoa_2026/install/biguasim_main:/opt/ros/humble /usr/bin/cmake /home/lh/Documents/joao_pessoa_2026/src/hydrone_msgs -DAMENT_CMAKE_SYMLINK_INSTALL=1 -DCMAKE_INSTALL_PREFIX=/home/lh/Documents/joao_pessoa_2026/install/hydrone_msgs
[0.041s] -- The C compiler identification is GNU 11.4.0
[0.077s] -- The CXX compiler identification is GNU 11.4.0
[0.082s] -- Detecting C compiler ABI info
[0.118s] -- Detecting C compiler ABI info - done
[0.124s] -- Check for working C compiler: /usr/lib/ccache/cc - skipped
[0.124s] -- Detecting C compile features
[0.124s] -- Detecting C compile features - done
[0.126s] -- Detecting CXX compiler ABI info
[0.167s] -- Detecting CXX compiler ABI info - done
[0.170s] -- Check for working CXX compiler: /usr/lib/ccache/c++ - skipped
[0.171s] -- Detecting CXX compile features
[0.171s] -- Detecting CXX compile features - done
[0.172s] -- Found ament_cmake: 1.3.14 (/opt/ros/humble/share/ament_cmake/cmake)
[0.263s] -- Found Python3: /usr/bin/python3 (found version "3.10.12") found components: Interpreter 
[0.293s] -- Override CMake install command with custom implementation using symlinks instead of copying resources
[0.302s] -- Found rosidl_default_generators: 1.2.1 (/opt/ros/humble/share/rosidl_default_generators/cmake)
[0.304s] -- Using all available rosidl_typesupport_c: rosidl_typesupport_fastrtps_c;rosidl_typesupport_introspection_c
[0.306s] -- Found rosidl_adapter: 3.1.8 (/opt/ros/humble/share/rosidl_adapter/cmake)
[0.324s] -- Using all available rosidl_typesupport_cpp: rosidl_typesupport_fastrtps_cpp;rosidl_typesupport_introspection_cpp
[0.340s] -- Found std_msgs: 4.9.1 (/opt/ros/humble/share/std_msgs/cmake)
[0.351s] -- Found geometry_msgs: 4.9.1 (/opt/ros/humble/share/geometry_msgs/cmake)
[0.522s] -- Found ament_cmake_ros: 0.10.0 (/opt/ros/humble/share/ament_cmake_ros/cmake)
[0.650s] -- Using all available rosidl_typesupport_c: rosidl_typesupport_fastrtps_c;rosidl_typesupport_introspection_c
[0.837s] -- Using all available rosidl_typesupport_cpp: rosidl_typesupport_fastrtps_cpp;rosidl_typesupport_introspection_cpp
[0.850s] -- Found PythonInterp: /usr/bin/python3 (found suitable version "3.10.12", minimum required is "3.6") 
[0.850s] -- Found python_cmake_module: 0.10.0 (/opt/ros/humble/share/python_cmake_module/cmake)
[0.869s] -- Found PythonLibs: /usr/lib/x86_64-linux-gnu/libpython3.10.so (found suitable version "3.10.12", minimum required is "3.5") 
[0.869s] -- Using PYTHON_EXECUTABLE: /usr/bin/python3
[0.869s] -- Using PYTHON_INCLUDE_DIRS: /usr/include/python3.10
[0.869s] -- Using PYTHON_LIBRARIES: /usr/lib/x86_64-linux-gnu/libpython3.10.so
[0.885s] -- Found PythonExtra: .so  
[0.997s] -- Configuring done
[1.014s] -- Generating done
[1.020s] -- Build files have been written to: /home/lh/Documents/joao_pessoa_2026/build/hydrone_msgs
[1.024s] Invoked command in '/home/lh/Documents/joao_pessoa_2026/build/hydrone_msgs' returned '0': CMAKE_PREFIX_PATH=${CMAKE_PREFIX_PATH}:/home/lh/Documents/joao_pessoa_2026/install/ardupilot_dds_tests:/home/lh/Documents/joao_pessoa_2026/install/hydrone_biguasim:/home/lh/Documents/joao_pessoa_2026/install/hydrone_bringup:/home/lh/Documents/joao_pessoa_2026/install/hydrone_vision:/home/lh/Documents/joao_pessoa_2026/install/hydrone_nav:/home/lh/Documents/joao_pessoa_2026/install/hydrone_mission:/home/lh/Documents/joao_pessoa_2026/install/hydrone_controller:/home/lh/Documents/joao_pessoa_2026/install/biguasim_main:/opt/ros/humble /usr/bin/cmake /home/lh/Documents/joao_pessoa_2026/src/hydrone_msgs -DAMENT_CMAKE_SYMLINK_INSTALL=1 -DCMAKE_INSTALL_PREFIX=/home/lh/Documents/joao_pessoa_2026/install/hydrone_msgs
[1.025s] Invoking command in '/home/lh/Documents/joao_pessoa_2026/build/hydrone_msgs': CMAKE_PREFIX_PATH=${CMAKE_PREFIX_PATH}:/home/lh/Documents/joao_pessoa_2026/install/ardupilot_dds_tests:/home/lh/Documents/joao_pessoa_2026/install/hydrone_biguasim:/home/lh/Documents/joao_pessoa_2026/install/hydrone_bringup:/home/lh/Documents/joao_pessoa_2026/install/hydrone_vision:/home/lh/Documents/joao_pessoa_2026/install/hydrone_nav:/home/lh/Documents/joao_pessoa_2026/install/hydrone_mission:/home/lh/Documents/joao_pessoa_2026/install/hydrone_controller:/home/lh/Documents/joao_pessoa_2026/install/biguasim_main:/opt/ros/humble /usr/bin/cmake --build /home/lh/Documents/joao_pessoa_2026/build/hydrone_msgs -- -j32 -l32
[1.049s] [  1%] [34m[1mGenerating C code for ROS interfaces[0m
[1.057s] [  3%] [34m[1mGenerating Rust code for ROS interfaces[0m
[1.057s] [  4%] [34m[1mGenerating C++ code for ROS interfaces[0m
[1.061s] [  4%] Built target ament_cmake_python_symlink_hydrone_msgs
[1.254s] running egg_info
[1.254s] creating hydrone_msgs.egg-info
[1.254s] writing hydrone_msgs.egg-info/PKG-INFO
[1.255s] writing dependency_links to hydrone_msgs.egg-info/dependency_links.txt
[1.255s] writing top-level names to hydrone_msgs.egg-info/top_level.txt
[1.255s] writing manifest file 'hydrone_msgs.egg-info/SOURCES.txt'
[1.256s] reading manifest file 'hydrone_msgs.egg-info/SOURCES.txt'
[1.257s] writing manifest file 'hydrone_msgs.egg-info/SOURCES.txt'
[1.276s] [  4%] Built target ament_cmake_python_build_hydrone_msgs_egg
[1.467s] [  4%] Built target hydrone_msgs__rs
[1.569s] [  7%] [32mBuilding C object CMakeFiles/hydrone_msgs__rosidl_generator_c.dir/rosidl_generator_c/hydrone_msgs/msg/detail/mission_state__functions.c.o[0m
[1.569s] [  7%] [32mBuilding C object CMakeFiles/hydrone_msgs__rosidl_generator_c.dir/rosidl_generator_c/hydrone_msgs/msg/detail/landing_base__functions.c.o[0m
[1.569s] [  9%] [32mBuilding C object CMakeFiles/hydrone_msgs__rosidl_generator_c.dir/rosidl_generator_c/hydrone_msgs/msg/detail/qr_code__functions.c.o[0m
[1.569s] [ 10%] [32mBuilding C object CMakeFiles/hydrone_msgs__rosidl_generator_c.dir/rosidl_generator_c/hydrone_msgs/msg/detail/human_gesture__functions.c.o[0m
[1.569s] [ 12%] [32mBuilding C object CMakeFiles/hydrone_msgs__rosidl_generator_c.dir/rosidl_generator_c/hydrone_msgs/srv/detail/set_phase__functions.c.o[0m
[1.579s] [ 12%] Built target hydrone_msgs__cpp
[1.584s] [ 14%] [34m[1mGenerating C++ introspection for ROS interfaces[0m
[1.584s] [ 15%] [34m[1mGenerating C++ type support for eProsima Fast-RTPS[0m
[1.586s] [ 17%] [34m[1mGenerating C++ type support dispatch for ROS interfaces[0m
[1.587s] [ 18%] [32m[1mLinking C shared library libhydrone_msgs__rosidl_generator_c.so[0m
[1.618s] [ 18%] Built target hydrone_msgs__rosidl_generator_c
[1.623s] [ 20%] [34m[1mGenerating C introspection for ROS interfaces[0m
[1.623s] [ 21%] [34m[1mGenerating C type support dispatch for ROS interfaces[0m
[1.625s] [ 23%] [34m[1mGenerating C type support for eProsima Fast-RTPS[0m
[1.869s] [ 26%] [32mBuilding CXX object CMakeFiles/hydrone_msgs__rosidl_typesupport_fastrtps_cpp.dir/rosidl_typesupport_fastrtps_cpp/hydrone_msgs/msg/detail/dds_fastrtps/landing_base__type_support.cpp.o[0m
[1.869s] [ 26%] [32mBuilding CXX object CMakeFiles/hydrone_msgs__rosidl_typesupport_fastrtps_cpp.dir/rosidl_typesupport_fastrtps_cpp/hydrone_msgs/msg/detail/dds_fastrtps/mission_state__type_support.cpp.o[0m
[1.871s] [ 28%] [32mBuilding CXX object CMakeFiles/hydrone_msgs__rosidl_typesupport_fastrtps_cpp.dir/rosidl_typesupport_fastrtps_cpp/hydrone_msgs/msg/detail/dds_fastrtps/human_gesture__type_support.cpp.o[0m
[1.871s] [ 31%] [32mBuilding CXX object CMakeFiles/hydrone_msgs__rosidl_typesupport_fastrtps_cpp.dir/rosidl_typesupport_fastrtps_cpp/hydrone_msgs/msg/detail/dds_fastrtps/qr_code__type_support.cpp.o[0m
[1.871s] [ 31%] [32mBuilding CXX object CMakeFiles/hydrone_msgs__rosidl_typesupport_fastrtps_cpp.dir/rosidl_typesupport_fastrtps_cpp/hydrone_msgs/srv/detail/dds_fastrtps/set_phase__type_support.cpp.o[0m
[1.896s] [ 34%] [32mBuilding CXX object CMakeFiles/hydrone_msgs__rosidl_typesupport_c.dir/rosidl_typesupport_c/hydrone_msgs/msg/qr_code__type_support.cpp.o[0m
[1.896s] [ 34%] [32mBuilding CXX object CMakeFiles/hydrone_msgs__rosidl_typesupport_c.dir/rosidl_typesupport_c/hydrone_msgs/msg/human_gesture__type_support.cpp.o[0m
[1.897s] [ 35%] [32mBuilding CXX object CMakeFiles/hydrone_msgs__rosidl_typesupport_c.dir/rosidl_typesupport_c/hydrone_msgs/srv/set_phase__type_support.cpp.o[0m
[1.897s] [ 37%] [32mBuilding CXX object CMakeFiles/hydrone_msgs__rosidl_typesupport_c.dir/rosidl_typesupport_c/hydrone_msgs/msg/landing_base__type_support.cpp.o[0m
[1.897s] [ 39%] [32mBuilding CXX object CMakeFiles/hydrone_msgs__rosidl_typesupport_c.dir/rosidl_typesupport_c/hydrone_msgs/msg/mission_state__type_support.cpp.o[0m
[1.899s] [ 40%] [32mBuilding C object CMakeFiles/hydrone_msgs__rosidl_typesupport_introspection_c.dir/rosidl_typesupport_introspection_c/hydrone_msgs/msg/detail/mission_state__type_support.c.o[0m
[1.899s] [ 42%] [32mBuilding C object CMakeFiles/hydrone_msgs__rosidl_typesupport_introspection_c.dir/rosidl_typesupport_introspection_c/hydrone_msgs/srv/detail/set_phase__type_support.c.o[0m
[1.900s] [ 43%] [32mBuilding C object CMakeFiles/hydrone_msgs__rosidl_typesupport_introspection_c.dir/rosidl_typesupport_introspection_c/hydrone_msgs/msg/detail/human_gesture__type_support.c.o[0m
[1.900s] [ 45%] [32mBuilding C object CMakeFiles/hydrone_msgs__rosidl_typesupport_introspection_c.dir/rosidl_typesupport_introspection_c/hydrone_msgs/msg/detail/landing_base__type_support.c.o[0m
[1.901s] [ 46%] [32mBuilding C object CMakeFiles/hydrone_msgs__rosidl_typesupport_introspection_c.dir/rosidl_typesupport_introspection_c/hydrone_msgs/msg/detail/qr_code__type_support.c.o[0m
[1.905s] [ 48%] [32m[1mLinking CXX shared library libhydrone_msgs__rosidl_typesupport_c.so[0m
[1.917s] [ 50%] [32m[1mLinking C shared library libhydrone_msgs__rosidl_typesupport_introspection_c.so[0m
[1.929s] [ 50%] Built target hydrone_msgs__rosidl_typesupport_c
[1.936s] [ 50%] Built target hydrone_msgs__rosidl_typesupport_introspection_c
[1.941s] [ 51%] [32m[1mLinking CXX shared library libhydrone_msgs__rosidl_typesupport_fastrtps_cpp.so[0m
[1.986s] [ 51%] Built target hydrone_msgs__rosidl_typesupport_fastrtps_cpp
[2.001s] [ 54%] [32mBuilding CXX object CMakeFiles/hydrone_msgs__rosidl_typesupport_cpp.dir/rosidl_typesupport_cpp/hydrone_msgs/msg/mission_state__type_support.cpp.o[0m
[2.001s] [ 54%] [32mBuilding CXX object CMakeFiles/hydrone_msgs__rosidl_typesupport_cpp.dir/rosidl_typesupport_cpp/hydrone_msgs/msg/human_gesture__type_support.cpp.o[0m
[2.001s] [ 56%] [32mBuilding CXX object CMakeFiles/hydrone_msgs__rosidl_typesupport_cpp.dir/rosidl_typesupport_cpp/hydrone_msgs/msg/landing_base__type_support.cpp.o[0m
[2.001s] [ 57%] [32mBuilding CXX object CMakeFiles/hydrone_msgs__rosidl_typesupport_cpp.dir/rosidl_typesupport_cpp/hydrone_msgs/srv/set_phase__type_support.cpp.o[0m
[2.003s] [ 59%] [32mBuilding CXX object CMakeFiles/hydrone_msgs__rosidl_typesupport_cpp.dir/rosidl_typesupport_cpp/hydrone_msgs/msg/qr_code__type_support.cpp.o[0m
[2.011s] [ 60%] [32m[1mLinking CXX shared library libhydrone_msgs__rosidl_typesupport_cpp.so[0m
[2.024s] [ 62%] [32mBuilding CXX object CMakeFiles/hydrone_msgs__rosidl_typesupport_fastrtps_c.dir/rosidl_typesupport_fastrtps_c/hydrone_msgs/msg/detail/mission_state__type_support_c.cpp.o[0m
[2.025s] [ 64%] [32mBuilding CXX object CMakeFiles/hydrone_msgs__rosidl_typesupport_fastrtps_c.dir/rosidl_typesupport_fastrtps_c/hydrone_msgs/msg/detail/qr_code__type_support_c.cpp.o[0m
[2.025s] [ 65%] [32mBuilding CXX object CMakeFiles/hydrone_msgs__rosidl_typesupport_fastrtps_c.dir/rosidl_typesupport_fastrtps_c/hydrone_msgs/srv/detail/set_phase__type_support_c.cpp.o[0m
[2.025s] [ 67%] [32mBuilding CXX object CMakeFiles/hydrone_msgs__rosidl_typesupport_introspection_cpp.dir/rosidl_typesupport_introspection_cpp/hydrone_msgs/msg/detail/human_gesture__type_support.cpp.o[0m
[2.025s] [ 68%] [32mBuilding CXX object CMakeFiles/hydrone_msgs__rosidl_typesupport_introspection_cpp.dir/rosidl_typesupport_introspection_cpp/hydrone_msgs/msg/detail/qr_code__type_support.cpp.o[0m
[2.026s] [ 70%] [32mBuilding CXX object CMakeFiles/hydrone_msgs__rosidl_typesupport_introspection_cpp.dir/rosidl_typesupport_introspection_cpp/hydrone_msgs/srv/detail/set_phase__type_support.cpp.o[0m
[2.026s] [ 71%] [32mBuilding CXX object CMakeFiles/hydrone_msgs__rosidl_typesupport_fastrtps_c.dir/rosidl_typesupport_fastrtps_c/hydrone_msgs/msg/detail/landing_base__type_support_c.cpp.o[0m
[2.026s] [ 73%] [32mBuilding CXX object CMakeFiles/hydrone_msgs__rosidl_typesupport_fastrtps_c.dir/rosidl_typesupport_fastrtps_c/hydrone_msgs/msg/detail/human_gesture__type_support_c.cpp.o[0m
[2.026s] [ 76%] [32mBuilding CXX object CMakeFiles/hydrone_msgs__rosidl_typesupport_introspection_cpp.dir/rosidl_typesupport_introspection_cpp/hydrone_msgs/msg/detail/landing_base__type_support.cpp.o[0m
[2.027s] [ 76%] [32mBuilding CXX object CMakeFiles/hydrone_msgs__rosidl_typesupport_introspection_cpp.dir/rosidl_typesupport_introspection_cpp/hydrone_msgs/msg/detail/mission_state__type_support.cpp.o[0m
[2.038s] [ 78%] [32m[1mLinking CXX shared library libhydrone_msgs__rosidl_typesupport_introspection_cpp.so[0m
[2.045s] [ 78%] Built target hydrone_msgs__rosidl_typesupport_cpp
[2.085s] [ 79%] [32m[1mLinking CXX shared library libhydrone_msgs__rosidl_typesupport_fastrtps_c.so[0m
[2.097s] [ 79%] Built target hydrone_msgs__rosidl_typesupport_introspection_cpp
[2.141s] [ 79%] Built target hydrone_msgs__rosidl_typesupport_fastrtps_c
[2.150s] [ 79%] Built target hydrone_msgs
[2.161s] [ 81%] [34m[1mGenerating Python code for ROS interfaces[0m
[2.756s] [ 81%] Built target hydrone_msgs__py
[2.768s] [ 82%] [32mBuilding C object CMakeFiles/hydrone_msgs__rosidl_generator_py.dir/rosidl_generator_py/hydrone_msgs/msg/_human_gesture_s.c.o[0m
[2.769s] [ 85%] [32mBuilding C object CMakeFiles/hydrone_msgs__rosidl_generator_py.dir/rosidl_generator_py/hydrone_msgs/msg/_mission_state_s.c.o[0m
[2.769s] [ 85%] [32mBuilding C object CMakeFiles/hydrone_msgs__rosidl_generator_py.dir/rosidl_generator_py/hydrone_msgs/msg/_landing_base_s.c.o[0m
[2.769s] [ 87%] [32mBuilding C object CMakeFiles/hydrone_msgs__rosidl_generator_py.dir/rosidl_generator_py/hydrone_msgs/msg/_qr_code_s.c.o[0m
[2.769s] [ 89%] [32mBuilding C object CMakeFiles/hydrone_msgs__rosidl_generator_py.dir/rosidl_generator_py/hydrone_msgs/srv/_set_phase_s.c.o[0m
[2.778s] [ 90%] [32m[1mLinking C shared library rosidl_generator_py/hydrone_msgs/libhydrone_msgs__rosidl_generator_py.so[0m
[2.805s] [ 90%] Built target hydrone_msgs__rosidl_generator_py
[2.818s] [ 92%] [32mBuilding C object CMakeFiles/hydrone_msgs__rosidl_typesupport_c__pyext.dir/rosidl_generator_py/hydrone_msgs/_hydrone_msgs_s.ep.rosidl_typesupport_c.c.o[0m
[2.818s] [ 93%] [32mBuilding C object CMakeFiles/hydrone_msgs__rosidl_typesupport_fastrtps_c__pyext.dir/rosidl_generator_py/hydrone_msgs/_hydrone_msgs_s.ep.rosidl_typesupport_fastrtps_c.c.o[0m
[2.818s] [ 95%] [32mBuilding C object CMakeFiles/hydrone_msgs__rosidl_typesupport_introspection_c__pyext.dir/rosidl_generator_py/hydrone_msgs/_hydrone_msgs_s.ep.rosidl_typesupport_introspection_c.c.o[0m
[2.826s] [ 96%] [32m[1mLinking C shared library rosidl_generator_py/hydrone_msgs/hydrone_msgs_s__rosidl_typesupport_fastrtps_c.cpython-310-x86_64-linux-gnu.so[0m
[2.827s] [ 98%] [32m[1mLinking C shared library rosidl_generator_py/hydrone_msgs/hydrone_msgs_s__rosidl_typesupport_c.cpython-310-x86_64-linux-gnu.so[0m
[2.828s] [100%] [32m[1mLinking C shared library rosidl_generator_py/hydrone_msgs/hydrone_msgs_s__rosidl_typesupport_introspection_c.cpython-310-x86_64-linux-gnu.so[0m
[2.851s] [100%] Built target hydrone_msgs__rosidl_typesupport_introspection_c__pyext
[2.856s] [100%] Built target hydrone_msgs__rosidl_typesupport_fastrtps_c__pyext
[2.857s] [100%] Built target hydrone_msgs__rosidl_typesupport_c__pyext
[2.864s] Invoked command in '/home/lh/Documents/joao_pessoa_2026/build/hydrone_msgs' returned '0': CMAKE_PREFIX_PATH=${CMAKE_PREFIX_PATH}:/home/lh/Documents/joao_pessoa_2026/install/ardupilot_dds_tests:/home/lh/Documents/joao_pessoa_2026/install/hydrone_biguasim:/home/lh/Documents/joao_pessoa_2026/install/hydrone_bringup:/home/lh/Documents/joao_pessoa_2026/install/hydrone_vision:/home/lh/Documents/joao_pessoa_2026/install/hydrone_nav:/home/lh/Documents/joao_pessoa_2026/install/hydrone_mission:/home/lh/Documents/joao_pessoa_2026/install/hydrone_controller:/home/lh/Documents/joao_pessoa_2026/install/biguasim_main:/opt/ros/humble /usr/bin/cmake --build /home/lh/Documents/joao_pessoa_2026/build/hydrone_msgs -- -j32 -l32
[2.866s] Invoking command in '/home/lh/Documents/joao_pessoa_2026/build/hydrone_msgs': CMAKE_PREFIX_PATH=${CMAKE_PREFIX_PATH}:/home/lh/Documents/joao_pessoa_2026/install/ardupilot_dds_tests:/home/lh/Documents/joao_pessoa_2026/install/hydrone_biguasim:/home/lh/Documents/joao_pessoa_2026/install/hydrone_bringup:/home/lh/Documents/joao_pessoa_2026/install/hydrone_vision:/home/lh/Documents/joao_pessoa_2026/install/hydrone_nav:/home/lh/Documents/joao_pessoa_2026/install/hydrone_mission:/home/lh/Documents/joao_pessoa_2026/install/hydrone_controller:/home/lh/Documents/joao_pessoa_2026/install/biguasim_main:/opt/ros/humble /usr/bin/cmake --install /home/lh/Documents/joao_pessoa_2026/build/hydrone_msgs
[2.870s] -- Install configuration: ""
[2.870s] -- Execute custom install script
[2.870s] -- Symlinking: /home/lh/Documents/joao_pessoa_2026/install/hydrone_msgs/share/ament_index/resource_index/rosidl_interfaces/hydrone_msgs
[2.875s] -- Symlinking: /home/lh/Documents/joao_pessoa_2026/install/hydrone_msgs/include/hydrone_msgs/hydrone_msgs/msg/detail/human_gesture__functions.h
[2.881s] -- Symlinking: /home/lh/Documents/joao_pessoa_2026/install/hydrone_msgs/include/hydrone_msgs/hydrone_msgs/msg/detail/human_gesture__struct.h
[2.886s] -- Symlinking: /home/lh/Documents/joao_pessoa_2026/install/hydrone_msgs/include/hydrone_msgs/hydrone_msgs/msg/detail/human_gesture__type_support.h
[2.891s] -- Symlinking: /home/lh/Documents/joao_pessoa_2026/install/hydrone_msgs/include/hydrone_msgs/hydrone_msgs/msg/detail/landing_base__functions.h
[2.897s] -- Symlinking: /home/lh/Documents/joao_pessoa_2026/install/hydrone_msgs/include/hydrone_msgs/hydrone_msgs/msg/detail/landing_base__struct.h
[2.901s] -- Symlinking: /home/lh/Documents/joao_pessoa_2026/install/hydrone_msgs/include/hydrone_msgs/hydrone_msgs/msg/detail/landing_base__type_support.h
[2.906s] -- Symlinking: /home/lh/Documents/joao_pessoa_2026/install/hydrone_msgs/include/hydrone_msgs/hydrone_msgs/msg/detail/mission_state__functions.h
[2.912s] -- Symlinking: /home/lh/Documents/joao_pessoa_2026/install/hydrone_msgs/include/hydrone_msgs/hydrone_msgs/msg/detail/mission_state__struct.h
[2.917s] -- Symlinking: /home/lh/Documents/joao_pessoa_2026/install/hydrone_msgs/include/hydrone_msgs/hydrone_msgs/msg/detail/mission_state__type_support.h
[2.921s] -- Symlinking: /home/lh/Documents/joao_pessoa_2026/install/hydrone_msgs/include/hydrone_msgs/hydrone_msgs/msg/detail/qr_code__functions.h
[2.926s] -- Symlinking: /home/lh/Documents/joao_pessoa_2026/install/hydrone_msgs/include/hydrone_msgs/hydrone_msgs/msg/detail/qr_code__struct.h
[2.930s] -- Symlinking: /home/lh/Documents/joao_pessoa_2026/install/hydrone_msgs/include/hydrone_msgs/hydrone_msgs/msg/detail/qr_code__type_support.h
[2.934s] -- Symlinking: /home/lh/Documents/joao_pessoa_2026/install/hydrone_msgs/include/hydrone_msgs/hydrone_msgs/msg/human_gesture.h
[2.939s] -- Symlinking: /home/lh/Documents/joao_pessoa_2026/install/hydrone_msgs/include/hydrone_msgs/hydrone_msgs/msg/landing_base.h
[2.944s] -- Symlinking: /home/lh/Documents/joao_pessoa_2026/install/hydrone_msgs/include/hydrone_msgs/hydrone_msgs/msg/mission_state.h
[2.950s] -- Symlinking: /home/lh/Documents/joao_pessoa_2026/install/hydrone_msgs/include/hydrone_msgs/hydrone_msgs/msg/qr_code.h
[2.956s] -- Symlinking: /home/lh/Documents/joao_pessoa_2026/install/hydrone_msgs/include/hydrone_msgs/hydrone_msgs/msg/rosidl_generator_c__visibility_control.h
[2.962s] -- Symlinking: /home/lh/Documents/joao_pessoa_2026/install/hydrone_msgs/include/hydrone_msgs/hydrone_msgs/srv/detail/set_phase__functions.h
[2.966s] -- Symlinking: /home/lh/Documents/joao_pessoa_2026/install/hydrone_msgs/include/hydrone_msgs/hydrone_msgs/srv/detail/set_phase__struct.h
[2.972s] -- Symlinking: /home/lh/Documents/joao_pessoa_2026/install/hydrone_msgs/include/hydrone_msgs/hydrone_msgs/srv/detail/set_phase__type_support.h
[2.977s] -- Symlinking: /home/lh/Documents/joao_pessoa_2026/install/hydrone_msgs/include/hydrone_msgs/hydrone_msgs/srv/set_phase.h
[2.982s] -- Symlinking: /home/lh/Documents/joao_pessoa_2026/install/hydrone_msgs/share/hydrone_msgs/environment/library_path.sh
[2.988s] -- Symlinking: /home/lh/Documents/joao_pessoa_2026/install/hydrone_msgs/share/hydrone_msgs/environment/library_path.dsv
[2.993s] -- Symlinking: /home/lh/Documents/joao_pessoa_2026/install/hydrone_msgs/include/hydrone_msgs/hydrone_msgs/msg/detail/human_gesture__rosidl_typesupport_fastrtps_c.h
[2.997s] -- Symlinking: /home/lh/Documents/joao_pessoa_2026/install/hydrone_msgs/include/hydrone_msgs/hydrone_msgs/msg/detail/landing_base__rosidl_typesupport_fastrtps_c.h
[3.001s] -- Symlinking: /home/lh/Documents/joao_pessoa_2026/install/hydrone_msgs/include/hydrone_msgs/hydrone_msgs/msg/detail/mission_state__rosidl_typesupport_fastrtps_c.h
[3.005s] -- Symlinking: /home/lh/Documents/joao_pessoa_2026/install/hydrone_msgs/include/hydrone_msgs/hydrone_msgs/msg/detail/qr_code__rosidl_typesupport_fastrtps_c.h
[3.010s] -- Symlinking: /home/lh/Documents/joao_pessoa_2026/install/hydrone_msgs/include/hydrone_msgs/hydrone_msgs/msg/rosidl_typesupport_fastrtps_c__visibility_control.h
[3.015s] -- Symlinking: /home/lh/Documents/joao_pessoa_2026/install/hydrone_msgs/include/hydrone_msgs/hydrone_msgs/srv/detail/set_phase__rosidl_typesupport_fastrtps_c.h
[3.020s] -- Symlinking: /home/lh/Documents/joao_pessoa_2026/install/hydrone_msgs/include/hydrone_msgs/hydrone_msgs/msg/detail/human_gesture__rosidl_typesupport_introspection_c.h
[3.025s] -- Symlinking: /home/lh/Documents/joao_pessoa_2026/install/hydrone_msgs/include/hydrone_msgs/hydrone_msgs/msg/detail/landing_base__rosidl_typesupport_introspection_c.h
[3.030s] -- Symlinking: /home/lh/Documents/joao_pessoa_2026/install/hydrone_msgs/include/hydrone_msgs/hydrone_msgs/msg/detail/mission_state__rosidl_typesupport_introspection_c.h
[3.035s] -- Symlinking: /home/lh/Documents/joao_pessoa_2026/install/hydrone_msgs/include/hydrone_msgs/hydrone_msgs/msg/detail/qr_code__rosidl_typesupport_introspection_c.h
[3.040s] -- Symlinking: /home/lh/Documents/joao_pessoa_2026/install/hydrone_msgs/include/hydrone_msgs/hydrone_msgs/msg/rosidl_typesupport_introspection_c__visibility_control.h
[3.045s] -- Symlinking: /home/lh/Documents/joao_pessoa_2026/install/hydrone_msgs/include/hydrone_msgs/hydrone_msgs/srv/detail/set_phase__rosidl_typesupport_introspection_c.h
[3.049s] -- Symlinking: /home/lh/Documents/joao_pessoa_2026/install/hydrone_msgs/include/hydrone_msgs/hydrone_msgs/msg/detail/human_gesture__builder.hpp
[3.055s] -- Symlinking: /home/lh/Documents/joao_pessoa_2026/install/hydrone_msgs/include/hydrone_msgs/hydrone_msgs/msg/detail/human_gesture__struct.hpp
[3.059s] -- Symlinking: /home/lh/Documents/joao_pessoa_2026/install/hydrone_msgs/include/hydrone_msgs/hydrone_msgs/msg/detail/human_gesture__traits.hpp
[3.063s] -- Symlinking: /home/lh/Documents/joao_pessoa_2026/install/hydrone_msgs/include/hydrone_msgs/hydrone_msgs/msg/detail/human_gesture__type_support.hpp
[3.068s] -- Symlinking: /home/lh/Documents/joao_pessoa_2026/install/hydrone_msgs/include/hydrone_msgs/hydrone_msgs/msg/detail/landing_base__builder.hpp
[3.073s] -- Symlinking: /home/lh/Documents/joao_pessoa_2026/install/hydrone_msgs/include/hydrone_msgs/hydrone_msgs/msg/detail/landing_base__struct.hpp
[3.076s] -- Symlinking: /home/lh/Documents/joao_pessoa_2026/install/hydrone_msgs/include/hydrone_msgs/hydrone_msgs/msg/detail/landing_base__traits.hpp
[3.080s] -- Symlinking: /home/lh/Documents/joao_pessoa_2026/install/hydrone_msgs/include/hydrone_msgs/hydrone_msgs/msg/detail/landing_base__type_support.hpp
[3.085s] -- Symlinking: /home/lh/Documents/joao_pessoa_2026/install/hydrone_msgs/include/hydrone_msgs/hydrone_msgs/msg/detail/mission_state__builder.hpp
[3.090s] -- Symlinking: /home/lh/Documents/joao_pessoa_2026/install/hydrone_msgs/include/hydrone_msgs/hydrone_msgs/msg/detail/mission_state__struct.hpp
[3.094s] -- Symlinking: /home/lh/Documents/joao_pessoa_2026/install/hydrone_msgs/include/hydrone_msgs/hydrone_msgs/msg/detail/mission_state__traits.hpp
[3.099s] -- Symlinking: /home/lh/Documents/joao_pessoa_2026/install/hydrone_msgs/include/hydrone_msgs/hydrone_msgs/msg/detail/mission_state__type_support.hpp
[3.103s] -- Symlinking: /home/lh/Documents/joao_pessoa_2026/install/hydrone_msgs/include/hydrone_msgs/hydrone_msgs/msg/detail/qr_code__builder.hpp
[3.108s] -- Symlinking: /home/lh/Documents/joao_pessoa_2026/install/hydrone_msgs/include/hydrone_msgs/hydrone_msgs/msg/detail/qr_code__struct.hpp
[3.113s] -- Symlinking: /home/lh/Documents/joao_pessoa_2026/install/hydrone_msgs/include/hydrone_msgs/hydrone_msgs/msg/detail/qr_code__traits.hpp
[3.119s] -- Symlinking: /home/lh/Documents/joao_pessoa_2026/install/hydrone_msgs/include/hydrone_msgs/hydrone_msgs/msg/detail/qr_code__type_support.hpp
[3.122s] -- Symlinking: /home/lh/Documents/joao_pessoa_2026/install/hydrone_msgs/include/hydrone_msgs/hydrone_msgs/msg/human_gesture.hpp
[3.126s] -- Symlinking: /home/lh/Documents/joao_pessoa_2026/install/hydrone_msgs/include/hydrone_msgs/hydrone_msgs/msg/landing_base.hpp
[3.131s] -- Symlinking: /home/lh/Documents/joao_pessoa_2026/install/hydrone_msgs/include/hydrone_msgs/hydrone_msgs/msg/mission_state.hpp
[3.137s] -- Symlinking: /home/lh/Documents/joao_pessoa_2026/install/hydrone_msgs/include/hydrone_msgs/hydrone_msgs/msg/qr_code.hpp
[3.140s] -- Symlinking: /home/lh/Documents/joao_pessoa_2026/install/hydrone_msgs/include/hydrone_msgs/hydrone_msgs/msg/rosidl_generator_cpp__visibility_control.hpp
[3.143s] -- Symlinking: /home/lh/Documents/joao_pessoa_2026/install/hydrone_msgs/include/hydrone_msgs/hydrone_msgs/srv/detail/set_phase__builder.hpp
[3.148s] -- Symlinking: /home/lh/Documents/joao_pessoa_2026/install/hydrone_msgs/include/hydrone_msgs/hydrone_msgs/srv/detail/set_phase__struct.hpp
[3.154s] -- Symlinking: /home/lh/Documents/joao_pessoa_2026/install/hydrone_msgs/include/hydrone_msgs/hydrone_msgs/srv/detail/set_phase__traits.hpp
[3.159s] -- Symlinking: /home/lh/Documents/joao_pessoa_2026/install/hydrone_msgs/include/hydrone_msgs/hydrone_msgs/srv/detail/set_phase__type_support.hpp
[3.164s] -- Symlinking: /home/lh/Documents/joao_pessoa_2026/install/hydrone_msgs/include/hydrone_msgs/hydrone_msgs/srv/set_phase.hpp
[3.169s] -- Symlinking: /home/lh/Documents/joao_pessoa_2026/install/hydrone_msgs/include/hydrone_msgs/hydrone_msgs/msg/detail/human_gesture__rosidl_typesupport_fastrtps_cpp.hpp
[3.175s] -- Symlinking: /home/lh/Documents/joao_pessoa_2026/install/hydrone_msgs/include/hydrone_msgs/hydrone_msgs/msg/detail/landing_base__rosidl_typesupport_fastrtps_cpp.hpp
[3.181s] -- Symlinking: /home/lh/Documents/joao_pessoa_2026/install/hydrone_msgs/include/hydrone_msgs/hydrone_msgs/msg/detail/mission_state__rosidl_typesupport_fastrtps_cpp.hpp
[3.186s] -- Symlinking: /home/lh/Documents/joao_pessoa_2026/install/hydrone_msgs/include/hydrone_msgs/hydrone_msgs/msg/detail/qr_code__rosidl_typesupport_fastrtps_cpp.hpp
[3.191s] -- Symlinking: /home/lh/Documents/joao_pessoa_2026/install/hydrone_msgs/include/hydrone_msgs/hydrone_msgs/msg/rosidl_typesupport_fastrtps_cpp__visibility_control.h
[3.196s] -- Symlinking: /home/lh/Documents/joao_pessoa_2026/install/hydrone_msgs/include/hydrone_msgs/hydrone_msgs/srv/detail/set_phase__rosidl_typesupport_fastrtps_cpp.hpp
[3.204s] -- Symlinking: /home/lh/Documents/joao_pessoa_2026/install/hydrone_msgs/include/hydrone_msgs/hydrone_msgs/msg/detail/human_gesture__rosidl_typesupport_introspection_cpp.hpp
[3.211s] -- Symlinking: /home/lh/Documents/joao_pessoa_2026/install/hydrone_msgs/include/hydrone_msgs/hydrone_msgs/msg/detail/landing_base__rosidl_typesupport_introspection_cpp.hpp
[3.215s] -- Symlinking: /home/lh/Documents/joao_pessoa_2026/install/hydrone_msgs/include/hydrone_msgs/hydrone_msgs/msg/detail/mission_state__rosidl_typesupport_introspection_cpp.hpp
[3.220s] -- Symlinking: /home/lh/Documents/joao_pessoa_2026/install/hydrone_msgs/include/hydrone_msgs/hydrone_msgs/msg/detail/qr_code__rosidl_typesupport_introspection_cpp.hpp
[3.227s] -- Symlinking: /home/lh/Documents/joao_pessoa_2026/install/hydrone_msgs/include/hydrone_msgs/hydrone_msgs/srv/detail/set_phase__rosidl_typesupport_introspection_cpp.hpp
[3.233s] -- Symlinking: /home/lh/Documents/joao_pessoa_2026/install/hydrone_msgs/share/hydrone_msgs/environment/pythonpath.sh
[3.238s] -- Symlinking: /home/lh/Documents/joao_pessoa_2026/install/hydrone_msgs/share/hydrone_msgs/environment/pythonpath.dsv
[3.245s] -- Symlinking: /home/lh/Documents/joao_pessoa_2026/install/hydrone_msgs/local/lib/python3.10/dist-packages/hydrone_msgs-1.0.0-py3.10.egg-info/PKG-INFO
[3.252s] -- Symlinking: /home/lh/Documents/joao_pessoa_2026/install/hydrone_msgs/local/lib/python3.10/dist-packages/hydrone_msgs-1.0.0-py3.10.egg-info/SOURCES.txt
[3.256s] -- Symlinking: /home/lh/Documents/joao_pessoa_2026/install/hydrone_msgs/local/lib/python3.10/dist-packages/hydrone_msgs-1.0.0-py3.10.egg-info/dependency_links.txt
[3.260s] -- Symlinking: /home/lh/Documents/joao_pessoa_2026/install/hydrone_msgs/local/lib/python3.10/dist-packages/hydrone_msgs-1.0.0-py3.10.egg-info/top_level.txt
[3.265s] -- Symlinking: /home/lh/Documents/joao_pessoa_2026/install/hydrone_msgs/local/lib/python3.10/dist-packages/hydrone_msgs/__init__.py
[3.269s] -- Symlinking: /home/lh/Documents/joao_pessoa_2026/install/hydrone_msgs/local/lib/python3.10/dist-packages/hydrone_msgs/_hydrone_msgs_s.ep.rosidl_typesupport_c.c
[3.272s] -- Symlinking: /home/lh/Documents/joao_pessoa_2026/install/hydrone_msgs/local/lib/python3.10/dist-packages/hydrone_msgs/_hydrone_msgs_s.ep.rosidl_typesupport_fastrtps_c.c
[3.277s] -- Symlinking: /home/lh/Documents/joao_pessoa_2026/install/hydrone_msgs/local/lib/python3.10/dist-packages/hydrone_msgs/_hydrone_msgs_s.ep.rosidl_typesupport_introspection_c.c
[3.281s] -- Symlinking: /home/lh/Documents/joao_pessoa_2026/install/hydrone_msgs/local/lib/python3.10/dist-packages/hydrone_msgs/hydrone_msgs_s__rosidl_typesupport_c.cpython-310-x86_64-linux-gnu.so
[3.285s] -- Symlinking: /home/lh/Documents/joao_pessoa_2026/install/hydrone_msgs/local/lib/python3.10/dist-packages/hydrone_msgs/hydrone_msgs_s__rosidl_typesupport_fastrtps_c.cpython-310-x86_64-linux-gnu.so
[3.290s] -- Symlinking: /home/lh/Documents/joao_pessoa_2026/install/hydrone_msgs/local/lib/python3.10/dist-packages/hydrone_msgs/hydrone_msgs_s__rosidl_typesupport_introspection_c.cpython-310-x86_64-linux-gnu.so
[3.295s] -- Symlinking: /home/lh/Documents/joao_pessoa_2026/install/hydrone_msgs/local/lib/python3.10/dist-packages/hydrone_msgs/libhydrone_msgs__rosidl_generator_py.so
[3.299s] -- Symlinking: /home/lh/Documents/joao_pessoa_2026/install/hydrone_msgs/local/lib/python3.10/dist-packages/hydrone_msgs/msg/__init__.py
[3.303s] -- Symlinking: /home/lh/Documents/joao_pessoa_2026/install/hydrone_msgs/local/lib/python3.10/dist-packages/hydrone_msgs/msg/_human_gesture.py
[3.308s] -- Symlinking: /home/lh/Documents/joao_pessoa_2026/install/hydrone_msgs/local/lib/python3.10/dist-packages/hydrone_msgs/msg/_human_gesture_s.c
[3.312s] -- Symlinking: /home/lh/Documents/joao_pessoa_2026/install/hydrone_msgs/local/lib/python3.10/dist-packages/hydrone_msgs/msg/_landing_base.py
[3.316s] -- Symlinking: /home/lh/Documents/joao_pessoa_2026/install/hydrone_msgs/local/lib/python3.10/dist-packages/hydrone_msgs/msg/_landing_base_s.c
[3.322s] -- Symlinking: /home/lh/Documents/joao_pessoa_2026/install/hydrone_msgs/local/lib/python3.10/dist-packages/hydrone_msgs/msg/_mission_state.py
[3.325s] -- Symlinking: /home/lh/Documents/joao_pessoa_2026/install/hydrone_msgs/local/lib/python3.10/dist-packages/hydrone_msgs/msg/_mission_state_s.c
[3.331s] -- Symlinking: /home/lh/Documents/joao_pessoa_2026/install/hydrone_msgs/local/lib/python3.10/dist-packages/hydrone_msgs/msg/_qr_code.py
[3.335s] -- Symlinking: /home/lh/Documents/joao_pessoa_2026/install/hydrone_msgs/local/lib/python3.10/dist-packages/hydrone_msgs/msg/_qr_code_s.c
[3.340s] -- Symlinking: /home/lh/Documents/joao_pessoa_2026/install/hydrone_msgs/local/lib/python3.10/dist-packages/hydrone_msgs/srv/__init__.py
[3.345s] -- Symlinking: /home/lh/Documents/joao_pessoa_2026/install/hydrone_msgs/local/lib/python3.10/dist-packages/hydrone_msgs/srv/_set_phase.py
[3.350s] -- Symlinking: /home/lh/Documents/joao_pessoa_2026/install/hydrone_msgs/local/lib/python3.10/dist-packages/hydrone_msgs/srv/_set_phase_s.c
[3.353s] -- Up-to-date symlink: /home/lh/Documents/joao_pessoa_2026/install/hydrone_msgs/local/lib/python3.10/dist-packages/hydrone_msgs/hydrone_msgs_s__rosidl_typesupport_fastrtps_c.cpython-310-x86_64-linux-gnu.so
[3.354s] -- Up-to-date symlink: /home/lh/Documents/joao_pessoa_2026/install/hydrone_msgs/local/lib/python3.10/dist-packages/hydrone_msgs/hydrone_msgs_s__rosidl_typesupport_introspection_c.cpython-310-x86_64-linux-gnu.so
[3.354s] -- Up-to-date symlink: /home/lh/Documents/joao_pessoa_2026/install/hydrone_msgs/local/lib/python3.10/dist-packages/hydrone_msgs/hydrone_msgs_s__rosidl_typesupport_c.cpython-310-x86_64-linux-gnu.so
[3.354s] -- Symlinking: /home/lh/Documents/joao_pessoa_2026/install/hydrone_msgs/share/ament_index/resource_index/rust_packages/hydrone_msgs
[3.358s] -- Symlinking: /home/lh/Documents/joao_pessoa_2026/install/hydrone_msgs/share/hydrone_msgs/rust/Cargo.toml
[3.362s] -- Symlinking: /home/lh/Documents/joao_pessoa_2026/install/hydrone_msgs/share/hydrone_msgs/rust/build.rs
[3.366s] -- Symlinking: /home/lh/Documents/joao_pessoa_2026/install/hydrone_msgs/share/hydrone_msgs/rust/src/lib.rs
[3.371s] -- Symlinking: /home/lh/Documents/joao_pessoa_2026/install/hydrone_msgs/share/hydrone_msgs/rust/src/msg.rs
[3.375s] -- Symlinking: /home/lh/Documents/joao_pessoa_2026/install/hydrone_msgs/share/hydrone_msgs/rust/src/msg/rmw.rs
[3.379s] -- Symlinking: /home/lh/Documents/joao_pessoa_2026/install/hydrone_msgs/share/hydrone_msgs/rust/src/srv.rs
[3.384s] -- Symlinking: /home/lh/Documents/joao_pessoa_2026/install/hydrone_msgs/share/hydrone_msgs/rust/src/srv/rmw.rs
[3.389s] -- Symlinking: /home/lh/Documents/joao_pessoa_2026/install/hydrone_msgs/share/hydrone_msgs/msg/LandingBase.idl
[3.394s] -- Symlinking: /home/lh/Documents/joao_pessoa_2026/install/hydrone_msgs/share/hydrone_msgs/msg/MissionState.idl
[3.398s] -- Symlinking: /home/lh/Documents/joao_pessoa_2026/install/hydrone_msgs/share/hydrone_msgs/msg/HumanGesture.idl
[3.401s] -- Symlinking: /home/lh/Documents/joao_pessoa_2026/install/hydrone_msgs/share/hydrone_msgs/msg/QRCode.idl
[3.405s] -- Symlinking: /home/lh/Documents/joao_pessoa_2026/install/hydrone_msgs/share/hydrone_msgs/srv/SetPhase.idl
[3.409s] -- Symlinking: /home/lh/Documents/joao_pessoa_2026/install/hydrone_msgs/share/hydrone_msgs/msg/LandingBase.msg
[3.413s] -- Symlinking: /home/lh/Documents/joao_pessoa_2026/install/hydrone_msgs/share/hydrone_msgs/msg/MissionState.msg
[3.417s] -- Symlinking: /home/lh/Documents/joao_pessoa_2026/install/hydrone_msgs/share/hydrone_msgs/msg/HumanGesture.msg
[3.421s] -- Symlinking: /home/lh/Documents/joao_pessoa_2026/install/hydrone_msgs/share/hydrone_msgs/msg/QRCode.msg
[3.425s] -- Symlinking: /home/lh/Documents/joao_pessoa_2026/install/hydrone_msgs/share/hydrone_msgs/srv/SetPhase.srv
[3.428s] -- Symlinking: /home/lh/Documents/joao_pessoa_2026/install/hydrone_msgs/share/hydrone_msgs/srv/SetPhase_Request.msg
[3.432s] -- Symlinking: /home/lh/Documents/joao_pessoa_2026/install/hydrone_msgs/share/hydrone_msgs/srv/SetPhase_Response.msg
[3.435s] -- Symlinking: /home/lh/Documents/joao_pessoa_2026/install/hydrone_msgs/share/ament_index/resource_index/package_run_dependencies/hydrone_msgs
[3.439s] -- Symlinking: /home/lh/Documents/joao_pessoa_2026/install/hydrone_msgs/share/ament_index/resource_index/parent_prefix_path/hydrone_msgs
[3.443s] -- Symlinking: /home/lh/Documents/joao_pessoa_2026/install/hydrone_msgs/share/hydrone_msgs/environment/ament_prefix_path.sh
[3.447s] -- Symlinking: /home/lh/Documents/joao_pessoa_2026/install/hydrone_msgs/share/hydrone_msgs/environment/ament_prefix_path.dsv
[3.452s] -- Symlinking: /home/lh/Documents/joao_pessoa_2026/install/hydrone_msgs/share/hydrone_msgs/environment/path.sh
[3.456s] -- Symlinking: /home/lh/Documents/joao_pessoa_2026/install/hydrone_msgs/share/hydrone_msgs/environment/path.dsv
[3.460s] -- Symlinking: /home/lh/Documents/joao_pessoa_2026/install/hydrone_msgs/share/hydrone_msgs/local_setup.bash
[3.464s] -- Symlinking: /home/lh/Documents/joao_pessoa_2026/install/hydrone_msgs/share/hydrone_msgs/local_setup.sh
[3.468s] -- Symlinking: /home/lh/Documents/joao_pessoa_2026/install/hydrone_msgs/share/hydrone_msgs/local_setup.zsh
[3.473s] -- Symlinking: /home/lh/Documents/joao_pessoa_2026/install/hydrone_msgs/share/hydrone_msgs/local_setup.dsv
[3.478s] -- Symlinking: /home/lh/Documents/joao_pessoa_2026/install/hydrone_msgs/share/hydrone_msgs/package.dsv
[3.482s] -- Symlinking: /home/lh/Documents/joao_pessoa_2026/install/hydrone_msgs/share/ament_index/resource_index/packages/hydrone_msgs
[3.486s] -- Symlinking: /home/lh/Documents/joao_pessoa_2026/install/hydrone_msgs/share/hydrone_msgs/cmake/rosidl_cmake-extras.cmake
[3.490s] -- Symlinking: /home/lh/Documents/joao_pessoa_2026/install/hydrone_msgs/share/hydrone_msgs/cmake/ament_cmake_export_dependencies-extras.cmake
[3.494s] -- Symlinking: /home/lh/Documents/joao_pessoa_2026/install/hydrone_msgs/share/hydrone_msgs/cmake/ament_cmake_export_include_directories-extras.cmake
[3.499s] -- Symlinking: /home/lh/Documents/joao_pessoa_2026/install/hydrone_msgs/share/hydrone_msgs/cmake/ament_cmake_export_libraries-extras.cmake
[3.504s] -- Symlinking: /home/lh/Documents/joao_pessoa_2026/install/hydrone_msgs/share/hydrone_msgs/cmake/ament_cmake_export_targets-extras.cmake
[3.507s] -- Symlinking: /home/lh/Documents/joao_pessoa_2026/install/hydrone_msgs/share/hydrone_msgs/cmake/rosidl_cmake_export_typesupport_targets-extras.cmake
[3.511s] -- Symlinking: /home/lh/Documents/joao_pessoa_2026/install/hydrone_msgs/share/hydrone_msgs/cmake/rosidl_cmake_export_typesupport_libraries-extras.cmake
[3.515s] -- Symlinking: /home/lh/Documents/joao_pessoa_2026/install/hydrone_msgs/share/hydrone_msgs/cmake/hydrone_msgsConfig.cmake
[3.519s] -- Symlinking: /home/lh/Documents/joao_pessoa_2026/install/hydrone_msgs/share/hydrone_msgs/cmake/hydrone_msgsConfig-version.cmake
[3.523s] -- Symlinking: /home/lh/Documents/joao_pessoa_2026/install/hydrone_msgs/share/hydrone_msgs/package.xml
[3.527s] -- Installing: /home/lh/Documents/joao_pessoa_2026/install/hydrone_msgs/lib/libhydrone_msgs__rosidl_generator_c.so
[3.527s] -- Set runtime path of "/home/lh/Documents/joao_pessoa_2026/install/hydrone_msgs/lib/libhydrone_msgs__rosidl_generator_c.so" to ""
[3.527s] -- Installing: /home/lh/Documents/joao_pessoa_2026/install/hydrone_msgs/lib/libhydrone_msgs__rosidl_typesupport_fastrtps_c.so
[3.527s] -- Set runtime path of "/home/lh/Documents/joao_pessoa_2026/install/hydrone_msgs/lib/libhydrone_msgs__rosidl_typesupport_fastrtps_c.so" to ""
[3.527s] -- Installing: /home/lh/Documents/joao_pessoa_2026/install/hydrone_msgs/lib/libhydrone_msgs__rosidl_typesupport_introspection_c.so
[3.527s] -- Set runtime path of "/home/lh/Documents/joao_pessoa_2026/install/hydrone_msgs/lib/libhydrone_msgs__rosidl_typesupport_introspection_c.so" to ""
[3.527s] -- Installing: /home/lh/Documents/joao_pessoa_2026/install/hydrone_msgs/lib/libhydrone_msgs__rosidl_typesupport_c.so
[3.527s] -- Set runtime path of "/home/lh/Documents/joao_pessoa_2026/install/hydrone_msgs/lib/libhydrone_msgs__rosidl_typesupport_c.so" to ""
[3.528s] -- Installing: /home/lh/Documents/joao_pessoa_2026/install/hydrone_msgs/lib/libhydrone_msgs__rosidl_typesupport_fastrtps_cpp.so
[3.528s] -- Set runtime path of "/home/lh/Documents/joao_pessoa_2026/install/hydrone_msgs/lib/libhydrone_msgs__rosidl_typesupport_fastrtps_cpp.so" to ""
[3.528s] -- Installing: /home/lh/Documents/joao_pessoa_2026/install/hydrone_msgs/lib/libhydrone_msgs__rosidl_typesupport_introspection_cpp.so
[3.528s] -- Set runtime path of "/home/lh/Documents/joao_pessoa_2026/install/hydrone_msgs/lib/libhydrone_msgs__rosidl_typesupport_introspection_cpp.so" to ""
[3.528s] -- Installing: /home/lh/Documents/joao_pessoa_2026/install/hydrone_msgs/lib/libhydrone_msgs__rosidl_typesupport_cpp.so
[3.528s] -- Set runtime path of "/home/lh/Documents/joao_pessoa_2026/install/hydrone_msgs/lib/libhydrone_msgs__rosidl_typesupport_cpp.so" to ""
[3.549s] Listing '/home/lh/Documents/joao_pessoa_2026/install/hydrone_msgs/local/lib/python3.10/dist-packages/hydrone_msgs'...
[3.549s] Compiling '/home/lh/Documents/joao_pessoa_2026/install/hydrone_msgs/local/lib/python3.10/dist-packages/hydrone_msgs/__init__.py'...
[3.549s] Listing '/home/lh/Documents/joao_pessoa_2026/install/hydrone_msgs/local/lib/python3.10/dist-packages/hydrone_msgs/msg'...
[3.549s] Compiling '/home/lh/Documents/joao_pessoa_2026/install/hydrone_msgs/local/lib/python3.10/dist-packages/hydrone_msgs/msg/__init__.py'...
[3.549s] Compiling '/home/lh/Documents/joao_pessoa_2026/install/hydrone_msgs/local/lib/python3.10/dist-packages/hydrone_msgs/msg/_human_gesture.py'...
[3.549s] Compiling '/home/lh/Documents/joao_pessoa_2026/install/hydrone_msgs/local/lib/python3.10/dist-packages/hydrone_msgs/msg/_landing_base.py'...
[3.549s] Compiling '/home/lh/Documents/joao_pessoa_2026/install/hydrone_msgs/local/lib/python3.10/dist-packages/hydrone_msgs/msg/_mission_state.py'...
[3.550s] Compiling '/home/lh/Documents/joao_pessoa_2026/install/hydrone_msgs/local/lib/python3.10/dist-packages/hydrone_msgs/msg/_qr_code.py'...
[3.550s] Listing '/home/lh/Documents/joao_pessoa_2026/install/hydrone_msgs/local/lib/python3.10/dist-packages/hydrone_msgs/srv'...
[3.550s] Compiling '/home/lh/Documents/joao_pessoa_2026/install/hydrone_msgs/local/lib/python3.10/dist-packages/hydrone_msgs/srv/__init__.py'...
[3.550s] Compiling '/home/lh/Documents/joao_pessoa_2026/install/hydrone_msgs/local/lib/python3.10/dist-packages/hydrone_msgs/srv/_set_phase.py'...
[3.551s] -- Installing: /home/lh/Documents/joao_pessoa_2026/install/hydrone_msgs/lib/libhydrone_msgs__rosidl_generator_py.so
[3.552s] -- Set runtime path of "/home/lh/Documents/joao_pessoa_2026/install/hydrone_msgs/lib/libhydrone_msgs__rosidl_generator_py.so" to ""
[3.552s] -- Installing: /home/lh/Documents/joao_pessoa_2026/install/hydrone_msgs/share/hydrone_msgs/cmake/export_hydrone_msgs__rosidl_generator_cExport.cmake
[3.552s] -- Installing: /home/lh/Documents/joao_pessoa_2026/install/hydrone_msgs/share/hydrone_msgs/cmake/export_hydrone_msgs__rosidl_generator_cExport-noconfig.cmake
[3.552s] -- Installing: /home/lh/Documents/joao_pessoa_2026/install/hydrone_msgs/share/hydrone_msgs/cmake/export_hydrone_msgs__rosidl_typesupport_fastrtps_cExport.cmake
[3.552s] -- Installing: /home/lh/Documents/joao_pessoa_2026/install/hydrone_msgs/share/hydrone_msgs/cmake/export_hydrone_msgs__rosidl_typesupport_fastrtps_cExport-noconfig.cmake
[3.552s] -- Installing: /home/lh/Documents/joao_pessoa_2026/install/hydrone_msgs/share/hydrone_msgs/cmake/hydrone_msgs__rosidl_typesupport_introspection_cExport.cmake
[3.552s] -- Installing: /home/lh/Documents/joao_pessoa_2026/install/hydrone_msgs/share/hydrone_msgs/cmake/hydrone_msgs__rosidl_typesupport_introspection_cExport-noconfig.cmake
[3.552s] -- Installing: /home/lh/Documents/joao_pessoa_2026/install/hydrone_msgs/share/hydrone_msgs/cmake/hydrone_msgs__rosidl_typesupport_cExport.cmake
[3.552s] -- Installing: /home/lh/Documents/joao_pessoa_2026/install/hydrone_msgs/share/hydrone_msgs/cmake/hydrone_msgs__rosidl_typesupport_cExport-noconfig.cmake
[3.552s] -- Installing: /home/lh/Documents/joao_pessoa_2026/install/hydrone_msgs/share/hydrone_msgs/cmake/export_hydrone_msgs__rosidl_generator_cppExport.cmake
[3.552s] -- Installing: /home/lh/Documents/joao_pessoa_2026/install/hydrone_msgs/share/hydrone_msgs/cmake/export_hydrone_msgs__rosidl_typesupport_fastrtps_cppExport.cmake
[3.552s] -- Installing: /home/lh/Documents/joao_pessoa_2026/install/hydrone_msgs/share/hydrone_msgs/cmake/export_hydrone_msgs__rosidl_typesupport_fastrtps_cppExport-noconfig.cmake
[3.552s] -- Installing: /home/lh/Documents/joao_pessoa_2026/install/hydrone_msgs/share/hydrone_msgs/cmake/hydrone_msgs__rosidl_typesupport_introspection_cppExport.cmake
[3.552s] -- Installing: /home/lh/Documents/joao_pessoa_2026/install/hydrone_msgs/share/hydrone_msgs/cmake/hydrone_msgs__rosidl_typesupport_introspection_cppExport-noconfig.cmake
[3.552s] -- Installing: /home/lh/Documents/joao_pessoa_2026/install/hydrone_msgs/share/hydrone_msgs/cmake/hydrone_msgs__rosidl_typesupport_cppExport.cmake
[3.552s] -- Installing: /home/lh/Documents/joao_pessoa_2026/install/hydrone_msgs/share/hydrone_msgs/cmake/hydrone_msgs__rosidl_typesupport_cppExport-noconfig.cmake
[3.552s] -- Installing: /home/lh/Documents/joao_pessoa_2026/install/hydrone_msgs/share/hydrone_msgs/cmake/export_hydrone_msgs__rosidl_generator_pyExport.cmake
[3.552s] -- Installing: /home/lh/Documents/joao_pessoa_2026/install/hydrone_msgs/share/hydrone_msgs/cmake/export_hydrone_msgs__rosidl_generator_pyExport-noconfig.cmake
[3.554s] Invoked command in '/home/lh/Documents/joao_pessoa_2026/build/hydrone_msgs' returned '0': CMAKE_PREFIX_PATH=${CMAKE_PREFIX_PATH}:/home/lh/Documents/joao_pessoa_2026/install/ardupilot_dds_tests:/home/lh/Documents/joao_pessoa_2026/install/hydrone_biguasim:/home/lh/Documents/joao_pessoa_2026/install/hydrone_bringup:/home/lh/Documents/joao_pessoa_2026/install/hydrone_vision:/home/lh/Documents/joao_pessoa_2026/install/hydrone_nav:/home/lh/Documents/joao_pessoa_2026/install/hydrone_mission:/home/lh/Documents/joao_pessoa_2026/install/hydrone_controller:/home/lh/Documents/joao_pessoa_2026/install/biguasim_main:/opt/ros/humble /usr/bin/cmake --install /home/lh/Documents/joao_pessoa_2026/build/hydrone_msgs
