running develop
Removing /home/lh/Documents/joao_pessoa_2026/install/biguasim_main/lib/python3.10/site-packages/biguasim-main.egg-link (link to .)
running egg_info
writing ../../../build/biguasim_main/biguasim_main.egg-info/PKG-INFO
writing dependency_links to ../../../build/biguasim_main/biguasim_main.egg-info/dependency_links.txt
writing entry points to ../../../build/biguasim_main/biguasim_main.egg-info/entry_points.txt
writing requirements to ../../../build/biguasim_main/biguasim_main.egg-info/requires.txt
writing top-level names to ../../../build/biguasim_main/biguasim_main.egg-info/top_level.txt
reading manifest file '../../../build/biguasim_main/biguasim_main.egg-info/SOURCES.txt'
writing manifest file '../../../build/biguasim_main/biguasim_main.egg-info/SOURCES.txt'
running build
running build_py
creating /home/lh/Documents/joao_pessoa_2026/build/biguasim_main/build
creating /home/lh/Documents/joao_pessoa_2026/build/biguasim_main/build/lib
creating /home/lh/Documents/joao_pessoa_2026/build/biguasim_main/build/lib/biguasim_main
copying biguasim_main/__init__.py -> /home/lh/Documents/joao_pessoa_2026/build/biguasim_main/build/lib/biguasim_main
copying biguasim_main/interface.py -> /home/lh/Documents/joao_pessoa_2026/build/biguasim_main/build/lib/biguasim_main
copying biguasim_main/sensor_data_encode.py -> /home/lh/Documents/joao_pessoa_2026/build/biguasim_main/build/lib/biguasim_main
copying biguasim_main/biguasim_node.py -> /home/lh/Documents/joao_pessoa_2026/build/biguasim_main/build/lib/biguasim_main
copying biguasim_main/ardubridge_node.py -> /home/lh/Documents/joao_pessoa_2026/build/biguasim_main/build/lib/biguasim_main
running install
running install_lib
creating /home/lh/Documents/joao_pessoa_2026/install/biguasim_main/lib/python3.10/site-packages/biguasim_main
copying /home/lh/Documents/joao_pessoa_2026/build/biguasim_main/build/lib/biguasim_main/__init__.py -> /home/lh/Documents/joao_pessoa_2026/install/biguasim_main/lib/python3.10/site-packages/biguasim_main
copying /home/lh/Documents/joao_pessoa_2026/build/biguasim_main/build/lib/biguasim_main/interface.py -> /home/lh/Documents/joao_pessoa_2026/install/biguasim_main/lib/python3.10/site-packages/biguasim_main
copying /home/lh/Documents/joao_pessoa_2026/build/biguasim_main/build/lib/biguasim_main/sensor_data_encode.py -> /home/lh/Documents/joao_pessoa_2026/install/biguasim_main/lib/python3.10/site-packages/biguasim_main
copying /home/lh/Documents/joao_pessoa_2026/build/biguasim_main/build/lib/biguasim_main/biguasim_node.py -> /home/lh/Documents/joao_pessoa_2026/install/biguasim_main/lib/python3.10/site-packages/biguasim_main
copying /home/lh/Documents/joao_pessoa_2026/build/biguasim_main/build/lib/biguasim_main/ardubridge_node.py -> /home/lh/Documents/joao_pessoa_2026/install/biguasim_main/lib/python3.10/site-packages/biguasim_main
byte-compiling /home/lh/Documents/joao_pessoa_2026/install/biguasim_main/lib/python3.10/site-packages/biguasim_main/__init__.py to __init__.cpython-310.pyc
byte-compiling /home/lh/Documents/joao_pessoa_2026/install/biguasim_main/lib/python3.10/site-packages/biguasim_main/interface.py to interface.cpython-310.pyc
byte-compiling /home/lh/Documents/joao_pessoa_2026/install/biguasim_main/lib/python3.10/site-packages/biguasim_main/sensor_data_encode.py to sensor_data_encode.cpython-310.pyc
byte-compiling /home/lh/Documents/joao_pessoa_2026/install/biguasim_main/lib/python3.10/site-packages/biguasim_main/biguasim_node.py to biguasim_node.cpython-310.pyc
byte-compiling /home/lh/Documents/joao_pessoa_2026/install/biguasim_main/lib/python3.10/site-packages/biguasim_main/ardubridge_node.py to ardubridge_node.cpython-310.pyc
running install_data
copying resource/biguasim_main -> /home/lh/Documents/joao_pessoa_2026/install/biguasim_main/share/ament_index/resource_index/packages
copying package.xml -> /home/lh/Documents/joao_pessoa_2026/install/biguasim_main/share/biguasim_main
copying launch/ardubridge.launch.py -> /home/lh/Documents/joao_pessoa_2026/install/biguasim_main/share/biguasim_main/launch
copying launch/biguasim.launch.py -> /home/lh/Documents/joao_pessoa_2026/install/biguasim_main/share/biguasim_main/launch
copying config/config.yaml -> /home/lh/Documents/joao_pessoa_2026/install/biguasim_main/share/biguasim_main/config
running install_egg_info
Copying ../../../build/biguasim_main/biguasim_main.egg-info to /home/lh/Documents/joao_pessoa_2026/install/biguasim_main/lib/python3.10/site-packages/biguasim_main-1.0.0-py3.10.egg-info
running install_scripts
Installing ardubridge_node script to /home/lh/Documents/joao_pessoa_2026/install/biguasim_main/lib/biguasim_main
Installing biguasim_node script to /home/lh/Documents/joao_pessoa_2026/install/biguasim_main/lib/biguasim_main
writing list of installed files to '/home/lh/Documents/joao_pessoa_2026/build/biguasim_main/install.log'
