[0.335s] Invoking command in '/home/lh/Documents/joao_pessoa_2026/build/biguasim_main': CMAKE_PREFIX_PATH=/home/lh/Documents/joao_pessoa_2026/install/biguasim_interfaces:/home/lh/Documents/joao_pessoa_2026/install/hydrone_msgs:/home/lh/Documents/joao_pessoa_2026/install/ardupilot_sitl:/home/lh/Documents/joao_pessoa_2026/install/micro_ros_agent:/home/lh/Documents/joao_pessoa_2026/install/micro_ros_msgs:/home/lh/Documents/joao_pessoa_2026/install/ardupilot_msgs LD_LIBRARY_PATH=/home/lh/Documents/joao_pessoa_2026/install/biguasim_interfaces/lib:/home/lh/Documents/joao_pessoa_2026/install/hydrone_msgs/lib:/home/lh/Documents/joao_pessoa_2026/install/micro_ros_agent/lib:/home/lh/Documents/joao_pessoa_2026/install/micro_ros_msgs/lib:/home/lh/Documents/joao_pessoa_2026/install/ardupilot_msgs/lib:/opt/ros/humble/opt/rviz_ogre_vendor/lib:/opt/ros/humble/lib/x86_64-linux-gnu:/opt/ros/humble/lib PYTHONPATH=/home/lh/Documents/joao_pessoa_2026/build/biguasim_main/prefix_override:/usr/lib/python3/dist-packages/colcon_core/task/python/colcon_distutils_commands:/home/lh/Documents/joao_pessoa_2026/install/biguasim_main/lib/python3.10/site-packages:${PYTHONPATH} /usr/bin/python3 -W ignore:setup.py install is deprecated -W ignore:easy_install command is deprecated setup.py develop --uninstall --editable --build-directory /home/lh/Documents/joao_pessoa_2026/build/biguasim_main/build
[0.465s] running develop
[0.558s] Removing /home/lh/Documents/joao_pessoa_2026/install/biguasim_main/lib/python3.10/site-packages/biguasim-main.egg-link (link to .)
[0.571s] Invoked command in '/home/lh/Documents/joao_pessoa_2026/build/biguasim_main' returned '0': CMAKE_PREFIX_PATH=/home/lh/Documents/joao_pessoa_2026/install/biguasim_interfaces:/home/lh/Documents/joao_pessoa_2026/install/hydrone_msgs:/home/lh/Documents/joao_pessoa_2026/install/ardupilot_sitl:/home/lh/Documents/joao_pessoa_2026/install/micro_ros_agent:/home/lh/Documents/joao_pessoa_2026/install/micro_ros_msgs:/home/lh/Documents/joao_pessoa_2026/install/ardupilot_msgs LD_LIBRARY_PATH=/home/lh/Documents/joao_pessoa_2026/install/biguasim_interfaces/lib:/home/lh/Documents/joao_pessoa_2026/install/hydrone_msgs/lib:/home/lh/Documents/joao_pessoa_2026/install/micro_ros_agent/lib:/home/lh/Documents/joao_pessoa_2026/install/micro_ros_msgs/lib:/home/lh/Documents/joao_pessoa_2026/install/ardupilot_msgs/lib:/opt/ros/humble/opt/rviz_ogre_vendor/lib:/opt/ros/humble/lib/x86_64-linux-gnu:/opt/ros/humble/lib PYTHONPATH=/home/lh/Documents/joao_pessoa_2026/build/biguasim_main/prefix_override:/usr/lib/python3/dist-packages/colcon_core/task/python/colcon_distutils_commands:/home/lh/Documents/joao_pessoa_2026/install/biguasim_main/lib/python3.10/site-packages:${PYTHONPATH} /usr/bin/python3 -W ignore:setup.py install is deprecated -W ignore:easy_install command is deprecated setup.py develop --uninstall --editable --build-directory /home/lh/Documents/joao_pessoa_2026/build/biguasim_main/build
[0.572s] Invoking command in '/home/lh/Documents/joao_pessoa_2026/src/biguasim-ros2/biguasim_main': CMAKE_PREFIX_PATH=/home/lh/Documents/joao_pessoa_2026/install/biguasim_interfaces:/home/lh/Documents/joao_pessoa_2026/install/hydrone_msgs:/home/lh/Documents/joao_pessoa_2026/install/ardupilot_sitl:/home/lh/Documents/joao_pessoa_2026/install/micro_ros_agent:/home/lh/Documents/joao_pessoa_2026/install/micro_ros_msgs:/home/lh/Documents/joao_pessoa_2026/install/ardupilot_msgs LD_LIBRARY_PATH=/home/lh/Documents/joao_pessoa_2026/install/biguasim_interfaces/lib:/home/lh/Documents/joao_pessoa_2026/install/hydrone_msgs/lib:/home/lh/Documents/joao_pessoa_2026/install/micro_ros_agent/lib:/home/lh/Documents/joao_pessoa_2026/install/micro_ros_msgs/lib:/home/lh/Documents/joao_pessoa_2026/install/ardupilot_msgs/lib:/opt/ros/humble/opt/rviz_ogre_vendor/lib:/opt/ros/humble/lib/x86_64-linux-gnu:/opt/ros/humble/lib PYTHONPATH=/home/lh/Documents/joao_pessoa_2026/build/biguasim_main/prefix_override:/usr/lib/python3/dist-packages/colcon_core/task/python/colcon_distutils_commands:/home/lh/Documents/joao_pessoa_2026/install/biguasim_main/lib/python3.10/site-packages:${PYTHONPATH} /usr/bin/python3 -W ignore:setup.py install is deprecated -W ignore:easy_install command is deprecated setup.py egg_info --egg-base ../../../build/biguasim_main build --build-base /home/lh/Documents/joao_pessoa_2026/build/biguasim_main/build install --record /home/lh/Documents/joao_pessoa_2026/build/biguasim_main/install.log --single-version-externally-managed install_data --force
[0.701s] running egg_info
[0.701s] writing ../../../build/biguasim_main/biguasim_main.egg-info/PKG-INFO
[0.702s] writing dependency_links to ../../../build/biguasim_main/biguasim_main.egg-info/dependency_links.txt
[0.702s] writing entry points to ../../../build/biguasim_main/biguasim_main.egg-info/entry_points.txt
[0.703s] writing requirements to ../../../build/biguasim_main/biguasim_main.egg-info/requires.txt
[0.703s] writing top-level names to ../../../build/biguasim_main/biguasim_main.egg-info/top_level.txt
[0.703s] reading manifest file '../../../build/biguasim_main/biguasim_main.egg-info/SOURCES.txt'
[0.703s] writing manifest file '../../../build/biguasim_main/biguasim_main.egg-info/SOURCES.txt'
[0.703s] running build
[0.703s] running build_py
[0.703s] creating /home/lh/Documents/joao_pessoa_2026/build/biguasim_main/build
[0.703s] creating /home/lh/Documents/joao_pessoa_2026/build/biguasim_main/build/lib
[0.703s] creating /home/lh/Documents/joao_pessoa_2026/build/biguasim_main/build/lib/biguasim_main
[0.703s] copying biguasim_main/__init__.py -> /home/lh/Documents/joao_pessoa_2026/build/biguasim_main/build/lib/biguasim_main
[0.703s] copying biguasim_main/interface.py -> /home/lh/Documents/joao_pessoa_2026/build/biguasim_main/build/lib/biguasim_main
[0.703s] copying biguasim_main/sensor_data_encode.py -> /home/lh/Documents/joao_pessoa_2026/build/biguasim_main/build/lib/biguasim_main
[0.703s] copying biguasim_main/biguasim_node.py -> /home/lh/Documents/joao_pessoa_2026/build/biguasim_main/build/lib/biguasim_main
[0.704s] copying biguasim_main/ardubridge_node.py -> /home/lh/Documents/joao_pessoa_2026/build/biguasim_main/build/lib/biguasim_main
[0.704s] running install
[0.704s] running install_lib
[0.704s] creating /home/lh/Documents/joao_pessoa_2026/install/biguasim_main/lib/python3.10/site-packages/biguasim_main
[0.704s] copying /home/lh/Documents/joao_pessoa_2026/build/biguasim_main/build/lib/biguasim_main/__init__.py -> /home/lh/Documents/joao_pessoa_2026/install/biguasim_main/lib/python3.10/site-packages/biguasim_main
[0.704s] copying /home/lh/Documents/joao_pessoa_2026/build/biguasim_main/build/lib/biguasim_main/interface.py -> /home/lh/Documents/joao_pessoa_2026/install/biguasim_main/lib/python3.10/site-packages/biguasim_main
[0.704s] copying /home/lh/Documents/joao_pessoa_2026/build/biguasim_main/build/lib/biguasim_main/sensor_data_encode.py -> /home/lh/Documents/joao_pessoa_2026/install/biguasim_main/lib/python3.10/site-packages/biguasim_main
[0.704s] copying /home/lh/Documents/joao_pessoa_2026/build/biguasim_main/build/lib/biguasim_main/biguasim_node.py -> /home/lh/Documents/joao_pessoa_2026/install/biguasim_main/lib/python3.10/site-packages/biguasim_main
[0.704s] copying /home/lh/Documents/joao_pessoa_2026/build/biguasim_main/build/lib/biguasim_main/ardubridge_node.py -> /home/lh/Documents/joao_pessoa_2026/install/biguasim_main/lib/python3.10/site-packages/biguasim_main
[0.704s] byte-compiling /home/lh/Documents/joao_pessoa_2026/install/biguasim_main/lib/python3.10/site-packages/biguasim_main/__init__.py to __init__.cpython-310.pyc
[0.704s] byte-compiling /home/lh/Documents/joao_pessoa_2026/install/biguasim_main/lib/python3.10/site-packages/biguasim_main/interface.py to interface.cpython-310.pyc
[0.705s] byte-compiling /home/lh/Documents/joao_pessoa_2026/install/biguasim_main/lib/python3.10/site-packages/biguasim_main/sensor_data_encode.py to sensor_data_encode.cpython-310.pyc
[0.706s] byte-compiling /home/lh/Documents/joao_pessoa_2026/install/biguasim_main/lib/python3.10/site-packages/biguasim_main/biguasim_node.py to biguasim_node.cpython-310.pyc
[0.707s] byte-compiling /home/lh/Documents/joao_pessoa_2026/install/biguasim_main/lib/python3.10/site-packages/biguasim_main/ardubridge_node.py to ardubridge_node.cpython-310.pyc
[0.707s] running install_data
[0.707s] copying resource/biguasim_main -> /home/lh/Documents/joao_pessoa_2026/install/biguasim_main/share/ament_index/resource_index/packages
[0.707s] copying package.xml -> /home/lh/Documents/joao_pessoa_2026/install/biguasim_main/share/biguasim_main
[0.707s] copying launch/ardubridge.launch.py -> /home/lh/Documents/joao_pessoa_2026/install/biguasim_main/share/biguasim_main/launch
[0.707s] copying launch/biguasim.launch.py -> /home/lh/Documents/joao_pessoa_2026/install/biguasim_main/share/biguasim_main/launch
[0.707s] copying config/config.yaml -> /home/lh/Documents/joao_pessoa_2026/install/biguasim_main/share/biguasim_main/config
[0.707s] running install_egg_info
[0.708s] Copying ../../../build/biguasim_main/biguasim_main.egg-info to /home/lh/Documents/joao_pessoa_2026/install/biguasim_main/lib/python3.10/site-packages/biguasim_main-1.0.0-py3.10.egg-info
[0.708s] running install_scripts
[0.719s] Installing ardubridge_node script to /home/lh/Documents/joao_pessoa_2026/install/biguasim_main/lib/biguasim_main
[0.719s] Installing biguasim_node script to /home/lh/Documents/joao_pessoa_2026/install/biguasim_main/lib/biguasim_main
[0.719s] writing list of installed files to '/home/lh/Documents/joao_pessoa_2026/build/biguasim_main/install.log'
[0.847s] Invoked command in '/home/lh/Documents/joao_pessoa_2026/src/biguasim-ros2/biguasim_main' returned '0': CMAKE_PREFIX_PATH=/home/lh/Documents/joao_pessoa_2026/install/biguasim_interfaces:/home/lh/Documents/joao_pessoa_2026/install/hydrone_msgs:/home/lh/Documents/joao_pessoa_2026/install/ardupilot_sitl:/home/lh/Documents/joao_pessoa_2026/install/micro_ros_agent:/home/lh/Documents/joao_pessoa_2026/install/micro_ros_msgs:/home/lh/Documents/joao_pessoa_2026/install/ardupilot_msgs LD_LIBRARY_PATH=/home/lh/Documents/joao_pessoa_2026/install/biguasim_interfaces/lib:/home/lh/Documents/joao_pessoa_2026/install/hydrone_msgs/lib:/home/lh/Documents/joao_pessoa_2026/install/micro_ros_agent/lib:/home/lh/Documents/joao_pessoa_2026/install/micro_ros_msgs/lib:/home/lh/Documents/joao_pessoa_2026/install/ardupilot_msgs/lib:/opt/ros/humble/opt/rviz_ogre_vendor/lib:/opt/ros/humble/lib/x86_64-linux-gnu:/opt/ros/humble/lib PYTHONPATH=/home/lh/Documents/joao_pessoa_2026/build/biguasim_main/prefix_override:/usr/lib/python3/dist-packages/colcon_core/task/python/colcon_distutils_commands:/home/lh/Documents/joao_pessoa_2026/install/biguasim_main/lib/python3.10/site-packages:${PYTHONPATH} /usr/bin/python3 -W ignore:setup.py install is deprecated -W ignore:easy_install command is deprecated setup.py egg_info --egg-base ../../../build/biguasim_main build --build-base /home/lh/Documents/joao_pessoa_2026/build/biguasim_main/build install --record /home/lh/Documents/joao_pessoa_2026/build/biguasim_main/install.log --single-version-externally-managed install_data --force
