running develop
Removing /home/lh/Documents/joao_pessoa_2026/install/hydrone_nav/lib/python3.10/site-packages/hydrone-nav.egg-link (link to .)
running egg_info
writing ../../build/hydrone_nav/hydrone_nav.egg-info/PKG-INFO
writing dependency_links to ../../build/hydrone_nav/hydrone_nav.egg-info/dependency_links.txt
writing entry points to ../../build/hydrone_nav/hydrone_nav.egg-info/entry_points.txt
writing requirements to ../../build/hydrone_nav/hydrone_nav.egg-info/requires.txt
writing top-level names to ../../build/hydrone_nav/hydrone_nav.egg-info/top_level.txt
reading manifest file '../../build/hydrone_nav/hydrone_nav.egg-info/SOURCES.txt'
writing manifest file '../../build/hydrone_nav/hydrone_nav.egg-info/SOURCES.txt'
running build
running build_py
creating /home/lh/Documents/joao_pessoa_2026/build/hydrone_nav/build
creating /home/lh/Documents/joao_pessoa_2026/build/hydrone_nav/build/lib
creating /home/lh/Documents/joao_pessoa_2026/build/hydrone_nav/build/lib/hydrone_nav
copying hydrone_nav/__init__.py -> /home/lh/Documents/joao_pessoa_2026/build/hydrone_nav/build/lib/hydrone_nav
copying hydrone_nav/nav_node.py -> /home/lh/Documents/joao_pessoa_2026/build/hydrone_nav/build/lib/hydrone_nav
running install
running install_lib
creating /home/lh/Documents/joao_pessoa_2026/install/hydrone_nav/lib/python3.10/site-packages/hydrone_nav
copying /home/lh/Documents/joao_pessoa_2026/build/hydrone_nav/build/lib/hydrone_nav/__init__.py -> /home/lh/Documents/joao_pessoa_2026/install/hydrone_nav/lib/python3.10/site-packages/hydrone_nav
copying /home/lh/Documents/joao_pessoa_2026/build/hydrone_nav/build/lib/hydrone_nav/nav_node.py -> /home/lh/Documents/joao_pessoa_2026/install/hydrone_nav/lib/python3.10/site-packages/hydrone_nav
byte-compiling /home/lh/Documents/joao_pessoa_2026/install/hydrone_nav/lib/python3.10/site-packages/hydrone_nav/__init__.py to __init__.cpython-310.pyc
byte-compiling /home/lh/Documents/joao_pessoa_2026/install/hydrone_nav/lib/python3.10/site-packages/hydrone_nav/nav_node.py to nav_node.cpython-310.pyc
running install_data
copying resource/hydrone_nav -> /home/lh/Documents/joao_pessoa_2026/install/hydrone_nav/share/ament_index/resource_index/packages
copying package.xml -> /home/lh/Documents/joao_pessoa_2026/install/hydrone_nav/share/hydrone_nav
running install_egg_info
Copying ../../build/hydrone_nav/hydrone_nav.egg-info to /home/lh/Documents/joao_pessoa_2026/install/hydrone_nav/lib/python3.10/site-packages/hydrone_nav-1.0.0-py3.10.egg-info
running install_scripts
Installing nav_node script to /home/lh/Documents/joao_pessoa_2026/install/hydrone_nav/bin
writing list of installed files to '/home/lh/Documents/joao_pessoa_2026/build/hydrone_nav/install.log'
