[0.736s] Invoking command in '/home/lh/Documents/joao_pessoa_2026/build/hydrone_nav': PYTHONPATH=/home/lh/Documents/joao_pessoa_2026/build/hydrone_nav/prefix_override:/usr/lib/python3/dist-packages/colcon_core/task/python/colcon_distutils_commands:/home/lh/Documents/joao_pessoa_2026/install/hydrone_nav/lib/python3.10/site-packages:${PYTHONPATH} /usr/bin/python3 -W ignore:setup.py install is deprecated -W ignore:easy_install command is deprecated setup.py develop --uninstall --editable --build-directory /home/lh/Documents/joao_pessoa_2026/build/hydrone_nav/build
[0.912s] running develop
[0.993s] Removing /home/lh/Documents/joao_pessoa_2026/install/hydrone_nav/lib/python3.10/site-packages/hydrone-nav.egg-link (link to .)
[1.007s] Invoked command in '/home/lh/Documents/joao_pessoa_2026/build/hydrone_nav' returned '0': PYTHONPATH=/home/lh/Documents/joao_pessoa_2026/build/hydrone_nav/prefix_override:/usr/lib/python3/dist-packages/colcon_core/task/python/colcon_distutils_commands:/home/lh/Documents/joao_pessoa_2026/install/hydrone_nav/lib/python3.10/site-packages:${PYTHONPATH} /usr/bin/python3 -W ignore:setup.py install is deprecated -W ignore:easy_install command is deprecated setup.py develop --uninstall --editable --build-directory /home/lh/Documents/joao_pessoa_2026/build/hydrone_nav/build
[1.008s] Invoking command in '/home/lh/Documents/joao_pessoa_2026/src/hydrone_nav': PYTHONPATH=/home/lh/Documents/joao_pessoa_2026/build/hydrone_nav/prefix_override:/usr/lib/python3/dist-packages/colcon_core/task/python/colcon_distutils_commands:/home/lh/Documents/joao_pessoa_2026/install/hydrone_nav/lib/python3.10/site-packages:${PYTHONPATH} /usr/bin/python3 -W ignore:setup.py install is deprecated -W ignore:easy_install command is deprecated setup.py egg_info --egg-base ../../build/hydrone_nav build --build-base /home/lh/Documents/joao_pessoa_2026/build/hydrone_nav/build install --record /home/lh/Documents/joao_pessoa_2026/build/hydrone_nav/install.log --single-version-externally-managed install_data --force
[1.174s] running egg_info
[1.174s] writing ../../build/hydrone_nav/hydrone_nav.egg-info/PKG-INFO
[1.174s] writing dependency_links to ../../build/hydrone_nav/hydrone_nav.egg-info/dependency_links.txt
[1.174s] writing entry points to ../../build/hydrone_nav/hydrone_nav.egg-info/entry_points.txt
[1.174s] writing requirements to ../../build/hydrone_nav/hydrone_nav.egg-info/requires.txt
[1.174s] writing top-level names to ../../build/hydrone_nav/hydrone_nav.egg-info/top_level.txt
[1.175s] reading manifest file '../../build/hydrone_nav/hydrone_nav.egg-info/SOURCES.txt'
[1.175s] writing manifest file '../../build/hydrone_nav/hydrone_nav.egg-info/SOURCES.txt'
[1.175s] running build
[1.176s] running build_py
[1.176s] creating /home/lh/Documents/joao_pessoa_2026/build/hydrone_nav/build
[1.176s] creating /home/lh/Documents/joao_pessoa_2026/build/hydrone_nav/build/lib
[1.176s] creating /home/lh/Documents/joao_pessoa_2026/build/hydrone_nav/build/lib/hydrone_nav
[1.176s] copying hydrone_nav/__init__.py -> /home/lh/Documents/joao_pessoa_2026/build/hydrone_nav/build/lib/hydrone_nav
[1.176s] copying hydrone_nav/nav_node.py -> /home/lh/Documents/joao_pessoa_2026/build/hydrone_nav/build/lib/hydrone_nav
[1.176s] running install
[1.176s] running install_lib
[1.176s] creating /home/lh/Documents/joao_pessoa_2026/install/hydrone_nav/lib/python3.10/site-packages/hydrone_nav
[1.176s] copying /home/lh/Documents/joao_pessoa_2026/build/hydrone_nav/build/lib/hydrone_nav/__init__.py -> /home/lh/Documents/joao_pessoa_2026/install/hydrone_nav/lib/python3.10/site-packages/hydrone_nav
[1.176s] copying /home/lh/Documents/joao_pessoa_2026/build/hydrone_nav/build/lib/hydrone_nav/nav_node.py -> /home/lh/Documents/joao_pessoa_2026/install/hydrone_nav/lib/python3.10/site-packages/hydrone_nav
[1.176s] byte-compiling /home/lh/Documents/joao_pessoa_2026/install/hydrone_nav/lib/python3.10/site-packages/hydrone_nav/__init__.py to __init__.cpython-310.pyc
[1.177s] byte-compiling /home/lh/Documents/joao_pessoa_2026/install/hydrone_nav/lib/python3.10/site-packages/hydrone_nav/nav_node.py to nav_node.cpython-310.pyc
[1.178s] running install_data
[1.178s] copying resource/hydrone_nav -> /home/lh/Documents/joao_pessoa_2026/install/hydrone_nav/share/ament_index/resource_index/packages
[1.178s] copying package.xml -> /home/lh/Documents/joao_pessoa_2026/install/hydrone_nav/share/hydrone_nav
[1.178s] running install_egg_info
[1.179s] Copying ../../build/hydrone_nav/hydrone_nav.egg-info to /home/lh/Documents/joao_pessoa_2026/install/hydrone_nav/lib/python3.10/site-packages/hydrone_nav-1.0.0-py3.10.egg-info
[1.179s] running install_scripts
[1.189s] Installing nav_node script to /home/lh/Documents/joao_pessoa_2026/install/hydrone_nav/bin
[1.189s] writing list of installed files to '/home/lh/Documents/joao_pessoa_2026/build/hydrone_nav/install.log'
[1.201s] Invoked command in '/home/lh/Documents/joao_pessoa_2026/src/hydrone_nav' returned '0': PYTHONPATH=/home/lh/Documents/joao_pessoa_2026/build/hydrone_nav/prefix_override:/usr/lib/python3/dist-packages/colcon_core/task/python/colcon_distutils_commands:/home/lh/Documents/joao_pessoa_2026/install/hydrone_nav/lib/python3.10/site-packages:${PYTHONPATH} /usr/bin/python3 -W ignore:setup.py install is deprecated -W ignore:easy_install command is deprecated setup.py egg_info --egg-base ../../build/hydrone_nav build --build-base /home/lh/Documents/joao_pessoa_2026/build/hydrone_nav/build install --record /home/lh/Documents/joao_pessoa_2026/build/hydrone_nav/install.log --single-version-externally-managed install_data --force
