[0.684s] Invoking command in '/home/lh/Documents/joao_pessoa_2026/build/hydrone_nav': AMENT_PREFIX_PATH=/home/lh/Documents/joao_pessoa_2026/install/hydrone_msgs:${AMENT_PREFIX_PATH} CMAKE_PREFIX_PATH=/home/lh/Documents/joao_pessoa_2026/install/hydrone_msgs:${CMAKE_PREFIX_PATH} LD_LIBRARY_PATH=/home/lh/Documents/joao_pessoa_2026/install/hydrone_msgs/lib:${LD_LIBRARY_PATH} PYTHONPATH=/home/lh/Documents/joao_pessoa_2026/build/hydrone_nav/prefix_override:/usr/lib/python3/dist-packages/colcon_core/task/python/colcon_distutils_commands:/home/lh/Documents/joao_pessoa_2026/install/hydrone_nav/lib/python3.10/site-packages:/home/lh/Documents/joao_pessoa_2026/install/hydrone_msgs/local/lib/python3.10/dist-packages:${PYTHONPATH} /usr/bin/python3 -W ignore:setup.py install is deprecated -W ignore:easy_install command is deprecated setup.py develop --editable --build-directory /home/lh/Documents/joao_pessoa_2026/build/hydrone_nav/build --no-deps symlink_data
[0.802s] running develop
[0.878s] running egg_info
[0.878s] creating hydrone_nav.egg-info
[0.879s] writing hydrone_nav.egg-info/PKG-INFO
[0.879s] writing dependency_links to hydrone_nav.egg-info/dependency_links.txt
[0.879s] writing entry points to hydrone_nav.egg-info/entry_points.txt
[0.879s] writing requirements to hydrone_nav.egg-info/requires.txt
[0.879s] writing top-level names to hydrone_nav.egg-info/top_level.txt
[0.879s] writing manifest file 'hydrone_nav.egg-info/SOURCES.txt'
[0.879s] reading manifest file 'hydrone_nav.egg-info/SOURCES.txt'
[0.880s] writing manifest file 'hydrone_nav.egg-info/SOURCES.txt'
[0.880s] running build_ext
[0.880s] Creating /home/lh/Documents/joao_pessoa_2026/install/hydrone_nav/lib/python3.10/site-packages/hydrone-nav.egg-link (link to .)
[0.880s] Installing nav_node script to /home/lh/Documents/joao_pessoa_2026/install/hydrone_nav/bin
[0.881s] 
[0.881s] Installed /home/lh/Documents/joao_pessoa_2026/build/hydrone_nav
[0.881s] running symlink_data
[0.881s] creating /home/lh/Documents/joao_pessoa_2026/install/hydrone_nav/share/ament_index
[0.881s] creating /home/lh/Documents/joao_pessoa_2026/install/hydrone_nav/share/ament_index/resource_index
[0.881s] creating /home/lh/Documents/joao_pessoa_2026/install/hydrone_nav/share/ament_index/resource_index/packages
[0.881s] symbolically linking /home/lh/Documents/joao_pessoa_2026/build/hydrone_nav/resource/hydrone_nav -> /home/lh/Documents/joao_pessoa_2026/install/hydrone_nav/share/ament_index/resource_index/packages
[0.881s] symbolically linking /home/lh/Documents/joao_pessoa_2026/build/hydrone_nav/package.xml -> /home/lh/Documents/joao_pessoa_2026/install/hydrone_nav/share/hydrone_nav
[0.893s] Invoked command in '/home/lh/Documents/joao_pessoa_2026/build/hydrone_nav' returned '0': AMENT_PREFIX_PATH=/home/lh/Documents/joao_pessoa_2026/install/hydrone_msgs:${AMENT_PREFIX_PATH} CMAKE_PREFIX_PATH=/home/lh/Documents/joao_pessoa_2026/install/hydrone_msgs:${CMAKE_PREFIX_PATH} LD_LIBRARY_PATH=/home/lh/Documents/joao_pessoa_2026/install/hydrone_msgs/lib:${LD_LIBRARY_PATH} PYTHONPATH=/home/lh/Documents/joao_pessoa_2026/build/hydrone_nav/prefix_override:/usr/lib/python3/dist-packages/colcon_core/task/python/colcon_distutils_commands:/home/lh/Documents/joao_pessoa_2026/install/hydrone_nav/lib/python3.10/site-packages:/home/lh/Documents/joao_pessoa_2026/install/hydrone_msgs/local/lib/python3.10/dist-packages:${PYTHONPATH} /usr/bin/python3 -W ignore:setup.py install is deprecated -W ignore:easy_install command is deprecated setup.py develop --editable --build-directory /home/lh/Documents/joao_pessoa_2026/build/hydrone_nav/build --no-deps symlink_data
