[0.007s] Invoking command in '/home/lh/Documents/joao_pessoa_2026/build/micro_ros_msgs': CMAKE_PREFIX_PATH=${CMAKE_PREFIX_PATH}:/home/lh/Documents/joao_pessoa_2026/install/ardupilot_dds_tests:/home/lh/Documents/joao_pessoa_2026/install/biguasim_main:/opt/ros/humble /usr/bin/cmake /home/lh/Documents/joao_pessoa_2026/src/micro_ros_msgs -DAMENT_CMAKE_SYMLINK_INSTALL=1 -DCMAKE_INSTALL_PREFIX=/home/lh/Documents/joao_pessoa_2026/install/micro_ros_msgs
[0.043s] -- The C compiler identification is GNU 11.4.0
[0.078s] -- The CXX compiler identification is GNU 11.4.0
[0.083s] -- Detecting C compiler ABI info
[0.118s] -- Detecting C compiler ABI info - done
[0.121s] -- Check for working C compiler: /usr/lib/ccache/cc - skipped
[0.121s] -- Detecting C compile features
[0.121s] -- Detecting C compile features - done
[0.123s] -- Detecting CXX compiler ABI info
[0.167s] -- Detecting CXX compiler ABI info - done
[0.172s] -- Check for working CXX compiler: /usr/lib/ccache/c++ - skipped
[0.173s] -- Detecting CXX compile features
[0.173s] -- Detecting CXX compile features - done
[0.174s] -- Found ament_cmake: 1.3.14 (/opt/ros/humble/share/ament_cmake/cmake)
[0.269s] -- Found Python3: /usr/bin/python3 (found version "3.10.12") found components: Interpreter 
[0.301s] -- Override CMake install command with custom implementation using symlinks instead of copying resources
[0.311s] -- Found rosidl_default_generators: 1.2.1 (/opt/ros/humble/share/rosidl_default_generators/cmake)
[0.313s] -- Using all available rosidl_typesupport_c: rosidl_typesupport_fastrtps_c;rosidl_typesupport_introspection_c
[0.317s] -- Found rosidl_adapter: 3.1.8 (/opt/ros/humble/share/rosidl_adapter/cmake)
[0.344s] -- Using all available rosidl_typesupport_cpp: rosidl_typesupport_fastrtps_cpp;rosidl_typesupport_introspection_cpp
[0.359s] -- Found ament_lint_auto: 0.12.15 (/opt/ros/humble/share/ament_lint_auto/cmake)
[0.487s] -- Found ament_cmake_ros: 0.10.0 (/opt/ros/humble/share/ament_cmake_ros/cmake)
[0.591s] -- Using all available rosidl_typesupport_c: rosidl_typesupport_fastrtps_c;rosidl_typesupport_introspection_c
[0.721s] -- Using all available rosidl_typesupport_cpp: rosidl_typesupport_fastrtps_cpp;rosidl_typesupport_introspection_cpp
[0.734s] -- Found PythonInterp: /usr/bin/python3 (found suitable version "3.10.12", minimum required is "3.6") 
[0.735s] -- Found python_cmake_module: 0.10.0 (/opt/ros/humble/share/python_cmake_module/cmake)
[0.749s] -- Found PythonLibs: /usr/lib/x86_64-linux-gnu/libpython3.10.so (found suitable version "3.10.12", minimum required is "3.5") 
[0.749s] -- Using PYTHON_EXECUTABLE: /usr/bin/python3
[0.749s] -- Using PYTHON_INCLUDE_DIRS: /usr/include/python3.10
[0.749s] -- Using PYTHON_LIBRARIES: /usr/lib/x86_64-linux-gnu/libpython3.10.so
[0.763s] -- Found PythonExtra: .so  
[0.815s] -- Added test 'copyright' to check source files copyright and LICENSE
[0.817s] -- Added test 'lint_cmake' to check CMake code style
[0.818s] -- Added test 'xmllint' to check XML markup files
[0.820s] -- Configuring done
[0.833s] -- Generating done
[0.837s] -- Build files have been written to: /home/lh/Documents/joao_pessoa_2026/build/micro_ros_msgs
[0.842s] Invoked command in '/home/lh/Documents/joao_pessoa_2026/build/micro_ros_msgs' returned '0': CMAKE_PREFIX_PATH=${CMAKE_PREFIX_PATH}:/home/lh/Documents/joao_pessoa_2026/install/ardupilot_dds_tests:/home/lh/Documents/joao_pessoa_2026/install/biguasim_main:/opt/ros/humble /usr/bin/cmake /home/lh/Documents/joao_pessoa_2026/src/micro_ros_msgs -DAMENT_CMAKE_SYMLINK_INSTALL=1 -DCMAKE_INSTALL_PREFIX=/home/lh/Documents/joao_pessoa_2026/install/micro_ros_msgs
[0.844s] Invoking command in '/home/lh/Documents/joao_pessoa_2026/build/micro_ros_msgs': CMAKE_PREFIX_PATH=${CMAKE_PREFIX_PATH}:/home/lh/Documents/joao_pessoa_2026/install/ardupilot_dds_tests:/home/lh/Documents/joao_pessoa_2026/install/biguasim_main:/opt/ros/humble /usr/bin/cmake --build /home/lh/Documents/joao_pessoa_2026/build/micro_ros_msgs -- -j32 -l32
[0.867s] [  2%] [34m[1mGenerating C code for ROS interfaces[0m
[0.873s] [  4%] [34m[1mGenerating C++ code for ROS interfaces[0m
[0.874s] [  6%] [34m[1mGenerating Rust code for ROS interfaces[0m
[0.879s] [  6%] Built target ament_cmake_python_symlink_micro_ros_msgs
[0.998s] [  6%] Built target micro_ros_msgs__rs
[0.998s] running egg_info
[0.998s] creating micro_ros_msgs.egg-info
[0.998s] writing micro_ros_msgs.egg-info/PKG-INFO
[0.998s] writing dependency_links to micro_ros_msgs.egg-info/dependency_links.txt
[0.999s] writing top-level names to micro_ros_msgs.egg-info/top_level.txt
[0.999s] writing manifest file 'micro_ros_msgs.egg-info/SOURCES.txt'
[0.999s] reading manifest file 'micro_ros_msgs.egg-info/SOURCES.txt'
[1.000s] writing manifest file 'micro_ros_msgs.egg-info/SOURCES.txt'
[1.014s] [  6%] Built target ament_cmake_python_build_micro_ros_msgs_egg
[1.043s] [  6%] Built target micro_ros_msgs__cpp
[1.048s] [ 10%] [34m[1mGenerating C++ type support for eProsima Fast-RTPS[0m
[1.048s] [ 10%] [34m[1mGenerating C++ type support dispatch for ROS interfaces[0m
[1.050s] [ 12%] [34m[1mGenerating C++ introspection for ROS interfaces[0m
[1.079s] [ 14%] [32mBuilding C object CMakeFiles/micro_ros_msgs__rosidl_generator_c.dir/rosidl_generator_c/micro_ros_msgs/msg/detail/graph__functions.c.o[0m
[1.081s] [ 16%] [32mBuilding C object CMakeFiles/micro_ros_msgs__rosidl_generator_c.dir/rosidl_generator_c/micro_ros_msgs/msg/detail/node__functions.c.o[0m
[1.081s] [ 18%] [32mBuilding C object CMakeFiles/micro_ros_msgs__rosidl_generator_c.dir/rosidl_generator_c/micro_ros_msgs/msg/detail/entity__functions.c.o[0m
[1.128s] [ 20%] [32m[1mLinking C shared library libmicro_ros_msgs__rosidl_generator_c.so[0m
[1.149s] [ 20%] Built target micro_ros_msgs__rosidl_generator_c
[1.154s] [ 22%] [34m[1mGenerating C type support for eProsima Fast-RTPS[0m
[1.156s] [ 25%] [34m[1mGenerating C type support dispatch for ROS interfaces[0m
[1.156s] [ 27%] [34m[1mGenerating C introspection for ROS interfaces[0m
[1.182s] [ 33%] [32mBuilding CXX object CMakeFiles/micro_ros_msgs__rosidl_typesupport_cpp.dir/rosidl_typesupport_cpp/micro_ros_msgs/msg/graph__type_support.cpp.o[0m
[1.182s] [ 33%] [32mBuilding CXX object CMakeFiles/micro_ros_msgs__rosidl_typesupport_cpp.dir/rosidl_typesupport_cpp/micro_ros_msgs/msg/entity__type_support.cpp.o[0m
[1.182s] [ 33%] [32mBuilding CXX object CMakeFiles/micro_ros_msgs__rosidl_typesupport_cpp.dir/rosidl_typesupport_cpp/micro_ros_msgs/msg/node__type_support.cpp.o[0m
[1.202s] [ 39%] [32mBuilding CXX object CMakeFiles/micro_ros_msgs__rosidl_typesupport_fastrtps_cpp.dir/rosidl_typesupport_fastrtps_cpp/micro_ros_msgs/msg/detail/dds_fastrtps/entity__type_support.cpp.o[0m
[1.202s] [ 39%] [32mBuilding CXX object CMakeFiles/micro_ros_msgs__rosidl_typesupport_fastrtps_cpp.dir/rosidl_typesupport_fastrtps_cpp/micro_ros_msgs/msg/detail/dds_fastrtps/node__type_support.cpp.o[0m
[1.202s] [ 39%] [32mBuilding CXX object CMakeFiles/micro_ros_msgs__rosidl_typesupport_fastrtps_cpp.dir/rosidl_typesupport_fastrtps_cpp/micro_ros_msgs/msg/detail/dds_fastrtps/graph__type_support.cpp.o[0m
[1.288s] [ 41%] [32mBuilding CXX object CMakeFiles/micro_ros_msgs__rosidl_typesupport_introspection_cpp.dir/rosidl_typesupport_introspection_cpp/micro_ros_msgs/msg/detail/node__type_support.cpp.o[0m
[1.290s] [ 45%] [32mBuilding CXX object CMakeFiles/micro_ros_msgs__rosidl_typesupport_introspection_cpp.dir/rosidl_typesupport_introspection_cpp/micro_ros_msgs/msg/detail/entity__type_support.cpp.o[0m
[1.290s] [ 45%] [32mBuilding CXX object CMakeFiles/micro_ros_msgs__rosidl_typesupport_introspection_cpp.dir/rosidl_typesupport_introspection_cpp/micro_ros_msgs/msg/detail/graph__type_support.cpp.o[0m
[1.296s] [ 47%] [32mBuilding CXX object CMakeFiles/micro_ros_msgs__rosidl_typesupport_c.dir/rosidl_typesupport_c/micro_ros_msgs/msg/entity__type_support.cpp.o[0m
[1.297s] [ 50%] [32mBuilding CXX object CMakeFiles/micro_ros_msgs__rosidl_typesupport_c.dir/rosidl_typesupport_c/micro_ros_msgs/msg/graph__type_support.cpp.o[0m
[1.299s] [ 52%] [32mBuilding CXX object CMakeFiles/micro_ros_msgs__rosidl_typesupport_c.dir/rosidl_typesupport_c/micro_ros_msgs/msg/node__type_support.cpp.o[0m
[1.328s] [ 54%] [32m[1mLinking CXX shared library libmicro_ros_msgs__rosidl_typesupport_c.so[0m
[1.353s] [ 54%] Built target micro_ros_msgs__rosidl_typesupport_c
[1.396s] [ 58%] [32mBuilding C object CMakeFiles/micro_ros_msgs__rosidl_typesupport_introspection_c.dir/rosidl_typesupport_introspection_c/micro_ros_msgs/msg/detail/graph__type_support.c.o[0m
[1.396s] [ 58%] [32mBuilding C object CMakeFiles/micro_ros_msgs__rosidl_typesupport_introspection_c.dir/rosidl_typesupport_introspection_c/micro_ros_msgs/msg/detail/node__type_support.c.o[0m
[1.396s] [ 60%] [32mBuilding C object CMakeFiles/micro_ros_msgs__rosidl_typesupport_introspection_c.dir/rosidl_typesupport_introspection_c/micro_ros_msgs/msg/detail/entity__type_support.c.o[0m
[1.406s] [ 62%] [32mBuilding CXX object CMakeFiles/micro_ros_msgs__rosidl_typesupport_fastrtps_c.dir/rosidl_typesupport_fastrtps_c/micro_ros_msgs/msg/detail/graph__type_support_c.cpp.o[0m
[1.407s] [ 66%] [32mBuilding CXX object CMakeFiles/micro_ros_msgs__rosidl_typesupport_fastrtps_c.dir/rosidl_typesupport_fastrtps_c/micro_ros_msgs/msg/detail/entity__type_support_c.cpp.o[0m
[1.408s] [ 66%] [32mBuilding CXX object CMakeFiles/micro_ros_msgs__rosidl_typesupport_fastrtps_c.dir/rosidl_typesupport_fastrtps_c/micro_ros_msgs/msg/detail/node__type_support_c.cpp.o[0m
[1.435s] [ 68%] [32m[1mLinking CXX shared library libmicro_ros_msgs__rosidl_typesupport_cpp.so[0m
[1.440s] [ 70%] [32m[1mLinking C shared library libmicro_ros_msgs__rosidl_typesupport_introspection_c.so[0m
[1.463s] [ 70%] Built target micro_ros_msgs__rosidl_typesupport_introspection_c
[1.468s] [ 70%] Built target micro_ros_msgs__rosidl_typesupport_cpp
[1.539s] [ 72%] [32m[1mLinking CXX shared library libmicro_ros_msgs__rosidl_typesupport_fastrtps_cpp.so[0m
[1.607s] [ 72%] Built target micro_ros_msgs__rosidl_typesupport_fastrtps_cpp
[1.711s] [ 75%] [32m[1mLinking CXX shared library libmicro_ros_msgs__rosidl_typesupport_fastrtps_c.so[0m
[1.749s] [ 77%] [32m[1mLinking CXX shared library libmicro_ros_msgs__rosidl_typesupport_introspection_cpp.so[0m
[1.760s] [ 77%] Built target micro_ros_msgs__rosidl_typesupport_fastrtps_c
[1.815s] [ 77%] Built target micro_ros_msgs__rosidl_typesupport_introspection_cpp
[1.831s] [ 77%] Built target micro_ros_msgs
[1.848s] [ 79%] [34m[1mGenerating Python code for ROS interfaces[0m
[2.199s] [ 79%] Built target micro_ros_msgs__py
[2.212s] [ 81%] [32mBuilding C object CMakeFiles/micro_ros_msgs__rosidl_generator_py.dir/rosidl_generator_py/micro_ros_msgs/msg/_graph_s.c.o[0m
[2.212s] [ 85%] [32mBuilding C object CMakeFiles/micro_ros_msgs__rosidl_generator_py.dir/rosidl_generator_py/micro_ros_msgs/msg/_entity_s.c.o[0m
[2.212s] [ 85%] [32mBuilding C object CMakeFiles/micro_ros_msgs__rosidl_generator_py.dir/rosidl_generator_py/micro_ros_msgs/msg/_node_s.c.o[0m
[2.343s] [ 87%] [32m[1mLinking C shared library rosidl_generator_py/micro_ros_msgs/libmicro_ros_msgs__rosidl_generator_py.so[0m
[2.378s] [ 87%] Built target micro_ros_msgs__rosidl_generator_py
[2.389s] [ 89%] [32mBuilding C object CMakeFiles/micro_ros_msgs__rosidl_typesupport_introspection_c__pyext.dir/rosidl_generator_py/micro_ros_msgs/_micro_ros_msgs_s.ep.rosidl_typesupport_introspection_c.c.o[0m
[2.389s] [ 91%] [32mBuilding C object CMakeFiles/micro_ros_msgs__rosidl_typesupport_fastrtps_c__pyext.dir/rosidl_generator_py/micro_ros_msgs/_micro_ros_msgs_s.ep.rosidl_typesupport_fastrtps_c.c.o[0m
[2.390s] [ 93%] [32mBuilding C object CMakeFiles/micro_ros_msgs__rosidl_typesupport_c__pyext.dir/rosidl_generator_py/micro_ros_msgs/_micro_ros_msgs_s.ep.rosidl_typesupport_c.c.o[0m
[2.489s] [ 95%] [32m[1mLinking C shared library rosidl_generator_py/micro_ros_msgs/micro_ros_msgs_s__rosidl_typesupport_introspection_c.cpython-310-x86_64-linux-gnu.so[0m
[2.497s] [ 97%] [32m[1mLinking C shared library rosidl_generator_py/micro_ros_msgs/micro_ros_msgs_s__rosidl_typesupport_fastrtps_c.cpython-310-x86_64-linux-gnu.so[0m
[2.508s] [ 97%] Built target micro_ros_msgs__rosidl_typesupport_introspection_c__pyext
[2.515s] [100%] [32m[1mLinking C shared library rosidl_generator_py/micro_ros_msgs/micro_ros_msgs_s__rosidl_typesupport_c.cpython-310-x86_64-linux-gnu.so[0m
[2.519s] [100%] Built target micro_ros_msgs__rosidl_typesupport_fastrtps_c__pyext
[2.538s] [100%] Built target micro_ros_msgs__rosidl_typesupport_c__pyext
[2.546s] Invoked command in '/home/lh/Documents/joao_pessoa_2026/build/micro_ros_msgs' returned '0': CMAKE_PREFIX_PATH=${CMAKE_PREFIX_PATH}:/home/lh/Documents/joao_pessoa_2026/install/ardupilot_dds_tests:/home/lh/Documents/joao_pessoa_2026/install/biguasim_main:/opt/ros/humble /usr/bin/cmake --build /home/lh/Documents/joao_pessoa_2026/build/micro_ros_msgs -- -j32 -l32
[2.552s] Invoking command in '/home/lh/Documents/joao_pessoa_2026/build/micro_ros_msgs': CMAKE_PREFIX_PATH=${CMAKE_PREFIX_PATH}:/home/lh/Documents/joao_pessoa_2026/install/ardupilot_dds_tests:/home/lh/Documents/joao_pessoa_2026/install/biguasim_main:/opt/ros/humble /usr/bin/cmake --install /home/lh/Documents/joao_pessoa_2026/build/micro_ros_msgs
[2.558s] -- Install configuration: ""
[2.558s] -- Execute custom install script
[2.558s] -- Symlinking: /home/lh/Documents/joao_pessoa_2026/install/micro_ros_msgs/share/ament_index/resource_index/rosidl_interfaces/micro_ros_msgs
[2.565s] -- Symlinking: /home/lh/Documents/joao_pessoa_2026/install/micro_ros_msgs/include/micro_ros_msgs/micro_ros_msgs/msg/detail/entity__functions.h
[2.571s] -- Symlinking: /home/lh/Documents/joao_pessoa_2026/install/micro_ros_msgs/include/micro_ros_msgs/micro_ros_msgs/msg/detail/entity__struct.h
[2.577s] -- Symlinking: /home/lh/Documents/joao_pessoa_2026/install/micro_ros_msgs/include/micro_ros_msgs/micro_ros_msgs/msg/detail/entity__type_support.h
[2.583s] -- Symlinking: /home/lh/Documents/joao_pessoa_2026/install/micro_ros_msgs/include/micro_ros_msgs/micro_ros_msgs/msg/detail/graph__functions.h
[2.587s] -- Symlinking: /home/lh/Documents/joao_pessoa_2026/install/micro_ros_msgs/include/micro_ros_msgs/micro_ros_msgs/msg/detail/graph__struct.h
[2.594s] -- Symlinking: /home/lh/Documents/joao_pessoa_2026/install/micro_ros_msgs/include/micro_ros_msgs/micro_ros_msgs/msg/detail/graph__type_support.h
[2.600s] -- Symlinking: /home/lh/Documents/joao_pessoa_2026/install/micro_ros_msgs/include/micro_ros_msgs/micro_ros_msgs/msg/detail/node__functions.h
[2.604s] -- Symlinking: /home/lh/Documents/joao_pessoa_2026/install/micro_ros_msgs/include/micro_ros_msgs/micro_ros_msgs/msg/detail/node__struct.h
[2.610s] -- Symlinking: /home/lh/Documents/joao_pessoa_2026/install/micro_ros_msgs/include/micro_ros_msgs/micro_ros_msgs/msg/detail/node__type_support.h
[2.617s] -- Symlinking: /home/lh/Documents/joao_pessoa_2026/install/micro_ros_msgs/include/micro_ros_msgs/micro_ros_msgs/msg/entity.h
[2.623s] -- Symlinking: /home/lh/Documents/joao_pessoa_2026/install/micro_ros_msgs/include/micro_ros_msgs/micro_ros_msgs/msg/graph.h
[2.629s] -- Symlinking: /home/lh/Documents/joao_pessoa_2026/install/micro_ros_msgs/include/micro_ros_msgs/micro_ros_msgs/msg/node.h
[2.633s] -- Symlinking: /home/lh/Documents/joao_pessoa_2026/install/micro_ros_msgs/include/micro_ros_msgs/micro_ros_msgs/msg/rosidl_generator_c__visibility_control.h
[2.640s] -- Symlinking: /home/lh/Documents/joao_pessoa_2026/install/micro_ros_msgs/share/micro_ros_msgs/environment/library_path.sh
[2.646s] -- Symlinking: /home/lh/Documents/joao_pessoa_2026/install/micro_ros_msgs/share/micro_ros_msgs/environment/library_path.dsv
[2.650s] -- Symlinking: /home/lh/Documents/joao_pessoa_2026/install/micro_ros_msgs/include/micro_ros_msgs/micro_ros_msgs/msg/detail/entity__rosidl_typesupport_fastrtps_c.h
[2.656s] -- Symlinking: /home/lh/Documents/joao_pessoa_2026/install/micro_ros_msgs/include/micro_ros_msgs/micro_ros_msgs/msg/detail/graph__rosidl_typesupport_fastrtps_c.h
[2.662s] -- Symlinking: /home/lh/Documents/joao_pessoa_2026/install/micro_ros_msgs/include/micro_ros_msgs/micro_ros_msgs/msg/detail/node__rosidl_typesupport_fastrtps_c.h
[2.669s] -- Symlinking: /home/lh/Documents/joao_pessoa_2026/install/micro_ros_msgs/include/micro_ros_msgs/micro_ros_msgs/msg/rosidl_typesupport_fastrtps_c__visibility_control.h
[2.676s] -- Symlinking: /home/lh/Documents/joao_pessoa_2026/install/micro_ros_msgs/include/micro_ros_msgs/micro_ros_msgs/msg/detail/entity__rosidl_typesupport_introspection_c.h
[2.684s] -- Symlinking: /home/lh/Documents/joao_pessoa_2026/install/micro_ros_msgs/include/micro_ros_msgs/micro_ros_msgs/msg/detail/graph__rosidl_typesupport_introspection_c.h
[2.688s] -- Symlinking: /home/lh/Documents/joao_pessoa_2026/install/micro_ros_msgs/include/micro_ros_msgs/micro_ros_msgs/msg/detail/node__rosidl_typesupport_introspection_c.h
[2.695s] -- Symlinking: /home/lh/Documents/joao_pessoa_2026/install/micro_ros_msgs/include/micro_ros_msgs/micro_ros_msgs/msg/rosidl_typesupport_introspection_c__visibility_control.h
[2.701s] -- Symlinking: /home/lh/Documents/joao_pessoa_2026/install/micro_ros_msgs/include/micro_ros_msgs/micro_ros_msgs/msg/detail/entity__builder.hpp
[2.708s] -- Symlinking: /home/lh/Documents/joao_pessoa_2026/install/micro_ros_msgs/include/micro_ros_msgs/micro_ros_msgs/msg/detail/entity__struct.hpp
[2.715s] -- Symlinking: /home/lh/Documents/joao_pessoa_2026/install/micro_ros_msgs/include/micro_ros_msgs/micro_ros_msgs/msg/detail/entity__traits.hpp
[2.722s] -- Symlinking: /home/lh/Documents/joao_pessoa_2026/install/micro_ros_msgs/include/micro_ros_msgs/micro_ros_msgs/msg/detail/entity__type_support.hpp
[2.729s] -- Symlinking: /home/lh/Documents/joao_pessoa_2026/install/micro_ros_msgs/include/micro_ros_msgs/micro_ros_msgs/msg/detail/graph__builder.hpp
[2.735s] -- Symlinking: /home/lh/Documents/joao_pessoa_2026/install/micro_ros_msgs/include/micro_ros_msgs/micro_ros_msgs/msg/detail/graph__struct.hpp
[2.741s] -- Symlinking: /home/lh/Documents/joao_pessoa_2026/install/micro_ros_msgs/include/micro_ros_msgs/micro_ros_msgs/msg/detail/graph__traits.hpp
[2.748s] -- Symlinking: /home/lh/Documents/joao_pessoa_2026/install/micro_ros_msgs/include/micro_ros_msgs/micro_ros_msgs/msg/detail/graph__type_support.hpp
[2.753s] -- Symlinking: /home/lh/Documents/joao_pessoa_2026/install/micro_ros_msgs/include/micro_ros_msgs/micro_ros_msgs/msg/detail/node__builder.hpp
[2.759s] -- Symlinking: /home/lh/Documents/joao_pessoa_2026/install/micro_ros_msgs/include/micro_ros_msgs/micro_ros_msgs/msg/detail/node__struct.hpp
[2.765s] -- Symlinking: /home/lh/Documents/joao_pessoa_2026/install/micro_ros_msgs/include/micro_ros_msgs/micro_ros_msgs/msg/detail/node__traits.hpp
[2.771s] -- Symlinking: /home/lh/Documents/joao_pessoa_2026/install/micro_ros_msgs/include/micro_ros_msgs/micro_ros_msgs/msg/detail/node__type_support.hpp
[2.777s] -- Symlinking: /home/lh/Documents/joao_pessoa_2026/install/micro_ros_msgs/include/micro_ros_msgs/micro_ros_msgs/msg/entity.hpp
[2.783s] -- Symlinking: /home/lh/Documents/joao_pessoa_2026/install/micro_ros_msgs/include/micro_ros_msgs/micro_ros_msgs/msg/graph.hpp
[2.788s] -- Symlinking: /home/lh/Documents/joao_pessoa_2026/install/micro_ros_msgs/include/micro_ros_msgs/micro_ros_msgs/msg/node.hpp
[2.793s] -- Symlinking: /home/lh/Documents/joao_pessoa_2026/install/micro_ros_msgs/include/micro_ros_msgs/micro_ros_msgs/msg/rosidl_generator_cpp__visibility_control.hpp
[2.799s] -- Symlinking: /home/lh/Documents/joao_pessoa_2026/install/micro_ros_msgs/include/micro_ros_msgs/micro_ros_msgs/msg/detail/entity__rosidl_typesupport_fastrtps_cpp.hpp
[2.804s] -- Symlinking: /home/lh/Documents/joao_pessoa_2026/install/micro_ros_msgs/include/micro_ros_msgs/micro_ros_msgs/msg/detail/graph__rosidl_typesupport_fastrtps_cpp.hpp
[2.809s] -- Symlinking: /home/lh/Documents/joao_pessoa_2026/install/micro_ros_msgs/include/micro_ros_msgs/micro_ros_msgs/msg/detail/node__rosidl_typesupport_fastrtps_cpp.hpp
[2.815s] -- Symlinking: /home/lh/Documents/joao_pessoa_2026/install/micro_ros_msgs/include/micro_ros_msgs/micro_ros_msgs/msg/rosidl_typesupport_fastrtps_cpp__visibility_control.h
[2.821s] -- Symlinking: /home/lh/Documents/joao_pessoa_2026/install/micro_ros_msgs/include/micro_ros_msgs/micro_ros_msgs/msg/detail/entity__rosidl_typesupport_introspection_cpp.hpp
[2.824s] -- Symlinking: /home/lh/Documents/joao_pessoa_2026/install/micro_ros_msgs/include/micro_ros_msgs/micro_ros_msgs/msg/detail/graph__rosidl_typesupport_introspection_cpp.hpp
[2.830s] -- Symlinking: /home/lh/Documents/joao_pessoa_2026/install/micro_ros_msgs/include/micro_ros_msgs/micro_ros_msgs/msg/detail/node__rosidl_typesupport_introspection_cpp.hpp
[2.836s] -- Symlinking: /home/lh/Documents/joao_pessoa_2026/install/micro_ros_msgs/share/micro_ros_msgs/environment/pythonpath.sh
[2.840s] -- Symlinking: /home/lh/Documents/joao_pessoa_2026/install/micro_ros_msgs/share/micro_ros_msgs/environment/pythonpath.dsv
[2.844s] -- Symlinking: /home/lh/Documents/joao_pessoa_2026/install/micro_ros_msgs/local/lib/python3.10/dist-packages/micro_ros_msgs-6.0.0-py3.10.egg-info/PKG-INFO
[2.849s] -- Symlinking: /home/lh/Documents/joao_pessoa_2026/install/micro_ros_msgs/local/lib/python3.10/dist-packages/micro_ros_msgs-6.0.0-py3.10.egg-info/SOURCES.txt
[2.853s] -- Symlinking: /home/lh/Documents/joao_pessoa_2026/install/micro_ros_msgs/local/lib/python3.10/dist-packages/micro_ros_msgs-6.0.0-py3.10.egg-info/dependency_links.txt
[2.859s] -- Symlinking: /home/lh/Documents/joao_pessoa_2026/install/micro_ros_msgs/local/lib/python3.10/dist-packages/micro_ros_msgs-6.0.0-py3.10.egg-info/top_level.txt
[2.864s] -- Symlinking: /home/lh/Documents/joao_pessoa_2026/install/micro_ros_msgs/local/lib/python3.10/dist-packages/micro_ros_msgs/__init__.py
[2.869s] -- Symlinking: /home/lh/Documents/joao_pessoa_2026/install/micro_ros_msgs/local/lib/python3.10/dist-packages/micro_ros_msgs/_micro_ros_msgs_s.ep.rosidl_typesupport_c.c
[2.874s] -- Symlinking: /home/lh/Documents/joao_pessoa_2026/install/micro_ros_msgs/local/lib/python3.10/dist-packages/micro_ros_msgs/_micro_ros_msgs_s.ep.rosidl_typesupport_fastrtps_c.c
[2.879s] -- Symlinking: /home/lh/Documents/joao_pessoa_2026/install/micro_ros_msgs/local/lib/python3.10/dist-packages/micro_ros_msgs/_micro_ros_msgs_s.ep.rosidl_typesupport_introspection_c.c
[2.884s] -- Symlinking: /home/lh/Documents/joao_pessoa_2026/install/micro_ros_msgs/local/lib/python3.10/dist-packages/micro_ros_msgs/libmicro_ros_msgs__rosidl_generator_py.so
[2.888s] -- Symlinking: /home/lh/Documents/joao_pessoa_2026/install/micro_ros_msgs/local/lib/python3.10/dist-packages/micro_ros_msgs/micro_ros_msgs_s__rosidl_typesupport_c.cpython-310-x86_64-linux-gnu.so
[2.893s] -- Symlinking: /home/lh/Documents/joao_pessoa_2026/install/micro_ros_msgs/local/lib/python3.10/dist-packages/micro_ros_msgs/micro_ros_msgs_s__rosidl_typesupport_fastrtps_c.cpython-310-x86_64-linux-gnu.so
[2.897s] -- Symlinking: /home/lh/Documents/joao_pessoa_2026/install/micro_ros_msgs/local/lib/python3.10/dist-packages/micro_ros_msgs/micro_ros_msgs_s__rosidl_typesupport_introspection_c.cpython-310-x86_64-linux-gnu.so
[2.902s] -- Symlinking: /home/lh/Documents/joao_pessoa_2026/install/micro_ros_msgs/local/lib/python3.10/dist-packages/micro_ros_msgs/msg/__init__.py
[2.907s] -- Symlinking: /home/lh/Documents/joao_pessoa_2026/install/micro_ros_msgs/local/lib/python3.10/dist-packages/micro_ros_msgs/msg/_entity.py
[2.912s] -- Symlinking: /home/lh/Documents/joao_pessoa_2026/install/micro_ros_msgs/local/lib/python3.10/dist-packages/micro_ros_msgs/msg/_entity_s.c
[2.917s] -- Symlinking: /home/lh/Documents/joao_pessoa_2026/install/micro_ros_msgs/local/lib/python3.10/dist-packages/micro_ros_msgs/msg/_graph.py
[2.922s] -- Symlinking: /home/lh/Documents/joao_pessoa_2026/install/micro_ros_msgs/local/lib/python3.10/dist-packages/micro_ros_msgs/msg/_graph_s.c
[2.927s] -- Symlinking: /home/lh/Documents/joao_pessoa_2026/install/micro_ros_msgs/local/lib/python3.10/dist-packages/micro_ros_msgs/msg/_node.py
[2.932s] -- Symlinking: /home/lh/Documents/joao_pessoa_2026/install/micro_ros_msgs/local/lib/python3.10/dist-packages/micro_ros_msgs/msg/_node_s.c
[2.938s] -- Up-to-date symlink: /home/lh/Documents/joao_pessoa_2026/install/micro_ros_msgs/local/lib/python3.10/dist-packages/micro_ros_msgs/micro_ros_msgs_s__rosidl_typesupport_fastrtps_c.cpython-310-x86_64-linux-gnu.so
[2.938s] -- Up-to-date symlink: /home/lh/Documents/joao_pessoa_2026/install/micro_ros_msgs/local/lib/python3.10/dist-packages/micro_ros_msgs/micro_ros_msgs_s__rosidl_typesupport_introspection_c.cpython-310-x86_64-linux-gnu.so
[2.938s] -- Up-to-date symlink: /home/lh/Documents/joao_pessoa_2026/install/micro_ros_msgs/local/lib/python3.10/dist-packages/micro_ros_msgs/micro_ros_msgs_s__rosidl_typesupport_c.cpython-310-x86_64-linux-gnu.so
[2.938s] -- Symlinking: /home/lh/Documents/joao_pessoa_2026/install/micro_ros_msgs/share/ament_index/resource_index/rust_packages/micro_ros_msgs
[2.943s] -- Symlinking: /home/lh/Documents/joao_pessoa_2026/install/micro_ros_msgs/share/micro_ros_msgs/rust/Cargo.toml
[2.948s] -- Symlinking: /home/lh/Documents/joao_pessoa_2026/install/micro_ros_msgs/share/micro_ros_msgs/rust/build.rs
[2.953s] -- Symlinking: /home/lh/Documents/joao_pessoa_2026/install/micro_ros_msgs/share/micro_ros_msgs/rust/src/lib.rs
[2.958s] -- Symlinking: /home/lh/Documents/joao_pessoa_2026/install/micro_ros_msgs/share/micro_ros_msgs/rust/src/msg.rs
[2.963s] -- Symlinking: /home/lh/Documents/joao_pessoa_2026/install/micro_ros_msgs/share/micro_ros_msgs/rust/src/msg/rmw.rs
[2.967s] -- Symlinking: /home/lh/Documents/joao_pessoa_2026/install/micro_ros_msgs/share/micro_ros_msgs/msg/Graph.idl
[2.972s] -- Symlinking: /home/lh/Documents/joao_pessoa_2026/install/micro_ros_msgs/share/micro_ros_msgs/msg/Node.idl
[2.977s] -- Symlinking: /home/lh/Documents/joao_pessoa_2026/install/micro_ros_msgs/share/micro_ros_msgs/msg/Entity.idl
[2.982s] -- Symlinking: /home/lh/Documents/joao_pessoa_2026/install/micro_ros_msgs/share/micro_ros_msgs/msg/Graph.msg
[2.987s] -- Symlinking: /home/lh/Documents/joao_pessoa_2026/install/micro_ros_msgs/share/micro_ros_msgs/msg/Node.msg
[2.992s] -- Symlinking: /home/lh/Documents/joao_pessoa_2026/install/micro_ros_msgs/share/micro_ros_msgs/msg/Entity.msg
[2.997s] -- Symlinking: /home/lh/Documents/joao_pessoa_2026/install/micro_ros_msgs/share/ament_index/resource_index/package_run_dependencies/micro_ros_msgs
[3.001s] -- Symlinking: /home/lh/Documents/joao_pessoa_2026/install/micro_ros_msgs/share/ament_index/resource_index/parent_prefix_path/micro_ros_msgs
[3.007s] -- Symlinking: /home/lh/Documents/joao_pessoa_2026/install/micro_ros_msgs/share/micro_ros_msgs/environment/ament_prefix_path.sh
[3.013s] -- Symlinking: /home/lh/Documents/joao_pessoa_2026/install/micro_ros_msgs/share/micro_ros_msgs/environment/ament_prefix_path.dsv
[3.018s] -- Symlinking: /home/lh/Documents/joao_pessoa_2026/install/micro_ros_msgs/share/micro_ros_msgs/environment/path.sh
[3.024s] -- Symlinking: /home/lh/Documents/joao_pessoa_2026/install/micro_ros_msgs/share/micro_ros_msgs/environment/path.dsv
[3.030s] -- Symlinking: /home/lh/Documents/joao_pessoa_2026/install/micro_ros_msgs/share/micro_ros_msgs/local_setup.bash
[3.036s] -- Symlinking: /home/lh/Documents/joao_pessoa_2026/install/micro_ros_msgs/share/micro_ros_msgs/local_setup.sh
[3.041s] -- Symlinking: /home/lh/Documents/joao_pessoa_2026/install/micro_ros_msgs/share/micro_ros_msgs/local_setup.zsh
[3.047s] -- Symlinking: /home/lh/Documents/joao_pessoa_2026/install/micro_ros_msgs/share/micro_ros_msgs/local_setup.dsv
[3.052s] -- Symlinking: /home/lh/Documents/joao_pessoa_2026/install/micro_ros_msgs/share/micro_ros_msgs/package.dsv
[3.058s] -- Symlinking: /home/lh/Documents/joao_pessoa_2026/install/micro_ros_msgs/share/ament_index/resource_index/packages/micro_ros_msgs
[3.063s] -- Symlinking: /home/lh/Documents/joao_pessoa_2026/install/micro_ros_msgs/share/micro_ros_msgs/cmake/rosidl_cmake-extras.cmake
[3.069s] -- Symlinking: /home/lh/Documents/joao_pessoa_2026/install/micro_ros_msgs/share/micro_ros_msgs/cmake/ament_cmake_export_include_directories-extras.cmake
[3.074s] -- Symlinking: /home/lh/Documents/joao_pessoa_2026/install/micro_ros_msgs/share/micro_ros_msgs/cmake/ament_cmake_export_libraries-extras.cmake
[3.080s] -- Symlinking: /home/lh/Documents/joao_pessoa_2026/install/micro_ros_msgs/share/micro_ros_msgs/cmake/ament_cmake_export_targets-extras.cmake
[3.085s] -- Symlinking: /home/lh/Documents/joao_pessoa_2026/install/micro_ros_msgs/share/micro_ros_msgs/cmake/rosidl_cmake_export_typesupport_targets-extras.cmake
[3.090s] -- Symlinking: /home/lh/Documents/joao_pessoa_2026/install/micro_ros_msgs/share/micro_ros_msgs/cmake/ament_cmake_export_dependencies-extras.cmake
[3.095s] -- Symlinking: /home/lh/Documents/joao_pessoa_2026/install/micro_ros_msgs/share/micro_ros_msgs/cmake/rosidl_cmake_export_typesupport_libraries-extras.cmake
[3.100s] -- Symlinking: /home/lh/Documents/joao_pessoa_2026/install/micro_ros_msgs/share/micro_ros_msgs/cmake/micro_ros_msgsConfig.cmake
[3.106s] -- Symlinking: /home/lh/Documents/joao_pessoa_2026/install/micro_ros_msgs/share/micro_ros_msgs/cmake/micro_ros_msgsConfig-version.cmake
[3.112s] -- Symlinking: /home/lh/Documents/joao_pessoa_2026/install/micro_ros_msgs/share/micro_ros_msgs/package.xml
[3.118s] -- Installing: /home/lh/Documents/joao_pessoa_2026/install/micro_ros_msgs/lib/libmicro_ros_msgs__rosidl_generator_c.so
[3.118s] -- Set runtime path of "/home/lh/Documents/joao_pessoa_2026/install/micro_ros_msgs/lib/libmicro_ros_msgs__rosidl_generator_c.so" to ""
[3.118s] -- Installing: /home/lh/Documents/joao_pessoa_2026/install/micro_ros_msgs/lib/libmicro_ros_msgs__rosidl_typesupport_fastrtps_c.so
[3.118s] -- Set runtime path of "/home/lh/Documents/joao_pessoa_2026/install/micro_ros_msgs/lib/libmicro_ros_msgs__rosidl_typesupport_fastrtps_c.so" to ""
[3.118s] -- Installing: /home/lh/Documents/joao_pessoa_2026/install/micro_ros_msgs/lib/libmicro_ros_msgs__rosidl_typesupport_introspection_c.so
[3.118s] -- Set runtime path of "/home/lh/Documents/joao_pessoa_2026/install/micro_ros_msgs/lib/libmicro_ros_msgs__rosidl_typesupport_introspection_c.so" to ""
[3.118s] -- Installing: /home/lh/Documents/joao_pessoa_2026/install/micro_ros_msgs/lib/libmicro_ros_msgs__rosidl_typesupport_c.so
[3.118s] -- Set runtime path of "/home/lh/Documents/joao_pessoa_2026/install/micro_ros_msgs/lib/libmicro_ros_msgs__rosidl_typesupport_c.so" to ""
[3.118s] -- Installing: /home/lh/Documents/joao_pessoa_2026/install/micro_ros_msgs/lib/libmicro_ros_msgs__rosidl_typesupport_fastrtps_cpp.so
[3.118s] -- Set runtime path of "/home/lh/Documents/joao_pessoa_2026/install/micro_ros_msgs/lib/libmicro_ros_msgs__rosidl_typesupport_fastrtps_cpp.so" to ""
[3.118s] -- Installing: /home/lh/Documents/joao_pessoa_2026/install/micro_ros_msgs/lib/libmicro_ros_msgs__rosidl_typesupport_introspection_cpp.so
[3.118s] -- Set runtime path of "/home/lh/Documents/joao_pessoa_2026/install/micro_ros_msgs/lib/libmicro_ros_msgs__rosidl_typesupport_introspection_cpp.so" to ""
[3.119s] -- Installing: /home/lh/Documents/joao_pessoa_2026/install/micro_ros_msgs/lib/libmicro_ros_msgs__rosidl_typesupport_cpp.so
[3.119s] -- Set runtime path of "/home/lh/Documents/joao_pessoa_2026/install/micro_ros_msgs/lib/libmicro_ros_msgs__rosidl_typesupport_cpp.so" to ""
[3.147s] Listing '/home/lh/Documents/joao_pessoa_2026/install/micro_ros_msgs/local/lib/python3.10/dist-packages/micro_ros_msgs'...
[3.147s] Compiling '/home/lh/Documents/joao_pessoa_2026/install/micro_ros_msgs/local/lib/python3.10/dist-packages/micro_ros_msgs/__init__.py'...
[3.147s] Listing '/home/lh/Documents/joao_pessoa_2026/install/micro_ros_msgs/local/lib/python3.10/dist-packages/micro_ros_msgs/msg'...
[3.147s] Compiling '/home/lh/Documents/joao_pessoa_2026/install/micro_ros_msgs/local/lib/python3.10/dist-packages/micro_ros_msgs/msg/__init__.py'...
[3.147s] Compiling '/home/lh/Documents/joao_pessoa_2026/install/micro_ros_msgs/local/lib/python3.10/dist-packages/micro_ros_msgs/msg/_entity.py'...
[3.147s] Compiling '/home/lh/Documents/joao_pessoa_2026/install/micro_ros_msgs/local/lib/python3.10/dist-packages/micro_ros_msgs/msg/_graph.py'...
[3.147s] Compiling '/home/lh/Documents/joao_pessoa_2026/install/micro_ros_msgs/local/lib/python3.10/dist-packages/micro_ros_msgs/msg/_node.py'...
[3.150s] -- Installing: /home/lh/Documents/joao_pessoa_2026/install/micro_ros_msgs/lib/libmicro_ros_msgs__rosidl_generator_py.so
[3.151s] -- Set runtime path of "/home/lh/Documents/joao_pessoa_2026/install/micro_ros_msgs/lib/libmicro_ros_msgs__rosidl_generator_py.so" to ""
[3.151s] -- Installing: /home/lh/Documents/joao_pessoa_2026/install/micro_ros_msgs/share/micro_ros_msgs/cmake/export_micro_ros_msgs__rosidl_generator_cExport.cmake
[3.151s] -- Installing: /home/lh/Documents/joao_pessoa_2026/install/micro_ros_msgs/share/micro_ros_msgs/cmake/export_micro_ros_msgs__rosidl_generator_cExport-noconfig.cmake
[3.151s] -- Installing: /home/lh/Documents/joao_pessoa_2026/install/micro_ros_msgs/share/micro_ros_msgs/cmake/export_micro_ros_msgs__rosidl_typesupport_fastrtps_cExport.cmake
[3.151s] -- Installing: /home/lh/Documents/joao_pessoa_2026/install/micro_ros_msgs/share/micro_ros_msgs/cmake/export_micro_ros_msgs__rosidl_typesupport_fastrtps_cExport-noconfig.cmake
[3.151s] -- Installing: /home/lh/Documents/joao_pessoa_2026/install/micro_ros_msgs/share/micro_ros_msgs/cmake/micro_ros_msgs__rosidl_typesupport_introspection_cExport.cmake
[3.151s] -- Installing: /home/lh/Documents/joao_pessoa_2026/install/micro_ros_msgs/share/micro_ros_msgs/cmake/micro_ros_msgs__rosidl_typesupport_introspection_cExport-noconfig.cmake
[3.151s] -- Installing: /home/lh/Documents/joao_pessoa_2026/install/micro_ros_msgs/share/micro_ros_msgs/cmake/micro_ros_msgs__rosidl_typesupport_cExport.cmake
[3.151s] -- Installing: /home/lh/Documents/joao_pessoa_2026/install/micro_ros_msgs/share/micro_ros_msgs/cmake/micro_ros_msgs__rosidl_typesupport_cExport-noconfig.cmake
[3.151s] -- Installing: /home/lh/Documents/joao_pessoa_2026/install/micro_ros_msgs/share/micro_ros_msgs/cmake/export_micro_ros_msgs__rosidl_generator_cppExport.cmake
[3.152s] -- Installing: /home/lh/Documents/joao_pessoa_2026/install/micro_ros_msgs/share/micro_ros_msgs/cmake/export_micro_ros_msgs__rosidl_typesupport_fastrtps_cppExport.cmake
[3.152s] -- Installing: /home/lh/Documents/joao_pessoa_2026/install/micro_ros_msgs/share/micro_ros_msgs/cmake/export_micro_ros_msgs__rosidl_typesupport_fastrtps_cppExport-noconfig.cmake
[3.152s] -- Installing: /home/lh/Documents/joao_pessoa_2026/install/micro_ros_msgs/share/micro_ros_msgs/cmake/micro_ros_msgs__rosidl_typesupport_introspection_cppExport.cmake
[3.152s] -- Installing: /home/lh/Documents/joao_pessoa_2026/install/micro_ros_msgs/share/micro_ros_msgs/cmake/micro_ros_msgs__rosidl_typesupport_introspection_cppExport-noconfig.cmake
[3.152s] -- Installing: /home/lh/Documents/joao_pessoa_2026/install/micro_ros_msgs/share/micro_ros_msgs/cmake/micro_ros_msgs__rosidl_typesupport_cppExport.cmake
[3.152s] -- Installing: /home/lh/Documents/joao_pessoa_2026/install/micro_ros_msgs/share/micro_ros_msgs/cmake/micro_ros_msgs__rosidl_typesupport_cppExport-noconfig.cmake
[3.152s] -- Installing: /home/lh/Documents/joao_pessoa_2026/install/micro_ros_msgs/share/micro_ros_msgs/cmake/export_micro_ros_msgs__rosidl_generator_pyExport.cmake
[3.152s] -- Installing: /home/lh/Documents/joao_pessoa_2026/install/micro_ros_msgs/share/micro_ros_msgs/cmake/export_micro_ros_msgs__rosidl_generator_pyExport-noconfig.cmake
[3.154s] Invoked command in '/home/lh/Documents/joao_pessoa_2026/build/micro_ros_msgs' returned '0': CMAKE_PREFIX_PATH=${CMAKE_PREFIX_PATH}:/home/lh/Documents/joao_pessoa_2026/install/ardupilot_dds_tests:/home/lh/Documents/joao_pessoa_2026/install/biguasim_main:/opt/ros/humble /usr/bin/cmake --install /home/lh/Documents/joao_pessoa_2026/build/micro_ros_msgs
