[  2%] Built target biguasim_interfaces__rs
[  7%] Built target biguasim_interfaces__cpp
[ 15%] Built target biguasim_interfaces__rosidl_generator_c
[ 15%] Built target ament_cmake_python_symlink_biguasim_interfaces
[ 25%] Built target biguasim_interfaces__rosidl_typesupport_cpp
[ 35%] Built target biguasim_interfaces__rosidl_typesupport_introspection_cpp
[ 45%] Built target biguasim_interfaces__rosidl_typesupport_fastrtps_cpp
[ 55%] Built target biguasim_interfaces__rosidl_typesupport_introspection_c
[ 65%] Built target biguasim_interfaces__rosidl_typesupport_fastrtps_c
[ 75%] Built target biguasim_interfaces__rosidl_typesupport_c
[ 75%] Built target biguasim_interfaces
[ 77%] Built target biguasim_interfaces__py
[ 85%] Built target biguasim_interfaces__rosidl_generator_py
[ 90%] Built target biguasim_interfaces__rosidl_typesupport_c__pyext
[ 95%] Built target biguasim_interfaces__rosidl_typesupport_introspection_c__pyext
[100%] Built target biguasim_interfaces__rosidl_typesupport_fastrtps_c__pyext
running egg_info
writing biguasim_interfaces.egg-info/PKG-INFO
writing dependency_links to biguasim_interfaces.egg-info/dependency_links.txt
writing top-level names to biguasim_interfaces.egg-info/top_level.txt
reading manifest file 'biguasim_interfaces.egg-info/SOURCES.txt'
writing manifest file 'biguasim_interfaces.egg-info/SOURCES.txt'
[100%] Built target ament_cmake_python_build_biguasim_interfaces_egg
-- Install configuration: ""
-- Execute custom install script
-- Up-to-date symlink: /home/lh/Documents/joao_pessoa_2026/install/biguasim_interfaces/share/ament_index/resource_index/rosidl_interfaces/biguasim_interfaces
-- Up-to-date symlink: /home/lh/Documents/joao_pessoa_2026/install/biguasim_interfaces/include/biguasim_interfaces/biguasim_interfaces/msg/detail/dvl_sensor_range__functions.h
-- Up-to-date symlink: /home/lh/Documents/joao_pessoa_2026/install/biguasim_interfaces/include/biguasim_interfaces/biguasim_interfaces/msg/detail/dvl_sensor_range__struct.h
-- Up-to-date symlink: /home/lh/Documents/joao_pessoa_2026/install/biguasim_interfaces/include/biguasim_interfaces/biguasim_interfaces/msg/detail/dvl_sensor_range__type_support.h
-- Up-to-date symlink: /home/lh/Documents/joao_pessoa_2026/install/biguasim_interfaces/include/biguasim_interfaces/biguasim_interfaces/msg/detail/imaging_sonar__functions.h
-- Up-to-date symlink: /home/lh/Documents/joao_pessoa_2026/install/biguasim_interfaces/include/biguasim_interfaces/biguasim_interfaces/msg/detail/imaging_sonar__struct.h
-- Up-to-date symlink: /home/lh/Documents/joao_pessoa_2026/install/biguasim_interfaces/include/biguasim_interfaces/biguasim_interfaces/msg/detail/imaging_sonar__type_support.h
-- Up-to-date symlink: /home/lh/Documents/joao_pessoa_2026/install/biguasim_interfaces/include/biguasim_interfaces/biguasim_interfaces/msg/dvl_sensor_range.h
-- Up-to-date symlink: /home/lh/Documents/joao_pessoa_2026/install/biguasim_interfaces/include/biguasim_interfaces/biguasim_interfaces/msg/imaging_sonar.h
-- Up-to-date symlink: /home/lh/Documents/joao_pessoa_2026/install/biguasim_interfaces/include/biguasim_interfaces/biguasim_interfaces/msg/rosidl_generator_c__visibility_control.h
-- Up-to-date symlink: /home/lh/Documents/joao_pessoa_2026/install/biguasim_interfaces/share/biguasim_interfaces/environment/library_path.sh
-- Up-to-date symlink: /home/lh/Documents/joao_pessoa_2026/install/biguasim_interfaces/share/biguasim_interfaces/environment/library_path.dsv
-- Up-to-date symlink: /home/lh/Documents/joao_pessoa_2026/install/biguasim_interfaces/include/biguasim_interfaces/biguasim_interfaces/msg/detail/dvl_sensor_range__rosidl_typesupport_fastrtps_c.h
-- Up-to-date symlink: /home/lh/Documents/joao_pessoa_2026/install/biguasim_interfaces/include/biguasim_interfaces/biguasim_interfaces/msg/detail/imaging_sonar__rosidl_typesupport_fastrtps_c.h
-- Up-to-date symlink: /home/lh/Documents/joao_pessoa_2026/install/biguasim_interfaces/include/biguasim_interfaces/biguasim_interfaces/msg/rosidl_typesupport_fastrtps_c__visibility_control.h
-- Up-to-date symlink: /home/lh/Documents/joao_pessoa_2026/install/biguasim_interfaces/include/biguasim_interfaces/biguasim_interfaces/msg/detail/dvl_sensor_range__rosidl_typesupport_introspection_c.h
-- Up-to-date symlink: /home/lh/Documents/joao_pessoa_2026/install/biguasim_interfaces/include/biguasim_interfaces/biguasim_interfaces/msg/detail/imaging_sonar__rosidl_typesupport_introspection_c.h
-- Up-to-date symlink: /home/lh/Documents/joao_pessoa_2026/install/biguasim_interfaces/include/biguasim_interfaces/biguasim_interfaces/msg/rosidl_typesupport_introspection_c__visibility_control.h
-- Up-to-date symlink: /home/lh/Documents/joao_pessoa_2026/install/biguasim_interfaces/include/biguasim_interfaces/biguasim_interfaces/msg/detail/dvl_sensor_range__builder.hpp
-- Up-to-date symlink: /home/lh/Documents/joao_pessoa_2026/install/biguasim_interfaces/include/biguasim_interfaces/biguasim_interfaces/msg/detail/dvl_sensor_range__struct.hpp
-- Up-to-date symlink: /home/lh/Documents/joao_pessoa_2026/install/biguasim_interfaces/include/biguasim_interfaces/biguasim_interfaces/msg/detail/dvl_sensor_range__traits.hpp
-- Up-to-date symlink: /home/lh/Documents/joao_pessoa_2026/install/biguasim_interfaces/include/biguasim_interfaces/biguasim_interfaces/msg/detail/dvl_sensor_range__type_support.hpp
-- Up-to-date symlink: /home/lh/Documents/joao_pessoa_2026/install/biguasim_interfaces/include/biguasim_interfaces/biguasim_interfaces/msg/detail/imaging_sonar__builder.hpp
-- Up-to-date symlink: /home/lh/Documents/joao_pessoa_2026/install/biguasim_interfaces/include/biguasim_interfaces/biguasim_interfaces/msg/detail/imaging_sonar__struct.hpp
-- Up-to-date symlink: /home/lh/Documents/joao_pessoa_2026/install/biguasim_interfaces/include/biguasim_interfaces/biguasim_interfaces/msg/detail/imaging_sonar__traits.hpp
-- Up-to-date symlink: /home/lh/Documents/joao_pessoa_2026/install/biguasim_interfaces/include/biguasim_interfaces/biguasim_interfaces/msg/detail/imaging_sonar__type_support.hpp
-- Up-to-date symlink: /home/lh/Documents/joao_pessoa_2026/install/biguasim_interfaces/include/biguasim_interfaces/biguasim_interfaces/msg/dvl_sensor_range.hpp
-- Up-to-date symlink: /home/lh/Documents/joao_pessoa_2026/install/biguasim_interfaces/include/biguasim_interfaces/biguasim_interfaces/msg/imaging_sonar.hpp
-- Up-to-date symlink: /home/lh/Documents/joao_pessoa_2026/install/biguasim_interfaces/include/biguasim_interfaces/biguasim_interfaces/msg/rosidl_generator_cpp__visibility_control.hpp
-- Up-to-date symlink: /home/lh/Documents/joao_pessoa_2026/install/biguasim_interfaces/include/biguasim_interfaces/biguasim_interfaces/msg/detail/dvl_sensor_range__rosidl_typesupport_fastrtps_cpp.hpp
-- Up-to-date symlink: /home/lh/Documents/joao_pessoa_2026/install/biguasim_interfaces/include/biguasim_interfaces/biguasim_interfaces/msg/detail/imaging_sonar__rosidl_typesupport_fastrtps_cpp.hpp
-- Up-to-date symlink: /home/lh/Documents/joao_pessoa_2026/install/biguasim_interfaces/include/biguasim_interfaces/biguasim_interfaces/msg/rosidl_typesupport_fastrtps_cpp__visibility_control.h
-- Up-to-date symlink: /home/lh/Documents/joao_pessoa_2026/install/biguasim_interfaces/include/biguasim_interfaces/biguasim_interfaces/msg/detail/dvl_sensor_range__rosidl_typesupport_introspection_cpp.hpp
-- Up-to-date symlink: /home/lh/Documents/joao_pessoa_2026/install/biguasim_interfaces/include/biguasim_interfaces/biguasim_interfaces/msg/detail/imaging_sonar__rosidl_typesupport_introspection_cpp.hpp
-- Up-to-date symlink: /home/lh/Documents/joao_pessoa_2026/install/biguasim_interfaces/share/biguasim_interfaces/environment/pythonpath.sh
-- Up-to-date symlink: /home/lh/Documents/joao_pessoa_2026/install/biguasim_interfaces/share/biguasim_interfaces/environment/pythonpath.dsv
-- Up-to-date symlink: /home/lh/Documents/joao_pessoa_2026/install/biguasim_interfaces/local/lib/python3.10/dist-packages/biguasim_interfaces-0.0.0-py3.10.egg-info/PKG-INFO
-- Up-to-date symlink: /home/lh/Documents/joao_pessoa_2026/install/biguasim_interfaces/local/lib/python3.10/dist-packages/biguasim_interfaces-0.0.0-py3.10.egg-info/SOURCES.txt
-- Up-to-date symlink: /home/lh/Documents/joao_pessoa_2026/install/biguasim_interfaces/local/lib/python3.10/dist-packages/biguasim_interfaces-0.0.0-py3.10.egg-info/dependency_links.txt
-- Up-to-date symlink: /home/lh/Documents/joao_pessoa_2026/install/biguasim_interfaces/local/lib/python3.10/dist-packages/biguasim_interfaces-0.0.0-py3.10.egg-info/top_level.txt
-- Up-to-date symlink: /home/lh/Documents/joao_pessoa_2026/install/biguasim_interfaces/local/lib/python3.10/dist-packages/biguasim_interfaces/__init__.py
-- Up-to-date symlink: /home/lh/Documents/joao_pessoa_2026/install/biguasim_interfaces/local/lib/python3.10/dist-packages/biguasim_interfaces/_biguasim_interfaces_s.ep.rosidl_typesupport_c.c
-- Up-to-date symlink: /home/lh/Documents/joao_pessoa_2026/install/biguasim_interfaces/local/lib/python3.10/dist-packages/biguasim_interfaces/_biguasim_interfaces_s.ep.rosidl_typesupport_fastrtps_c.c
-- Up-to-date symlink: /home/lh/Documents/joao_pessoa_2026/install/biguasim_interfaces/local/lib/python3.10/dist-packages/biguasim_interfaces/_biguasim_interfaces_s.ep.rosidl_typesupport_introspection_c.c
-- Up-to-date symlink: /home/lh/Documents/joao_pessoa_2026/install/biguasim_interfaces/local/lib/python3.10/dist-packages/biguasim_interfaces/biguasim_interfaces_s__rosidl_typesupport_c.cpython-310-x86_64-linux-gnu.so
-- Up-to-date symlink: /home/lh/Documents/joao_pessoa_2026/install/biguasim_interfaces/local/lib/python3.10/dist-packages/biguasim_interfaces/biguasim_interfaces_s__rosidl_typesupport_fastrtps_c.cpython-310-x86_64-linux-gnu.so
-- Up-to-date symlink: /home/lh/Documents/joao_pessoa_2026/install/biguasim_interfaces/local/lib/python3.10/dist-packages/biguasim_interfaces/biguasim_interfaces_s__rosidl_typesupport_introspection_c.cpython-310-x86_64-linux-gnu.so
-- Up-to-date symlink: /home/lh/Documents/joao_pessoa_2026/install/biguasim_interfaces/local/lib/python3.10/dist-packages/biguasim_interfaces/libbiguasim_interfaces__rosidl_generator_py.so
-- Up-to-date symlink: /home/lh/Documents/joao_pessoa_2026/install/biguasim_interfaces/local/lib/python3.10/dist-packages/biguasim_interfaces/msg/__init__.py
-- Up-to-date symlink: /home/lh/Documents/joao_pessoa_2026/install/biguasim_interfaces/local/lib/python3.10/dist-packages/biguasim_interfaces/msg/_dvl_sensor_range.py
-- Up-to-date symlink: /home/lh/Documents/joao_pessoa_2026/install/biguasim_interfaces/local/lib/python3.10/dist-packages/biguasim_interfaces/msg/_dvl_sensor_range_s.c
-- Up-to-date symlink: /home/lh/Documents/joao_pessoa_2026/install/biguasim_interfaces/local/lib/python3.10/dist-packages/biguasim_interfaces/msg/_imaging_sonar.py
-- Up-to-date symlink: /home/lh/Documents/joao_pessoa_2026/install/biguasim_interfaces/local/lib/python3.10/dist-packages/biguasim_interfaces/msg/_imaging_sonar_s.c
-- Up-to-date symlink: /home/lh/Documents/joao_pessoa_2026/install/biguasim_interfaces/local/lib/python3.10/dist-packages/biguasim_interfaces/biguasim_interfaces_s__rosidl_typesupport_fastrtps_c.cpython-310-x86_64-linux-gnu.so
-- Up-to-date symlink: /home/lh/Documents/joao_pessoa_2026/install/biguasim_interfaces/local/lib/python3.10/dist-packages/biguasim_interfaces/biguasim_interfaces_s__rosidl_typesupport_introspection_c.cpython-310-x86_64-linux-gnu.so
-- Up-to-date symlink: /home/lh/Documents/joao_pessoa_2026/install/biguasim_interfaces/local/lib/python3.10/dist-packages/biguasim_interfaces/biguasim_interfaces_s__rosidl_typesupport_c.cpython-310-x86_64-linux-gnu.so
-- Up-to-date symlink: /home/lh/Documents/joao_pessoa_2026/install/biguasim_interfaces/share/ament_index/resource_index/rust_packages/biguasim_interfaces
-- Up-to-date symlink: /home/lh/Documents/joao_pessoa_2026/install/biguasim_interfaces/share/biguasim_interfaces/rust/Cargo.toml
-- Up-to-date symlink: /home/lh/Documents/joao_pessoa_2026/install/biguasim_interfaces/share/biguasim_interfaces/rust/build.rs
-- Up-to-date symlink: /home/lh/Documents/joao_pessoa_2026/install/biguasim_interfaces/share/biguasim_interfaces/rust/src/lib.rs
-- Up-to-date symlink: /home/lh/Documents/joao_pessoa_2026/install/biguasim_interfaces/share/biguasim_interfaces/rust/src/msg.rs
-- Up-to-date symlink: /home/lh/Documents/joao_pessoa_2026/install/biguasim_interfaces/share/biguasim_interfaces/rust/src/msg/rmw.rs
-- Up-to-date symlink: /home/lh/Documents/joao_pessoa_2026/install/biguasim_interfaces/share/biguasim_interfaces/msg/DVLSensorRange.idl
-- Up-to-date symlink: /home/lh/Documents/joao_pessoa_2026/install/biguasim_interfaces/share/biguasim_interfaces/msg/ImagingSonar.idl
-- Up-to-date symlink: /home/lh/Documents/joao_pessoa_2026/install/biguasim_interfaces/share/biguasim_interfaces/msg/DVLSensorRange.msg
-- Up-to-date symlink: /home/lh/Documents/joao_pessoa_2026/install/biguasim_interfaces/share/biguasim_interfaces/msg/ImagingSonar.msg
-- Up-to-date symlink: /home/lh/Documents/joao_pessoa_2026/install/biguasim_interfaces/share/ament_index/resource_index/package_run_dependencies/biguasim_interfaces
-- Up-to-date symlink: /home/lh/Documents/joao_pessoa_2026/install/biguasim_interfaces/share/ament_index/resource_index/parent_prefix_path/biguasim_interfaces
-- Up-to-date symlink: /home/lh/Documents/joao_pessoa_2026/install/biguasim_interfaces/share/biguasim_interfaces/environment/ament_prefix_path.sh
-- Up-to-date symlink: /home/lh/Documents/joao_pessoa_2026/install/biguasim_interfaces/share/biguasim_interfaces/environment/ament_prefix_path.dsv
-- Up-to-date symlink: /home/lh/Documents/joao_pessoa_2026/install/biguasim_interfaces/share/biguasim_interfaces/environment/path.sh
-- Up-to-date symlink: /home/lh/Documents/joao_pessoa_2026/install/biguasim_interfaces/share/biguasim_interfaces/environment/path.dsv
-- Up-to-date symlink: /home/lh/Documents/joao_pessoa_2026/install/biguasim_interfaces/share/biguasim_interfaces/local_setup.bash
-- Up-to-date symlink: /home/lh/Documents/joao_pessoa_2026/install/biguasim_interfaces/share/biguasim_interfaces/local_setup.sh
-- Up-to-date symlink: /home/lh/Documents/joao_pessoa_2026/install/biguasim_interfaces/share/biguasim_interfaces/local_setup.zsh
-- Up-to-date symlink: /home/lh/Documents/joao_pessoa_2026/install/biguasim_interfaces/share/biguasim_interfaces/local_setup.dsv
-- Symlinking: /home/lh/Documents/joao_pessoa_2026/install/biguasim_interfaces/share/biguasim_interfaces/package.dsv
-- Up-to-date symlink: /home/lh/Documents/joao_pessoa_2026/install/biguasim_interfaces/share/ament_index/resource_index/packages/biguasim_interfaces
-- Up-to-date symlink: /home/lh/Documents/joao_pessoa_2026/install/biguasim_interfaces/share/biguasim_interfaces/cmake/rosidl_cmake-extras.cmake
-- Up-to-date symlink: /home/lh/Documents/joao_pessoa_2026/install/biguasim_interfaces/share/biguasim_interfaces/cmake/ament_cmake_export_dependencies-extras.cmake
-- Up-to-date symlink: /home/lh/Documents/joao_pessoa_2026/install/biguasim_interfaces/share/biguasim_interfaces/cmake/ament_cmake_export_include_directories-extras.cmake
-- Up-to-date symlink: /home/lh/Documents/joao_pessoa_2026/install/biguasim_interfaces/share/biguasim_interfaces/cmake/ament_cmake_export_libraries-extras.cmake
-- Up-to-date symlink: /home/lh/Documents/joao_pessoa_2026/install/biguasim_interfaces/share/biguasim_interfaces/cmake/ament_cmake_export_targets-extras.cmake
-- Up-to-date symlink: /home/lh/Documents/joao_pessoa_2026/install/biguasim_interfaces/share/biguasim_interfaces/cmake/rosidl_cmake_export_typesupport_targets-extras.cmake
-- Up-to-date symlink: /home/lh/Documents/joao_pessoa_2026/install/biguasim_interfaces/share/biguasim_interfaces/cmake/rosidl_cmake_export_typesupport_libraries-extras.cmake
-- Up-to-date symlink: /home/lh/Documents/joao_pessoa_2026/install/biguasim_interfaces/share/biguasim_interfaces/cmake/biguasim_interfacesConfig.cmake
-- Up-to-date symlink: /home/lh/Documents/joao_pessoa_2026/install/biguasim_interfaces/share/biguasim_interfaces/cmake/biguasim_interfacesConfig-version.cmake
-- Up-to-date symlink: /home/lh/Documents/joao_pessoa_2026/install/biguasim_interfaces/share/biguasim_interfaces/package.xml
-- Up-to-date: /home/lh/Documents/joao_pessoa_2026/install/biguasim_interfaces/lib/libbiguasim_interfaces__rosidl_generator_c.so
-- Up-to-date: /home/lh/Documents/joao_pessoa_2026/install/biguasim_interfaces/lib/libbiguasim_interfaces__rosidl_typesupport_fastrtps_c.so
-- Up-to-date: /home/lh/Documents/joao_pessoa_2026/install/biguasim_interfaces/lib/libbiguasim_interfaces__rosidl_typesupport_introspection_c.so
-- Up-to-date: /home/lh/Documents/joao_pessoa_2026/install/biguasim_interfaces/lib/libbiguasim_interfaces__rosidl_typesupport_c.so
-- Up-to-date: /home/lh/Documents/joao_pessoa_2026/install/biguasim_interfaces/lib/libbiguasim_interfaces__rosidl_typesupport_fastrtps_cpp.so
-- Up-to-date: /home/lh/Documents/joao_pessoa_2026/install/biguasim_interfaces/lib/libbiguasim_interfaces__rosidl_typesupport_introspection_cpp.so
-- Up-to-date: /home/lh/Documents/joao_pessoa_2026/install/biguasim_interfaces/lib/libbiguasim_interfaces__rosidl_typesupport_cpp.so
Listing '/home/lh/Documents/joao_pessoa_2026/install/biguasim_interfaces/local/lib/python3.10/dist-packages/biguasim_interfaces'...
Listing '/home/lh/Documents/joao_pessoa_2026/install/biguasim_interfaces/local/lib/python3.10/dist-packages/biguasim_interfaces/msg'...
-- Up-to-date: /home/lh/Documents/joao_pessoa_2026/install/biguasim_interfaces/lib/libbiguasim_interfaces__rosidl_generator_py.so
-- Up-to-date: /home/lh/Documents/joao_pessoa_2026/install/biguasim_interfaces/share/biguasim_interfaces/cmake/export_biguasim_interfaces__rosidl_generator_cExport.cmake
-- Up-to-date: /home/lh/Documents/joao_pessoa_2026/install/biguasim_interfaces/share/biguasim_interfaces/cmake/export_biguasim_interfaces__rosidl_generator_cExport-noconfig.cmake
-- Up-to-date: /home/lh/Documents/joao_pessoa_2026/install/biguasim_interfaces/share/biguasim_interfaces/cmake/export_biguasim_interfaces__rosidl_typesupport_fastrtps_cExport.cmake
-- Up-to-date: /home/lh/Documents/joao_pessoa_2026/install/biguasim_interfaces/share/biguasim_interfaces/cmake/export_biguasim_interfaces__rosidl_typesupport_fastrtps_cExport-noconfig.cmake
-- Up-to-date: /home/lh/Documents/joao_pessoa_2026/install/biguasim_interfaces/share/biguasim_interfaces/cmake/biguasim_interfaces__rosidl_typesupport_introspection_cExport.cmake
-- Up-to-date: /home/lh/Documents/joao_pessoa_2026/install/biguasim_interfaces/share/biguasim_interfaces/cmake/biguasim_interfaces__rosidl_typesupport_introspection_cExport-noconfig.cmake
-- Up-to-date: /home/lh/Documents/joao_pessoa_2026/install/biguasim_interfaces/share/biguasim_interfaces/cmake/biguasim_interfaces__rosidl_typesupport_cExport.cmake
-- Up-to-date: /home/lh/Documents/joao_pessoa_2026/install/biguasim_interfaces/share/biguasim_interfaces/cmake/biguasim_interfaces__rosidl_typesupport_cExport-noconfig.cmake
-- Up-to-date: /home/lh/Documents/joao_pessoa_2026/install/biguasim_interfaces/share/biguasim_interfaces/cmake/export_biguasim_interfaces__rosidl_generator_cppExport.cmake
-- Up-to-date: /home/lh/Documents/joao_pessoa_2026/install/biguasim_interfaces/share/biguasim_interfaces/cmake/export_biguasim_interfaces__rosidl_typesupport_fastrtps_cppExport.cmake
-- Up-to-date: /home/lh/Documents/joao_pessoa_2026/install/biguasim_interfaces/share/biguasim_interfaces/cmake/export_biguasim_interfaces__rosidl_typesupport_fastrtps_cppExport-noconfig.cmake
-- Up-to-date: /home/lh/Documents/joao_pessoa_2026/install/biguasim_interfaces/share/biguasim_interfaces/cmake/biguasim_interfaces__rosidl_typesupport_introspection_cppExport.cmake
-- Up-to-date: /home/lh/Documents/joao_pessoa_2026/install/biguasim_interfaces/share/biguasim_interfaces/cmake/biguasim_interfaces__rosidl_typesupport_introspection_cppExport-noconfig.cmake
-- Up-to-date: /home/lh/Documents/joao_pessoa_2026/install/biguasim_interfaces/share/biguasim_interfaces/cmake/biguasim_interfaces__rosidl_typesupport_cppExport.cmake
-- Up-to-date: /home/lh/Documents/joao_pessoa_2026/install/biguasim_interfaces/share/biguasim_interfaces/cmake/biguasim_interfaces__rosidl_typesupport_cppExport-noconfig.cmake
-- Up-to-date: /home/lh/Documents/joao_pessoa_2026/install/biguasim_interfaces/share/biguasim_interfaces/cmake/export_biguasim_interfaces__rosidl_generator_pyExport.cmake
-- Up-to-date: /home/lh/Documents/joao_pessoa_2026/install/biguasim_interfaces/share/biguasim_interfaces/cmake/export_biguasim_interfaces__rosidl_generator_pyExport-noconfig.cmake
