[0.008s] Invoking command in '/home/lh/Documents/joao_pessoa_2026/build/biguasim_interfaces': CMAKE_PREFIX_PATH=${CMAKE_PREFIX_PATH}:/home/lh/Documents/joao_pessoa_2026/install/hydrone_biguasim:/home/lh/Documents/joao_pessoa_2026/install/hydrone_bringup:/home/lh/Documents/joao_pessoa_2026/install/hydrone_vision:/home/lh/Documents/joao_pessoa_2026/install/hydrone_nav:/home/lh/Documents/joao_pessoa_2026/install/hydrone_mission:/home/lh/Documents/joao_pessoa_2026/install/hydrone_controller:/home/lh/Documents/joao_pessoa_2026/install/ardupilot_dds_tests:/home/lh/Documents/joao_pessoa_2026/install/biguasim_main:/opt/ros/humble /usr/bin/cmake /home/lh/Documents/joao_pessoa_2026/src/biguasim-ros2/biguasim_interfaces -DCMAKE_INSTALL_PREFIX=/home/lh/Documents/joao_pessoa_2026/install/biguasim_interfaces
[0.014s] -- Found ament_cmake: 1.3.14 (/opt/ros/humble/share/ament_cmake/cmake)
[0.101s] -- Override CMake install command with custom implementation using symlinks instead of copying resources
[0.104s] -- Found rosidl_default_generators: 1.2.1 (/opt/ros/humble/share/rosidl_default_generators/cmake)
[0.105s] -- Using all available rosidl_typesupport_c: rosidl_typesupport_fastrtps_c;rosidl_typesupport_introspection_c
[0.107s] -- Found rosidl_adapter: 3.1.8 (/opt/ros/humble/share/rosidl_adapter/cmake)
[0.122s] -- Using all available rosidl_typesupport_cpp: rosidl_typesupport_fastrtps_cpp;rosidl_typesupport_introspection_cpp
[0.134s] -- Found std_msgs: 4.9.1 (/opt/ros/humble/share/std_msgs/cmake)
[0.144s] -- Found sensor_msgs: 4.9.1 (/opt/ros/humble/share/sensor_msgs/cmake)
[0.157s] -- Found ament_lint_auto: 0.12.15 (/opt/ros/humble/share/ament_lint_auto/cmake)
[0.327s] -- Found ament_cmake_ros: 0.10.0 (/opt/ros/humble/share/ament_cmake_ros/cmake)
[0.500s] -- Using all available rosidl_typesupport_c: rosidl_typesupport_fastrtps_c;rosidl_typesupport_introspection_c
[0.732s] -- Using all available rosidl_typesupport_cpp: rosidl_typesupport_fastrtps_cpp;rosidl_typesupport_introspection_cpp
[0.746s] -- Found python_cmake_module: 0.10.0 (/opt/ros/humble/share/python_cmake_module/cmake)
[0.767s] -- Using PYTHON_EXECUTABLE: /usr/bin/python3
[0.767s] -- Using PYTHON_INCLUDE_DIRS: /usr/include/python3.10
[0.767s] -- Using PYTHON_LIBRARIES: /usr/lib/x86_64-linux-gnu/libpython3.10.so
[0.856s] -- Added test 'lint_cmake' to check CMake code style
[0.856s] -- Added test 'xmllint' to check XML markup files
[0.858s] -- Configuring done
[0.876s] -- Generating done
[0.882s] -- Build files have been written to: /home/lh/Documents/joao_pessoa_2026/build/biguasim_interfaces
[0.888s] Invoked command in '/home/lh/Documents/joao_pessoa_2026/build/biguasim_interfaces' returned '0': CMAKE_PREFIX_PATH=${CMAKE_PREFIX_PATH}:/home/lh/Documents/joao_pessoa_2026/install/hydrone_biguasim:/home/lh/Documents/joao_pessoa_2026/install/hydrone_bringup:/home/lh/Documents/joao_pessoa_2026/install/hydrone_vision:/home/lh/Documents/joao_pessoa_2026/install/hydrone_nav:/home/lh/Documents/joao_pessoa_2026/install/hydrone_mission:/home/lh/Documents/joao_pessoa_2026/install/hydrone_controller:/home/lh/Documents/joao_pessoa_2026/install/ardupilot_dds_tests:/home/lh/Documents/joao_pessoa_2026/install/biguasim_main:/opt/ros/humble /usr/bin/cmake /home/lh/Documents/joao_pessoa_2026/src/biguasim-ros2/biguasim_interfaces -DCMAKE_INSTALL_PREFIX=/home/lh/Documents/joao_pessoa_2026/install/biguasim_interfaces
[0.889s] Invoking command in '/home/lh/Documents/joao_pessoa_2026/build/biguasim_interfaces': CMAKE_PREFIX_PATH=${CMAKE_PREFIX_PATH}:/home/lh/Documents/joao_pessoa_2026/install/hydrone_biguasim:/home/lh/Documents/joao_pessoa_2026/install/hydrone_bringup:/home/lh/Documents/joao_pessoa_2026/install/hydrone_vision:/home/lh/Documents/joao_pessoa_2026/install/hydrone_nav:/home/lh/Documents/joao_pessoa_2026/install/hydrone_mission:/home/lh/Documents/joao_pessoa_2026/install/hydrone_controller:/home/lh/Documents/joao_pessoa_2026/install/ardupilot_dds_tests:/home/lh/Documents/joao_pessoa_2026/install/biguasim_main:/opt/ros/humble /usr/bin/cmake --build /home/lh/Documents/joao_pessoa_2026/build/biguasim_interfaces -- -j32 -l32
[0.910s] [35m[1mConsolidate compiler generated dependencies of target biguasim_interfaces__rosidl_generator_c[0m
[0.915s] [  2%] Built target biguasim_interfaces__rs
[0.917s] [  5%] Built target biguasim_interfaces__cpp
[0.917s] [ 15%] Built target biguasim_interfaces__rosidl_generator_c
[0.917s] [ 15%] Built target ament_cmake_python_symlink_biguasim_interfaces
[0.923s] [35m[1mConsolidate compiler generated dependencies of target biguasim_interfaces__rosidl_typesupport_c[0m
[0.923s] [35m[1mConsolidate compiler generated dependencies of target biguasim_interfaces__rosidl_typesupport_fastrtps_cpp[0m
[0.925s] [35m[1mConsolidate compiler generated dependencies of target biguasim_interfaces__rosidl_typesupport_introspection_c[0m
[0.925s] [35m[1mConsolidate compiler generated dependencies of target biguasim_interfaces__rosidl_typesupport_cpp[0m
[0.925s] [35m[1mConsolidate compiler generated dependencies of target biguasim_interfaces__rosidl_typesupport_introspection_cpp[0m
[0.925s] [35m[1mConsolidate compiler generated dependencies of target biguasim_interfaces__rosidl_typesupport_fastrtps_c[0m
[0.928s] [ 25%] Built target biguasim_interfaces__rosidl_typesupport_c
[0.931s] [ 35%] Built target biguasim_interfaces__rosidl_typesupport_fastrtps_cpp
[0.934s] [ 45%] Built target biguasim_interfaces__rosidl_typesupport_introspection_c
[0.935s] [ 55%] Built target biguasim_interfaces__rosidl_typesupport_fastrtps_c
[0.936s] [ 65%] Built target biguasim_interfaces__rosidl_typesupport_introspection_cpp
[0.936s] [ 75%] Built target biguasim_interfaces__rosidl_typesupport_cpp
[0.950s] [ 75%] Built target biguasim_interfaces
[0.965s] [ 77%] Built target biguasim_interfaces__py
[0.972s] [35m[1mConsolidate compiler generated dependencies of target biguasim_interfaces__rosidl_generator_py[0m
[0.981s] [ 85%] Built target biguasim_interfaces__rosidl_generator_py
[0.989s] [35m[1mConsolidate compiler generated dependencies of target biguasim_interfaces__rosidl_typesupport_fastrtps_c__pyext[0m
[0.989s] [35m[1mConsolidate compiler generated dependencies of target biguasim_interfaces__rosidl_typesupport_c__pyext[0m
[0.989s] [35m[1mConsolidate compiler generated dependencies of target biguasim_interfaces__rosidl_typesupport_introspection_c__pyext[0m
[0.997s] [100%] Built target biguasim_interfaces__rosidl_typesupport_fastrtps_c__pyext
[0.998s] [100%] Built target biguasim_interfaces__rosidl_typesupport_introspection_c__pyext
[0.998s] [100%] Built target biguasim_interfaces__rosidl_typesupport_c__pyext
[1.089s] running egg_info
[1.090s] writing biguasim_interfaces.egg-info/PKG-INFO
[1.090s] writing dependency_links to biguasim_interfaces.egg-info/dependency_links.txt
[1.090s] writing top-level names to biguasim_interfaces.egg-info/top_level.txt
[1.091s] reading manifest file 'biguasim_interfaces.egg-info/SOURCES.txt'
[1.091s] writing manifest file 'biguasim_interfaces.egg-info/SOURCES.txt'
[1.107s] [100%] Built target ament_cmake_python_build_biguasim_interfaces_egg
[1.112s] Invoked command in '/home/lh/Documents/joao_pessoa_2026/build/biguasim_interfaces' returned '0': CMAKE_PREFIX_PATH=${CMAKE_PREFIX_PATH}:/home/lh/Documents/joao_pessoa_2026/install/hydrone_biguasim:/home/lh/Documents/joao_pessoa_2026/install/hydrone_bringup:/home/lh/Documents/joao_pessoa_2026/install/hydrone_vision:/home/lh/Documents/joao_pessoa_2026/install/hydrone_nav:/home/lh/Documents/joao_pessoa_2026/install/hydrone_mission:/home/lh/Documents/joao_pessoa_2026/install/hydrone_controller:/home/lh/Documents/joao_pessoa_2026/install/ardupilot_dds_tests:/home/lh/Documents/joao_pessoa_2026/install/biguasim_main:/opt/ros/humble /usr/bin/cmake --build /home/lh/Documents/joao_pessoa_2026/build/biguasim_interfaces -- -j32 -l32
[1.113s] Invoking command in '/home/lh/Documents/joao_pessoa_2026/build/biguasim_interfaces': CMAKE_PREFIX_PATH=${CMAKE_PREFIX_PATH}:/home/lh/Documents/joao_pessoa_2026/install/hydrone_biguasim:/home/lh/Documents/joao_pessoa_2026/install/hydrone_bringup:/home/lh/Documents/joao_pessoa_2026/install/hydrone_vision:/home/lh/Documents/joao_pessoa_2026/install/hydrone_nav:/home/lh/Documents/joao_pessoa_2026/install/hydrone_mission:/home/lh/Documents/joao_pessoa_2026/install/hydrone_controller:/home/lh/Documents/joao_pessoa_2026/install/ardupilot_dds_tests:/home/lh/Documents/joao_pessoa_2026/install/biguasim_main:/opt/ros/humble /usr/bin/cmake --install /home/lh/Documents/joao_pessoa_2026/build/biguasim_interfaces
[1.118s] -- Install configuration: ""
[1.118s] -- Execute custom install script
[1.118s] -- Up-to-date symlink: /home/lh/Documents/joao_pessoa_2026/install/biguasim_interfaces/share/ament_index/resource_index/rosidl_interfaces/biguasim_interfaces
[1.118s] -- Up-to-date symlink: /home/lh/Documents/joao_pessoa_2026/install/biguasim_interfaces/include/biguasim_interfaces/biguasim_interfaces/msg/detail/dvl_sensor_range__functions.h
[1.118s] -- Up-to-date symlink: /home/lh/Documents/joao_pessoa_2026/install/biguasim_interfaces/include/biguasim_interfaces/biguasim_interfaces/msg/detail/dvl_sensor_range__struct.h
[1.118s] -- Up-to-date symlink: /home/lh/Documents/joao_pessoa_2026/install/biguasim_interfaces/include/biguasim_interfaces/biguasim_interfaces/msg/detail/dvl_sensor_range__type_support.h
[1.118s] -- Up-to-date symlink: /home/lh/Documents/joao_pessoa_2026/install/biguasim_interfaces/include/biguasim_interfaces/biguasim_interfaces/msg/detail/imaging_sonar__functions.h
[1.118s] -- Up-to-date symlink: /home/lh/Documents/joao_pessoa_2026/install/biguasim_interfaces/include/biguasim_interfaces/biguasim_interfaces/msg/detail/imaging_sonar__struct.h
[1.118s] -- Up-to-date symlink: /home/lh/Documents/joao_pessoa_2026/install/biguasim_interfaces/include/biguasim_interfaces/biguasim_interfaces/msg/detail/imaging_sonar__type_support.h
[1.119s] -- Up-to-date symlink: /home/lh/Documents/joao_pessoa_2026/install/biguasim_interfaces/include/biguasim_interfaces/biguasim_interfaces/msg/dvl_sensor_range.h
[1.119s] -- Up-to-date symlink: /home/lh/Documents/joao_pessoa_2026/install/biguasim_interfaces/include/biguasim_interfaces/biguasim_interfaces/msg/imaging_sonar.h
[1.119s] -- Up-to-date symlink: /home/lh/Documents/joao_pessoa_2026/install/biguasim_interfaces/include/biguasim_interfaces/biguasim_interfaces/msg/rosidl_generator_c__visibility_control.h
[1.119s] -- Up-to-date symlink: /home/lh/Documents/joao_pessoa_2026/install/biguasim_interfaces/share/biguasim_interfaces/environment/library_path.sh
[1.119s] -- Up-to-date symlink: /home/lh/Documents/joao_pessoa_2026/install/biguasim_interfaces/share/biguasim_interfaces/environment/library_path.dsv
[1.119s] -- Up-to-date symlink: /home/lh/Documents/joao_pessoa_2026/install/biguasim_interfaces/include/biguasim_interfaces/biguasim_interfaces/msg/detail/dvl_sensor_range__rosidl_typesupport_fastrtps_c.h
[1.119s] -- Up-to-date symlink: /home/lh/Documents/joao_pessoa_2026/install/biguasim_interfaces/include/biguasim_interfaces/biguasim_interfaces/msg/detail/imaging_sonar__rosidl_typesupport_fastrtps_c.h
[1.119s] -- Up-to-date symlink: /home/lh/Documents/joao_pessoa_2026/install/biguasim_interfaces/include/biguasim_interfaces/biguasim_interfaces/msg/rosidl_typesupport_fastrtps_c__visibility_control.h
[1.119s] -- Up-to-date symlink: /home/lh/Documents/joao_pessoa_2026/install/biguasim_interfaces/include/biguasim_interfaces/biguasim_interfaces/msg/detail/dvl_sensor_range__rosidl_typesupport_introspection_c.h
[1.119s] -- Up-to-date symlink: /home/lh/Documents/joao_pessoa_2026/install/biguasim_interfaces/include/biguasim_interfaces/biguasim_interfaces/msg/detail/imaging_sonar__rosidl_typesupport_introspection_c.h
[1.119s] -- Up-to-date symlink: /home/lh/Documents/joao_pessoa_2026/install/biguasim_interfaces/include/biguasim_interfaces/biguasim_interfaces/msg/rosidl_typesupport_introspection_c__visibility_control.h
[1.119s] -- Up-to-date symlink: /home/lh/Documents/joao_pessoa_2026/install/biguasim_interfaces/include/biguasim_interfaces/biguasim_interfaces/msg/detail/dvl_sensor_range__builder.hpp
[1.119s] -- Up-to-date symlink: /home/lh/Documents/joao_pessoa_2026/install/biguasim_interfaces/include/biguasim_interfaces/biguasim_interfaces/msg/detail/dvl_sensor_range__struct.hpp
[1.120s] -- Up-to-date symlink: /home/lh/Documents/joao_pessoa_2026/install/biguasim_interfaces/include/biguasim_interfaces/biguasim_interfaces/msg/detail/dvl_sensor_range__traits.hpp
[1.120s] -- Up-to-date symlink: /home/lh/Documents/joao_pessoa_2026/install/biguasim_interfaces/include/biguasim_interfaces/biguasim_interfaces/msg/detail/dvl_sensor_range__type_support.hpp
[1.120s] -- Up-to-date symlink: /home/lh/Documents/joao_pessoa_2026/install/biguasim_interfaces/include/biguasim_interfaces/biguasim_interfaces/msg/detail/imaging_sonar__builder.hpp
[1.120s] -- Up-to-date symlink: /home/lh/Documents/joao_pessoa_2026/install/biguasim_interfaces/include/biguasim_interfaces/biguasim_interfaces/msg/detail/imaging_sonar__struct.hpp
[1.120s] -- Up-to-date symlink: /home/lh/Documents/joao_pessoa_2026/install/biguasim_interfaces/include/biguasim_interfaces/biguasim_interfaces/msg/detail/imaging_sonar__traits.hpp
[1.120s] -- Up-to-date symlink: /home/lh/Documents/joao_pessoa_2026/install/biguasim_interfaces/include/biguasim_interfaces/biguasim_interfaces/msg/detail/imaging_sonar__type_support.hpp
[1.120s] -- Up-to-date symlink: /home/lh/Documents/joao_pessoa_2026/install/biguasim_interfaces/include/biguasim_interfaces/biguasim_interfaces/msg/dvl_sensor_range.hpp
[1.120s] -- Up-to-date symlink: /home/lh/Documents/joao_pessoa_2026/install/biguasim_interfaces/include/biguasim_interfaces/biguasim_interfaces/msg/imaging_sonar.hpp
[1.120s] -- Up-to-date symlink: /home/lh/Documents/joao_pessoa_2026/install/biguasim_interfaces/include/biguasim_interfaces/biguasim_interfaces/msg/rosidl_generator_cpp__visibility_control.hpp
[1.120s] -- Up-to-date symlink: /home/lh/Documents/joao_pessoa_2026/install/biguasim_interfaces/include/biguasim_interfaces/biguasim_interfaces/msg/detail/dvl_sensor_range__rosidl_typesupport_fastrtps_cpp.hpp
[1.120s] -- Up-to-date symlink: /home/lh/Documents/joao_pessoa_2026/install/biguasim_interfaces/include/biguasim_interfaces/biguasim_interfaces/msg/detail/imaging_sonar__rosidl_typesupport_fastrtps_cpp.hpp
[1.120s] -- Up-to-date symlink: /home/lh/Documents/joao_pessoa_2026/install/biguasim_interfaces/include/biguasim_interfaces/biguasim_interfaces/msg/rosidl_typesupport_fastrtps_cpp__visibility_control.h
[1.120s] -- Up-to-date symlink: /home/lh/Documents/joao_pessoa_2026/install/biguasim_interfaces/include/biguasim_interfaces/biguasim_interfaces/msg/detail/dvl_sensor_range__rosidl_typesupport_introspection_cpp.hpp
[1.120s] -- Up-to-date symlink: /home/lh/Documents/joao_pessoa_2026/install/biguasim_interfaces/include/biguasim_interfaces/biguasim_interfaces/msg/detail/imaging_sonar__rosidl_typesupport_introspection_cpp.hpp
[1.120s] -- Up-to-date symlink: /home/lh/Documents/joao_pessoa_2026/install/biguasim_interfaces/share/biguasim_interfaces/environment/pythonpath.sh
[1.120s] -- Up-to-date symlink: /home/lh/Documents/joao_pessoa_2026/install/biguasim_interfaces/share/biguasim_interfaces/environment/pythonpath.dsv
[1.120s] -- Up-to-date symlink: /home/lh/Documents/joao_pessoa_2026/install/biguasim_interfaces/local/lib/python3.10/dist-packages/biguasim_interfaces-0.0.0-py3.10.egg-info/PKG-INFO
[1.120s] -- Up-to-date symlink: /home/lh/Documents/joao_pessoa_2026/install/biguasim_interfaces/local/lib/python3.10/dist-packages/biguasim_interfaces-0.0.0-py3.10.egg-info/SOURCES.txt
[1.120s] -- Up-to-date symlink: /home/lh/Documents/joao_pessoa_2026/install/biguasim_interfaces/local/lib/python3.10/dist-packages/biguasim_interfaces-0.0.0-py3.10.egg-info/dependency_links.txt
[1.121s] -- Up-to-date symlink: /home/lh/Documents/joao_pessoa_2026/install/biguasim_interfaces/local/lib/python3.10/dist-packages/biguasim_interfaces-0.0.0-py3.10.egg-info/top_level.txt
[1.121s] -- Up-to-date symlink: /home/lh/Documents/joao_pessoa_2026/install/biguasim_interfaces/local/lib/python3.10/dist-packages/biguasim_interfaces/__init__.py
[1.121s] -- Up-to-date symlink: /home/lh/Documents/joao_pessoa_2026/install/biguasim_interfaces/local/lib/python3.10/dist-packages/biguasim_interfaces/_biguasim_interfaces_s.ep.rosidl_typesupport_c.c
[1.121s] -- Up-to-date symlink: /home/lh/Documents/joao_pessoa_2026/install/biguasim_interfaces/local/lib/python3.10/dist-packages/biguasim_interfaces/_biguasim_interfaces_s.ep.rosidl_typesupport_fastrtps_c.c
[1.121s] -- Up-to-date symlink: /home/lh/Documents/joao_pessoa_2026/install/biguasim_interfaces/local/lib/python3.10/dist-packages/biguasim_interfaces/_biguasim_interfaces_s.ep.rosidl_typesupport_introspection_c.c
[1.121s] -- Up-to-date symlink: /home/lh/Documents/joao_pessoa_2026/install/biguasim_interfaces/local/lib/python3.10/dist-packages/biguasim_interfaces/biguasim_interfaces_s__rosidl_typesupport_c.cpython-310-x86_64-linux-gnu.so
[1.121s] -- Up-to-date symlink: /home/lh/Documents/joao_pessoa_2026/install/biguasim_interfaces/local/lib/python3.10/dist-packages/biguasim_interfaces/biguasim_interfaces_s__rosidl_typesupport_fastrtps_c.cpython-310-x86_64-linux-gnu.so
[1.121s] -- Up-to-date symlink: /home/lh/Documents/joao_pessoa_2026/install/biguasim_interfaces/local/lib/python3.10/dist-packages/biguasim_interfaces/biguasim_interfaces_s__rosidl_typesupport_introspection_c.cpython-310-x86_64-linux-gnu.so
[1.121s] -- Up-to-date symlink: /home/lh/Documents/joao_pessoa_2026/install/biguasim_interfaces/local/lib/python3.10/dist-packages/biguasim_interfaces/libbiguasim_interfaces__rosidl_generator_py.so
[1.121s] -- Up-to-date symlink: /home/lh/Documents/joao_pessoa_2026/install/biguasim_interfaces/local/lib/python3.10/dist-packages/biguasim_interfaces/msg/__init__.py
[1.121s] -- Up-to-date symlink: /home/lh/Documents/joao_pessoa_2026/install/biguasim_interfaces/local/lib/python3.10/dist-packages/biguasim_interfaces/msg/_dvl_sensor_range.py
[1.121s] -- Up-to-date symlink: /home/lh/Documents/joao_pessoa_2026/install/biguasim_interfaces/local/lib/python3.10/dist-packages/biguasim_interfaces/msg/_dvl_sensor_range_s.c
[1.122s] -- Up-to-date symlink: /home/lh/Documents/joao_pessoa_2026/install/biguasim_interfaces/local/lib/python3.10/dist-packages/biguasim_interfaces/msg/_imaging_sonar.py
[1.122s] -- Up-to-date symlink: /home/lh/Documents/joao_pessoa_2026/install/biguasim_interfaces/local/lib/python3.10/dist-packages/biguasim_interfaces/msg/_imaging_sonar_s.c
[1.122s] -- Up-to-date symlink: /home/lh/Documents/joao_pessoa_2026/install/biguasim_interfaces/local/lib/python3.10/dist-packages/biguasim_interfaces/biguasim_interfaces_s__rosidl_typesupport_fastrtps_c.cpython-310-x86_64-linux-gnu.so
[1.122s] -- Up-to-date symlink: /home/lh/Documents/joao_pessoa_2026/install/biguasim_interfaces/local/lib/python3.10/dist-packages/biguasim_interfaces/biguasim_interfaces_s__rosidl_typesupport_introspection_c.cpython-310-x86_64-linux-gnu.so
[1.122s] -- Up-to-date symlink: /home/lh/Documents/joao_pessoa_2026/install/biguasim_interfaces/local/lib/python3.10/dist-packages/biguasim_interfaces/biguasim_interfaces_s__rosidl_typesupport_c.cpython-310-x86_64-linux-gnu.so
[1.122s] -- Up-to-date symlink: /home/lh/Documents/joao_pessoa_2026/install/biguasim_interfaces/share/ament_index/resource_index/rust_packages/biguasim_interfaces
[1.122s] -- Up-to-date symlink: /home/lh/Documents/joao_pessoa_2026/install/biguasim_interfaces/share/biguasim_interfaces/rust/Cargo.toml
[1.122s] -- Up-to-date symlink: /home/lh/Documents/joao_pessoa_2026/install/biguasim_interfaces/share/biguasim_interfaces/rust/build.rs
[1.122s] -- Up-to-date symlink: /home/lh/Documents/joao_pessoa_2026/install/biguasim_interfaces/share/biguasim_interfaces/rust/src/lib.rs
[1.122s] -- Up-to-date symlink: /home/lh/Documents/joao_pessoa_2026/install/biguasim_interfaces/share/biguasim_interfaces/rust/src/msg.rs
[1.122s] -- Up-to-date symlink: /home/lh/Documents/joao_pessoa_2026/install/biguasim_interfaces/share/biguasim_interfaces/rust/src/msg/rmw.rs
[1.122s] -- Up-to-date symlink: /home/lh/Documents/joao_pessoa_2026/install/biguasim_interfaces/share/biguasim_interfaces/msg/DVLSensorRange.idl
[1.122s] -- Up-to-date symlink: /home/lh/Documents/joao_pessoa_2026/install/biguasim_interfaces/share/biguasim_interfaces/msg/ImagingSonar.idl
[1.122s] -- Up-to-date symlink: /home/lh/Documents/joao_pessoa_2026/install/biguasim_interfaces/share/biguasim_interfaces/msg/DVLSensorRange.msg
[1.122s] -- Up-to-date symlink: /home/lh/Documents/joao_pessoa_2026/install/biguasim_interfaces/share/biguasim_interfaces/msg/ImagingSonar.msg
[1.122s] -- Up-to-date symlink: /home/lh/Documents/joao_pessoa_2026/install/biguasim_interfaces/share/ament_index/resource_index/package_run_dependencies/biguasim_interfaces
[1.122s] -- Up-to-date symlink: /home/lh/Documents/joao_pessoa_2026/install/biguasim_interfaces/share/ament_index/resource_index/parent_prefix_path/biguasim_interfaces
[1.123s] -- Up-to-date symlink: /home/lh/Documents/joao_pessoa_2026/install/biguasim_interfaces/share/biguasim_interfaces/environment/ament_prefix_path.sh
[1.123s] -- Up-to-date symlink: /home/lh/Documents/joao_pessoa_2026/install/biguasim_interfaces/share/biguasim_interfaces/environment/ament_prefix_path.dsv
[1.123s] -- Up-to-date symlink: /home/lh/Documents/joao_pessoa_2026/install/biguasim_interfaces/share/biguasim_interfaces/environment/path.sh
[1.123s] -- Up-to-date symlink: /home/lh/Documents/joao_pessoa_2026/install/biguasim_interfaces/share/biguasim_interfaces/environment/path.dsv
[1.123s] -- Up-to-date symlink: /home/lh/Documents/joao_pessoa_2026/install/biguasim_interfaces/share/biguasim_interfaces/local_setup.bash
[1.123s] -- Up-to-date symlink: /home/lh/Documents/joao_pessoa_2026/install/biguasim_interfaces/share/biguasim_interfaces/local_setup.sh
[1.123s] -- Up-to-date symlink: /home/lh/Documents/joao_pessoa_2026/install/biguasim_interfaces/share/biguasim_interfaces/local_setup.zsh
[1.123s] -- Up-to-date symlink: /home/lh/Documents/joao_pessoa_2026/install/biguasim_interfaces/share/biguasim_interfaces/local_setup.dsv
[1.123s] -- Symlinking: /home/lh/Documents/joao_pessoa_2026/install/biguasim_interfaces/share/biguasim_interfaces/package.dsv
[1.128s] -- Up-to-date symlink: /home/lh/Documents/joao_pessoa_2026/install/biguasim_interfaces/share/ament_index/resource_index/packages/biguasim_interfaces
[1.129s] -- Up-to-date symlink: /home/lh/Documents/joao_pessoa_2026/install/biguasim_interfaces/share/biguasim_interfaces/cmake/rosidl_cmake-extras.cmake
[1.129s] -- Up-to-date symlink: /home/lh/Documents/joao_pessoa_2026/install/biguasim_interfaces/share/biguasim_interfaces/cmake/ament_cmake_export_dependencies-extras.cmake
[1.129s] -- Up-to-date symlink: /home/lh/Documents/joao_pessoa_2026/install/biguasim_interfaces/share/biguasim_interfaces/cmake/ament_cmake_export_include_directories-extras.cmake
[1.129s] -- Up-to-date symlink: /home/lh/Documents/joao_pessoa_2026/install/biguasim_interfaces/share/biguasim_interfaces/cmake/ament_cmake_export_libraries-extras.cmake
[1.129s] -- Up-to-date symlink: /home/lh/Documents/joao_pessoa_2026/install/biguasim_interfaces/share/biguasim_interfaces/cmake/ament_cmake_export_targets-extras.cmake
[1.129s] -- Up-to-date symlink: /home/lh/Documents/joao_pessoa_2026/install/biguasim_interfaces/share/biguasim_interfaces/cmake/rosidl_cmake_export_typesupport_targets-extras.cmake
[1.129s] -- Up-to-date symlink: /home/lh/Documents/joao_pessoa_2026/install/biguasim_interfaces/share/biguasim_interfaces/cmake/rosidl_cmake_export_typesupport_libraries-extras.cmake
[1.129s] -- Up-to-date symlink: /home/lh/Documents/joao_pessoa_2026/install/biguasim_interfaces/share/biguasim_interfaces/cmake/biguasim_interfacesConfig.cmake
[1.129s] -- Up-to-date symlink: /home/lh/Documents/joao_pessoa_2026/install/biguasim_interfaces/share/biguasim_interfaces/cmake/biguasim_interfacesConfig-version.cmake
[1.129s] -- Up-to-date symlink: /home/lh/Documents/joao_pessoa_2026/install/biguasim_interfaces/share/biguasim_interfaces/package.xml
[1.129s] -- Up-to-date: /home/lh/Documents/joao_pessoa_2026/install/biguasim_interfaces/lib/libbiguasim_interfaces__rosidl_generator_c.so
[1.129s] -- Up-to-date: /home/lh/Documents/joao_pessoa_2026/install/biguasim_interfaces/lib/libbiguasim_interfaces__rosidl_typesupport_fastrtps_c.so
[1.130s] -- Up-to-date: /home/lh/Documents/joao_pessoa_2026/install/biguasim_interfaces/lib/libbiguasim_interfaces__rosidl_typesupport_introspection_c.so
[1.130s] -- Up-to-date: /home/lh/Documents/joao_pessoa_2026/install/biguasim_interfaces/lib/libbiguasim_interfaces__rosidl_typesupport_c.so
[1.130s] -- Up-to-date: /home/lh/Documents/joao_pessoa_2026/install/biguasim_interfaces/lib/libbiguasim_interfaces__rosidl_typesupport_fastrtps_cpp.so
[1.130s] -- Up-to-date: /home/lh/Documents/joao_pessoa_2026/install/biguasim_interfaces/lib/libbiguasim_interfaces__rosidl_typesupport_introspection_cpp.so
[1.130s] -- Up-to-date: /home/lh/Documents/joao_pessoa_2026/install/biguasim_interfaces/lib/libbiguasim_interfaces__rosidl_typesupport_cpp.so
[1.150s] Listing '/home/lh/Documents/joao_pessoa_2026/install/biguasim_interfaces/local/lib/python3.10/dist-packages/biguasim_interfaces'...
[1.150s] Compiling '/home/lh/Documents/joao_pessoa_2026/install/biguasim_interfaces/local/lib/python3.10/dist-packages/biguasim_interfaces/__init__.py'...
[1.151s] Listing '/home/lh/Documents/joao_pessoa_2026/install/biguasim_interfaces/local/lib/python3.10/dist-packages/biguasim_interfaces/msg'...
[1.153s] -- Up-to-date: /home/lh/Documents/joao_pessoa_2026/install/biguasim_interfaces/lib/libbiguasim_interfaces__rosidl_generator_py.so
[1.153s] -- Up-to-date: /home/lh/Documents/joao_pessoa_2026/install/biguasim_interfaces/share/biguasim_interfaces/cmake/export_biguasim_interfaces__rosidl_generator_cExport.cmake
[1.153s] -- Up-to-date: /home/lh/Documents/joao_pessoa_2026/install/biguasim_interfaces/share/biguasim_interfaces/cmake/export_biguasim_interfaces__rosidl_generator_cExport-noconfig.cmake
[1.153s] -- Up-to-date: /home/lh/Documents/joao_pessoa_2026/install/biguasim_interfaces/share/biguasim_interfaces/cmake/export_biguasim_interfaces__rosidl_typesupport_fastrtps_cExport.cmake
[1.153s] -- Up-to-date: /home/lh/Documents/joao_pessoa_2026/install/biguasim_interfaces/share/biguasim_interfaces/cmake/export_biguasim_interfaces__rosidl_typesupport_fastrtps_cExport-noconfig.cmake
[1.153s] -- Up-to-date: /home/lh/Documents/joao_pessoa_2026/install/biguasim_interfaces/share/biguasim_interfaces/cmake/biguasim_interfaces__rosidl_typesupport_introspection_cExport.cmake
[1.153s] -- Up-to-date: /home/lh/Documents/joao_pessoa_2026/install/biguasim_interfaces/share/biguasim_interfaces/cmake/biguasim_interfaces__rosidl_typesupport_introspection_cExport-noconfig.cmake
[1.153s] -- Up-to-date: /home/lh/Documents/joao_pessoa_2026/install/biguasim_interfaces/share/biguasim_interfaces/cmake/biguasim_interfaces__rosidl_typesupport_cExport.cmake
[1.153s] -- Up-to-date: /home/lh/Documents/joao_pessoa_2026/install/biguasim_interfaces/share/biguasim_interfaces/cmake/biguasim_interfaces__rosidl_typesupport_cExport-noconfig.cmake
[1.153s] -- Up-to-date: /home/lh/Documents/joao_pessoa_2026/install/biguasim_interfaces/share/biguasim_interfaces/cmake/export_biguasim_interfaces__rosidl_generator_cppExport.cmake
[1.153s] -- Up-to-date: /home/lh/Documents/joao_pessoa_2026/install/biguasim_interfaces/share/biguasim_interfaces/cmake/export_biguasim_interfaces__rosidl_typesupport_fastrtps_cppExport.cmake
[1.153s] -- Up-to-date: /home/lh/Documents/joao_pessoa_2026/install/biguasim_interfaces/share/biguasim_interfaces/cmake/export_biguasim_interfaces__rosidl_typesupport_fastrtps_cppExport-noconfig.cmake
[1.153s] -- Up-to-date: /home/lh/Documents/joao_pessoa_2026/install/biguasim_interfaces/share/biguasim_interfaces/cmake/biguasim_interfaces__rosidl_typesupport_introspection_cppExport.cmake
[1.153s] -- Up-to-date: /home/lh/Documents/joao_pessoa_2026/install/biguasim_interfaces/share/biguasim_interfaces/cmake/biguasim_interfaces__rosidl_typesupport_introspection_cppExport-noconfig.cmake
[1.153s] -- Up-to-date: /home/lh/Documents/joao_pessoa_2026/install/biguasim_interfaces/share/biguasim_interfaces/cmake/biguasim_interfaces__rosidl_typesupport_cppExport.cmake
[1.153s] -- Up-to-date: /home/lh/Documents/joao_pessoa_2026/install/biguasim_interfaces/share/biguasim_interfaces/cmake/biguasim_interfaces__rosidl_typesupport_cppExport-noconfig.cmake
[1.153s] -- Up-to-date: /home/lh/Documents/joao_pessoa_2026/install/biguasim_interfaces/share/biguasim_interfaces/cmake/export_biguasim_interfaces__rosidl_generator_pyExport.cmake
[1.153s] -- Up-to-date: /home/lh/Documents/joao_pessoa_2026/install/biguasim_interfaces/share/biguasim_interfaces/cmake/export_biguasim_interfaces__rosidl_generator_pyExport-noconfig.cmake
[1.675s] Invoked command in '/home/lh/Documents/joao_pessoa_2026/build/biguasim_interfaces' returned '0': CMAKE_PREFIX_PATH=${CMAKE_PREFIX_PATH}:/home/lh/Documents/joao_pessoa_2026/install/hydrone_biguasim:/home/lh/Documents/joao_pessoa_2026/install/hydrone_bringup:/home/lh/Documents/joao_pessoa_2026/install/hydrone_vision:/home/lh/Documents/joao_pessoa_2026/install/hydrone_nav:/home/lh/Documents/joao_pessoa_2026/install/hydrone_mission:/home/lh/Documents/joao_pessoa_2026/install/hydrone_controller:/home/lh/Documents/joao_pessoa_2026/install/ardupilot_dds_tests:/home/lh/Documents/joao_pessoa_2026/install/biguasim_main:/opt/ros/humble /usr/bin/cmake --install /home/lh/Documents/joao_pessoa_2026/build/biguasim_interfaces
