running develop
Removing /home/lh/Documents/joao_pessoa_2026/install/hydrone_mission/lib/python3.10/site-packages/hydrone-mission.egg-link (link to .)
running egg_info
writing ../../build/hydrone_mission/hydrone_mission.egg-info/PKG-INFO
writing dependency_links to ../../build/hydrone_mission/hydrone_mission.egg-info/dependency_links.txt
writing entry points to ../../build/hydrone_mission/hydrone_mission.egg-info/entry_points.txt
writing requirements to ../../build/hydrone_mission/hydrone_mission.egg-info/requires.txt
writing top-level names to ../../build/hydrone_mission/hydrone_mission.egg-info/top_level.txt
reading manifest file '../../build/hydrone_mission/hydrone_mission.egg-info/SOURCES.txt'
writing manifest file '../../build/hydrone_mission/hydrone_mission.egg-info/SOURCES.txt'
running build
running build_py
creating /home/lh/Documents/joao_pessoa_2026/build/hydrone_mission/build
creating /home/lh/Documents/joao_pessoa_2026/build/hydrone_mission/build/lib
creating /home/lh/Documents/joao_pessoa_2026/build/hydrone_mission/build/lib/hydrone_mission
copying hydrone_mission/mission_node.py -> /home/lh/Documents/joao_pessoa_2026/build/hydrone_mission/build/lib/hydrone_mission
copying hydrone_mission/__init__.py -> /home/lh/Documents/joao_pessoa_2026/build/hydrone_mission/build/lib/hydrone_mission
running install
running install_lib
creating /home/lh/Documents/joao_pessoa_2026/install/hydrone_mission/lib/python3.10/site-packages/hydrone_mission
copying /home/lh/Documents/joao_pessoa_2026/build/hydrone_mission/build/lib/hydrone_mission/mission_node.py -> /home/lh/Documents/joao_pessoa_2026/install/hydrone_mission/lib/python3.10/site-packages/hydrone_mission
copying /home/lh/Documents/joao_pessoa_2026/build/hydrone_mission/build/lib/hydrone_mission/__init__.py -> /home/lh/Documents/joao_pessoa_2026/install/hydrone_mission/lib/python3.10/site-packages/hydrone_mission
byte-compiling /home/lh/Documents/joao_pessoa_2026/install/hydrone_mission/lib/python3.10/site-packages/hydrone_mission/mission_node.py to mission_node.cpython-310.pyc
byte-compiling /home/lh/Documents/joao_pessoa_2026/install/hydrone_mission/lib/python3.10/site-packages/hydrone_mission/__init__.py to __init__.cpython-310.pyc
running install_data
copying resource/hydrone_mission -> /home/lh/Documents/joao_pessoa_2026/install/hydrone_mission/share/ament_index/resource_index/packages
copying package.xml -> /home/lh/Documents/joao_pessoa_2026/install/hydrone_mission/share/hydrone_mission
running install_egg_info
Copying ../../build/hydrone_mission/hydrone_mission.egg-info to /home/lh/Documents/joao_pessoa_2026/install/hydrone_mission/lib/python3.10/site-packages/hydrone_mission-1.0.0-py3.10.egg-info
running install_scripts
Installing mission_node script to /home/lh/Documents/joao_pessoa_2026/install/hydrone_mission/bin
writing list of installed files to '/home/lh/Documents/joao_pessoa_2026/build/hydrone_mission/install.log'
