[0.858s] Invoking command in '/home/lh/Documents/joao_pessoa_2026/src/hydrone_vision': PYTHONPATH=/home/lh/Documents/joao_pessoa_2026/build/hydrone_vision/prefix_override:/usr/lib/python3/dist-packages/colcon_core/task/python/colcon_distutils_commands:/home/lh/Documents/joao_pessoa_2026/install/hydrone_vision/lib/python3.10/site-packages:${PYTHONPATH} /usr/bin/python3 -W ignore:setup.py install is deprecated -W ignore:easy_install command is deprecated setup.py egg_info --egg-base ../../build/hydrone_vision build --build-base /home/lh/Documents/joao_pessoa_2026/build/hydrone_vision/build install --record /home/lh/Documents/joao_pessoa_2026/build/hydrone_vision/install.log --single-version-externally-managed install_data
[0.976s] running egg_info
[0.976s] writing ../../build/hydrone_vision/hydrone_vision.egg-info/PKG-INFO
[0.976s] writing dependency_links to ../../build/hydrone_vision/hydrone_vision.egg-info/dependency_links.txt
[0.976s] writing entry points to ../../build/hydrone_vision/hydrone_vision.egg-info/entry_points.txt
[0.976s] writing requirements to ../../build/hydrone_vision/hydrone_vision.egg-info/requires.txt
[0.976s] writing top-level names to ../../build/hydrone_vision/hydrone_vision.egg-info/top_level.txt
[0.977s] reading manifest file '../../build/hydrone_vision/hydrone_vision.egg-info/SOURCES.txt'
[0.977s] writing manifest file '../../build/hydrone_vision/hydrone_vision.egg-info/SOURCES.txt'
[0.977s] running build
[0.977s] running build_py
[0.977s] running install
[0.977s] running install_lib
[0.978s] running install_data
[0.978s] running install_egg_info
[0.979s] removing '/home/lh/Documents/joao_pessoa_2026/install/hydrone_vision/lib/python3.10/site-packages/hydrone_vision-1.0.0-py3.10.egg-info' (and everything under it)
[0.979s] Copying ../../build/hydrone_vision/hydrone_vision.egg-info to /home/lh/Documents/joao_pessoa_2026/install/hydrone_vision/lib/python3.10/site-packages/hydrone_vision-1.0.0-py3.10.egg-info
[0.979s] running install_scripts
[0.990s] Installing vision_node script to /home/lh/Documents/joao_pessoa_2026/install/hydrone_vision/bin
[0.990s] writing list of installed files to '/home/lh/Documents/joao_pessoa_2026/build/hydrone_vision/install.log'
[1.001s] Invoked command in '/home/lh/Documents/joao_pessoa_2026/src/hydrone_vision' returned '0': PYTHONPATH=/home/lh/Documents/joao_pessoa_2026/build/hydrone_vision/prefix_override:/usr/lib/python3/dist-packages/colcon_core/task/python/colcon_distutils_commands:/home/lh/Documents/joao_pessoa_2026/install/hydrone_vision/lib/python3.10/site-packages:${PYTHONPATH} /usr/bin/python3 -W ignore:setup.py install is deprecated -W ignore:easy_install command is deprecated setup.py egg_info --egg-base ../../build/hydrone_vision build --build-base /home/lh/Documents/joao_pessoa_2026/build/hydrone_vision/build install --record /home/lh/Documents/joao_pessoa_2026/build/hydrone_vision/install.log --single-version-externally-managed install_data
