[0.008s] Invoking command in '/home/lh/Documents/joao_pessoa_2026/build/ardupilot_sitl': CMAKE_PREFIX_PATH=/home/lh/Documents/joao_pessoa_2026/install/micro_ros_agent:/home/lh/Documents/joao_pessoa_2026/install/micro_ros_msgs:/home/lh/Documents/joao_pessoa_2026/install/ardupilot_msgs:/home/lh/Documents/joao_pessoa_2026/install/ardupilot_sitl:/home/lh/Documents/joao_pessoa_2026/install/hydrone_msgs:/home/lh/Documents/joao_pessoa_2026/install/biguasim_interfaces:/home/lh/Documents/joao_pessoa_2026/install/ardupilot_dds_tests:/home/lh/Documents/joao_pessoa_2026/install/hydrone_biguasim:/home/lh/Documents/joao_pessoa_2026/install/hydrone_bringup:/home/lh/Documents/joao_pessoa_2026/install/hydrone_vision:/home/lh/Documents/joao_pessoa_2026/install/hydrone_nav:/home/lh/Documents/joao_pessoa_2026/install/hydrone_mission:/home/lh/Documents/joao_pessoa_2026/install/hydrone_controller:/home/lh/Documents/joao_pessoa_2026/install/biguasim_main:/opt/ros/humble LD_LIBRARY_PATH=/home/lh/Documents/joao_pessoa_2026/install/micro_ros_agent/lib:/home/lh/Documents/joao_pessoa_2026/install/micro_ros_msgs/lib:/home/lh/Documents/joao_pessoa_2026/install/ardupilot_msgs/lib:/home/lh/Documents/joao_pessoa_2026/install/hydrone_msgs/lib:/home/lh/Documents/joao_pessoa_2026/install/biguasim_interfaces/lib:/opt/ros/humble/opt/rviz_ogre_vendor/lib:/opt/ros/humble/lib/x86_64-linux-gnu:/opt/ros/humble/lib /usr/bin/cmake /home/lh/Documents/joao_pessoa_2026/src/ardupilot/Tools/ros2/ardupilot_sitl -DAMENT_CMAKE_SYMLINK_INSTALL=1 -DCMAKE_INSTALL_PREFIX=/home/lh/Documents/joao_pessoa_2026/install/ardupilot_sitl
[0.040s] -- The C compiler identification is GNU 11.4.0
[0.072s] -- The CXX compiler identification is GNU 11.4.0
[0.077s] -- Detecting C compiler ABI info
[0.110s] -- Detecting C compiler ABI info - done
[0.115s] -- Check for working C compiler: /usr/lib/ccache/cc - skipped
[0.115s] -- Detecting C compile features
[0.115s] -- Detecting C compile features - done
[0.116s] -- Detecting CXX compiler ABI info
[0.155s] -- Detecting CXX compiler ABI info - done
[0.161s] -- Check for working CXX compiler: /usr/lib/ccache/c++ - skipped
[0.161s] -- Detecting CXX compile features
[0.162s] -- Detecting CXX compile features - done
[0.163s] -- Found ament_cmake: 1.3.14 (/opt/ros/humble/share/ament_cmake/cmake)
[0.256s] -- Found Python3: /usr/bin/python3 (found version "3.10.12") found components: Interpreter 
[0.292s] -- Override CMake install command with custom implementation using symlinks instead of copying resources
[0.307s] -- WAF_COMMAND: /home/lh/Documents/joao_pessoa_2026/src/ardupilot/waf
[0.356s] -- Found ament_lint_auto: 0.12.15 (/opt/ros/humble/share/ament_lint_auto/cmake)
[0.399s] -- Added test 'black' to check Python code style
[0.399s] -- Added test 'copyright' to check source files copyright and LICENSE
[0.399s] -- Added test 'lint_cmake' to check CMake code style
[0.399s] -- Added test 'pep257' to check Python code against some of the docstring style conventions in PEP 257
[0.400s] -- Added test 'xmllint' to check XML markup files
[0.401s] -- Configuring done
[0.402s] -- Generating done
[0.403s] -- Build files have been written to: /home/lh/Documents/joao_pessoa_2026/build/ardupilot_sitl
[0.406s] Invoked command in '/home/lh/Documents/joao_pessoa_2026/build/ardupilot_sitl' returned '0': CMAKE_PREFIX_PATH=/home/lh/Documents/joao_pessoa_2026/install/micro_ros_agent:/home/lh/Documents/joao_pessoa_2026/install/micro_ros_msgs:/home/lh/Documents/joao_pessoa_2026/install/ardupilot_msgs:/home/lh/Documents/joao_pessoa_2026/install/ardupilot_sitl:/home/lh/Documents/joao_pessoa_2026/install/hydrone_msgs:/home/lh/Documents/joao_pessoa_2026/install/biguasim_interfaces:/home/lh/Documents/joao_pessoa_2026/install/ardupilot_dds_tests:/home/lh/Documents/joao_pessoa_2026/install/hydrone_biguasim:/home/lh/Documents/joao_pessoa_2026/install/hydrone_bringup:/home/lh/Documents/joao_pessoa_2026/install/hydrone_vision:/home/lh/Documents/joao_pessoa_2026/install/hydrone_nav:/home/lh/Documents/joao_pessoa_2026/install/hydrone_mission:/home/lh/Documents/joao_pessoa_2026/install/hydrone_controller:/home/lh/Documents/joao_pessoa_2026/install/biguasim_main:/opt/ros/humble LD_LIBRARY_PATH=/home/lh/Documents/joao_pessoa_2026/install/micro_ros_agent/lib:/home/lh/Documents/joao_pessoa_2026/install/micro_ros_msgs/lib:/home/lh/Documents/joao_pessoa_2026/install/ardupilot_msgs/lib:/home/lh/Documents/joao_pessoa_2026/install/hydrone_msgs/lib:/home/lh/Documents/joao_pessoa_2026/install/biguasim_interfaces/lib:/opt/ros/humble/opt/rviz_ogre_vendor/lib:/opt/ros/humble/lib/x86_64-linux-gnu:/opt/ros/humble/lib /usr/bin/cmake /home/lh/Documents/joao_pessoa_2026/src/ardupilot/Tools/ros2/ardupilot_sitl -DAMENT_CMAKE_SYMLINK_INSTALL=1 -DCMAKE_INSTALL_PREFIX=/home/lh/Documents/joao_pessoa_2026/install/ardupilot_sitl
[0.407s] Invoking command in '/home/lh/Documents/joao_pessoa_2026/build/ardupilot_sitl': CMAKE_PREFIX_PATH=/home/lh/Documents/joao_pessoa_2026/install/micro_ros_agent:/home/lh/Documents/joao_pessoa_2026/install/micro_ros_msgs:/home/lh/Documents/joao_pessoa_2026/install/ardupilot_msgs:/home/lh/Documents/joao_pessoa_2026/install/ardupilot_sitl:/home/lh/Documents/joao_pessoa_2026/install/hydrone_msgs:/home/lh/Documents/joao_pessoa_2026/install/biguasim_interfaces:/home/lh/Documents/joao_pessoa_2026/install/ardupilot_dds_tests:/home/lh/Documents/joao_pessoa_2026/install/hydrone_biguasim:/home/lh/Documents/joao_pessoa_2026/install/hydrone_bringup:/home/lh/Documents/joao_pessoa_2026/install/hydrone_vision:/home/lh/Documents/joao_pessoa_2026/install/hydrone_nav:/home/lh/Documents/joao_pessoa_2026/install/hydrone_mission:/home/lh/Documents/joao_pessoa_2026/install/hydrone_controller:/home/lh/Documents/joao_pessoa_2026/install/biguasim_main:/opt/ros/humble LD_LIBRARY_PATH=/home/lh/Documents/joao_pessoa_2026/install/micro_ros_agent/lib:/home/lh/Documents/joao_pessoa_2026/install/micro_ros_msgs/lib:/home/lh/Documents/joao_pessoa_2026/install/ardupilot_msgs/lib:/home/lh/Documents/joao_pessoa_2026/install/hydrone_msgs/lib:/home/lh/Documents/joao_pessoa_2026/install/biguasim_interfaces/lib:/opt/ros/humble/opt/rviz_ogre_vendor/lib:/opt/ros/humble/lib/x86_64-linux-gnu:/opt/ros/humble/lib /usr/bin/cmake --build /home/lh/Documents/joao_pessoa_2026/build/ardupilot_sitl -- -j32 -l32
[0.440s] Built target ament_cmake_python_symlink_ardupilot_sitl
[0.549s] [32m[0mSetting top to                           :[0m [0m[32m[32m/home/lh/Documents/joao_pessoa_2026/src/ardupilot[0m [0m
[0.549s] [32m[0mSetting out to                           :[0m [0m[32m[32m/home/lh/Documents/joao_pessoa_2026/src/ardupilot/build[0m [0m
[0.551s] [32m[0mAutoconfiguration                        :[0m [0m[32m[32menabled[0m [0m
[0.551s] [32m[0mChecking for program 'python'            :[0m [0m[32m[32m/usr/bin/python3[0m [0m
[0.583s] running egg_info
[0.584s] creating ardupilot_sitl.egg-info
[0.584s] writing ardupilot_sitl.egg-info/PKG-INFO
[0.584s] writing dependency_links to ardupilot_sitl.egg-info/dependency_links.txt
[0.584s] writing top-level names to ardupilot_sitl.egg-info/top_level.txt
[0.584s] writing manifest file 'ardupilot_sitl.egg-info/SOURCES.txt'
[0.585s] reading manifest file 'ardupilot_sitl.egg-info/SOURCES.txt'
[0.585s] writing manifest file 'ardupilot_sitl.egg-info/SOURCES.txt'
[0.599s] Built target ament_cmake_python_build_ardupilot_sitl_egg
[0.619s] [32m[0mChecking for python version >= 3.9.0     :[0m [0m[32m[32m3.10.12[0m [0m
[0.619s] [32m[0mSetting board to                         :[0m [0m[32m[32msitl[0m [0m
[0.620s] Processing /home/lh/Documents/joao_pessoa_2026/src/ardupilot/libraries/AP_HAL_SITL/hwdef/sitl/hwdef.dat
[0.620s] Writing hwdef setup in /home/lh/Documents/joao_pessoa_2026/src/ardupilot/build/sitl/hwdef.h
[0.621s] [32m[0mUsing toolchain                          :[0m [0m[32m[32mnative[0m [0m
[0.632s] [32m[0mChecking for 'g++' (C++ compiler)        :[0m [0m[32m[32m/usr/lib/ccache/g++[0m [0m
[0.643s] [32m[0mChecking for 'gcc' (C compiler)          :[0m [0m[32m[32m/usr/lib/ccache/gcc[0m [0m
[0.647s] [32m[0mChecking for c flags '-MMD'              :[0m [0m[32m[32myes[0m [0m
[0.651s] [32m[0mChecking for cxx flags '-MMD'            :[0m [0m[32m[32myes[0m [0m
[0.651s] [32m[0mCXX Compiler                             :[0m [0m[32m[32mg++ 11.4.0[0m [0m
[0.671s] [32m[0mChecking for need to link with librt     :[0m [0m[32m[32mnot necessary[0m [0m
[0.696s] [32m[0mChecking for feenableexcept              :[0m [0m[32m[32myes[0m [0m
[0.697s] [32m[0mEnabling -Werror                         :[0m [0m[32m[32myes[0m [0m
[0.697s] [32m[0mEnabled OpenDroneID                      :[0m [0m[32m[33mno[0m [0m
[0.697s] [32m[0mEnabled firmware ID checking             :[0m [0m[32m[33mno[0m [0m
[0.697s] [32m[0mGPS Debug Logging                        :[0m [0m[32m[33mno[0m [0m
[0.697s] [32m[0mEnabled custom controller                :[0m [0m[32m[32myes[0m [0m
[0.697s] [32m[0mEnabled DDS                              :[0m [0m[32m[32myes[0m [0m
[0.720s] [32m[0mChecking for HAVE_CMATH_ISFINITE         :[0m [0m[32m[32myes[0m [0m
[0.746s] [32m[0mChecking for HAVE_CMATH_ISINF            :[0m [0m[32m[32myes[0m [0m
[0.767s] [32m[0mChecking for HAVE_CMATH_ISNAN            :[0m [0m[32m[32myes[0m [0m
[0.791s] [32m[0mChecking for NEED_CMATH_ISFINITE_STD_NAMESPACE :[0m [0m[32m[32myes[0m [0m
[0.818s] [32m[0mChecking for NEED_CMATH_ISINF_STD_NAMESPACE    :[0m [0m[32m[32myes[0m [0m
[0.846s] [32m[0mChecking for NEED_CMATH_ISNAN_STD_NAMESPACE    :[0m [0m[32m[32myes[0m [0m
[0.866s] [32m[0mChecking for header endian.h                   :[0m [0m[32m[32myes[0m [0m
[0.889s] [32m[0mChecking for header byteswap.h                 :[0m [0m[32m[32myes[0m [0m
[0.912s] [32m[0mChecking for HAVE_MEMRCHR                      :[0m [0m[32m[32myes[0m [0m
[0.912s] [32m[0mConfigured VSCode Intellisense:                :[0m [0m[32m[33mno[0m [0m
[0.914s] [32m[0mDC_DSDL compiler in                            :[0m [0m[32m[32m/home/lh/Documents/joao_pessoa_2026/src/ardupilot/modules/DroneCAN/dronecan_dsdlc[0m [0m
[0.914s] [32m[0mSource is git repository                       :[0m [0m[32m[32mno[0m [0m
[0.914s] [32m[0mUpdate submodules                              :[0m [0m[32m[32mno[0m [0m
[0.914s] [32m[0mChecking for program 'git'                     :[0m [0m[32m[32m/usr/bin/git[0m [0m
[0.915s] [32m[0mLittlefs                                       :[0m [0m[32m[33mdisabled[0m [0m
[0.915s] [32m[0mChecking for program 'size'                    :[0m [0m[32m[32m/usr/bin/size[0m [0m
[0.915s] [32m[0mBenchmarks                                     :[0m [0m[32m[33mdisabled[0m [0m
[0.915s] [32m[0mUnit tests                                     :[0m [0m[32m[32menabled[0m [0m
[0.915s] [32m[0mScripting                                      :[0m [0m[32m[32mmaybe[0m [0m
[0.921s] [32m[0mChecking for program 'microxrceddsgen'         :[0m [0m[32m[32m/home/lh/Micro-XRCE-DDS-Gen/scripts/microxrceddsgen[0m [0m
[0.925s] [32m[0mScripting runtime checks                       :[0m [0m[32m[32menabled[0m [0m
[0.925s] [32m[0mDebug build                                    :[0m [0m[32m[33mdisabled[0m [0m
[0.925s] [32m[0mCoverage build                                 :[0m [0m[32m[33mdisabled[0m [0m
[0.925s] [32m[0mConsistent build                               :[0m [0m[32m[33mdisabled[0m [0m
[0.925s] [32m[0mForce 32-bit build                             :[0m [0m[32m[33mdisabled[0m [0m
[0.925s] [32m[0mChecking for program 'rsync'                   :[0m [0m[32m[32m/usr/bin/rsync[0m [0m
[0.925s] [32mRemoving target_list file /home/lh/Documents/joao_pessoa_2026/src/ardupilot/build/sitl/target_list[0m
[0.943s] [32m'configure' finished successfully (0.395s)[0m
[0.967s] Built target ardupilot_configure
[1.177s] [32mWaf: Entering directory `/home/lh/Documents/joao_pessoa_2026/src/ardupilot/build/sitl'[0m
[1.234s] Embedding file default_params/airsim-quadX.parm:Tools/autotest/default_params/airsim-quadX.parm
[1.234s] Embedding file default_params/airsim-rover.parm:Tools/autotest/default_params/airsim-rover.parm
[1.234s] Embedding file default_params/balancebot.parm:Tools/autotest/default_params/balancebot.parm
[1.234s] Embedding file default_params/blimp-motor.parm:Tools/autotest/default_params/blimp-motor.parm
[1.234s] Embedding file default_params/blimp.parm:Tools/autotest/default_params/blimp.parm
[1.234s] Embedding file default_params/copter-X.parm:Tools/autotest/default_params/copter-X.parm
[1.234s] Embedding file default_params/copter-beacon.parm:Tools/autotest/default_params/copter-beacon.parm
[1.234s] Embedding file default_params/copter-bfx.parm:Tools/autotest/default_params/copter-bfx.parm
[1.234s] Embedding file default_params/copter-coax.parm:Tools/autotest/default_params/copter-coax.parm
[1.234s] Embedding file default_params/copter-cwx.parm:Tools/autotest/default_params/copter-cwx.parm
[1.234s] Embedding file default_params/copter-deca-cwx.parm:Tools/autotest/default_params/copter-deca-cwx.parm
[1.234s] Embedding file default_params/copter-deca.parm:Tools/autotest/default_params/copter-deca.parm
[1.234s] Embedding file default_params/copter-djix.parm:Tools/autotest/default_params/copter-djix.parm
[1.234s] Embedding file default_params/copter-dodecahexa.parm:Tools/autotest/default_params/copter-dodecahexa.parm
[1.234s] Embedding file default_params/copter-dotriaconta_octaquad_x.parm:Tools/autotest/default_params/copter-dotriaconta_octaquad_x.parm
[1.234s] Embedding file default_params/copter-gimbal.parm:Tools/autotest/default_params/copter-gimbal.parm
[1.234s] Embedding file default_params/copter-gps-for-yaw-nmea.parm:Tools/autotest/default_params/copter-gps-for-yaw-nmea.parm
[1.234s] Embedding file default_params/copter-gps-for-yaw.parm:Tools/autotest/default_params/copter-gps-for-yaw.parm
[1.234s] Embedding file default_params/copter-heli-ddfptail.parm:Tools/autotest/default_params/copter-heli-ddfptail.parm
[1.234s] Embedding file default_params/copter-heli-ddvptail.parm:Tools/autotest/default_params/copter-heli-ddvptail.parm
[1.234s] Embedding file default_params/copter-heli-dual.parm:Tools/autotest/default_params/copter-heli-dual.parm
[1.234s] Embedding file default_params/copter-heli-gas.parm:Tools/autotest/default_params/copter-heli-gas.parm
[1.234s] Embedding file default_params/copter-heli.parm:Tools/autotest/default_params/copter-heli.parm
[1.234s] Embedding file default_params/copter-hexa-cwx.parm:Tools/autotest/default_params/copter-hexa-cwx.parm
[1.234s] Embedding file default_params/copter-hexa-dji.parm:Tools/autotest/default_params/copter-hexa-dji.parm
[1.234s] Embedding file default_params/copter-hexa.parm:Tools/autotest/default_params/copter-hexa.parm
[1.234s] Embedding file default_params/copter-hexadeca_octa.parm:Tools/autotest/default_params/copter-hexadeca_octa.parm
[1.234s] Embedding file default_params/copter-hexadeca_octa_cwx.parm:Tools/autotest/default_params/copter-hexadeca_octa_cwx.parm
[1.234s] Embedding file default_params/copter-octa-cwx.parm:Tools/autotest/default_params/copter-octa-cwx.parm
[1.234s] Embedding file default_params/copter-octa-dji.parm:Tools/autotest/default_params/copter-octa-dji.parm
[1.234s] Embedding file default_params/copter-octa.parm:Tools/autotest/default_params/copter-octa.parm
[1.234s] Embedding file default_params/copter-octaquad-cor.parm:Tools/autotest/default_params/copter-octaquad-cor.parm
[1.234s] Embedding file default_params/copter-octaquad-cw-cor.parm:Tools/autotest/default_params/copter-octaquad-cw-cor.parm
[1.234s] Embedding file default_params/copter-octaquad-cwx.parm:Tools/autotest/default_params/copter-octaquad-cwx.parm
[1.234s] Embedding file default_params/copter-octaquad.parm:Tools/autotest/default_params/copter-octaquad.parm
[1.235s] Embedding file default_params/copter-optflow.parm:Tools/autotest/default_params/copter-optflow.parm
[1.235s] Embedding file default_params/copter-ppp-periph.parm:Tools/autotest/default_params/copter-ppp-periph.parm
[1.235s] Embedding file default_params/copter-ppp.parm:Tools/autotest/default_params/copter-ppp.parm
[1.235s] Embedding file default_params/copter-rangefinder.parm:Tools/autotest/default_params/copter-rangefinder.parm
[1.235s] Embedding file default_params/copter-single.parm:Tools/autotest/default_params/copter-single.parm
[1.235s] Embedding file default_params/copter-tri.parm:Tools/autotest/default_params/copter-tri.parm
[1.235s] Embedding file default_params/copter-vicon.parm:Tools/autotest/default_params/copter-vicon.parm
[1.235s] Embedding file default_params/copter-winch.parm:Tools/autotest/default_params/copter-winch.parm
[1.235s] Embedding file default_params/copter-wind-estimates.parm:Tools/autotest/default_params/copter-wind-estimates.parm
[1.235s] Embedding file default_params/copter-y6.parm:Tools/autotest/default_params/copter-y6.parm
[1.235s] Embedding file default_params/copter.parm:Tools/autotest/default_params/copter.parm
[1.235s] Embedding file default_params/firefly.parm:Tools/autotest/default_params/firefly.parm
[1.235s] Embedding file default_params/gazebo-iris.parm:Tools/autotest/default_params/gazebo-iris.parm
[1.235s] Embedding file default_params/gazebo-zephyr.parm:Tools/autotest/default_params/gazebo-zephyr.parm
[1.235s] Embedding file default_params/glider.parm:Tools/autotest/default_params/glider.parm
[1.235s] Embedding file default_params/motorboat.parm:Tools/autotest/default_params/motorboat.parm
[1.235s] Embedding file default_params/msposd.parm:Tools/autotest/default_params/msposd.parm
[1.235s] Embedding file default_params/periph-ppp.parm:Tools/autotest/default_params/periph-ppp.parm
[1.235s] Embedding file default_params/periph.parm:Tools/autotest/default_params/periph.parm
[1.235s] Embedding file default_params/plane-dspoilers.parm:Tools/autotest/default_params/plane-dspoilers.parm
[1.235s] Embedding file default_params/plane-elevons.parm:Tools/autotest/default_params/plane-elevons.parm
[1.235s] Embedding file default_params/plane-ice.parm:Tools/autotest/default_params/plane-ice.parm
[1.235s] Embedding file default_params/plane-jet.parm:Tools/autotest/default_params/plane-jet.parm
[1.235s] Embedding file default_params/plane-jsbsim.parm:Tools/autotest/default_params/plane-jsbsim.parm
[1.235s] Embedding file default_params/plane-redundant.parm:Tools/autotest/default_params/plane-redundant.parm
[1.235s] Embedding file default_params/plane-soaring.parm:Tools/autotest/default_params/plane-soaring.parm
[1.235s] Embedding file default_params/plane-tailsitter.parm:Tools/autotest/default_params/plane-tailsitter.parm
[1.235s] Embedding file default_params/plane-vtail.parm:Tools/autotest/default_params/plane-vtail.parm
[1.235s] Embedding file default_params/quad-can.parm:Tools/autotest/default_params/quad-can.parm
[1.235s] Embedding file default_params/quad-periph.parm:Tools/autotest/default_params/quad-periph.parm
[1.235s] Embedding file default_params/quadplane-can.parm:Tools/autotest/default_params/quadplane-can.parm
[1.235s] Embedding file default_params/quadplane-cl84.parm:Tools/autotest/default_params/quadplane-cl84.parm
[1.235s] Embedding file default_params/quadplane-copter_tailsitter.parm:Tools/autotest/default_params/quadplane-copter_tailsitter.parm
[1.235s] Embedding file default_params/quadplane-ice.parm:Tools/autotest/default_params/quadplane-ice.parm
[1.235s] Embedding file default_params/quadplane-periph.parm:Tools/autotest/default_params/quadplane-periph.parm
[1.235s] Embedding file default_params/quadplane-ppp-periph.parm:Tools/autotest/default_params/quadplane-ppp-periph.parm
[1.235s] Embedding file default_params/quadplane-ppp.parm:Tools/autotest/default_params/quadplane-ppp.parm
[1.235s] Embedding file default_params/quadplane-tilt.parm:Tools/autotest/default_params/quadplane-tilt.parm
[1.235s] Embedding file default_params/quadplane-tilthvec.parm:Tools/autotest/default_params/quadplane-tilthvec.parm
[1.235s] Embedding file default_params/quadplane-tilttri.parm:Tools/autotest/default_params/quadplane-tilttri.parm
[1.235s] Embedding file default_params/quadplane-tilttrivec.parm:Tools/autotest/default_params/quadplane-tilttrivec.parm
[1.235s] Embedding file default_params/quadplane-tri.parm:Tools/autotest/default_params/quadplane-tri.parm
[1.235s] Embedding file default_params/quadplane.parm:Tools/autotest/default_params/quadplane.parm
[1.235s] Embedding file default_params/rover-omni3mecanum.parm:Tools/autotest/default_params/rover-omni3mecanum.parm
[1.235s] Embedding file default_params/rover-skid.parm:Tools/autotest/default_params/rover-skid.parm
[1.235s] Embedding file default_params/rover-vectored.parm:Tools/autotest/default_params/rover-vectored.parm
[1.235s] Embedding file default_params/rover.parm:Tools/autotest/default_params/rover.parm
[1.235s] Embedding file default_params/sailboat-motor.parm:Tools/autotest/default_params/sailboat-motor.parm
[1.235s] Embedding file default_params/sailboat.parm:Tools/autotest/default_params/sailboat.parm
[1.235s] Embedding file default_params/stratoblimp.parm:Tools/autotest/default_params/stratoblimp.parm
[1.235s] Embedding file default_params/sub-6dof.parm:Tools/autotest/default_params/sub-6dof.parm
[1.235s] Embedding file default_params/sub-gps-for-yaw-nmea.parm:Tools/autotest/default_params/sub-gps-for-yaw-nmea.parm
[1.235s] Embedding file default_params/sub.parm:Tools/autotest/default_params/sub.parm
[1.235s] Embedding file default_params/tracker-gps-for-yaw.parm:Tools/autotest/default_params/tracker-gps-for-yaw.parm
[1.235s] Embedding file locations.txt:Tools/autotest/locations.txt
[1.235s] Embedding file models/Callisto.json:Tools/autotest/models/Callisto.json
[1.235s] Embedding file models/Callisto.parm:Tools/autotest/models/Callisto.parm
[1.235s] Embedding file models/freestyle.json:Tools/autotest/models/freestyle.json
[1.235s] Embedding file models/freestyle.parm:Tools/autotest/models/freestyle.parm
[1.236s] Embedding file models/plane-3d.parm:Tools/autotest/models/plane-3d.parm
[1.236s] Embedding file models/plane.parm:Tools/autotest/models/plane.parm
[1.236s] Embedding file models/skywalker_2013.json:Tools/autotest/models/skywalker_2013.json
[1.236s] Embedding file models/xplane_heli.json:Tools/autotest/models/xplane_heli.json
[1.236s] Embedding file models/xplane_plane.json:Tools/autotest/models/xplane_plane.json
[1.236s] Embedding file vehicleinfo.json:Tools/autotest/pysim/vehicleinfo.json
[1.236s] Building /home/lh/Documents/joao_pessoa_2026/src/ardupilot/build/sitl/modules/Micro-XRCE-DDS-Client/include/uxr/client/config.h
[1.236s] Building /home/lh/Documents/joao_pessoa_2026/src/ardupilot/build/sitl/modules/Micro-CDR/include/ucdr/config.h
[1.841s] [32mNo target_list file found, creating[0m
[1.841s] [32mGenerating compile_commands.json[0m
[1.877s] [32mGenerating compile_commands.json[0m
[1.905s] [32mGenerating compile_commands.json[0m
[1.927s] [32mGenerating compile_commands.json[0m
[1.965s] [32mGenerating compile_commands.json[0m
[2.004s] [32mGenerating compile_commands.json[0m
[2.044s] [32mGenerating compile_commands.json[0m
[2.064s] [32mBuild commands will be stored in build/sitl/compile_commands.json[0m
[2.120s] [32mGenerating compile_commands.json[0m
[2.124s] [32mBuild commands will be stored in build/sitl/compile_commands.json[0m
[2.164s] [32mBuild commands will be stored in build/sitl/compile_commands.json[0m
[2.213s] [32mGenerating compile_commands.json[0m
[2.217s] [32mBuild commands will be stored in build/sitl/compile_commands.json[0m
[2.258s] [32mBuild commands will be stored in build/sitl/compile_commands.json[0m
[2.305s] [32mGenerating compile_commands.json[0m
[2.309s] [32mBuild commands will be stored in build/sitl/compile_commands.json[0m
[2.349s] [32mBuild commands will be stored in build/sitl/compile_commands.json[0m
[2.397s] [32mGenerating compile_commands.json[0m
[2.401s] [32mBuild commands will be stored in build/sitl/compile_commands.json[0m
[2.442s] [32mBuild commands will be stored in build/sitl/compile_commands.json[0m
[2.483s] [32mBuild commands will be stored in build/sitl/compile_commands.json[0m
[2.531s] [32mGenerating compile_commands.json[0m
[2.535s] [32mBuild commands will be stored in build/sitl/compile_commands.json[0m
[2.596s] [32mBuild commands will be stored in build/sitl/compile_commands.json[0m
[2.642s] [32mGenerating compile_commands.json[0m
[2.647s] [32mBuild commands will be stored in build/sitl/compile_commands.json[0m
[2.938s] [2019/2346] Linking [33mbuild/sitl/bin/antennatracker[0m
[2.979s] [2094/2346] Linking [33mbuild/sitl/bin/arducopter[0m
[2.982s] [2169/2346] Linking [33mbuild/sitl/bin/arducopter-heli[0m
[3.014s] [2234/2346] Linking [33mbuild/sitl/bin/arduplane[0m
[3.040s] [2272/2346] Linking [33mbuild/sitl/bin/ardusub[0m
[3.064s] [2300/2346] Linking [33mbuild/sitl/bin/blimp[0m
[3.091s] [2339/2346] Linking [33mbuild/sitl/bin/ardurover[0m
[3.338s] [2340/2346] checking symbols [36mbuild/sitl/bin/antennatracker[0m
[3.489s] [2341/2346] checking symbols [36mbuild/sitl/bin/arducopter[0m
[3.497s] [2342/2346] checking symbols [36mbuild/sitl/bin/arducopter-heli[0m
[3.513s] [2343/2346] checking symbols [36mbuild/sitl/bin/ardusub[0m
[3.520s] [2344/2346] checking symbols [36mbuild/sitl/bin/arduplane[0m
[3.525s] [2345/2346] checking symbols [36mbuild/sitl/bin/blimp[0m
[3.530s] [2346/2346] checking symbols [36mbuild/sitl/bin/ardurover[0m
[3.591s] [32mWaf: Leaving directory `/home/lh/Documents/joao_pessoa_2026/src/ardupilot/build/sitl'[0m
[3.591s] [32m[0m
[3.591s] [32m[0m[01;1mBUILD SUMMARY[0m
[3.592s] [32m[0m[01;1mBuild directory: [0m/home/lh/Documents/joao_pessoa_2026/src/ardupilot/build/sitl[0m
[3.601s] [32m[0m[01;1mTarget               Text (B)  Data (B)  BSS (B)  Total Flash Used (B)  Free Flash (B)  External Flash Used (B)[0m
[3.601s] ---------------------------------------------------------------------------------------------------------------
[3.601s] bin/antennatracker    3412986    145901   260384               3558887  Not Applicable  Not Applicable         
[3.601s] bin/arducopter        4563538    215037   279392               4778575  Not Applicable  Not Applicable         
[3.601s] bin/arducopter-heli   4552986    216029   280320               4769015  Not Applicable  Not Applicable         
[3.601s] bin/arduplane         4520490    217845   277920               4738335  Not Applicable  Not Applicable         
[3.602s] bin/ardusub           4132494    188045   279840               4320539  Not Applicable  Not Applicable         
[3.602s] bin/blimp             3486914    150341   262880               3637255  Not Applicable  Not Applicable         
[3.602s] bin/ardurover         4224826    193549   277760               4418375  Not Applicable  Not Applicable         
[3.602s] [32m'build' finished successfully (2.514s)[0m
[3.677s] Built target ardupilot_build
[3.683s] Invoked command in '/home/lh/Documents/joao_pessoa_2026/build/ardupilot_sitl' returned '0': CMAKE_PREFIX_PATH=/home/lh/Documents/joao_pessoa_2026/install/micro_ros_agent:/home/lh/Documents/joao_pessoa_2026/install/micro_ros_msgs:/home/lh/Documents/joao_pessoa_2026/install/ardupilot_msgs:/home/lh/Documents/joao_pessoa_2026/install/ardupilot_sitl:/home/lh/Documents/joao_pessoa_2026/install/hydrone_msgs:/home/lh/Documents/joao_pessoa_2026/install/biguasim_interfaces:/home/lh/Documents/joao_pessoa_2026/install/ardupilot_dds_tests:/home/lh/Documents/joao_pessoa_2026/install/hydrone_biguasim:/home/lh/Documents/joao_pessoa_2026/install/hydrone_bringup:/home/lh/Documents/joao_pessoa_2026/install/hydrone_vision:/home/lh/Documents/joao_pessoa_2026/install/hydrone_nav:/home/lh/Documents/joao_pessoa_2026/install/hydrone_mission:/home/lh/Documents/joao_pessoa_2026/install/hydrone_controller:/home/lh/Documents/joao_pessoa_2026/install/biguasim_main:/opt/ros/humble LD_LIBRARY_PATH=/home/lh/Documents/joao_pessoa_2026/install/micro_ros_agent/lib:/home/lh/Documents/joao_pessoa_2026/install/micro_ros_msgs/lib:/home/lh/Documents/joao_pessoa_2026/install/ardupilot_msgs/lib:/home/lh/Documents/joao_pessoa_2026/install/hydrone_msgs/lib:/home/lh/Documents/joao_pessoa_2026/install/biguasim_interfaces/lib:/opt/ros/humble/opt/rviz_ogre_vendor/lib:/opt/ros/humble/lib/x86_64-linux-gnu:/opt/ros/humble/lib /usr/bin/cmake --build /home/lh/Documents/joao_pessoa_2026/build/ardupilot_sitl -- -j32 -l32
[3.684s] Invoking command in '/home/lh/Documents/joao_pessoa_2026/build/ardupilot_sitl': CMAKE_PREFIX_PATH=/home/lh/Documents/joao_pessoa_2026/install/micro_ros_agent:/home/lh/Documents/joao_pessoa_2026/install/micro_ros_msgs:/home/lh/Documents/joao_pessoa_2026/install/ardupilot_msgs:/home/lh/Documents/joao_pessoa_2026/install/ardupilot_sitl:/home/lh/Documents/joao_pessoa_2026/install/hydrone_msgs:/home/lh/Documents/joao_pessoa_2026/install/biguasim_interfaces:/home/lh/Documents/joao_pessoa_2026/install/ardupilot_dds_tests:/home/lh/Documents/joao_pessoa_2026/install/hydrone_biguasim:/home/lh/Documents/joao_pessoa_2026/install/hydrone_bringup:/home/lh/Documents/joao_pessoa_2026/install/hydrone_vision:/home/lh/Documents/joao_pessoa_2026/install/hydrone_nav:/home/lh/Documents/joao_pessoa_2026/install/hydrone_mission:/home/lh/Documents/joao_pessoa_2026/install/hydrone_controller:/home/lh/Documents/joao_pessoa_2026/install/biguasim_main:/opt/ros/humble LD_LIBRARY_PATH=/home/lh/Documents/joao_pessoa_2026/install/micro_ros_agent/lib:/home/lh/Documents/joao_pessoa_2026/install/micro_ros_msgs/lib:/home/lh/Documents/joao_pessoa_2026/install/ardupilot_msgs/lib:/home/lh/Documents/joao_pessoa_2026/install/hydrone_msgs/lib:/home/lh/Documents/joao_pessoa_2026/install/biguasim_interfaces/lib:/opt/ros/humble/opt/rviz_ogre_vendor/lib:/opt/ros/humble/lib/x86_64-linux-gnu:/opt/ros/humble/lib /usr/bin/cmake --install /home/lh/Documents/joao_pessoa_2026/build/ardupilot_sitl
[3.689s] -- Install configuration: ""
[3.690s] -- Execute custom install script
[3.690s] -- Symlinking: /home/lh/Documents/joao_pessoa_2026/install/ardupilot_sitl/bin//antennatracker
[3.696s] -- Symlinking: /home/lh/Documents/joao_pessoa_2026/install/ardupilot_sitl/bin//arducopter
[3.701s] -- Symlinking: /home/lh/Documents/joao_pessoa_2026/install/ardupilot_sitl/bin//arducopter-heli
[3.706s] -- Symlinking: /home/lh/Documents/joao_pessoa_2026/install/ardupilot_sitl/bin//arduplane
[3.710s] -- Symlinking: /home/lh/Documents/joao_pessoa_2026/install/ardupilot_sitl/bin//ardurover
[3.714s] -- Symlinking: /home/lh/Documents/joao_pessoa_2026/install/ardupilot_sitl/bin//ardusub
[3.717s] -- Symlinking: /home/lh/Documents/joao_pessoa_2026/install/ardupilot_sitl/bin//blimp
[3.723s] -- Symlinking: /home/lh/Documents/joao_pessoa_2026/install/ardupilot_sitl/.//lib/libAntennaTracker_libs.a
[3.728s] -- Symlinking: /home/lh/Documents/joao_pessoa_2026/install/ardupilot_sitl/.//lib/libArduCopter_libs.a
[3.732s] -- Symlinking: /home/lh/Documents/joao_pessoa_2026/install/ardupilot_sitl/.//lib/libArduPlane_libs.a
[3.737s] -- Symlinking: /home/lh/Documents/joao_pessoa_2026/install/ardupilot_sitl/.//lib/libArduSub_libs.a
[3.741s] -- Symlinking: /home/lh/Documents/joao_pessoa_2026/install/ardupilot_sitl/.//lib/libBlimp_libs.a
[3.746s] -- Symlinking: /home/lh/Documents/joao_pessoa_2026/install/ardupilot_sitl/.//lib/libRover_libs.a
[3.750s] -- Symlinking: /home/lh/Documents/joao_pessoa_2026/install/ardupilot_sitl/.//lib/stqBSAK8
[3.755s] -- Symlinking: /home/lh/Documents/joao_pessoa_2026/install/ardupilot_sitl/share/ardupilot_sitl//launch/mavproxy.launch.py
[3.758s] -- Symlinking: /home/lh/Documents/joao_pessoa_2026/install/ardupilot_sitl/share/ardupilot_sitl//launch/micro_ros_agent.launch.py
[3.764s] -- Symlinking: /home/lh/Documents/joao_pessoa_2026/install/ardupilot_sitl/share/ardupilot_sitl//launch/sitl.launch.py
[3.770s] -- Symlinking: /home/lh/Documents/joao_pessoa_2026/install/ardupilot_sitl/share/ardupilot_sitl//launch/sitl_dds_serial.launch.py
[3.774s] -- Symlinking: /home/lh/Documents/joao_pessoa_2026/install/ardupilot_sitl/share/ardupilot_sitl//launch/sitl_dds_udp.launch.py
[3.778s] -- Symlinking: /home/lh/Documents/joao_pessoa_2026/install/ardupilot_sitl/share/ardupilot_sitl//launch/sitl_mavproxy.launch.py
[3.783s] -- Symlinking: /home/lh/Documents/joao_pessoa_2026/install/ardupilot_sitl/share/ardupilot_sitl//launch/virtual_ports.launch.py
[3.788s] -- Symlinking: /home/lh/Documents/joao_pessoa_2026/install/ardupilot_sitl/share/ardupilot_sitl/config/default_params/dds_serial.parm
[3.794s] -- Symlinking: /home/lh/Documents/joao_pessoa_2026/install/ardupilot_sitl/share/ardupilot_sitl/config/default_params/dds_udp.parm
[3.797s] -- Symlinking: /home/lh/Documents/joao_pessoa_2026/install/ardupilot_sitl/share/ardupilot_sitl/config/default_params/dds_use_ns.parm
[3.803s] -- Symlinking: /home/lh/Documents/joao_pessoa_2026/install/ardupilot_sitl/share/ardupilot_sitl/config//default_params/airsim-quadX.parm
[3.807s] -- Symlinking: /home/lh/Documents/joao_pessoa_2026/install/ardupilot_sitl/share/ardupilot_sitl/config//default_params/airsim-rover.parm
[3.811s] -- Symlinking: /home/lh/Documents/joao_pessoa_2026/install/ardupilot_sitl/share/ardupilot_sitl/config//default_params/balancebot.parm
[3.816s] -- Symlinking: /home/lh/Documents/joao_pessoa_2026/install/ardupilot_sitl/share/ardupilot_sitl/config//default_params/blimp-motor.parm
[3.821s] -- Symlinking: /home/lh/Documents/joao_pessoa_2026/install/ardupilot_sitl/share/ardupilot_sitl/config//default_params/blimp.parm
[3.827s] -- Symlinking: /home/lh/Documents/joao_pessoa_2026/install/ardupilot_sitl/share/ardupilot_sitl/config//default_params/copter-X.parm
[3.832s] -- Symlinking: /home/lh/Documents/joao_pessoa_2026/install/ardupilot_sitl/share/ardupilot_sitl/config//default_params/copter-beacon.parm
[3.837s] -- Symlinking: /home/lh/Documents/joao_pessoa_2026/install/ardupilot_sitl/share/ardupilot_sitl/config//default_params/copter-bfx.parm
[3.842s] -- Symlinking: /home/lh/Documents/joao_pessoa_2026/install/ardupilot_sitl/share/ardupilot_sitl/config//default_params/copter-coax.parm
[3.846s] -- Symlinking: /home/lh/Documents/joao_pessoa_2026/install/ardupilot_sitl/share/ardupilot_sitl/config//default_params/copter-cwx.parm
[3.852s] -- Symlinking: /home/lh/Documents/joao_pessoa_2026/install/ardupilot_sitl/share/ardupilot_sitl/config//default_params/copter-deca-cwx.parm
[3.857s] -- Symlinking: /home/lh/Documents/joao_pessoa_2026/install/ardupilot_sitl/share/ardupilot_sitl/config//default_params/copter-deca.parm
[3.861s] -- Symlinking: /home/lh/Documents/joao_pessoa_2026/install/ardupilot_sitl/share/ardupilot_sitl/config//default_params/copter-djix.parm
[3.866s] -- Symlinking: /home/lh/Documents/joao_pessoa_2026/install/ardupilot_sitl/share/ardupilot_sitl/config//default_params/copter-dodecahexa.parm
[3.870s] -- Symlinking: /home/lh/Documents/joao_pessoa_2026/install/ardupilot_sitl/share/ardupilot_sitl/config//default_params/copter-dotriaconta_octaquad_x.parm
[3.874s] -- Symlinking: /home/lh/Documents/joao_pessoa_2026/install/ardupilot_sitl/share/ardupilot_sitl/config//default_params/copter-gimbal.parm
[3.879s] -- Symlinking: /home/lh/Documents/joao_pessoa_2026/install/ardupilot_sitl/share/ardupilot_sitl/config//default_params/copter-gps-for-yaw-nmea.parm
[3.884s] -- Symlinking: /home/lh/Documents/joao_pessoa_2026/install/ardupilot_sitl/share/ardupilot_sitl/config//default_params/copter-gps-for-yaw.parm
[3.890s] -- Symlinking: /home/lh/Documents/joao_pessoa_2026/install/ardupilot_sitl/share/ardupilot_sitl/config//default_params/copter-heli-ddfptail.parm
[3.894s] -- Symlinking: /home/lh/Documents/joao_pessoa_2026/install/ardupilot_sitl/share/ardupilot_sitl/config//default_params/copter-heli-ddvptail.parm
[3.898s] -- Symlinking: /home/lh/Documents/joao_pessoa_2026/install/ardupilot_sitl/share/ardupilot_sitl/config//default_params/copter-heli-dual.parm
[3.902s] -- Symlinking: /home/lh/Documents/joao_pessoa_2026/install/ardupilot_sitl/share/ardupilot_sitl/config//default_params/copter-heli-gas.parm
[3.906s] -- Symlinking: /home/lh/Documents/joao_pessoa_2026/install/ardupilot_sitl/share/ardupilot_sitl/config//default_params/copter-heli.parm
[3.911s] -- Symlinking: /home/lh/Documents/joao_pessoa_2026/install/ardupilot_sitl/share/ardupilot_sitl/config//default_params/copter-hexa-cwx.parm
[3.919s] -- Symlinking: /home/lh/Documents/joao_pessoa_2026/install/ardupilot_sitl/share/ardupilot_sitl/config//default_params/copter-hexa-dji.parm
[3.926s] -- Symlinking: /home/lh/Documents/joao_pessoa_2026/install/ardupilot_sitl/share/ardupilot_sitl/config//default_params/copter-hexa.parm
[3.931s] -- Symlinking: /home/lh/Documents/joao_pessoa_2026/install/ardupilot_sitl/share/ardupilot_sitl/config//default_params/copter-hexadeca_octa.parm
[3.936s] -- Symlinking: /home/lh/Documents/joao_pessoa_2026/install/ardupilot_sitl/share/ardupilot_sitl/config//default_params/copter-hexadeca_octa_cwx.parm
[3.942s] -- Symlinking: /home/lh/Documents/joao_pessoa_2026/install/ardupilot_sitl/share/ardupilot_sitl/config//default_params/copter-octa-cwx.parm
[3.949s] -- Symlinking: /home/lh/Documents/joao_pessoa_2026/install/ardupilot_sitl/share/ardupilot_sitl/config//default_params/copter-octa-dji.parm
[3.954s] -- Symlinking: /home/lh/Documents/joao_pessoa_2026/install/ardupilot_sitl/share/ardupilot_sitl/config//default_params/copter-octa.parm
[3.959s] -- Symlinking: /home/lh/Documents/joao_pessoa_2026/install/ardupilot_sitl/share/ardupilot_sitl/config//default_params/copter-octaquad-cor.parm
[3.962s] -- Symlinking: /home/lh/Documents/joao_pessoa_2026/install/ardupilot_sitl/share/ardupilot_sitl/config//default_params/copter-octaquad-cw-cor.parm
[3.966s] -- Symlinking: /home/lh/Documents/joao_pessoa_2026/install/ardupilot_sitl/share/ardupilot_sitl/config//default_params/copter-octaquad-cwx.parm
[3.970s] -- Symlinking: /home/lh/Documents/joao_pessoa_2026/install/ardupilot_sitl/share/ardupilot_sitl/config//default_params/copter-octaquad.parm
[3.976s] -- Symlinking: /home/lh/Documents/joao_pessoa_2026/install/ardupilot_sitl/share/ardupilot_sitl/config//default_params/copter-optflow.parm
[3.981s] -- Symlinking: /home/lh/Documents/joao_pessoa_2026/install/ardupilot_sitl/share/ardupilot_sitl/config//default_params/copter-ppp-periph.parm
[3.987s] -- Symlinking: /home/lh/Documents/joao_pessoa_2026/install/ardupilot_sitl/share/ardupilot_sitl/config//default_params/copter-ppp.parm
[3.991s] -- Symlinking: /home/lh/Documents/joao_pessoa_2026/install/ardupilot_sitl/share/ardupilot_sitl/config//default_params/copter-rangefinder.parm
[3.995s] -- Symlinking: /home/lh/Documents/joao_pessoa_2026/install/ardupilot_sitl/share/ardupilot_sitl/config//default_params/copter-single.parm
[3.998s] -- Symlinking: /home/lh/Documents/joao_pessoa_2026/install/ardupilot_sitl/share/ardupilot_sitl/config//default_params/copter-tri.parm
[4.002s] -- Symlinking: /home/lh/Documents/joao_pessoa_2026/install/ardupilot_sitl/share/ardupilot_sitl/config//default_params/copter-vicon.parm
[4.006s] -- Symlinking: /home/lh/Documents/joao_pessoa_2026/install/ardupilot_sitl/share/ardupilot_sitl/config//default_params/copter-winch.parm
[4.012s] -- Symlinking: /home/lh/Documents/joao_pessoa_2026/install/ardupilot_sitl/share/ardupilot_sitl/config//default_params/copter-wind-estimates.parm
[4.018s] -- Symlinking: /home/lh/Documents/joao_pessoa_2026/install/ardupilot_sitl/share/ardupilot_sitl/config//default_params/copter-y6.parm
[4.023s] -- Symlinking: /home/lh/Documents/joao_pessoa_2026/install/ardupilot_sitl/share/ardupilot_sitl/config//default_params/copter.parm
[4.027s] -- Symlinking: /home/lh/Documents/joao_pessoa_2026/install/ardupilot_sitl/share/ardupilot_sitl/config//default_params/firefly.parm
[4.030s] -- Symlinking: /home/lh/Documents/joao_pessoa_2026/install/ardupilot_sitl/share/ardupilot_sitl/config//default_params/gazebo-iris.parm
[4.036s] -- Symlinking: /home/lh/Documents/joao_pessoa_2026/install/ardupilot_sitl/share/ardupilot_sitl/config//default_params/gazebo-zephyr.parm
[4.040s] -- Symlinking: /home/lh/Documents/joao_pessoa_2026/install/ardupilot_sitl/share/ardupilot_sitl/config//default_params/glider.parm
[4.045s] -- Symlinking: /home/lh/Documents/joao_pessoa_2026/install/ardupilot_sitl/share/ardupilot_sitl/config//default_params/motorboat.parm
[4.051s] -- Symlinking: /home/lh/Documents/joao_pessoa_2026/install/ardupilot_sitl/share/ardupilot_sitl/config//default_params/msposd.parm
[4.055s] -- Symlinking: /home/lh/Documents/joao_pessoa_2026/install/ardupilot_sitl/share/ardupilot_sitl/config//default_params/periph-ppp.parm
[4.059s] -- Symlinking: /home/lh/Documents/joao_pessoa_2026/install/ardupilot_sitl/share/ardupilot_sitl/config//default_params/periph.parm
[4.064s] -- Symlinking: /home/lh/Documents/joao_pessoa_2026/install/ardupilot_sitl/share/ardupilot_sitl/config//default_params/plane-dspoilers.parm
[4.070s] -- Symlinking: /home/lh/Documents/joao_pessoa_2026/install/ardupilot_sitl/share/ardupilot_sitl/config//default_params/plane-elevons.parm
[4.077s] -- Symlinking: /home/lh/Documents/joao_pessoa_2026/install/ardupilot_sitl/share/ardupilot_sitl/config//default_params/plane-ice.parm
[4.085s] -- Symlinking: /home/lh/Documents/joao_pessoa_2026/install/ardupilot_sitl/share/ardupilot_sitl/config//default_params/plane-jet.parm
[4.092s] -- Symlinking: /home/lh/Documents/joao_pessoa_2026/install/ardupilot_sitl/share/ardupilot_sitl/config//default_params/plane-jsbsim.parm
[4.098s] -- Symlinking: /home/lh/Documents/joao_pessoa_2026/install/ardupilot_sitl/share/ardupilot_sitl/config//default_params/plane-redundant.parm
[4.102s] -- Symlinking: /home/lh/Documents/joao_pessoa_2026/install/ardupilot_sitl/share/ardupilot_sitl/config//default_params/plane-soaring.parm
[4.110s] -- Symlinking: /home/lh/Documents/joao_pessoa_2026/install/ardupilot_sitl/share/ardupilot_sitl/config//default_params/plane-tailsitter.parm
[4.117s] -- Symlinking: /home/lh/Documents/joao_pessoa_2026/install/ardupilot_sitl/share/ardupilot_sitl/config//default_params/plane-vtail.parm
[4.121s] -- Symlinking: /home/lh/Documents/joao_pessoa_2026/install/ardupilot_sitl/share/ardupilot_sitl/config//default_params/quad-can.parm
[4.127s] -- Symlinking: /home/lh/Documents/joao_pessoa_2026/install/ardupilot_sitl/share/ardupilot_sitl/config//default_params/quad-periph.parm
[4.131s] -- Symlinking: /home/lh/Documents/joao_pessoa_2026/install/ardupilot_sitl/share/ardupilot_sitl/config//default_params/quadplane-can.parm
[4.135s] -- Symlinking: /home/lh/Documents/joao_pessoa_2026/install/ardupilot_sitl/share/ardupilot_sitl/config//default_params/quadplane-cl84.parm
[4.139s] -- Symlinking: /home/lh/Documents/joao_pessoa_2026/install/ardupilot_sitl/share/ardupilot_sitl/config//default_params/quadplane-copter_tailsitter.parm
[4.144s] -- Symlinking: /home/lh/Documents/joao_pessoa_2026/install/ardupilot_sitl/share/ardupilot_sitl/config//default_params/quadplane-ice.parm
[4.149s] -- Symlinking: /home/lh/Documents/joao_pessoa_2026/install/ardupilot_sitl/share/ardupilot_sitl/config//default_params/quadplane-periph.parm
[4.154s] -- Symlinking: /home/lh/Documents/joao_pessoa_2026/install/ardupilot_sitl/share/ardupilot_sitl/config//default_params/quadplane-ppp-periph.parm
[4.159s] -- Symlinking: /home/lh/Documents/joao_pessoa_2026/install/ardupilot_sitl/share/ardupilot_sitl/config//default_params/quadplane-ppp.parm
[4.162s] -- Symlinking: /home/lh/Documents/joao_pessoa_2026/install/ardupilot_sitl/share/ardupilot_sitl/config//default_params/quadplane-tilt.parm
[4.168s] -- Symlinking: /home/lh/Documents/joao_pessoa_2026/install/ardupilot_sitl/share/ardupilot_sitl/config//default_params/quadplane-tilthvec.parm
[4.172s] -- Symlinking: /home/lh/Documents/joao_pessoa_2026/install/ardupilot_sitl/share/ardupilot_sitl/config//default_params/quadplane-tilttri.parm
[4.177s] -- Symlinking: /home/lh/Documents/joao_pessoa_2026/install/ardupilot_sitl/share/ardupilot_sitl/config//default_params/quadplane-tilttrivec.parm
[4.182s] -- Symlinking: /home/lh/Documents/joao_pessoa_2026/install/ardupilot_sitl/share/ardupilot_sitl/config//default_params/quadplane-tri.parm
[4.186s] -- Symlinking: /home/lh/Documents/joao_pessoa_2026/install/ardupilot_sitl/share/ardupilot_sitl/config//default_params/quadplane.parm
[4.191s] -- Symlinking: /home/lh/Documents/joao_pessoa_2026/install/ardupilot_sitl/share/ardupilot_sitl/config//default_params/rover-omni3mecanum.parm
[4.194s] -- Symlinking: /home/lh/Documents/joao_pessoa_2026/install/ardupilot_sitl/share/ardupilot_sitl/config//default_params/rover-skid.parm
[4.199s] -- Symlinking: /home/lh/Documents/joao_pessoa_2026/install/ardupilot_sitl/share/ardupilot_sitl/config//default_params/rover-vectored.parm
[4.203s] -- Symlinking: /home/lh/Documents/joao_pessoa_2026/install/ardupilot_sitl/share/ardupilot_sitl/config//default_params/rover.parm
[4.208s] -- Symlinking: /home/lh/Documents/joao_pessoa_2026/install/ardupilot_sitl/share/ardupilot_sitl/config//default_params/sailboat-motor.parm
[4.214s] -- Symlinking: /home/lh/Documents/joao_pessoa_2026/install/ardupilot_sitl/share/ardupilot_sitl/config//default_params/sailboat.parm
[4.218s] -- Symlinking: /home/lh/Documents/joao_pessoa_2026/install/ardupilot_sitl/share/ardupilot_sitl/config//default_params/stratoblimp.parm
[4.223s] -- Symlinking: /home/lh/Documents/joao_pessoa_2026/install/ardupilot_sitl/share/ardupilot_sitl/config//default_params/sub-6dof.parm
[4.227s] -- Symlinking: /home/lh/Documents/joao_pessoa_2026/install/ardupilot_sitl/share/ardupilot_sitl/config//default_params/sub-gps-for-yaw-nmea.parm
[4.231s] -- Symlinking: /home/lh/Documents/joao_pessoa_2026/install/ardupilot_sitl/share/ardupilot_sitl/config//default_params/sub.parm
[4.235s] -- Symlinking: /home/lh/Documents/joao_pessoa_2026/install/ardupilot_sitl/share/ardupilot_sitl/config//default_params/tracker-gps-for-yaw.parm
[4.240s] -- Symlinking: /home/lh/Documents/joao_pessoa_2026/install/ardupilot_sitl/share/ardupilot_sitl/config//models/Callisto.json
[4.246s] -- Symlinking: /home/lh/Documents/joao_pessoa_2026/install/ardupilot_sitl/share/ardupilot_sitl/config//models/Callisto.parm
[4.250s] -- Symlinking: /home/lh/Documents/joao_pessoa_2026/install/ardupilot_sitl/share/ardupilot_sitl/config//models/freestyle.json
[4.253s] -- Symlinking: /home/lh/Documents/joao_pessoa_2026/install/ardupilot_sitl/share/ardupilot_sitl/config//models/freestyle.parm
[4.258s] -- Symlinking: /home/lh/Documents/joao_pessoa_2026/install/ardupilot_sitl/share/ardupilot_sitl/config//models/plane-3d.parm
[4.263s] -- Symlinking: /home/lh/Documents/joao_pessoa_2026/install/ardupilot_sitl/share/ardupilot_sitl/config//models/plane.parm
[4.267s] -- Symlinking: /home/lh/Documents/joao_pessoa_2026/install/ardupilot_sitl/share/ardupilot_sitl/config//models/skywalker_2013.json
[4.272s] -- Symlinking: /home/lh/Documents/joao_pessoa_2026/install/ardupilot_sitl/share/ardupilot_sitl/config//models/xplane_heli.json
[4.278s] -- Symlinking: /home/lh/Documents/joao_pessoa_2026/install/ardupilot_sitl/share/ardupilot_sitl/config//models/xplane_plane.json
[4.282s] -- Symlinking: /home/lh/Documents/joao_pessoa_2026/install/ardupilot_sitl/share/ardupilot_sitl/environment/pythonpath.sh
[4.288s] -- Symlinking: /home/lh/Documents/joao_pessoa_2026/install/ardupilot_sitl/share/ardupilot_sitl/environment/pythonpath.dsv
[4.292s] -- Symlinking: /home/lh/Documents/joao_pessoa_2026/install/ardupilot_sitl/local/lib/python3.10/dist-packages/ardupilot_sitl-0.0.0-py3.10.egg-info/PKG-INFO
[4.296s] -- Symlinking: /home/lh/Documents/joao_pessoa_2026/install/ardupilot_sitl/local/lib/python3.10/dist-packages/ardupilot_sitl-0.0.0-py3.10.egg-info/SOURCES.txt
[4.300s] -- Symlinking: /home/lh/Documents/joao_pessoa_2026/install/ardupilot_sitl/local/lib/python3.10/dist-packages/ardupilot_sitl-0.0.0-py3.10.egg-info/dependency_links.txt
[4.305s] -- Symlinking: /home/lh/Documents/joao_pessoa_2026/install/ardupilot_sitl/local/lib/python3.10/dist-packages/ardupilot_sitl-0.0.0-py3.10.egg-info/top_level.txt
[4.311s] -- Symlinking: /home/lh/Documents/joao_pessoa_2026/install/ardupilot_sitl/local/lib/python3.10/dist-packages/ardupilot_sitl/__init__.py
[4.314s] -- Symlinking: /home/lh/Documents/joao_pessoa_2026/install/ardupilot_sitl/local/lib/python3.10/dist-packages/ardupilot_sitl/actions.py
[4.319s] -- Symlinking: /home/lh/Documents/joao_pessoa_2026/install/ardupilot_sitl/local/lib/python3.10/dist-packages/ardupilot_sitl/launch.py
[4.324s] -- Symlinking: /home/lh/Documents/joao_pessoa_2026/install/ardupilot_sitl/local/lib/python3.10/dist-packages/ardupilot_sitl/utilities.py
[4.328s] -- Symlinking: /home/lh/Documents/joao_pessoa_2026/install/ardupilot_sitl/share/ament_index/resource_index/package_run_dependencies/ardupilot_sitl
[4.333s] -- Symlinking: /home/lh/Documents/joao_pessoa_2026/install/ardupilot_sitl/share/ament_index/resource_index/parent_prefix_path/ardupilot_sitl
[4.338s] -- Symlinking: /home/lh/Documents/joao_pessoa_2026/install/ardupilot_sitl/share/ardupilot_sitl/environment/ament_prefix_path.sh
[4.343s] -- Symlinking: /home/lh/Documents/joao_pessoa_2026/install/ardupilot_sitl/share/ardupilot_sitl/environment/ament_prefix_path.dsv
[4.347s] -- Symlinking: /home/lh/Documents/joao_pessoa_2026/install/ardupilot_sitl/share/ardupilot_sitl/environment/path.sh
[4.352s] -- Symlinking: /home/lh/Documents/joao_pessoa_2026/install/ardupilot_sitl/share/ardupilot_sitl/environment/path.dsv
[4.356s] -- Symlinking: /home/lh/Documents/joao_pessoa_2026/install/ardupilot_sitl/share/ardupilot_sitl/local_setup.bash
[4.360s] -- Symlinking: /home/lh/Documents/joao_pessoa_2026/install/ardupilot_sitl/share/ardupilot_sitl/local_setup.sh
[4.365s] -- Symlinking: /home/lh/Documents/joao_pessoa_2026/install/ardupilot_sitl/share/ardupilot_sitl/local_setup.zsh
[4.370s] -- Symlinking: /home/lh/Documents/joao_pessoa_2026/install/ardupilot_sitl/share/ardupilot_sitl/local_setup.dsv
[4.376s] -- Symlinking: /home/lh/Documents/joao_pessoa_2026/install/ardupilot_sitl/share/ardupilot_sitl/package.dsv
[4.380s] -- Symlinking: /home/lh/Documents/joao_pessoa_2026/install/ardupilot_sitl/share/ament_index/resource_index/packages/ardupilot_sitl
[4.384s] -- Symlinking: /home/lh/Documents/joao_pessoa_2026/install/ardupilot_sitl/share/ardupilot_sitl/cmake/ardupilot_sitlConfig.cmake
[4.388s] -- Symlinking: /home/lh/Documents/joao_pessoa_2026/install/ardupilot_sitl/share/ardupilot_sitl/cmake/ardupilot_sitlConfig-version.cmake
[4.392s] -- Symlinking: /home/lh/Documents/joao_pessoa_2026/install/ardupilot_sitl/share/ardupilot_sitl/package.xml
[4.418s] Listing '/home/lh/Documents/joao_pessoa_2026/install/ardupilot_sitl/local/lib/python3.10/dist-packages/ardupilot_sitl'...
[4.418s] Compiling '/home/lh/Documents/joao_pessoa_2026/install/ardupilot_sitl/local/lib/python3.10/dist-packages/ardupilot_sitl/__init__.py'...
[4.418s] Compiling '/home/lh/Documents/joao_pessoa_2026/install/ardupilot_sitl/local/lib/python3.10/dist-packages/ardupilot_sitl/actions.py'...
[4.418s] Compiling '/home/lh/Documents/joao_pessoa_2026/install/ardupilot_sitl/local/lib/python3.10/dist-packages/ardupilot_sitl/launch.py'...
[4.419s] Compiling '/home/lh/Documents/joao_pessoa_2026/install/ardupilot_sitl/local/lib/python3.10/dist-packages/ardupilot_sitl/utilities.py'...
[4.422s] Invoked command in '/home/lh/Documents/joao_pessoa_2026/build/ardupilot_sitl' returned '0': CMAKE_PREFIX_PATH=/home/lh/Documents/joao_pessoa_2026/install/micro_ros_agent:/home/lh/Documents/joao_pessoa_2026/install/micro_ros_msgs:/home/lh/Documents/joao_pessoa_2026/install/ardupilot_msgs:/home/lh/Documents/joao_pessoa_2026/install/ardupilot_sitl:/home/lh/Documents/joao_pessoa_2026/install/hydrone_msgs:/home/lh/Documents/joao_pessoa_2026/install/biguasim_interfaces:/home/lh/Documents/joao_pessoa_2026/install/ardupilot_dds_tests:/home/lh/Documents/joao_pessoa_2026/install/hydrone_biguasim:/home/lh/Documents/joao_pessoa_2026/install/hydrone_bringup:/home/lh/Documents/joao_pessoa_2026/install/hydrone_vision:/home/lh/Documents/joao_pessoa_2026/install/hydrone_nav:/home/lh/Documents/joao_pessoa_2026/install/hydrone_mission:/home/lh/Documents/joao_pessoa_2026/install/hydrone_controller:/home/lh/Documents/joao_pessoa_2026/install/biguasim_main:/opt/ros/humble LD_LIBRARY_PATH=/home/lh/Documents/joao_pessoa_2026/install/micro_ros_agent/lib:/home/lh/Documents/joao_pessoa_2026/install/micro_ros_msgs/lib:/home/lh/Documents/joao_pessoa_2026/install/ardupilot_msgs/lib:/home/lh/Documents/joao_pessoa_2026/install/hydrone_msgs/lib:/home/lh/Documents/joao_pessoa_2026/install/biguasim_interfaces/lib:/opt/ros/humble/opt/rviz_ogre_vendor/lib:/opt/ros/humble/lib/x86_64-linux-gnu:/opt/ros/humble/lib /usr/bin/cmake --install /home/lh/Documents/joao_pessoa_2026/build/ardupilot_sitl
