/home/lh/Documents/joao_pessoa_2026/install/biguasim_main/lib/python3.10/site-packages/biguasim_main/__init__.py
/home/lh/Documents/joao_pessoa_2026/install/biguasim_main/lib/python3.10/site-packages/biguasim_main/interface.py
/home/lh/Documents/joao_pessoa_2026/install/biguasim_main/lib/python3.10/site-packages/biguasim_main/sensor_data_encode.py
/home/lh/Documents/joao_pessoa_2026/install/biguasim_main/lib/python3.10/site-packages/biguasim_main/biguasim_node.py
/home/lh/Documents/joao_pessoa_2026/install/biguasim_main/lib/python3.10/site-packages/biguasim_main/ardubridge_node.py
/home/lh/Documents/joao_pessoa_2026/install/biguasim_main/lib/python3.10/site-packages/biguasim_main/__pycache__/__init__.cpython-310.pyc
/home/lh/Documents/joao_pessoa_2026/install/biguasim_main/lib/python3.10/site-packages/biguasim_main/__pycache__/interface.cpython-310.pyc
/home/lh/Documents/joao_pessoa_2026/install/biguasim_main/lib/python3.10/site-packages/biguasim_main/__pycache__/sensor_data_encode.cpython-310.pyc
/home/lh/Documents/joao_pessoa_2026/install/biguasim_main/lib/python3.10/site-packages/biguasim_main/__pycache__/biguasim_node.cpython-310.pyc
/home/lh/Documents/joao_pessoa_2026/install/biguasim_main/lib/python3.10/site-packages/biguasim_main/__pycache__/ardubridge_node.cpython-310.pyc
/home/lh/Documents/joao_pessoa_2026/install/biguasim_main/share/ament_index/resource_index/packages/biguasim_main
/home/lh/Documents/joao_pessoa_2026/install/biguasim_main/share/biguasim_main/package.xml
/home/lh/Documents/joao_pessoa_2026/install/biguasim_main/share/biguasim_main/launch/ardubridge.launch.py
/home/lh/Documents/joao_pessoa_2026/install/biguasim_main/share/biguasim_main/launch/biguasim.launch.py
/home/lh/Documents/joao_pessoa_2026/install/biguasim_main/share/biguasim_main/config
/home/lh/Documents/joao_pessoa_2026/install/biguasim_main/share/biguasim_main/config/config.yaml
/home/lh/Documents/joao_pessoa_2026/install/biguasim_main/share/biguasim_main/scripts
/home/lh/Documents/joao_pessoa_2026/install/biguasim_main/lib/python3.10/site-packages/biguasim_main-1.0.0-py3.10.egg-info/SOURCES.txt
/home/lh/Documents/joao_pessoa_2026/install/biguasim_main/lib/python3.10/site-packages/biguasim_main-1.0.0-py3.10.egg-info/requires.txt
/home/lh/Documents/joao_pessoa_2026/install/biguasim_main/lib/python3.10/site-packages/biguasim_main-1.0.0-py3.10.egg-info/PKG-INFO
/home/lh/Documents/joao_pessoa_2026/install/biguasim_main/lib/python3.10/site-packages/biguasim_main-1.0.0-py3.10.egg-info/zip-safe
/home/lh/Documents/joao_pessoa_2026/install/biguasim_main/lib/python3.10/site-packages/biguasim_main-1.0.0-py3.10.egg-info/entry_points.txt
/home/lh/Documents/joao_pessoa_2026/install/biguasim_main/lib/python3.10/site-packages/biguasim_main-1.0.0-py3.10.egg-info/top_level.txt
/home/lh/Documents/joao_pessoa_2026/install/biguasim_main/lib/python3.10/site-packages/biguasim_main-1.0.0-py3.10.egg-info/dependency_links.txt
/home/lh/Documents/joao_pessoa_2026/install/biguasim_main/lib/biguasim_main/ardubridge_node
/home/lh/Documents/joao_pessoa_2026/install/biguasim_main/lib/biguasim_main/biguasim_node
