-- The C compiler identification is GNU 11.4.0
-- The CXX compiler identification is GNU 11.4.0
-- Detecting C compiler ABI info
-- Detecting C compiler ABI info - done
-- Check for working C compiler: /usr/lib/ccache/cc - skipped
-- Detecting C compile features
-- Detecting C compile features - done
-- Detecting CXX compiler ABI info
-- Detecting CXX compiler ABI info - done
-- Check for working CXX compiler: /usr/lib/ccache/c++ - skipped
-- Detecting CXX compile features
-- Detecting CXX compile features - done
-- Found ament_cmake: 1.3.14 (/opt/ros/humble/share/ament_cmake/cmake)
-- Found Python3: /usr/bin/python3 (found version "3.10.12") found components: Interpreter 
-- Override CMake install command with custom implementation using symlinks instead of copying resources
-- Found rosidl_default_generators: 1.2.1 (/opt/ros/humble/share/rosidl_default_generators/cmake)
-- Using all available rosidl_typesupport_c: rosidl_typesupport_fastrtps_c;rosidl_typesupport_introspection_c
-- Found rosidl_adapter: 3.1.8 (/opt/ros/humble/share/rosidl_adapter/cmake)
-- Using all available rosidl_typesupport_cpp: rosidl_typesupport_fastrtps_cpp;rosidl_typesupport_introspection_cpp
-- Found std_msgs: 4.9.1 (/opt/ros/humble/share/std_msgs/cmake)
-- Found geometry_msgs: 4.9.1 (/opt/ros/humble/share/geometry_msgs/cmake)
-- Found ament_cmake_ros: 0.10.0 (/opt/ros/humble/share/ament_cmake_ros/cmake)
-- Using all available rosidl_typesupport_c: rosidl_typesupport_fastrtps_c;rosidl_typesupport_introspection_c
-- Using all available rosidl_typesupport_cpp: rosidl_typesupport_fastrtps_cpp;rosidl_typesupport_introspection_cpp
-- Found PythonInterp: /usr/bin/python3 (found suitable version "3.10.12", minimum required is "3.6") 
-- Found python_cmake_module: 0.10.0 (/opt/ros/humble/share/python_cmake_module/cmake)
-- Found PythonLibs: /usr/lib/x86_64-linux-gnu/libpython3.10.so (found suitable version "3.10.12", minimum required is "3.5") 
-- Using PYTHON_EXECUTABLE: /usr/bin/python3
-- Using PYTHON_INCLUDE_DIRS: /usr/include/python3.10
-- Using PYTHON_LIBRARIES: /usr/lib/x86_64-linux-gnu/libpython3.10.so
-- Found PythonExtra: .so  
-- Configuring done
-- Generating done
-- Build files have been written to: /home/lh/Documents/joao_pessoa_2026/build/hydrone_msgs
[  1%] [34m[1mGenerating C code for ROS interfaces[0m
[  3%] [34m[1mGenerating Rust code for ROS interfaces[0m
[  4%] [34m[1mGenerating C++ code for ROS interfaces[0m
[  4%] Built target ament_cmake_python_symlink_hydrone_msgs
running egg_info
creating hydrone_msgs.egg-info
writing hydrone_msgs.egg-info/PKG-INFO
writing dependency_links to hydrone_msgs.egg-info/dependency_links.txt
writing top-level names to hydrone_msgs.egg-info/top_level.txt
writing manifest file 'hydrone_msgs.egg-info/SOURCES.txt'
reading manifest file 'hydrone_msgs.egg-info/SOURCES.txt'
writing manifest file 'hydrone_msgs.egg-info/SOURCES.txt'
[  4%] Built target ament_cmake_python_build_hydrone_msgs_egg
[  4%] Built target hydrone_msgs__cpp
[  4%] Built target hydrone_msgs__rs
[  6%] [34m[1mGenerating C++ type support for eProsima Fast-RTPS[0m
[  7%] [34m[1mGenerating C++ type support dispatch for ROS interfaces[0m
[  9%] [34m[1mGenerating C++ introspection for ROS interfaces[0m
[ 10%] [32mBuilding C object CMakeFiles/hydrone_msgs__rosidl_generator_c.dir/rosidl_generator_c/hydrone_msgs/srv/detail/set_phase__functions.c.o[0m
[ 14%] [32mBuilding C object CMakeFiles/hydrone_msgs__rosidl_generator_c.dir/rosidl_generator_c/hydrone_msgs/msg/detail/landing_base__functions.c.o[0m
[ 14%] [32mBuilding C object CMakeFiles/hydrone_msgs__rosidl_generator_c.dir/rosidl_generator_c/hydrone_msgs/msg/detail/qr_code__functions.c.o[0m
[ 15%] [32mBuilding C object CMakeFiles/hydrone_msgs__rosidl_generator_c.dir/rosidl_generator_c/hydrone_msgs/msg/detail/mission_state__functions.c.o[0m
[ 17%] [32mBuilding C object CMakeFiles/hydrone_msgs__rosidl_generator_c.dir/rosidl_generator_c/hydrone_msgs/msg/detail/human_gesture__functions.c.o[0m
[ 18%] [32m[1mLinking C shared library libhydrone_msgs__rosidl_generator_c.so[0m
[ 18%] Built target hydrone_msgs__rosidl_generator_c
[ 20%] [34m[1mGenerating C type support for eProsima Fast-RTPS[0m
[ 23%] [34m[1mGenerating C type support dispatch for ROS interfaces[0m
[ 23%] [34m[1mGenerating C introspection for ROS interfaces[0m
[ 25%] [32mBuilding CXX object CMakeFiles/hydrone_msgs__rosidl_typesupport_cpp.dir/rosidl_typesupport_cpp/hydrone_msgs/msg/landing_base__type_support.cpp.o[0m
[ 26%] [32mBuilding CXX object CMakeFiles/hydrone_msgs__rosidl_typesupport_cpp.dir/rosidl_typesupport_cpp/hydrone_msgs/srv/set_phase__type_support.cpp.o[0m
[ 28%] [32mBuilding CXX object CMakeFiles/hydrone_msgs__rosidl_typesupport_cpp.dir/rosidl_typesupport_cpp/hydrone_msgs/msg/mission_state__type_support.cpp.o[0m
[ 29%] [32mBuilding CXX object CMakeFiles/hydrone_msgs__rosidl_typesupport_cpp.dir/rosidl_typesupport_cpp/hydrone_msgs/msg/human_gesture__type_support.cpp.o[0m
[ 31%] [32mBuilding CXX object CMakeFiles/hydrone_msgs__rosidl_typesupport_cpp.dir/rosidl_typesupport_cpp/hydrone_msgs/msg/qr_code__type_support.cpp.o[0m
[ 37%] [32mBuilding CXX object CMakeFiles/hydrone_msgs__rosidl_typesupport_introspection_cpp.dir/rosidl_typesupport_introspection_cpp/hydrone_msgs/srv/detail/set_phase__type_support.cpp.o[0m
[ 37%] [32mBuilding CXX object CMakeFiles/hydrone_msgs__rosidl_typesupport_introspection_cpp.dir/rosidl_typesupport_introspection_cpp/hydrone_msgs/msg/detail/qr_code__type_support.cpp.o[0m
[ 39%] [32mBuilding CXX object CMakeFiles/hydrone_msgs__rosidl_typesupport_introspection_cpp.dir/rosidl_typesupport_introspection_cpp/hydrone_msgs/msg/detail/mission_state__type_support.cpp.o[0m
[ 39%] [32mBuilding CXX object CMakeFiles/hydrone_msgs__rosidl_typesupport_introspection_cpp.dir/rosidl_typesupport_introspection_cpp/hydrone_msgs/msg/detail/landing_base__type_support.cpp.o[0m
[ 39%] [32mBuilding CXX object CMakeFiles/hydrone_msgs__rosidl_typesupport_introspection_cpp.dir/rosidl_typesupport_introspection_cpp/hydrone_msgs/msg/detail/human_gesture__type_support.cpp.o[0m
[ 40%] [32mBuilding CXX object CMakeFiles/hydrone_msgs__rosidl_typesupport_fastrtps_cpp.dir/rosidl_typesupport_fastrtps_cpp/hydrone_msgs/msg/detail/dds_fastrtps/mission_state__type_support.cpp.o[0m
[ 42%] [32mBuilding CXX object CMakeFiles/hydrone_msgs__rosidl_typesupport_fastrtps_cpp.dir/rosidl_typesupport_fastrtps_cpp/hydrone_msgs/msg/detail/dds_fastrtps/landing_base__type_support.cpp.o[0m
[ 43%] [32mBuilding CXX object CMakeFiles/hydrone_msgs__rosidl_typesupport_fastrtps_cpp.dir/rosidl_typesupport_fastrtps_cpp/hydrone_msgs/msg/detail/dds_fastrtps/human_gesture__type_support.cpp.o[0m
[ 45%] [32mBuilding CXX object CMakeFiles/hydrone_msgs__rosidl_typesupport_fastrtps_cpp.dir/rosidl_typesupport_fastrtps_cpp/hydrone_msgs/msg/detail/dds_fastrtps/qr_code__type_support.cpp.o[0m
[ 46%] [32mBuilding CXX object CMakeFiles/hydrone_msgs__rosidl_typesupport_fastrtps_cpp.dir/rosidl_typesupport_fastrtps_cpp/hydrone_msgs/srv/detail/dds_fastrtps/set_phase__type_support.cpp.o[0m
[ 48%] [32m[1mLinking CXX shared library libhydrone_msgs__rosidl_typesupport_cpp.so[0m
[ 50%] [32mBuilding CXX object CMakeFiles/hydrone_msgs__rosidl_typesupport_fastrtps_c.dir/rosidl_typesupport_fastrtps_c/hydrone_msgs/msg/detail/qr_code__type_support_c.cpp.o[0m
[ 51%] [32mBuilding CXX object CMakeFiles/hydrone_msgs__rosidl_typesupport_fastrtps_c.dir/rosidl_typesupport_fastrtps_c/hydrone_msgs/msg/detail/human_gesture__type_support_c.cpp.o[0m
[ 53%] [32mBuilding CXX object CMakeFiles/hydrone_msgs__rosidl_typesupport_fastrtps_c.dir/rosidl_typesupport_fastrtps_c/hydrone_msgs/srv/detail/set_phase__type_support_c.cpp.o[0m
[ 53%] Built target hydrone_msgs__rosidl_typesupport_cpp
[ 54%] [32mBuilding CXX object CMakeFiles/hydrone_msgs__rosidl_typesupport_fastrtps_c.dir/rosidl_typesupport_fastrtps_c/hydrone_msgs/msg/detail/landing_base__type_support_c.cpp.o[0m
[ 56%] [32mBuilding CXX object CMakeFiles/hydrone_msgs__rosidl_typesupport_fastrtps_c.dir/rosidl_typesupport_fastrtps_c/hydrone_msgs/msg/detail/mission_state__type_support_c.cpp.o[0m
[ 57%] [32mBuilding CXX object CMakeFiles/hydrone_msgs__rosidl_typesupport_c.dir/rosidl_typesupport_c/hydrone_msgs/msg/mission_state__type_support.cpp.o[0m
[ 59%] [32mBuilding CXX object CMakeFiles/hydrone_msgs__rosidl_typesupport_c.dir/rosidl_typesupport_c/hydrone_msgs/msg/landing_base__type_support.cpp.o[0m
[ 60%] [32mBuilding CXX object CMakeFiles/hydrone_msgs__rosidl_typesupport_c.dir/rosidl_typesupport_c/hydrone_msgs/msg/qr_code__type_support.cpp.o[0m
[ 62%] [32mBuilding CXX object CMakeFiles/hydrone_msgs__rosidl_typesupport_c.dir/rosidl_typesupport_c/hydrone_msgs/msg/human_gesture__type_support.cpp.o[0m
[ 64%] [32mBuilding CXX object CMakeFiles/hydrone_msgs__rosidl_typesupport_c.dir/rosidl_typesupport_c/hydrone_msgs/srv/set_phase__type_support.cpp.o[0m
[ 65%] [32m[1mLinking CXX shared library libhydrone_msgs__rosidl_typesupport_c.so[0m
[ 65%] Built target hydrone_msgs__rosidl_typesupport_c
[ 67%] [32m[1mLinking CXX shared library libhydrone_msgs__rosidl_typesupport_introspection_cpp.so[0m
[ 68%] [32mBuilding C object CMakeFiles/hydrone_msgs__rosidl_typesupport_introspection_c.dir/rosidl_typesupport_introspection_c/hydrone_msgs/srv/detail/set_phase__type_support.c.o[0m
[ 70%] [32mBuilding C object CMakeFiles/hydrone_msgs__rosidl_typesupport_introspection_c.dir/rosidl_typesupport_introspection_c/hydrone_msgs/msg/detail/landing_base__type_support.c.o[0m
[ 71%] [32mBuilding C object CMakeFiles/hydrone_msgs__rosidl_typesupport_introspection_c.dir/rosidl_typesupport_introspection_c/hydrone_msgs/msg/detail/mission_state__type_support.c.o[0m
[ 73%] [32mBuilding C object CMakeFiles/hydrone_msgs__rosidl_typesupport_introspection_c.dir/rosidl_typesupport_introspection_c/hydrone_msgs/msg/detail/human_gesture__type_support.c.o[0m
[ 75%] [32mBuilding C object CMakeFiles/hydrone_msgs__rosidl_typesupport_introspection_c.dir/rosidl_typesupport_introspection_c/hydrone_msgs/msg/detail/qr_code__type_support.c.o[0m
[ 75%] Built target hydrone_msgs__rosidl_typesupport_introspection_cpp
[ 76%] [32m[1mLinking C shared library libhydrone_msgs__rosidl_typesupport_introspection_c.so[0m
[ 76%] Built target hydrone_msgs__rosidl_typesupport_introspection_c
[ 78%] [32m[1mLinking CXX shared library libhydrone_msgs__rosidl_typesupport_fastrtps_cpp.so[0m
[ 79%] [32m[1mLinking CXX shared library libhydrone_msgs__rosidl_typesupport_fastrtps_c.so[0m
[ 79%] Built target hydrone_msgs__rosidl_typesupport_fastrtps_c
[ 79%] Built target hydrone_msgs__rosidl_typesupport_fastrtps_cpp
[ 79%] Built target hydrone_msgs
[ 81%] [34m[1mGenerating Python code for ROS interfaces[0m
[ 81%] Built target hydrone_msgs__py
[ 82%] [32mBuilding C object CMakeFiles/hydrone_msgs__rosidl_generator_py.dir/rosidl_generator_py/hydrone_msgs/msg/_human_gesture_s.c.o[0m
[ 84%] [32mBuilding C object CMakeFiles/hydrone_msgs__rosidl_generator_py.dir/rosidl_generator_py/hydrone_msgs/msg/_landing_base_s.c.o[0m
[ 85%] [32mBuilding C object CMakeFiles/hydrone_msgs__rosidl_generator_py.dir/rosidl_generator_py/hydrone_msgs/msg/_mission_state_s.c.o[0m
[ 87%] [32mBuilding C object CMakeFiles/hydrone_msgs__rosidl_generator_py.dir/rosidl_generator_py/hydrone_msgs/srv/_set_phase_s.c.o[0m
[ 89%] [32mBuilding C object CMakeFiles/hydrone_msgs__rosidl_generator_py.dir/rosidl_generator_py/hydrone_msgs/msg/_qr_code_s.c.o[0m
[ 90%] [32m[1mLinking C shared library rosidl_generator_py/hydrone_msgs/libhydrone_msgs__rosidl_generator_py.so[0m
[ 90%] Built target hydrone_msgs__rosidl_generator_py
[ 95%] [32mBuilding C object CMakeFiles/hydrone_msgs__rosidl_typesupport_c__pyext.dir/rosidl_generator_py/hydrone_msgs/_hydrone_msgs_s.ep.rosidl_typesupport_c.c.o[0m
[ 95%] [32mBuilding C object CMakeFiles/hydrone_msgs__rosidl_typesupport_introspection_c__pyext.dir/rosidl_generator_py/hydrone_msgs/_hydrone_msgs_s.ep.rosidl_typesupport_introspection_c.c.o[0m
[ 95%] [32mBuilding C object CMakeFiles/hydrone_msgs__rosidl_typesupport_fastrtps_c__pyext.dir/rosidl_generator_py/hydrone_msgs/_hydrone_msgs_s.ep.rosidl_typesupport_fastrtps_c.c.o[0m
[ 96%] [32m[1mLinking C shared library rosidl_generator_py/hydrone_msgs/hydrone_msgs_s__rosidl_typesupport_fastrtps_c.cpython-310-x86_64-linux-gnu.so[0m
[ 98%] [32m[1mLinking C shared library rosidl_generator_py/hydrone_msgs/hydrone_msgs_s__rosidl_typesupport_introspection_c.cpython-310-x86_64-linux-gnu.so[0m
[100%] [32m[1mLinking C shared library rosidl_generator_py/hydrone_msgs/hydrone_msgs_s__rosidl_typesupport_c.cpython-310-x86_64-linux-gnu.so[0m
[100%] Built target hydrone_msgs__rosidl_typesupport_introspection_c__pyext
[100%] Built target hydrone_msgs__rosidl_typesupport_fastrtps_c__pyext
[100%] Built target hydrone_msgs__rosidl_typesupport_c__pyext
-- Install configuration: ""
-- Execute custom install script
-- Symlinking: /home/lh/Documents/joao_pessoa_2026/install/hydrone_msgs/share/ament_index/resource_index/rosidl_interfaces/hydrone_msgs
-- Symlinking: /home/lh/Documents/joao_pessoa_2026/install/hydrone_msgs/include/hydrone_msgs/hydrone_msgs/msg/detail/human_gesture__functions.h
-- Symlinking: /home/lh/Documents/joao_pessoa_2026/install/hydrone_msgs/include/hydrone_msgs/hydrone_msgs/msg/detail/human_gesture__struct.h
-- Symlinking: /home/lh/Documents/joao_pessoa_2026/install/hydrone_msgs/include/hydrone_msgs/hydrone_msgs/msg/detail/human_gesture__type_support.h
-- Symlinking: /home/lh/Documents/joao_pessoa_2026/install/hydrone_msgs/include/hydrone_msgs/hydrone_msgs/msg/detail/landing_base__functions.h
-- Symlinking: /home/lh/Documents/joao_pessoa_2026/install/hydrone_msgs/include/hydrone_msgs/hydrone_msgs/msg/detail/landing_base__struct.h
-- Symlinking: /home/lh/Documents/joao_pessoa_2026/install/hydrone_msgs/include/hydrone_msgs/hydrone_msgs/msg/detail/landing_base__type_support.h
-- Symlinking: /home/lh/Documents/joao_pessoa_2026/install/hydrone_msgs/include/hydrone_msgs/hydrone_msgs/msg/detail/mission_state__functions.h
-- Symlinking: /home/lh/Documents/joao_pessoa_2026/install/hydrone_msgs/include/hydrone_msgs/hydrone_msgs/msg/detail/mission_state__struct.h
-- Symlinking: /home/lh/Documents/joao_pessoa_2026/install/hydrone_msgs/include/hydrone_msgs/hydrone_msgs/msg/detail/mission_state__type_support.h
-- Symlinking: /home/lh/Documents/joao_pessoa_2026/install/hydrone_msgs/include/hydrone_msgs/hydrone_msgs/msg/detail/qr_code__functions.h
-- Symlinking: /home/lh/Documents/joao_pessoa_2026/install/hydrone_msgs/include/hydrone_msgs/hydrone_msgs/msg/detail/qr_code__struct.h
-- Symlinking: /home/lh/Documents/joao_pessoa_2026/install/hydrone_msgs/include/hydrone_msgs/hydrone_msgs/msg/detail/qr_code__type_support.h
-- Symlinking: /home/lh/Documents/joao_pessoa_2026/install/hydrone_msgs/include/hydrone_msgs/hydrone_msgs/msg/human_gesture.h
-- Symlinking: /home/lh/Documents/joao_pessoa_2026/install/hydrone_msgs/include/hydrone_msgs/hydrone_msgs/msg/landing_base.h
-- Symlinking: /home/lh/Documents/joao_pessoa_2026/install/hydrone_msgs/include/hydrone_msgs/hydrone_msgs/msg/mission_state.h
-- Symlinking: /home/lh/Documents/joao_pessoa_2026/install/hydrone_msgs/include/hydrone_msgs/hydrone_msgs/msg/qr_code.h
-- Symlinking: /home/lh/Documents/joao_pessoa_2026/install/hydrone_msgs/include/hydrone_msgs/hydrone_msgs/msg/rosidl_generator_c__visibility_control.h
-- Symlinking: /home/lh/Documents/joao_pessoa_2026/install/hydrone_msgs/include/hydrone_msgs/hydrone_msgs/srv/detail/set_phase__functions.h
-- Symlinking: /home/lh/Documents/joao_pessoa_2026/install/hydrone_msgs/include/hydrone_msgs/hydrone_msgs/srv/detail/set_phase__struct.h
-- Symlinking: /home/lh/Documents/joao_pessoa_2026/install/hydrone_msgs/include/hydrone_msgs/hydrone_msgs/srv/detail/set_phase__type_support.h
-- Symlinking: /home/lh/Documents/joao_pessoa_2026/install/hydrone_msgs/include/hydrone_msgs/hydrone_msgs/srv/set_phase.h
-- Symlinking: /home/lh/Documents/joao_pessoa_2026/install/hydrone_msgs/share/hydrone_msgs/environment/library_path.sh
-- Symlinking: /home/lh/Documents/joao_pessoa_2026/install/hydrone_msgs/share/hydrone_msgs/environment/library_path.dsv
-- Symlinking: /home/lh/Documents/joao_pessoa_2026/install/hydrone_msgs/include/hydrone_msgs/hydrone_msgs/msg/detail/human_gesture__rosidl_typesupport_fastrtps_c.h
-- Symlinking: /home/lh/Documents/joao_pessoa_2026/install/hydrone_msgs/include/hydrone_msgs/hydrone_msgs/msg/detail/landing_base__rosidl_typesupport_fastrtps_c.h
-- Symlinking: /home/lh/Documents/joao_pessoa_2026/install/hydrone_msgs/include/hydrone_msgs/hydrone_msgs/msg/detail/mission_state__rosidl_typesupport_fastrtps_c.h
-- Symlinking: /home/lh/Documents/joao_pessoa_2026/install/hydrone_msgs/include/hydrone_msgs/hydrone_msgs/msg/detail/qr_code__rosidl_typesupport_fastrtps_c.h
-- Symlinking: /home/lh/Documents/joao_pessoa_2026/install/hydrone_msgs/include/hydrone_msgs/hydrone_msgs/msg/rosidl_typesupport_fastrtps_c__visibility_control.h
-- Symlinking: /home/lh/Documents/joao_pessoa_2026/install/hydrone_msgs/include/hydrone_msgs/hydrone_msgs/srv/detail/set_phase__rosidl_typesupport_fastrtps_c.h
-- Symlinking: /home/lh/Documents/joao_pessoa_2026/install/hydrone_msgs/include/hydrone_msgs/hydrone_msgs/msg/detail/human_gesture__rosidl_typesupport_introspection_c.h
-- Symlinking: /home/lh/Documents/joao_pessoa_2026/install/hydrone_msgs/include/hydrone_msgs/hydrone_msgs/msg/detail/landing_base__rosidl_typesupport_introspection_c.h
-- Symlinking: /home/lh/Documents/joao_pessoa_2026/install/hydrone_msgs/include/hydrone_msgs/hydrone_msgs/msg/detail/mission_state__rosidl_typesupport_introspection_c.h
-- Symlinking: /home/lh/Documents/joao_pessoa_2026/install/hydrone_msgs/include/hydrone_msgs/hydrone_msgs/msg/detail/qr_code__rosidl_typesupport_introspection_c.h
-- Symlinking: /home/lh/Documents/joao_pessoa_2026/install/hydrone_msgs/include/hydrone_msgs/hydrone_msgs/msg/rosidl_typesupport_introspection_c__visibility_control.h
-- Symlinking: /home/lh/Documents/joao_pessoa_2026/install/hydrone_msgs/include/hydrone_msgs/hydrone_msgs/srv/detail/set_phase__rosidl_typesupport_introspection_c.h
-- Symlinking: /home/lh/Documents/joao_pessoa_2026/install/hydrone_msgs/include/hydrone_msgs/hydrone_msgs/msg/detail/human_gesture__builder.hpp
-- Symlinking: /home/lh/Documents/joao_pessoa_2026/install/hydrone_msgs/include/hydrone_msgs/hydrone_msgs/msg/detail/human_gesture__struct.hpp
-- Symlinking: /home/lh/Documents/joao_pessoa_2026/install/hydrone_msgs/include/hydrone_msgs/hydrone_msgs/msg/detail/human_gesture__traits.hpp
-- Symlinking: /home/lh/Documents/joao_pessoa_2026/install/hydrone_msgs/include/hydrone_msgs/hydrone_msgs/msg/detail/human_gesture__type_support.hpp
-- Symlinking: /home/lh/Documents/joao_pessoa_2026/install/hydrone_msgs/include/hydrone_msgs/hydrone_msgs/msg/detail/landing_base__builder.hpp
-- Symlinking: /home/lh/Documents/joao_pessoa_2026/install/hydrone_msgs/include/hydrone_msgs/hydrone_msgs/msg/detail/landing_base__struct.hpp
-- Symlinking: /home/lh/Documents/joao_pessoa_2026/install/hydrone_msgs/include/hydrone_msgs/hydrone_msgs/msg/detail/landing_base__traits.hpp
-- Symlinking: /home/lh/Documents/joao_pessoa_2026/install/hydrone_msgs/include/hydrone_msgs/hydrone_msgs/msg/detail/landing_base__type_support.hpp
-- Symlinking: /home/lh/Documents/joao_pessoa_2026/install/hydrone_msgs/include/hydrone_msgs/hydrone_msgs/msg/detail/mission_state__builder.hpp
-- Symlinking: /home/lh/Documents/joao_pessoa_2026/install/hydrone_msgs/include/hydrone_msgs/hydrone_msgs/msg/detail/mission_state__struct.hpp
-- Symlinking: /home/lh/Documents/joao_pessoa_2026/install/hydrone_msgs/include/hydrone_msgs/hydrone_msgs/msg/detail/mission_state__traits.hpp
-- Symlinking: /home/lh/Documents/joao_pessoa_2026/install/hydrone_msgs/include/hydrone_msgs/hydrone_msgs/msg/detail/mission_state__type_support.hpp
-- Symlinking: /home/lh/Documents/joao_pessoa_2026/install/hydrone_msgs/include/hydrone_msgs/hydrone_msgs/msg/detail/qr_code__builder.hpp
-- Symlinking: /home/lh/Documents/joao_pessoa_2026/install/hydrone_msgs/include/hydrone_msgs/hydrone_msgs/msg/detail/qr_code__struct.hpp
-- Symlinking: /home/lh/Documents/joao_pessoa_2026/install/hydrone_msgs/include/hydrone_msgs/hydrone_msgs/msg/detail/qr_code__traits.hpp
-- Symlinking: /home/lh/Documents/joao_pessoa_2026/install/hydrone_msgs/include/hydrone_msgs/hydrone_msgs/msg/detail/qr_code__type_support.hpp
-- Symlinking: /home/lh/Documents/joao_pessoa_2026/install/hydrone_msgs/include/hydrone_msgs/hydrone_msgs/msg/human_gesture.hpp
-- Symlinking: /home/lh/Documents/joao_pessoa_2026/install/hydrone_msgs/include/hydrone_msgs/hydrone_msgs/msg/landing_base.hpp
-- Symlinking: /home/lh/Documents/joao_pessoa_2026/install/hydrone_msgs/include/hydrone_msgs/hydrone_msgs/msg/mission_state.hpp
-- Symlinking: /home/lh/Documents/joao_pessoa_2026/install/hydrone_msgs/include/hydrone_msgs/hydrone_msgs/msg/qr_code.hpp
-- Symlinking: /home/lh/Documents/joao_pessoa_2026/install/hydrone_msgs/include/hydrone_msgs/hydrone_msgs/msg/rosidl_generator_cpp__visibility_control.hpp
-- Symlinking: /home/lh/Documents/joao_pessoa_2026/install/hydrone_msgs/include/hydrone_msgs/hydrone_msgs/srv/detail/set_phase__builder.hpp
-- Symlinking: /home/lh/Documents/joao_pessoa_2026/install/hydrone_msgs/include/hydrone_msgs/hydrone_msgs/srv/detail/set_phase__struct.hpp
-- Symlinking: /home/lh/Documents/joao_pessoa_2026/install/hydrone_msgs/include/hydrone_msgs/hydrone_msgs/srv/detail/set_phase__traits.hpp
-- Symlinking: /home/lh/Documents/joao_pessoa_2026/install/hydrone_msgs/include/hydrone_msgs/hydrone_msgs/srv/detail/set_phase__type_support.hpp
-- Symlinking: /home/lh/Documents/joao_pessoa_2026/install/hydrone_msgs/include/hydrone_msgs/hydrone_msgs/srv/set_phase.hpp
-- Symlinking: /home/lh/Documents/joao_pessoa_2026/install/hydrone_msgs/include/hydrone_msgs/hydrone_msgs/msg/detail/human_gesture__rosidl_typesupport_fastrtps_cpp.hpp
-- Symlinking: /home/lh/Documents/joao_pessoa_2026/install/hydrone_msgs/include/hydrone_msgs/hydrone_msgs/msg/detail/landing_base__rosidl_typesupport_fastrtps_cpp.hpp
-- Symlinking: /home/lh/Documents/joao_pessoa_2026/install/hydrone_msgs/include/hydrone_msgs/hydrone_msgs/msg/detail/mission_state__rosidl_typesupport_fastrtps_cpp.hpp
-- Symlinking: /home/lh/Documents/joao_pessoa_2026/install/hydrone_msgs/include/hydrone_msgs/hydrone_msgs/msg/detail/qr_code__rosidl_typesupport_fastrtps_cpp.hpp
-- Symlinking: /home/lh/Documents/joao_pessoa_2026/install/hydrone_msgs/include/hydrone_msgs/hydrone_msgs/msg/rosidl_typesupport_fastrtps_cpp__visibility_control.h
-- Symlinking: /home/lh/Documents/joao_pessoa_2026/install/hydrone_msgs/include/hydrone_msgs/hydrone_msgs/srv/detail/set_phase__rosidl_typesupport_fastrtps_cpp.hpp
-- Symlinking: /home/lh/Documents/joao_pessoa_2026/install/hydrone_msgs/include/hydrone_msgs/hydrone_msgs/msg/detail/human_gesture__rosidl_typesupport_introspection_cpp.hpp
-- Symlinking: /home/lh/Documents/joao_pessoa_2026/install/hydrone_msgs/include/hydrone_msgs/hydrone_msgs/msg/detail/landing_base__rosidl_typesupport_introspection_cpp.hpp
-- Symlinking: /home/lh/Documents/joao_pessoa_2026/install/hydrone_msgs/include/hydrone_msgs/hydrone_msgs/msg/detail/mission_state__rosidl_typesupport_introspection_cpp.hpp
-- Symlinking: /home/lh/Documents/joao_pessoa_2026/install/hydrone_msgs/include/hydrone_msgs/hydrone_msgs/msg/detail/qr_code__rosidl_typesupport_introspection_cpp.hpp
-- Symlinking: /home/lh/Documents/joao_pessoa_2026/install/hydrone_msgs/include/hydrone_msgs/hydrone_msgs/srv/detail/set_phase__rosidl_typesupport_introspection_cpp.hpp
-- Symlinking: /home/lh/Documents/joao_pessoa_2026/install/hydrone_msgs/share/hydrone_msgs/environment/pythonpath.sh
-- Symlinking: /home/lh/Documents/joao_pessoa_2026/install/hydrone_msgs/share/hydrone_msgs/environment/pythonpath.dsv
-- Symlinking: /home/lh/Documents/joao_pessoa_2026/install/hydrone_msgs/local/lib/python3.10/dist-packages/hydrone_msgs-1.0.0-py3.10.egg-info/PKG-INFO
-- Symlinking: /home/lh/Documents/joao_pessoa_2026/install/hydrone_msgs/local/lib/python3.10/dist-packages/hydrone_msgs-1.0.0-py3.10.egg-info/SOURCES.txt
-- Symlinking: /home/lh/Documents/joao_pessoa_2026/install/hydrone_msgs/local/lib/python3.10/dist-packages/hydrone_msgs-1.0.0-py3.10.egg-info/dependency_links.txt
-- Symlinking: /home/lh/Documents/joao_pessoa_2026/install/hydrone_msgs/local/lib/python3.10/dist-packages/hydrone_msgs-1.0.0-py3.10.egg-info/top_level.txt
-- Symlinking: /home/lh/Documents/joao_pessoa_2026/install/hydrone_msgs/local/lib/python3.10/dist-packages/hydrone_msgs/__init__.py
-- Symlinking: /home/lh/Documents/joao_pessoa_2026/install/hydrone_msgs/local/lib/python3.10/dist-packages/hydrone_msgs/_hydrone_msgs_s.ep.rosidl_typesupport_c.c
-- Symlinking: /home/lh/Documents/joao_pessoa_2026/install/hydrone_msgs/local/lib/python3.10/dist-packages/hydrone_msgs/_hydrone_msgs_s.ep.rosidl_typesupport_fastrtps_c.c
-- Symlinking: /home/lh/Documents/joao_pessoa_2026/install/hydrone_msgs/local/lib/python3.10/dist-packages/hydrone_msgs/_hydrone_msgs_s.ep.rosidl_typesupport_introspection_c.c
-- Symlinking: /home/lh/Documents/joao_pessoa_2026/install/hydrone_msgs/local/lib/python3.10/dist-packages/hydrone_msgs/hydrone_msgs_s__rosidl_typesupport_c.cpython-310-x86_64-linux-gnu.so
-- Symlinking: /home/lh/Documents/joao_pessoa_2026/install/hydrone_msgs/local/lib/python3.10/dist-packages/hydrone_msgs/hydrone_msgs_s__rosidl_typesupport_fastrtps_c.cpython-310-x86_64-linux-gnu.so
-- Symlinking: /home/lh/Documents/joao_pessoa_2026/install/hydrone_msgs/local/lib/python3.10/dist-packages/hydrone_msgs/hydrone_msgs_s__rosidl_typesupport_introspection_c.cpython-310-x86_64-linux-gnu.so
-- Symlinking: /home/lh/Documents/joao_pessoa_2026/install/hydrone_msgs/local/lib/python3.10/dist-packages/hydrone_msgs/libhydrone_msgs__rosidl_generator_py.so
-- Symlinking: /home/lh/Documents/joao_pessoa_2026/install/hydrone_msgs/local/lib/python3.10/dist-packages/hydrone_msgs/msg/__init__.py
-- Symlinking: /home/lh/Documents/joao_pessoa_2026/install/hydrone_msgs/local/lib/python3.10/dist-packages/hydrone_msgs/msg/_human_gesture.py
-- Symlinking: /home/lh/Documents/joao_pessoa_2026/install/hydrone_msgs/local/lib/python3.10/dist-packages/hydrone_msgs/msg/_human_gesture_s.c
-- Symlinking: /home/lh/Documents/joao_pessoa_2026/install/hydrone_msgs/local/lib/python3.10/dist-packages/hydrone_msgs/msg/_landing_base.py
-- Symlinking: /home/lh/Documents/joao_pessoa_2026/install/hydrone_msgs/local/lib/python3.10/dist-packages/hydrone_msgs/msg/_landing_base_s.c
-- Symlinking: /home/lh/Documents/joao_pessoa_2026/install/hydrone_msgs/local/lib/python3.10/dist-packages/hydrone_msgs/msg/_mission_state.py
-- Symlinking: /home/lh/Documents/joao_pessoa_2026/install/hydrone_msgs/local/lib/python3.10/dist-packages/hydrone_msgs/msg/_mission_state_s.c
-- Symlinking: /home/lh/Documents/joao_pessoa_2026/install/hydrone_msgs/local/lib/python3.10/dist-packages/hydrone_msgs/msg/_qr_code.py
-- Symlinking: /home/lh/Documents/joao_pessoa_2026/install/hydrone_msgs/local/lib/python3.10/dist-packages/hydrone_msgs/msg/_qr_code_s.c
-- Symlinking: /home/lh/Documents/joao_pessoa_2026/install/hydrone_msgs/local/lib/python3.10/dist-packages/hydrone_msgs/srv/__init__.py
-- Symlinking: /home/lh/Documents/joao_pessoa_2026/install/hydrone_msgs/local/lib/python3.10/dist-packages/hydrone_msgs/srv/_set_phase.py
-- Symlinking: /home/lh/Documents/joao_pessoa_2026/install/hydrone_msgs/local/lib/python3.10/dist-packages/hydrone_msgs/srv/_set_phase_s.c
-- Up-to-date symlink: /home/lh/Documents/joao_pessoa_2026/install/hydrone_msgs/local/lib/python3.10/dist-packages/hydrone_msgs/hydrone_msgs_s__rosidl_typesupport_fastrtps_c.cpython-310-x86_64-linux-gnu.so
-- Up-to-date symlink: /home/lh/Documents/joao_pessoa_2026/install/hydrone_msgs/local/lib/python3.10/dist-packages/hydrone_msgs/hydrone_msgs_s__rosidl_typesupport_introspection_c.cpython-310-x86_64-linux-gnu.so
-- Up-to-date symlink: /home/lh/Documents/joao_pessoa_2026/install/hydrone_msgs/local/lib/python3.10/dist-packages/hydrone_msgs/hydrone_msgs_s__rosidl_typesupport_c.cpython-310-x86_64-linux-gnu.so
-- Symlinking: /home/lh/Documents/joao_pessoa_2026/install/hydrone_msgs/share/ament_index/resource_index/rust_packages/hydrone_msgs
-- Symlinking: /home/lh/Documents/joao_pessoa_2026/install/hydrone_msgs/share/hydrone_msgs/rust/Cargo.toml
-- Symlinking: /home/lh/Documents/joao_pessoa_2026/install/hydrone_msgs/share/hydrone_msgs/rust/build.rs
-- Symlinking: /home/lh/Documents/joao_pessoa_2026/install/hydrone_msgs/share/hydrone_msgs/rust/src/lib.rs
-- Symlinking: /home/lh/Documents/joao_pessoa_2026/install/hydrone_msgs/share/hydrone_msgs/rust/src/msg.rs
-- Symlinking: /home/lh/Documents/joao_pessoa_2026/install/hydrone_msgs/share/hydrone_msgs/rust/src/msg/rmw.rs
-- Symlinking: /home/lh/Documents/joao_pessoa_2026/install/hydrone_msgs/share/hydrone_msgs/rust/src/srv.rs
-- Symlinking: /home/lh/Documents/joao_pessoa_2026/install/hydrone_msgs/share/hydrone_msgs/rust/src/srv/rmw.rs
-- Symlinking: /home/lh/Documents/joao_pessoa_2026/install/hydrone_msgs/share/hydrone_msgs/msg/LandingBase.idl
-- Symlinking: /home/lh/Documents/joao_pessoa_2026/install/hydrone_msgs/share/hydrone_msgs/msg/MissionState.idl
-- Symlinking: /home/lh/Documents/joao_pessoa_2026/install/hydrone_msgs/share/hydrone_msgs/msg/HumanGesture.idl
-- Symlinking: /home/lh/Documents/joao_pessoa_2026/install/hydrone_msgs/share/hydrone_msgs/msg/QRCode.idl
-- Symlinking: /home/lh/Documents/joao_pessoa_2026/install/hydrone_msgs/share/hydrone_msgs/srv/SetPhase.idl
-- Symlinking: /home/lh/Documents/joao_pessoa_2026/install/hydrone_msgs/share/hydrone_msgs/msg/LandingBase.msg
-- Symlinking: /home/lh/Documents/joao_pessoa_2026/install/hydrone_msgs/share/hydrone_msgs/msg/MissionState.msg
-- Symlinking: /home/lh/Documents/joao_pessoa_2026/install/hydrone_msgs/share/hydrone_msgs/msg/HumanGesture.msg
-- Symlinking: /home/lh/Documents/joao_pessoa_2026/install/hydrone_msgs/share/hydrone_msgs/msg/QRCode.msg
-- Symlinking: /home/lh/Documents/joao_pessoa_2026/install/hydrone_msgs/share/hydrone_msgs/srv/SetPhase.srv
-- Symlinking: /home/lh/Documents/joao_pessoa_2026/install/hydrone_msgs/share/hydrone_msgs/srv/SetPhase_Request.msg
-- Symlinking: /home/lh/Documents/joao_pessoa_2026/install/hydrone_msgs/share/hydrone_msgs/srv/SetPhase_Response.msg
-- Symlinking: /home/lh/Documents/joao_pessoa_2026/install/hydrone_msgs/share/ament_index/resource_index/package_run_dependencies/hydrone_msgs
-- Symlinking: /home/lh/Documents/joao_pessoa_2026/install/hydrone_msgs/share/ament_index/resource_index/parent_prefix_path/hydrone_msgs
-- Symlinking: /home/lh/Documents/joao_pessoa_2026/install/hydrone_msgs/share/hydrone_msgs/environment/ament_prefix_path.sh
-- Symlinking: /home/lh/Documents/joao_pessoa_2026/install/hydrone_msgs/share/hydrone_msgs/environment/ament_prefix_path.dsv
-- Symlinking: /home/lh/Documents/joao_pessoa_2026/install/hydrone_msgs/share/hydrone_msgs/environment/path.sh
-- Symlinking: /home/lh/Documents/joao_pessoa_2026/install/hydrone_msgs/share/hydrone_msgs/environment/path.dsv
-- Symlinking: /home/lh/Documents/joao_pessoa_2026/install/hydrone_msgs/share/hydrone_msgs/local_setup.bash
-- Symlinking: /home/lh/Documents/joao_pessoa_2026/install/hydrone_msgs/share/hydrone_msgs/local_setup.sh
-- Symlinking: /home/lh/Documents/joao_pessoa_2026/install/hydrone_msgs/share/hydrone_msgs/local_setup.zsh
-- Symlinking: /home/lh/Documents/joao_pessoa_2026/install/hydrone_msgs/share/hydrone_msgs/local_setup.dsv
-- Symlinking: /home/lh/Documents/joao_pessoa_2026/install/hydrone_msgs/share/hydrone_msgs/package.dsv
-- Symlinking: /home/lh/Documents/joao_pessoa_2026/install/hydrone_msgs/share/ament_index/resource_index/packages/hydrone_msgs
-- Symlinking: /home/lh/Documents/joao_pessoa_2026/install/hydrone_msgs/share/hydrone_msgs/cmake/rosidl_cmake-extras.cmake
-- Symlinking: /home/lh/Documents/joao_pessoa_2026/install/hydrone_msgs/share/hydrone_msgs/cmake/ament_cmake_export_dependencies-extras.cmake
-- Symlinking: /home/lh/Documents/joao_pessoa_2026/install/hydrone_msgs/share/hydrone_msgs/cmake/ament_cmake_export_include_directories-extras.cmake
-- Symlinking: /home/lh/Documents/joao_pessoa_2026/install/hydrone_msgs/share/hydrone_msgs/cmake/ament_cmake_export_libraries-extras.cmake
-- Symlinking: /home/lh/Documents/joao_pessoa_2026/install/hydrone_msgs/share/hydrone_msgs/cmake/ament_cmake_export_targets-extras.cmake
-- Symlinking: /home/lh/Documents/joao_pessoa_2026/install/hydrone_msgs/share/hydrone_msgs/cmake/rosidl_cmake_export_typesupport_targets-extras.cmake
-- Symlinking: /home/lh/Documents/joao_pessoa_2026/install/hydrone_msgs/share/hydrone_msgs/cmake/rosidl_cmake_export_typesupport_libraries-extras.cmake
-- Symlinking: /home/lh/Documents/joao_pessoa_2026/install/hydrone_msgs/share/hydrone_msgs/cmake/hydrone_msgsConfig.cmake
-- Symlinking: /home/lh/Documents/joao_pessoa_2026/install/hydrone_msgs/share/hydrone_msgs/cmake/hydrone_msgsConfig-version.cmake
-- Symlinking: /home/lh/Documents/joao_pessoa_2026/install/hydrone_msgs/share/hydrone_msgs/package.xml
-- Installing: /home/lh/Documents/joao_pessoa_2026/install/hydrone_msgs/lib/libhydrone_msgs__rosidl_generator_c.so
-- Set runtime path of "/home/lh/Documents/joao_pessoa_2026/install/hydrone_msgs/lib/libhydrone_msgs__rosidl_generator_c.so" to ""
-- Installing: /home/lh/Documents/joao_pessoa_2026/install/hydrone_msgs/lib/libhydrone_msgs__rosidl_typesupport_fastrtps_c.so
-- Set runtime path of "/home/lh/Documents/joao_pessoa_2026/install/hydrone_msgs/lib/libhydrone_msgs__rosidl_typesupport_fastrtps_c.so" to ""
-- Installing: /home/lh/Documents/joao_pessoa_2026/install/hydrone_msgs/lib/libhydrone_msgs__rosidl_typesupport_introspection_c.so
-- Set runtime path of "/home/lh/Documents/joao_pessoa_2026/install/hydrone_msgs/lib/libhydrone_msgs__rosidl_typesupport_introspection_c.so" to ""
-- Installing: /home/lh/Documents/joao_pessoa_2026/install/hydrone_msgs/lib/libhydrone_msgs__rosidl_typesupport_c.so
-- Set runtime path of "/home/lh/Documents/joao_pessoa_2026/install/hydrone_msgs/lib/libhydrone_msgs__rosidl_typesupport_c.so" to ""
-- Installing: /home/lh/Documents/joao_pessoa_2026/install/hydrone_msgs/lib/libhydrone_msgs__rosidl_typesupport_fastrtps_cpp.so
-- Set runtime path of "/home/lh/Documents/joao_pessoa_2026/install/hydrone_msgs/lib/libhydrone_msgs__rosidl_typesupport_fastrtps_cpp.so" to ""
-- Installing: /home/lh/Documents/joao_pessoa_2026/install/hydrone_msgs/lib/libhydrone_msgs__rosidl_typesupport_introspection_cpp.so
-- Set runtime path of "/home/lh/Documents/joao_pessoa_2026/install/hydrone_msgs/lib/libhydrone_msgs__rosidl_typesupport_introspection_cpp.so" to ""
-- Installing: /home/lh/Documents/joao_pessoa_2026/install/hydrone_msgs/lib/libhydrone_msgs__rosidl_typesupport_cpp.so
-- Set runtime path of "/home/lh/Documents/joao_pessoa_2026/install/hydrone_msgs/lib/libhydrone_msgs__rosidl_typesupport_cpp.so" to ""
Listing '/home/lh/Documents/joao_pessoa_2026/install/hydrone_msgs/local/lib/python3.10/dist-packages/hydrone_msgs'...
Compiling '/home/lh/Documents/joao_pessoa_2026/install/hydrone_msgs/local/lib/python3.10/dist-packages/hydrone_msgs/__init__.py'...
Listing '/home/lh/Documents/joao_pessoa_2026/install/hydrone_msgs/local/lib/python3.10/dist-packages/hydrone_msgs/msg'...
Compiling '/home/lh/Documents/joao_pessoa_2026/install/hydrone_msgs/local/lib/python3.10/dist-packages/hydrone_msgs/msg/__init__.py'...
Compiling '/home/lh/Documents/joao_pessoa_2026/install/hydrone_msgs/local/lib/python3.10/dist-packages/hydrone_msgs/msg/_human_gesture.py'...
Compiling '/home/lh/Documents/joao_pessoa_2026/install/hydrone_msgs/local/lib/python3.10/dist-packages/hydrone_msgs/msg/_landing_base.py'...
Compiling '/home/lh/Documents/joao_pessoa_2026/install/hydrone_msgs/local/lib/python3.10/dist-packages/hydrone_msgs/msg/_mission_state.py'...
Compiling '/home/lh/Documents/joao_pessoa_2026/install/hydrone_msgs/local/lib/python3.10/dist-packages/hydrone_msgs/msg/_qr_code.py'...
Listing '/home/lh/Documents/joao_pessoa_2026/install/hydrone_msgs/local/lib/python3.10/dist-packages/hydrone_msgs/srv'...
Compiling '/home/lh/Documents/joao_pessoa_2026/install/hydrone_msgs/local/lib/python3.10/dist-packages/hydrone_msgs/srv/__init__.py'...
Compiling '/home/lh/Documents/joao_pessoa_2026/install/hydrone_msgs/local/lib/python3.10/dist-packages/hydrone_msgs/srv/_set_phase.py'...
-- Installing: /home/lh/Documents/joao_pessoa_2026/install/hydrone_msgs/lib/libhydrone_msgs__rosidl_generator_py.so
-- Set runtime path of "/home/lh/Documents/joao_pessoa_2026/install/hydrone_msgs/lib/libhydrone_msgs__rosidl_generator_py.so" to ""
-- Installing: /home/lh/Documents/joao_pessoa_2026/install/hydrone_msgs/share/hydrone_msgs/cmake/export_hydrone_msgs__rosidl_generator_cExport.cmake
-- Installing: /home/lh/Documents/joao_pessoa_2026/install/hydrone_msgs/share/hydrone_msgs/cmake/export_hydrone_msgs__rosidl_generator_cExport-noconfig.cmake
-- Installing: /home/lh/Documents/joao_pessoa_2026/install/hydrone_msgs/share/hydrone_msgs/cmake/export_hydrone_msgs__rosidl_typesupport_fastrtps_cExport.cmake
-- Installing: /home/lh/Documents/joao_pessoa_2026/install/hydrone_msgs/share/hydrone_msgs/cmake/export_hydrone_msgs__rosidl_typesupport_fastrtps_cExport-noconfig.cmake
-- Installing: /home/lh/Documents/joao_pessoa_2026/install/hydrone_msgs/share/hydrone_msgs/cmake/hydrone_msgs__rosidl_typesupport_introspection_cExport.cmake
-- Installing: /home/lh/Documents/joao_pessoa_2026/install/hydrone_msgs/share/hydrone_msgs/cmake/hydrone_msgs__rosidl_typesupport_introspection_cExport-noconfig.cmake
-- Installing: /home/lh/Documents/joao_pessoa_2026/install/hydrone_msgs/share/hydrone_msgs/cmake/hydrone_msgs__rosidl_typesupport_cExport.cmake
-- Installing: /home/lh/Documents/joao_pessoa_2026/install/hydrone_msgs/share/hydrone_msgs/cmake/hydrone_msgs__rosidl_typesupport_cExport-noconfig.cmake
-- Installing: /home/lh/Documents/joao_pessoa_2026/install/hydrone_msgs/share/hydrone_msgs/cmake/export_hydrone_msgs__rosidl_generator_cppExport.cmake
-- Installing: /home/lh/Documents/joao_pessoa_2026/install/hydrone_msgs/share/hydrone_msgs/cmake/export_hydrone_msgs__rosidl_typesupport_fastrtps_cppExport.cmake
-- Installing: /home/lh/Documents/joao_pessoa_2026/install/hydrone_msgs/share/hydrone_msgs/cmake/export_hydrone_msgs__rosidl_typesupport_fastrtps_cppExport-noconfig.cmake
-- Installing: /home/lh/Documents/joao_pessoa_2026/install/hydrone_msgs/share/hydrone_msgs/cmake/hydrone_msgs__rosidl_typesupport_introspection_cppExport.cmake
-- Installing: /home/lh/Documents/joao_pessoa_2026/install/hydrone_msgs/share/hydrone_msgs/cmake/hydrone_msgs__rosidl_typesupport_introspection_cppExport-noconfig.cmake
-- Installing: /home/lh/Documents/joao_pessoa_2026/install/hydrone_msgs/share/hydrone_msgs/cmake/hydrone_msgs__rosidl_typesupport_cppExport.cmake
-- Installing: /home/lh/Documents/joao_pessoa_2026/install/hydrone_msgs/share/hydrone_msgs/cmake/hydrone_msgs__rosidl_typesupport_cppExport-noconfig.cmake
-- Installing: /home/lh/Documents/joao_pessoa_2026/install/hydrone_msgs/share/hydrone_msgs/cmake/export_hydrone_msgs__rosidl_generator_pyExport.cmake
-- Installing: /home/lh/Documents/joao_pessoa_2026/install/hydrone_msgs/share/hydrone_msgs/cmake/export_hydrone_msgs__rosidl_generator_pyExport-noconfig.cmake
