[0.010s] Invoking command in '/home/lh/Documents/joao_pessoa_2026/build/hydrone_msgs': CMAKE_PREFIX_PATH=${CMAKE_PREFIX_PATH}:/home/lh/Documents/joao_pessoa_2026/install/hydrone_biguasim:/home/lh/Documents/joao_pessoa_2026/install/hydrone_bringup:/home/lh/Documents/joao_pessoa_2026/install/hydrone_vision:/home/lh/Documents/joao_pessoa_2026/install/hydrone_nav:/home/lh/Documents/joao_pessoa_2026/install/hydrone_mission:/home/lh/Documents/joao_pessoa_2026/install/hydrone_controller:/home/lh/Documents/joao_pessoa_2026/install/ardupilot_dds_tests:/home/lh/Documents/joao_pessoa_2026/install/biguasim_main:/opt/ros/humble /usr/bin/cmake /home/lh/Documents/joao_pessoa_2026/src/hydrone_msgs -DAMENT_CMAKE_SYMLINK_INSTALL=1 -DCMAKE_INSTALL_PREFIX=/home/lh/Documents/joao_pessoa_2026/install/hydrone_msgs
[0.019s] -- Found ament_cmake: 1.3.14 (/opt/ros/humble/share/ament_cmake/cmake)
[0.104s] -- Override CMake install command with custom implementation using symlinks instead of copying resources
[0.107s] -- Found rosidl_default_generators: 1.2.1 (/opt/ros/humble/share/rosidl_default_generators/cmake)
[0.108s] -- Using all available rosidl_typesupport_c: rosidl_typesupport_fastrtps_c;rosidl_typesupport_introspection_c
[0.110s] -- Found rosidl_adapter: 3.1.8 (/opt/ros/humble/share/rosidl_adapter/cmake)
[0.124s] -- Using all available rosidl_typesupport_cpp: rosidl_typesupport_fastrtps_cpp;rosidl_typesupport_introspection_cpp
[0.136s] -- Found std_msgs: 4.9.1 (/opt/ros/humble/share/std_msgs/cmake)
[0.146s] -- Found geometry_msgs: 4.9.1 (/opt/ros/humble/share/geometry_msgs/cmake)
[0.333s] -- Found ament_cmake_ros: 0.10.0 (/opt/ros/humble/share/ament_cmake_ros/cmake)
[0.475s] -- Using all available rosidl_typesupport_c: rosidl_typesupport_fastrtps_c;rosidl_typesupport_introspection_c
[0.672s] -- Using all available rosidl_typesupport_cpp: rosidl_typesupport_fastrtps_cpp;rosidl_typesupport_introspection_cpp
[0.692s] -- Found python_cmake_module: 0.10.0 (/opt/ros/humble/share/python_cmake_module/cmake)
[0.713s] -- Using PYTHON_EXECUTABLE: /usr/bin/python3
[0.713s] -- Using PYTHON_INCLUDE_DIRS: /usr/include/python3.10
[0.713s] -- Using PYTHON_LIBRARIES: /usr/lib/x86_64-linux-gnu/libpython3.10.so
[0.802s] -- Configuring done
[0.820s] -- Generating done
[0.826s] -- Build files have been written to: /home/lh/Documents/joao_pessoa_2026/build/hydrone_msgs
[0.836s] Invoked command in '/home/lh/Documents/joao_pessoa_2026/build/hydrone_msgs' returned '0': CMAKE_PREFIX_PATH=${CMAKE_PREFIX_PATH}:/home/lh/Documents/joao_pessoa_2026/install/hydrone_biguasim:/home/lh/Documents/joao_pessoa_2026/install/hydrone_bringup:/home/lh/Documents/joao_pessoa_2026/install/hydrone_vision:/home/lh/Documents/joao_pessoa_2026/install/hydrone_nav:/home/lh/Documents/joao_pessoa_2026/install/hydrone_mission:/home/lh/Documents/joao_pessoa_2026/install/hydrone_controller:/home/lh/Documents/joao_pessoa_2026/install/ardupilot_dds_tests:/home/lh/Documents/joao_pessoa_2026/install/biguasim_main:/opt/ros/humble /usr/bin/cmake /home/lh/Documents/joao_pessoa_2026/src/hydrone_msgs -DAMENT_CMAKE_SYMLINK_INSTALL=1 -DCMAKE_INSTALL_PREFIX=/home/lh/Documents/joao_pessoa_2026/install/hydrone_msgs
[0.836s] Invoking command in '/home/lh/Documents/joao_pessoa_2026/build/hydrone_msgs': CMAKE_PREFIX_PATH=${CMAKE_PREFIX_PATH}:/home/lh/Documents/joao_pessoa_2026/install/hydrone_biguasim:/home/lh/Documents/joao_pessoa_2026/install/hydrone_bringup:/home/lh/Documents/joao_pessoa_2026/install/hydrone_vision:/home/lh/Documents/joao_pessoa_2026/install/hydrone_nav:/home/lh/Documents/joao_pessoa_2026/install/hydrone_mission:/home/lh/Documents/joao_pessoa_2026/install/hydrone_controller:/home/lh/Documents/joao_pessoa_2026/install/ardupilot_dds_tests:/home/lh/Documents/joao_pessoa_2026/install/biguasim_main:/opt/ros/humble /usr/bin/cmake --build /home/lh/Documents/joao_pessoa_2026/build/hydrone_msgs -- -j32 -l32
[0.860s] [35m[1mConsolidate compiler generated dependencies of target hydrone_msgs__rosidl_generator_c[0m
[0.865s] [  1%] Built target hydrone_msgs__rs
[0.868s] [  3%] Built target hydrone_msgs__cpp
[0.868s] [ 14%] Built target hydrone_msgs__rosidl_generator_c
[0.873s] [ 14%] Built target ament_cmake_python_symlink_hydrone_msgs
[0.873s] [35m[1mConsolidate compiler generated dependencies of target hydrone_msgs__rosidl_typesupport_introspection_c[0m
[0.873s] [35m[1mConsolidate compiler generated dependencies of target hydrone_msgs__rosidl_typesupport_cpp[0m
[0.873s] [35m[1mConsolidate compiler generated dependencies of target hydrone_msgs__rosidl_typesupport_introspection_cpp[0m
[0.874s] [35m[1mConsolidate compiler generated dependencies of target hydrone_msgs__rosidl_typesupport_fastrtps_c[0m
[0.876s] [35m[1mConsolidate compiler generated dependencies of target hydrone_msgs__rosidl_typesupport_c[0m
[0.876s] [35m[1mConsolidate compiler generated dependencies of target hydrone_msgs__rosidl_typesupport_fastrtps_cpp[0m
[0.879s] [ 25%] Built target hydrone_msgs__rosidl_typesupport_introspection_c
[0.880s] [ 35%] Built target hydrone_msgs__rosidl_typesupport_cpp
[0.880s] [ 46%] Built target hydrone_msgs__rosidl_typesupport_fastrtps_c
[0.882s] [ 57%] Built target hydrone_msgs__rosidl_typesupport_c
[0.882s] [ 68%] Built target hydrone_msgs__rosidl_typesupport_introspection_cpp
[0.885s] [ 79%] Built target hydrone_msgs__rosidl_typesupport_fastrtps_cpp
[0.897s] [ 79%] Built target hydrone_msgs
[0.912s] [ 81%] Built target hydrone_msgs__py
[0.919s] [35m[1mConsolidate compiler generated dependencies of target hydrone_msgs__rosidl_generator_py[0m
[0.930s] [ 90%] Built target hydrone_msgs__rosidl_generator_py
[0.935s] [35m[1mConsolidate compiler generated dependencies of target hydrone_msgs__rosidl_typesupport_fastrtps_c__pyext[0m
[0.936s] [35m[1mConsolidate compiler generated dependencies of target hydrone_msgs__rosidl_typesupport_c__pyext[0m
[0.937s] [35m[1mConsolidate compiler generated dependencies of target hydrone_msgs__rosidl_typesupport_introspection_c__pyext[0m
[0.942s] [ 93%] Built target hydrone_msgs__rosidl_typesupport_fastrtps_c__pyext
[0.943s] [ 96%] Built target hydrone_msgs__rosidl_typesupport_c__pyext
[0.944s] [100%] Built target hydrone_msgs__rosidl_typesupport_introspection_c__pyext
[1.052s] running egg_info
[1.052s] writing hydrone_msgs.egg-info/PKG-INFO
[1.053s] writing dependency_links to hydrone_msgs.egg-info/dependency_links.txt
[1.053s] writing top-level names to hydrone_msgs.egg-info/top_level.txt
[1.054s] reading manifest file 'hydrone_msgs.egg-info/SOURCES.txt'
[1.054s] writing manifest file 'hydrone_msgs.egg-info/SOURCES.txt'
[1.066s] [100%] Built target ament_cmake_python_build_hydrone_msgs_egg
[1.074s] Invoked command in '/home/lh/Documents/joao_pessoa_2026/build/hydrone_msgs' returned '0': CMAKE_PREFIX_PATH=${CMAKE_PREFIX_PATH}:/home/lh/Documents/joao_pessoa_2026/install/hydrone_biguasim:/home/lh/Documents/joao_pessoa_2026/install/hydrone_bringup:/home/lh/Documents/joao_pessoa_2026/install/hydrone_vision:/home/lh/Documents/joao_pessoa_2026/install/hydrone_nav:/home/lh/Documents/joao_pessoa_2026/install/hydrone_mission:/home/lh/Documents/joao_pessoa_2026/install/hydrone_controller:/home/lh/Documents/joao_pessoa_2026/install/ardupilot_dds_tests:/home/lh/Documents/joao_pessoa_2026/install/biguasim_main:/opt/ros/humble /usr/bin/cmake --build /home/lh/Documents/joao_pessoa_2026/build/hydrone_msgs -- -j32 -l32
[1.075s] Invoking command in '/home/lh/Documents/joao_pessoa_2026/build/hydrone_msgs': CMAKE_PREFIX_PATH=${CMAKE_PREFIX_PATH}:/home/lh/Documents/joao_pessoa_2026/install/hydrone_biguasim:/home/lh/Documents/joao_pessoa_2026/install/hydrone_bringup:/home/lh/Documents/joao_pessoa_2026/install/hydrone_vision:/home/lh/Documents/joao_pessoa_2026/install/hydrone_nav:/home/lh/Documents/joao_pessoa_2026/install/hydrone_mission:/home/lh/Documents/joao_pessoa_2026/install/hydrone_controller:/home/lh/Documents/joao_pessoa_2026/install/ardupilot_dds_tests:/home/lh/Documents/joao_pessoa_2026/install/biguasim_main:/opt/ros/humble /usr/bin/cmake --install /home/lh/Documents/joao_pessoa_2026/build/hydrone_msgs
[1.082s] -- Install configuration: ""
[1.082s] -- Execute custom install script
[1.082s] -- Up-to-date symlink: /home/lh/Documents/joao_pessoa_2026/install/hydrone_msgs/share/ament_index/resource_index/rosidl_interfaces/hydrone_msgs
[1.083s] -- Up-to-date symlink: /home/lh/Documents/joao_pessoa_2026/install/hydrone_msgs/include/hydrone_msgs/hydrone_msgs/msg/detail/human_gesture__functions.h
[1.083s] -- Up-to-date symlink: /home/lh/Documents/joao_pessoa_2026/install/hydrone_msgs/include/hydrone_msgs/hydrone_msgs/msg/detail/human_gesture__struct.h
[1.083s] -- Up-to-date symlink: /home/lh/Documents/joao_pessoa_2026/install/hydrone_msgs/include/hydrone_msgs/hydrone_msgs/msg/detail/human_gesture__type_support.h
[1.083s] -- Up-to-date symlink: /home/lh/Documents/joao_pessoa_2026/install/hydrone_msgs/include/hydrone_msgs/hydrone_msgs/msg/detail/landing_base__functions.h
[1.083s] -- Up-to-date symlink: /home/lh/Documents/joao_pessoa_2026/install/hydrone_msgs/include/hydrone_msgs/hydrone_msgs/msg/detail/landing_base__struct.h
[1.083s] -- Up-to-date symlink: /home/lh/Documents/joao_pessoa_2026/install/hydrone_msgs/include/hydrone_msgs/hydrone_msgs/msg/detail/landing_base__type_support.h
[1.083s] -- Up-to-date symlink: /home/lh/Documents/joao_pessoa_2026/install/hydrone_msgs/include/hydrone_msgs/hydrone_msgs/msg/detail/mission_state__functions.h
[1.083s] -- Up-to-date symlink: /home/lh/Documents/joao_pessoa_2026/install/hydrone_msgs/include/hydrone_msgs/hydrone_msgs/msg/detail/mission_state__struct.h
[1.083s] -- Up-to-date symlink: /home/lh/Documents/joao_pessoa_2026/install/hydrone_msgs/include/hydrone_msgs/hydrone_msgs/msg/detail/mission_state__type_support.h
[1.083s] -- Up-to-date symlink: /home/lh/Documents/joao_pessoa_2026/install/hydrone_msgs/include/hydrone_msgs/hydrone_msgs/msg/detail/qr_code__functions.h
[1.083s] -- Up-to-date symlink: /home/lh/Documents/joao_pessoa_2026/install/hydrone_msgs/include/hydrone_msgs/hydrone_msgs/msg/detail/qr_code__struct.h
[1.083s] -- Up-to-date symlink: /home/lh/Documents/joao_pessoa_2026/install/hydrone_msgs/include/hydrone_msgs/hydrone_msgs/msg/detail/qr_code__type_support.h
[1.083s] -- Up-to-date symlink: /home/lh/Documents/joao_pessoa_2026/install/hydrone_msgs/include/hydrone_msgs/hydrone_msgs/msg/human_gesture.h
[1.083s] -- Up-to-date symlink: /home/lh/Documents/joao_pessoa_2026/install/hydrone_msgs/include/hydrone_msgs/hydrone_msgs/msg/landing_base.h
[1.083s] -- Up-to-date symlink: /home/lh/Documents/joao_pessoa_2026/install/hydrone_msgs/include/hydrone_msgs/hydrone_msgs/msg/mission_state.h
[1.083s] -- Up-to-date symlink: /home/lh/Documents/joao_pessoa_2026/install/hydrone_msgs/include/hydrone_msgs/hydrone_msgs/msg/qr_code.h
[1.084s] -- Up-to-date symlink: /home/lh/Documents/joao_pessoa_2026/install/hydrone_msgs/include/hydrone_msgs/hydrone_msgs/msg/rosidl_generator_c__visibility_control.h
[1.084s] -- Up-to-date symlink: /home/lh/Documents/joao_pessoa_2026/install/hydrone_msgs/include/hydrone_msgs/hydrone_msgs/srv/detail/set_phase__functions.h
[1.084s] -- Up-to-date symlink: /home/lh/Documents/joao_pessoa_2026/install/hydrone_msgs/include/hydrone_msgs/hydrone_msgs/srv/detail/set_phase__struct.h
[1.084s] -- Up-to-date symlink: /home/lh/Documents/joao_pessoa_2026/install/hydrone_msgs/include/hydrone_msgs/hydrone_msgs/srv/detail/set_phase__type_support.h
[1.084s] -- Up-to-date symlink: /home/lh/Documents/joao_pessoa_2026/install/hydrone_msgs/include/hydrone_msgs/hydrone_msgs/srv/set_phase.h
[1.084s] -- Up-to-date symlink: /home/lh/Documents/joao_pessoa_2026/install/hydrone_msgs/share/hydrone_msgs/environment/library_path.sh
[1.084s] -- Up-to-date symlink: /home/lh/Documents/joao_pessoa_2026/install/hydrone_msgs/share/hydrone_msgs/environment/library_path.dsv
[1.084s] -- Up-to-date symlink: /home/lh/Documents/joao_pessoa_2026/install/hydrone_msgs/include/hydrone_msgs/hydrone_msgs/msg/detail/human_gesture__rosidl_typesupport_fastrtps_c.h
[1.084s] -- Up-to-date symlink: /home/lh/Documents/joao_pessoa_2026/install/hydrone_msgs/include/hydrone_msgs/hydrone_msgs/msg/detail/landing_base__rosidl_typesupport_fastrtps_c.h
[1.084s] -- Up-to-date symlink: /home/lh/Documents/joao_pessoa_2026/install/hydrone_msgs/include/hydrone_msgs/hydrone_msgs/msg/detail/mission_state__rosidl_typesupport_fastrtps_c.h
[1.084s] -- Up-to-date symlink: /home/lh/Documents/joao_pessoa_2026/install/hydrone_msgs/include/hydrone_msgs/hydrone_msgs/msg/detail/qr_code__rosidl_typesupport_fastrtps_c.h
[1.084s] -- Up-to-date symlink: /home/lh/Documents/joao_pessoa_2026/install/hydrone_msgs/include/hydrone_msgs/hydrone_msgs/msg/rosidl_typesupport_fastrtps_c__visibility_control.h
[1.084s] -- Up-to-date symlink: /home/lh/Documents/joao_pessoa_2026/install/hydrone_msgs/include/hydrone_msgs/hydrone_msgs/srv/detail/set_phase__rosidl_typesupport_fastrtps_c.h
[1.084s] -- Up-to-date symlink: /home/lh/Documents/joao_pessoa_2026/install/hydrone_msgs/include/hydrone_msgs/hydrone_msgs/msg/detail/human_gesture__rosidl_typesupport_introspection_c.h
[1.084s] -- Up-to-date symlink: /home/lh/Documents/joao_pessoa_2026/install/hydrone_msgs/include/hydrone_msgs/hydrone_msgs/msg/detail/landing_base__rosidl_typesupport_introspection_c.h
[1.084s] -- Up-to-date symlink: /home/lh/Documents/joao_pessoa_2026/install/hydrone_msgs/include/hydrone_msgs/hydrone_msgs/msg/detail/mission_state__rosidl_typesupport_introspection_c.h
[1.084s] -- Up-to-date symlink: /home/lh/Documents/joao_pessoa_2026/install/hydrone_msgs/include/hydrone_msgs/hydrone_msgs/msg/detail/qr_code__rosidl_typesupport_introspection_c.h
[1.084s] -- Up-to-date symlink: /home/lh/Documents/joao_pessoa_2026/install/hydrone_msgs/include/hydrone_msgs/hydrone_msgs/msg/rosidl_typesupport_introspection_c__visibility_control.h
[1.084s] -- Up-to-date symlink: /home/lh/Documents/joao_pessoa_2026/install/hydrone_msgs/include/hydrone_msgs/hydrone_msgs/srv/detail/set_phase__rosidl_typesupport_introspection_c.h
[1.085s] -- Up-to-date symlink: /home/lh/Documents/joao_pessoa_2026/install/hydrone_msgs/include/hydrone_msgs/hydrone_msgs/msg/detail/human_gesture__builder.hpp
[1.085s] -- Up-to-date symlink: /home/lh/Documents/joao_pessoa_2026/install/hydrone_msgs/include/hydrone_msgs/hydrone_msgs/msg/detail/human_gesture__struct.hpp
[1.085s] -- Up-to-date symlink: /home/lh/Documents/joao_pessoa_2026/install/hydrone_msgs/include/hydrone_msgs/hydrone_msgs/msg/detail/human_gesture__traits.hpp
[1.085s] -- Up-to-date symlink: /home/lh/Documents/joao_pessoa_2026/install/hydrone_msgs/include/hydrone_msgs/hydrone_msgs/msg/detail/human_gesture__type_support.hpp
[1.085s] -- Up-to-date symlink: /home/lh/Documents/joao_pessoa_2026/install/hydrone_msgs/include/hydrone_msgs/hydrone_msgs/msg/detail/landing_base__builder.hpp
[1.085s] -- Up-to-date symlink: /home/lh/Documents/joao_pessoa_2026/install/hydrone_msgs/include/hydrone_msgs/hydrone_msgs/msg/detail/landing_base__struct.hpp
[1.085s] -- Up-to-date symlink: /home/lh/Documents/joao_pessoa_2026/install/hydrone_msgs/include/hydrone_msgs/hydrone_msgs/msg/detail/landing_base__traits.hpp
[1.085s] -- Up-to-date symlink: /home/lh/Documents/joao_pessoa_2026/install/hydrone_msgs/include/hydrone_msgs/hydrone_msgs/msg/detail/landing_base__type_support.hpp
[1.085s] -- Up-to-date symlink: /home/lh/Documents/joao_pessoa_2026/install/hydrone_msgs/include/hydrone_msgs/hydrone_msgs/msg/detail/mission_state__builder.hpp
[1.085s] -- Up-to-date symlink: /home/lh/Documents/joao_pessoa_2026/install/hydrone_msgs/include/hydrone_msgs/hydrone_msgs/msg/detail/mission_state__struct.hpp
[1.085s] -- Up-to-date symlink: /home/lh/Documents/joao_pessoa_2026/install/hydrone_msgs/include/hydrone_msgs/hydrone_msgs/msg/detail/mission_state__traits.hpp
[1.085s] -- Up-to-date symlink: /home/lh/Documents/joao_pessoa_2026/install/hydrone_msgs/include/hydrone_msgs/hydrone_msgs/msg/detail/mission_state__type_support.hpp
[1.085s] -- Up-to-date symlink: /home/lh/Documents/joao_pessoa_2026/install/hydrone_msgs/include/hydrone_msgs/hydrone_msgs/msg/detail/qr_code__builder.hpp
[1.085s] -- Up-to-date symlink: /home/lh/Documents/joao_pessoa_2026/install/hydrone_msgs/include/hydrone_msgs/hydrone_msgs/msg/detail/qr_code__struct.hpp
[1.085s] -- Up-to-date symlink: /home/lh/Documents/joao_pessoa_2026/install/hydrone_msgs/include/hydrone_msgs/hydrone_msgs/msg/detail/qr_code__traits.hpp
[1.085s] -- Up-to-date symlink: /home/lh/Documents/joao_pessoa_2026/install/hydrone_msgs/include/hydrone_msgs/hydrone_msgs/msg/detail/qr_code__type_support.hpp
[1.085s] -- Up-to-date symlink: /home/lh/Documents/joao_pessoa_2026/install/hydrone_msgs/include/hydrone_msgs/hydrone_msgs/msg/human_gesture.hpp
[1.085s] -- Up-to-date symlink: /home/lh/Documents/joao_pessoa_2026/install/hydrone_msgs/include/hydrone_msgs/hydrone_msgs/msg/landing_base.hpp
[1.085s] -- Up-to-date symlink: /home/lh/Documents/joao_pessoa_2026/install/hydrone_msgs/include/hydrone_msgs/hydrone_msgs/msg/mission_state.hpp
[1.085s] -- Up-to-date symlink: /home/lh/Documents/joao_pessoa_2026/install/hydrone_msgs/include/hydrone_msgs/hydrone_msgs/msg/qr_code.hpp
[1.085s] -- Up-to-date symlink: /home/lh/Documents/joao_pessoa_2026/install/hydrone_msgs/include/hydrone_msgs/hydrone_msgs/msg/rosidl_generator_cpp__visibility_control.hpp
[1.085s] -- Up-to-date symlink: /home/lh/Documents/joao_pessoa_2026/install/hydrone_msgs/include/hydrone_msgs/hydrone_msgs/srv/detail/set_phase__builder.hpp
[1.085s] -- Up-to-date symlink: /home/lh/Documents/joao_pessoa_2026/install/hydrone_msgs/include/hydrone_msgs/hydrone_msgs/srv/detail/set_phase__struct.hpp
[1.085s] -- Up-to-date symlink: /home/lh/Documents/joao_pessoa_2026/install/hydrone_msgs/include/hydrone_msgs/hydrone_msgs/srv/detail/set_phase__traits.hpp
[1.086s] -- Up-to-date symlink: /home/lh/Documents/joao_pessoa_2026/install/hydrone_msgs/include/hydrone_msgs/hydrone_msgs/srv/detail/set_phase__type_support.hpp
[1.086s] -- Up-to-date symlink: /home/lh/Documents/joao_pessoa_2026/install/hydrone_msgs/include/hydrone_msgs/hydrone_msgs/srv/set_phase.hpp
[1.086s] -- Up-to-date symlink: /home/lh/Documents/joao_pessoa_2026/install/hydrone_msgs/include/hydrone_msgs/hydrone_msgs/msg/detail/human_gesture__rosidl_typesupport_fastrtps_cpp.hpp
[1.086s] -- Up-to-date symlink: /home/lh/Documents/joao_pessoa_2026/install/hydrone_msgs/include/hydrone_msgs/hydrone_msgs/msg/detail/landing_base__rosidl_typesupport_fastrtps_cpp.hpp
[1.086s] -- Up-to-date symlink: /home/lh/Documents/joao_pessoa_2026/install/hydrone_msgs/include/hydrone_msgs/hydrone_msgs/msg/detail/mission_state__rosidl_typesupport_fastrtps_cpp.hpp
[1.086s] -- Up-to-date symlink: /home/lh/Documents/joao_pessoa_2026/install/hydrone_msgs/include/hydrone_msgs/hydrone_msgs/msg/detail/qr_code__rosidl_typesupport_fastrtps_cpp.hpp
[1.086s] -- Up-to-date symlink: /home/lh/Documents/joao_pessoa_2026/install/hydrone_msgs/include/hydrone_msgs/hydrone_msgs/msg/rosidl_typesupport_fastrtps_cpp__visibility_control.h
[1.086s] -- Up-to-date symlink: /home/lh/Documents/joao_pessoa_2026/install/hydrone_msgs/include/hydrone_msgs/hydrone_msgs/srv/detail/set_phase__rosidl_typesupport_fastrtps_cpp.hpp
[1.086s] -- Up-to-date symlink: /home/lh/Documents/joao_pessoa_2026/install/hydrone_msgs/include/hydrone_msgs/hydrone_msgs/msg/detail/human_gesture__rosidl_typesupport_introspection_cpp.hpp
[1.086s] -- Up-to-date symlink: /home/lh/Documents/joao_pessoa_2026/install/hydrone_msgs/include/hydrone_msgs/hydrone_msgs/msg/detail/landing_base__rosidl_typesupport_introspection_cpp.hpp
[1.086s] -- Up-to-date symlink: /home/lh/Documents/joao_pessoa_2026/install/hydrone_msgs/include/hydrone_msgs/hydrone_msgs/msg/detail/mission_state__rosidl_typesupport_introspection_cpp.hpp
[1.086s] -- Up-to-date symlink: /home/lh/Documents/joao_pessoa_2026/install/hydrone_msgs/include/hydrone_msgs/hydrone_msgs/msg/detail/qr_code__rosidl_typesupport_introspection_cpp.hpp
[1.086s] -- Up-to-date symlink: /home/lh/Documents/joao_pessoa_2026/install/hydrone_msgs/include/hydrone_msgs/hydrone_msgs/srv/detail/set_phase__rosidl_typesupport_introspection_cpp.hpp
[1.086s] -- Up-to-date symlink: /home/lh/Documents/joao_pessoa_2026/install/hydrone_msgs/share/hydrone_msgs/environment/pythonpath.sh
[1.086s] -- Up-to-date symlink: /home/lh/Documents/joao_pessoa_2026/install/hydrone_msgs/share/hydrone_msgs/environment/pythonpath.dsv
[1.086s] -- Up-to-date symlink: /home/lh/Documents/joao_pessoa_2026/install/hydrone_msgs/local/lib/python3.10/dist-packages/hydrone_msgs-1.0.0-py3.10.egg-info/PKG-INFO
[1.087s] -- Up-to-date symlink: /home/lh/Documents/joao_pessoa_2026/install/hydrone_msgs/local/lib/python3.10/dist-packages/hydrone_msgs-1.0.0-py3.10.egg-info/SOURCES.txt
[1.087s] -- Up-to-date symlink: /home/lh/Documents/joao_pessoa_2026/install/hydrone_msgs/local/lib/python3.10/dist-packages/hydrone_msgs-1.0.0-py3.10.egg-info/dependency_links.txt
[1.087s] -- Up-to-date symlink: /home/lh/Documents/joao_pessoa_2026/install/hydrone_msgs/local/lib/python3.10/dist-packages/hydrone_msgs-1.0.0-py3.10.egg-info/top_level.txt
[1.087s] -- Up-to-date symlink: /home/lh/Documents/joao_pessoa_2026/install/hydrone_msgs/local/lib/python3.10/dist-packages/hydrone_msgs/__init__.py
[1.087s] -- Up-to-date symlink: /home/lh/Documents/joao_pessoa_2026/install/hydrone_msgs/local/lib/python3.10/dist-packages/hydrone_msgs/_hydrone_msgs_s.ep.rosidl_typesupport_c.c
[1.087s] -- Up-to-date symlink: /home/lh/Documents/joao_pessoa_2026/install/hydrone_msgs/local/lib/python3.10/dist-packages/hydrone_msgs/_hydrone_msgs_s.ep.rosidl_typesupport_fastrtps_c.c
[1.087s] -- Up-to-date symlink: /home/lh/Documents/joao_pessoa_2026/install/hydrone_msgs/local/lib/python3.10/dist-packages/hydrone_msgs/_hydrone_msgs_s.ep.rosidl_typesupport_introspection_c.c
[1.087s] -- Up-to-date symlink: /home/lh/Documents/joao_pessoa_2026/install/hydrone_msgs/local/lib/python3.10/dist-packages/hydrone_msgs/hydrone_msgs_s__rosidl_typesupport_c.cpython-310-x86_64-linux-gnu.so
[1.087s] -- Up-to-date symlink: /home/lh/Documents/joao_pessoa_2026/install/hydrone_msgs/local/lib/python3.10/dist-packages/hydrone_msgs/hydrone_msgs_s__rosidl_typesupport_fastrtps_c.cpython-310-x86_64-linux-gnu.so
[1.087s] -- Up-to-date symlink: /home/lh/Documents/joao_pessoa_2026/install/hydrone_msgs/local/lib/python3.10/dist-packages/hydrone_msgs/hydrone_msgs_s__rosidl_typesupport_introspection_c.cpython-310-x86_64-linux-gnu.so
[1.087s] -- Up-to-date symlink: /home/lh/Documents/joao_pessoa_2026/install/hydrone_msgs/local/lib/python3.10/dist-packages/hydrone_msgs/libhydrone_msgs__rosidl_generator_py.so
[1.087s] -- Up-to-date symlink: /home/lh/Documents/joao_pessoa_2026/install/hydrone_msgs/local/lib/python3.10/dist-packages/hydrone_msgs/msg/__init__.py
[1.087s] -- Up-to-date symlink: /home/lh/Documents/joao_pessoa_2026/install/hydrone_msgs/local/lib/python3.10/dist-packages/hydrone_msgs/msg/_human_gesture.py
[1.087s] -- Up-to-date symlink: /home/lh/Documents/joao_pessoa_2026/install/hydrone_msgs/local/lib/python3.10/dist-packages/hydrone_msgs/msg/_human_gesture_s.c
[1.087s] -- Up-to-date symlink: /home/lh/Documents/joao_pessoa_2026/install/hydrone_msgs/local/lib/python3.10/dist-packages/hydrone_msgs/msg/_landing_base.py
[1.087s] -- Up-to-date symlink: /home/lh/Documents/joao_pessoa_2026/install/hydrone_msgs/local/lib/python3.10/dist-packages/hydrone_msgs/msg/_landing_base_s.c
[1.087s] -- Up-to-date symlink: /home/lh/Documents/joao_pessoa_2026/install/hydrone_msgs/local/lib/python3.10/dist-packages/hydrone_msgs/msg/_mission_state.py
[1.087s] -- Up-to-date symlink: /home/lh/Documents/joao_pessoa_2026/install/hydrone_msgs/local/lib/python3.10/dist-packages/hydrone_msgs/msg/_mission_state_s.c
[1.087s] -- Up-to-date symlink: /home/lh/Documents/joao_pessoa_2026/install/hydrone_msgs/local/lib/python3.10/dist-packages/hydrone_msgs/msg/_qr_code.py
[1.088s] -- Up-to-date symlink: /home/lh/Documents/joao_pessoa_2026/install/hydrone_msgs/local/lib/python3.10/dist-packages/hydrone_msgs/msg/_qr_code_s.c
[1.088s] -- Up-to-date symlink: /home/lh/Documents/joao_pessoa_2026/install/hydrone_msgs/local/lib/python3.10/dist-packages/hydrone_msgs/srv/__init__.py
[1.088s] -- Up-to-date symlink: /home/lh/Documents/joao_pessoa_2026/install/hydrone_msgs/local/lib/python3.10/dist-packages/hydrone_msgs/srv/_set_phase.py
[1.088s] -- Up-to-date symlink: /home/lh/Documents/joao_pessoa_2026/install/hydrone_msgs/local/lib/python3.10/dist-packages/hydrone_msgs/srv/_set_phase_s.c
[1.088s] -- Up-to-date symlink: /home/lh/Documents/joao_pessoa_2026/install/hydrone_msgs/local/lib/python3.10/dist-packages/hydrone_msgs/hydrone_msgs_s__rosidl_typesupport_fastrtps_c.cpython-310-x86_64-linux-gnu.so
[1.088s] -- Up-to-date symlink: /home/lh/Documents/joao_pessoa_2026/install/hydrone_msgs/local/lib/python3.10/dist-packages/hydrone_msgs/hydrone_msgs_s__rosidl_typesupport_introspection_c.cpython-310-x86_64-linux-gnu.so
[1.088s] -- Up-to-date symlink: /home/lh/Documents/joao_pessoa_2026/install/hydrone_msgs/local/lib/python3.10/dist-packages/hydrone_msgs/hydrone_msgs_s__rosidl_typesupport_c.cpython-310-x86_64-linux-gnu.so
[1.088s] -- Up-to-date symlink: /home/lh/Documents/joao_pessoa_2026/install/hydrone_msgs/share/ament_index/resource_index/rust_packages/hydrone_msgs
[1.088s] -- Up-to-date symlink: /home/lh/Documents/joao_pessoa_2026/install/hydrone_msgs/share/hydrone_msgs/rust/Cargo.toml
[1.088s] -- Up-to-date symlink: /home/lh/Documents/joao_pessoa_2026/install/hydrone_msgs/share/hydrone_msgs/rust/build.rs
[1.088s] -- Up-to-date symlink: /home/lh/Documents/joao_pessoa_2026/install/hydrone_msgs/share/hydrone_msgs/rust/src/lib.rs
[1.088s] -- Up-to-date symlink: /home/lh/Documents/joao_pessoa_2026/install/hydrone_msgs/share/hydrone_msgs/rust/src/msg.rs
[1.088s] -- Up-to-date symlink: /home/lh/Documents/joao_pessoa_2026/install/hydrone_msgs/share/hydrone_msgs/rust/src/msg/rmw.rs
[1.088s] -- Up-to-date symlink: /home/lh/Documents/joao_pessoa_2026/install/hydrone_msgs/share/hydrone_msgs/rust/src/srv.rs
[1.088s] -- Up-to-date symlink: /home/lh/Documents/joao_pessoa_2026/install/hydrone_msgs/share/hydrone_msgs/rust/src/srv/rmw.rs
[1.088s] -- Up-to-date symlink: /home/lh/Documents/joao_pessoa_2026/install/hydrone_msgs/share/hydrone_msgs/msg/LandingBase.idl
[1.088s] -- Up-to-date symlink: /home/lh/Documents/joao_pessoa_2026/install/hydrone_msgs/share/hydrone_msgs/msg/MissionState.idl
[1.088s] -- Up-to-date symlink: /home/lh/Documents/joao_pessoa_2026/install/hydrone_msgs/share/hydrone_msgs/msg/HumanGesture.idl
[1.088s] -- Up-to-date symlink: /home/lh/Documents/joao_pessoa_2026/install/hydrone_msgs/share/hydrone_msgs/msg/QRCode.idl
[1.088s] -- Up-to-date symlink: /home/lh/Documents/joao_pessoa_2026/install/hydrone_msgs/share/hydrone_msgs/srv/SetPhase.idl
[1.089s] -- Up-to-date symlink: /home/lh/Documents/joao_pessoa_2026/install/hydrone_msgs/share/hydrone_msgs/msg/LandingBase.msg
[1.089s] -- Up-to-date symlink: /home/lh/Documents/joao_pessoa_2026/install/hydrone_msgs/share/hydrone_msgs/msg/MissionState.msg
[1.089s] -- Up-to-date symlink: /home/lh/Documents/joao_pessoa_2026/install/hydrone_msgs/share/hydrone_msgs/msg/HumanGesture.msg
[1.089s] -- Up-to-date symlink: /home/lh/Documents/joao_pessoa_2026/install/hydrone_msgs/share/hydrone_msgs/msg/QRCode.msg
[1.089s] -- Up-to-date symlink: /home/lh/Documents/joao_pessoa_2026/install/hydrone_msgs/share/hydrone_msgs/srv/SetPhase.srv
[1.089s] -- Up-to-date symlink: /home/lh/Documents/joao_pessoa_2026/install/hydrone_msgs/share/hydrone_msgs/srv/SetPhase_Request.msg
[1.089s] -- Up-to-date symlink: /home/lh/Documents/joao_pessoa_2026/install/hydrone_msgs/share/hydrone_msgs/srv/SetPhase_Response.msg
[1.089s] -- Up-to-date symlink: /home/lh/Documents/joao_pessoa_2026/install/hydrone_msgs/share/ament_index/resource_index/package_run_dependencies/hydrone_msgs
[1.089s] -- Up-to-date symlink: /home/lh/Documents/joao_pessoa_2026/install/hydrone_msgs/share/ament_index/resource_index/parent_prefix_path/hydrone_msgs
[1.089s] -- Up-to-date symlink: /home/lh/Documents/joao_pessoa_2026/install/hydrone_msgs/share/hydrone_msgs/environment/ament_prefix_path.sh
[1.089s] -- Up-to-date symlink: /home/lh/Documents/joao_pessoa_2026/install/hydrone_msgs/share/hydrone_msgs/environment/ament_prefix_path.dsv
[1.089s] -- Up-to-date symlink: /home/lh/Documents/joao_pessoa_2026/install/hydrone_msgs/share/hydrone_msgs/environment/path.sh
[1.089s] -- Up-to-date symlink: /home/lh/Documents/joao_pessoa_2026/install/hydrone_msgs/share/hydrone_msgs/environment/path.dsv
[1.089s] -- Up-to-date symlink: /home/lh/Documents/joao_pessoa_2026/install/hydrone_msgs/share/hydrone_msgs/local_setup.bash
[1.089s] -- Up-to-date symlink: /home/lh/Documents/joao_pessoa_2026/install/hydrone_msgs/share/hydrone_msgs/local_setup.sh
[1.089s] -- Up-to-date symlink: /home/lh/Documents/joao_pessoa_2026/install/hydrone_msgs/share/hydrone_msgs/local_setup.zsh
[1.089s] -- Up-to-date symlink: /home/lh/Documents/joao_pessoa_2026/install/hydrone_msgs/share/hydrone_msgs/local_setup.dsv
[1.089s] -- Symlinking: /home/lh/Documents/joao_pessoa_2026/install/hydrone_msgs/share/hydrone_msgs/package.dsv
[1.095s] -- Up-to-date symlink: /home/lh/Documents/joao_pessoa_2026/install/hydrone_msgs/share/ament_index/resource_index/packages/hydrone_msgs
[1.095s] -- Up-to-date symlink: /home/lh/Documents/joao_pessoa_2026/install/hydrone_msgs/share/hydrone_msgs/cmake/rosidl_cmake-extras.cmake
[1.095s] -- Up-to-date symlink: /home/lh/Documents/joao_pessoa_2026/install/hydrone_msgs/share/hydrone_msgs/cmake/ament_cmake_export_dependencies-extras.cmake
[1.095s] -- Up-to-date symlink: /home/lh/Documents/joao_pessoa_2026/install/hydrone_msgs/share/hydrone_msgs/cmake/ament_cmake_export_include_directories-extras.cmake
[1.095s] -- Up-to-date symlink: /home/lh/Documents/joao_pessoa_2026/install/hydrone_msgs/share/hydrone_msgs/cmake/ament_cmake_export_libraries-extras.cmake
[1.095s] -- Up-to-date symlink: /home/lh/Documents/joao_pessoa_2026/install/hydrone_msgs/share/hydrone_msgs/cmake/ament_cmake_export_targets-extras.cmake
[1.096s] -- Up-to-date symlink: /home/lh/Documents/joao_pessoa_2026/install/hydrone_msgs/share/hydrone_msgs/cmake/rosidl_cmake_export_typesupport_targets-extras.cmake
[1.096s] -- Up-to-date symlink: /home/lh/Documents/joao_pessoa_2026/install/hydrone_msgs/share/hydrone_msgs/cmake/rosidl_cmake_export_typesupport_libraries-extras.cmake
[1.096s] -- Up-to-date symlink: /home/lh/Documents/joao_pessoa_2026/install/hydrone_msgs/share/hydrone_msgs/cmake/hydrone_msgsConfig.cmake
[1.096s] -- Up-to-date symlink: /home/lh/Documents/joao_pessoa_2026/install/hydrone_msgs/share/hydrone_msgs/cmake/hydrone_msgsConfig-version.cmake
[1.096s] -- Up-to-date symlink: /home/lh/Documents/joao_pessoa_2026/install/hydrone_msgs/share/hydrone_msgs/package.xml
[1.096s] -- Up-to-date: /home/lh/Documents/joao_pessoa_2026/install/hydrone_msgs/lib/libhydrone_msgs__rosidl_generator_c.so
[1.096s] -- Up-to-date: /home/lh/Documents/joao_pessoa_2026/install/hydrone_msgs/lib/libhydrone_msgs__rosidl_typesupport_fastrtps_c.so
[1.096s] -- Up-to-date: /home/lh/Documents/joao_pessoa_2026/install/hydrone_msgs/lib/libhydrone_msgs__rosidl_typesupport_introspection_c.so
[1.096s] -- Up-to-date: /home/lh/Documents/joao_pessoa_2026/install/hydrone_msgs/lib/libhydrone_msgs__rosidl_typesupport_c.so
[1.096s] -- Up-to-date: /home/lh/Documents/joao_pessoa_2026/install/hydrone_msgs/lib/libhydrone_msgs__rosidl_typesupport_fastrtps_cpp.so
[1.096s] -- Up-to-date: /home/lh/Documents/joao_pessoa_2026/install/hydrone_msgs/lib/libhydrone_msgs__rosidl_typesupport_introspection_cpp.so
[1.096s] -- Up-to-date: /home/lh/Documents/joao_pessoa_2026/install/hydrone_msgs/lib/libhydrone_msgs__rosidl_typesupport_cpp.so
[1.116s] Listing '/home/lh/Documents/joao_pessoa_2026/install/hydrone_msgs/local/lib/python3.10/dist-packages/hydrone_msgs'...
[1.116s] Compiling '/home/lh/Documents/joao_pessoa_2026/install/hydrone_msgs/local/lib/python3.10/dist-packages/hydrone_msgs/__init__.py'...
[1.116s] Listing '/home/lh/Documents/joao_pessoa_2026/install/hydrone_msgs/local/lib/python3.10/dist-packages/hydrone_msgs/msg'...
[1.116s] Listing '/home/lh/Documents/joao_pessoa_2026/install/hydrone_msgs/local/lib/python3.10/dist-packages/hydrone_msgs/srv'...
[1.118s] -- Up-to-date: /home/lh/Documents/joao_pessoa_2026/install/hydrone_msgs/lib/libhydrone_msgs__rosidl_generator_py.so
[1.118s] -- Up-to-date: /home/lh/Documents/joao_pessoa_2026/install/hydrone_msgs/share/hydrone_msgs/cmake/export_hydrone_msgs__rosidl_generator_cExport.cmake
[1.118s] -- Up-to-date: /home/lh/Documents/joao_pessoa_2026/install/hydrone_msgs/share/hydrone_msgs/cmake/export_hydrone_msgs__rosidl_generator_cExport-noconfig.cmake
[1.118s] -- Up-to-date: /home/lh/Documents/joao_pessoa_2026/install/hydrone_msgs/share/hydrone_msgs/cmake/export_hydrone_msgs__rosidl_typesupport_fastrtps_cExport.cmake
[1.118s] -- Up-to-date: /home/lh/Documents/joao_pessoa_2026/install/hydrone_msgs/share/hydrone_msgs/cmake/export_hydrone_msgs__rosidl_typesupport_fastrtps_cExport-noconfig.cmake
[1.119s] -- Up-to-date: /home/lh/Documents/joao_pessoa_2026/install/hydrone_msgs/share/hydrone_msgs/cmake/hydrone_msgs__rosidl_typesupport_introspection_cExport.cmake
[1.119s] -- Up-to-date: /home/lh/Documents/joao_pessoa_2026/install/hydrone_msgs/share/hydrone_msgs/cmake/hydrone_msgs__rosidl_typesupport_introspection_cExport-noconfig.cmake
[1.119s] -- Up-to-date: /home/lh/Documents/joao_pessoa_2026/install/hydrone_msgs/share/hydrone_msgs/cmake/hydrone_msgs__rosidl_typesupport_cExport.cmake
[1.119s] -- Up-to-date: /home/lh/Documents/joao_pessoa_2026/install/hydrone_msgs/share/hydrone_msgs/cmake/hydrone_msgs__rosidl_typesupport_cExport-noconfig.cmake
[1.119s] -- Up-to-date: /home/lh/Documents/joao_pessoa_2026/install/hydrone_msgs/share/hydrone_msgs/cmake/export_hydrone_msgs__rosidl_generator_cppExport.cmake
[1.119s] -- Up-to-date: /home/lh/Documents/joao_pessoa_2026/install/hydrone_msgs/share/hydrone_msgs/cmake/export_hydrone_msgs__rosidl_typesupport_fastrtps_cppExport.cmake
[1.119s] -- Up-to-date: /home/lh/Documents/joao_pessoa_2026/install/hydrone_msgs/share/hydrone_msgs/cmake/export_hydrone_msgs__rosidl_typesupport_fastrtps_cppExport-noconfig.cmake
[1.119s] -- Up-to-date: /home/lh/Documents/joao_pessoa_2026/install/hydrone_msgs/share/hydrone_msgs/cmake/hydrone_msgs__rosidl_typesupport_introspection_cppExport.cmake
[1.119s] -- Up-to-date: /home/lh/Documents/joao_pessoa_2026/install/hydrone_msgs/share/hydrone_msgs/cmake/hydrone_msgs__rosidl_typesupport_introspection_cppExport-noconfig.cmake
[1.119s] -- Up-to-date: /home/lh/Documents/joao_pessoa_2026/install/hydrone_msgs/share/hydrone_msgs/cmake/hydrone_msgs__rosidl_typesupport_cppExport.cmake
[1.119s] -- Up-to-date: /home/lh/Documents/joao_pessoa_2026/install/hydrone_msgs/share/hydrone_msgs/cmake/hydrone_msgs__rosidl_typesupport_cppExport-noconfig.cmake
[1.119s] -- Up-to-date: /home/lh/Documents/joao_pessoa_2026/install/hydrone_msgs/share/hydrone_msgs/cmake/export_hydrone_msgs__rosidl_generator_pyExport.cmake
[1.119s] -- Up-to-date: /home/lh/Documents/joao_pessoa_2026/install/hydrone_msgs/share/hydrone_msgs/cmake/export_hydrone_msgs__rosidl_generator_pyExport-noconfig.cmake
[1.236s] Invoked command in '/home/lh/Documents/joao_pessoa_2026/build/hydrone_msgs' returned '0': CMAKE_PREFIX_PATH=${CMAKE_PREFIX_PATH}:/home/lh/Documents/joao_pessoa_2026/install/hydrone_biguasim:/home/lh/Documents/joao_pessoa_2026/install/hydrone_bringup:/home/lh/Documents/joao_pessoa_2026/install/hydrone_vision:/home/lh/Documents/joao_pessoa_2026/install/hydrone_nav:/home/lh/Documents/joao_pessoa_2026/install/hydrone_mission:/home/lh/Documents/joao_pessoa_2026/install/hydrone_controller:/home/lh/Documents/joao_pessoa_2026/install/ardupilot_dds_tests:/home/lh/Documents/joao_pessoa_2026/install/biguasim_main:/opt/ros/humble /usr/bin/cmake --install /home/lh/Documents/joao_pessoa_2026/build/hydrone_msgs
