running develop
Removing /home/lh/Documents/joao_pessoa_2026/install/hydrone_vision/lib/python3.10/site-packages/hydrone-vision.egg-link (link to .)
running egg_info
writing ../../build/hydrone_vision/hydrone_vision.egg-info/PKG-INFO
writing dependency_links to ../../build/hydrone_vision/hydrone_vision.egg-info/dependency_links.txt
writing entry points to ../../build/hydrone_vision/hydrone_vision.egg-info/entry_points.txt
writing requirements to ../../build/hydrone_vision/hydrone_vision.egg-info/requires.txt
writing top-level names to ../../build/hydrone_vision/hydrone_vision.egg-info/top_level.txt
reading manifest file '../../build/hydrone_vision/hydrone_vision.egg-info/SOURCES.txt'
writing manifest file '../../build/hydrone_vision/hydrone_vision.egg-info/SOURCES.txt'
running build
running build_py
creating /home/lh/Documents/joao_pessoa_2026/build/hydrone_vision/build
creating /home/lh/Documents/joao_pessoa_2026/build/hydrone_vision/build/lib
creating /home/lh/Documents/joao_pessoa_2026/build/hydrone_vision/build/lib/hydrone_vision
copying hydrone_vision/__init__.py -> /home/lh/Documents/joao_pessoa_2026/build/hydrone_vision/build/lib/hydrone_vision
copying hydrone_vision/vision_node.py -> /home/lh/Documents/joao_pessoa_2026/build/hydrone_vision/build/lib/hydrone_vision
running install
running install_lib
creating /home/lh/Documents/joao_pessoa_2026/install/hydrone_vision/lib/python3.10/site-packages/hydrone_vision
copying /home/lh/Documents/joao_pessoa_2026/build/hydrone_vision/build/lib/hydrone_vision/__init__.py -> /home/lh/Documents/joao_pessoa_2026/install/hydrone_vision/lib/python3.10/site-packages/hydrone_vision
copying /home/lh/Documents/joao_pessoa_2026/build/hydrone_vision/build/lib/hydrone_vision/vision_node.py -> /home/lh/Documents/joao_pessoa_2026/install/hydrone_vision/lib/python3.10/site-packages/hydrone_vision
byte-compiling /home/lh/Documents/joao_pessoa_2026/install/hydrone_vision/lib/python3.10/site-packages/hydrone_vision/__init__.py to __init__.cpython-310.pyc
byte-compiling /home/lh/Documents/joao_pessoa_2026/install/hydrone_vision/lib/python3.10/site-packages/hydrone_vision/vision_node.py to vision_node.cpython-310.pyc
running install_data
copying resource/hydrone_vision -> /home/lh/Documents/joao_pessoa_2026/install/hydrone_vision/share/ament_index/resource_index/packages
copying package.xml -> /home/lh/Documents/joao_pessoa_2026/install/hydrone_vision/share/hydrone_vision
running install_egg_info
Copying ../../build/hydrone_vision/hydrone_vision.egg-info to /home/lh/Documents/joao_pessoa_2026/install/hydrone_vision/lib/python3.10/site-packages/hydrone_vision-1.0.0-py3.10.egg-info
running install_scripts
Installing vision_node script to /home/lh/Documents/joao_pessoa_2026/install/hydrone_vision/bin
writing list of installed files to '/home/lh/Documents/joao_pessoa_2026/build/hydrone_vision/install.log'
