[0.691s] Invoking command in '/home/lh/Documents/joao_pessoa_2026/build/hydrone_vision': AMENT_PREFIX_PATH=/home/lh/Documents/joao_pessoa_2026/install/hydrone_msgs:${AMENT_PREFIX_PATH} CMAKE_PREFIX_PATH=/home/lh/Documents/joao_pessoa_2026/install/hydrone_msgs:${CMAKE_PREFIX_PATH} LD_LIBRARY_PATH=/home/lh/Documents/joao_pessoa_2026/install/hydrone_msgs/lib:${LD_LIBRARY_PATH} PYTHONPATH=/home/lh/Documents/joao_pessoa_2026/build/hydrone_vision/prefix_override:/usr/lib/python3/dist-packages/colcon_core/task/python/colcon_distutils_commands:/home/lh/Documents/joao_pessoa_2026/install/hydrone_vision/lib/python3.10/site-packages:/home/lh/Documents/joao_pessoa_2026/install/hydrone_msgs/local/lib/python3.10/dist-packages:${PYTHONPATH} /usr/bin/python3 -W ignore:setup.py install is deprecated -W ignore:easy_install command is deprecated setup.py develop --editable --build-directory /home/lh/Documents/joao_pessoa_2026/build/hydrone_vision/build --no-deps symlink_data
[0.807s] running develop
[0.881s] running egg_info
[0.881s] creating hydrone_vision.egg-info
[0.881s] writing hydrone_vision.egg-info/PKG-INFO
[0.882s] writing dependency_links to hydrone_vision.egg-info/dependency_links.txt
[0.882s] writing entry points to hydrone_vision.egg-info/entry_points.txt
[0.882s] writing requirements to hydrone_vision.egg-info/requires.txt
[0.882s] writing top-level names to hydrone_vision.egg-info/top_level.txt
[0.882s] writing manifest file 'hydrone_vision.egg-info/SOURCES.txt'
[0.882s] reading manifest file 'hydrone_vision.egg-info/SOURCES.txt'
[0.883s] writing manifest file 'hydrone_vision.egg-info/SOURCES.txt'
[0.883s] running build_ext
[0.883s] Creating /home/lh/Documents/joao_pessoa_2026/install/hydrone_vision/lib/python3.10/site-packages/hydrone-vision.egg-link (link to .)
[0.884s] Installing vision_node script to /home/lh/Documents/joao_pessoa_2026/install/hydrone_vision/bin
[0.884s] 
[0.884s] Installed /home/lh/Documents/joao_pessoa_2026/build/hydrone_vision
[0.884s] running symlink_data
[0.884s] creating /home/lh/Documents/joao_pessoa_2026/install/hydrone_vision/share/ament_index
[0.884s] creating /home/lh/Documents/joao_pessoa_2026/install/hydrone_vision/share/ament_index/resource_index
[0.884s] creating /home/lh/Documents/joao_pessoa_2026/install/hydrone_vision/share/ament_index/resource_index/packages
[0.884s] symbolically linking /home/lh/Documents/joao_pessoa_2026/build/hydrone_vision/resource/hydrone_vision -> /home/lh/Documents/joao_pessoa_2026/install/hydrone_vision/share/ament_index/resource_index/packages
[0.884s] symbolically linking /home/lh/Documents/joao_pessoa_2026/build/hydrone_vision/package.xml -> /home/lh/Documents/joao_pessoa_2026/install/hydrone_vision/share/hydrone_vision
[0.896s] Invoked command in '/home/lh/Documents/joao_pessoa_2026/build/hydrone_vision' returned '0': AMENT_PREFIX_PATH=/home/lh/Documents/joao_pessoa_2026/install/hydrone_msgs:${AMENT_PREFIX_PATH} CMAKE_PREFIX_PATH=/home/lh/Documents/joao_pessoa_2026/install/hydrone_msgs:${CMAKE_PREFIX_PATH} LD_LIBRARY_PATH=/home/lh/Documents/joao_pessoa_2026/install/hydrone_msgs/lib:${LD_LIBRARY_PATH} PYTHONPATH=/home/lh/Documents/joao_pessoa_2026/build/hydrone_vision/prefix_override:/usr/lib/python3/dist-packages/colcon_core/task/python/colcon_distutils_commands:/home/lh/Documents/joao_pessoa_2026/install/hydrone_vision/lib/python3.10/site-packages:/home/lh/Documents/joao_pessoa_2026/install/hydrone_msgs/local/lib/python3.10/dist-packages:${PYTHONPATH} /usr/bin/python3 -W ignore:setup.py install is deprecated -W ignore:easy_install command is deprecated setup.py develop --editable --build-directory /home/lh/Documents/joao_pessoa_2026/build/hydrone_vision/build --no-deps symlink_data
