[0.007s] Invoking command in '/home/lh/Documents/joao_pessoa_2026/build/ardupilot_msgs': CMAKE_PREFIX_PATH=${CMAKE_PREFIX_PATH}:/home/lh/Documents/joao_pessoa_2026/install/ardupilot_dds_tests:/home/lh/Documents/joao_pessoa_2026/install/hydrone_biguasim:/home/lh/Documents/joao_pessoa_2026/install/hydrone_bringup:/home/lh/Documents/joao_pessoa_2026/install/hydrone_vision:/home/lh/Documents/joao_pessoa_2026/install/hydrone_nav:/home/lh/Documents/joao_pessoa_2026/install/hydrone_mission:/home/lh/Documents/joao_pessoa_2026/install/hydrone_controller:/home/lh/Documents/joao_pessoa_2026/install/biguasim_main:/opt/ros/humble /usr/bin/cmake /home/lh/Documents/joao_pessoa_2026/src/ardupilot/Tools/ros2/ardupilot_msgs -DAMENT_CMAKE_SYMLINK_INSTALL=1 -DCMAKE_INSTALL_PREFIX=/home/lh/Documents/joao_pessoa_2026/install/ardupilot_msgs
[0.041s] -- The C compiler identification is GNU 11.4.0
[0.079s] -- The CXX compiler identification is GNU 11.4.0
[0.086s] -- Detecting C compiler ABI info
[0.122s] -- Detecting C compiler ABI info - done
[0.127s] -- Check for working C compiler: /usr/lib/ccache/cc - skipped
[0.128s] -- Detecting C compile features
[0.128s] -- Detecting C compile features - done
[0.130s] -- Detecting CXX compiler ABI info
[0.175s] -- Detecting CXX compiler ABI info - done
[0.181s] -- Check for working CXX compiler: /usr/lib/ccache/c++ - skipped
[0.181s] -- Detecting CXX compile features
[0.181s] -- Detecting CXX compile features - done
[0.182s] -- Found ament_cmake: 1.3.14 (/opt/ros/humble/share/ament_cmake/cmake)
[0.269s] -- Found Python3: /usr/bin/python3 (found version "3.10.12") found components: Interpreter 
[0.298s] -- Override CMake install command with custom implementation using symlinks instead of copying resources
[0.308s] -- Found geometry_msgs: 4.9.1 (/opt/ros/humble/share/geometry_msgs/cmake)
[0.327s] -- Found rosidl_generator_c: 3.1.8 (/opt/ros/humble/share/rosidl_generator_c/cmake)
[0.328s] -- Found rosidl_adapter: 3.1.8 (/opt/ros/humble/share/rosidl_adapter/cmake)
[0.332s] -- Found rosidl_generator_cpp: 3.1.8 (/opt/ros/humble/share/rosidl_generator_cpp/cmake)
[0.337s] -- Using all available rosidl_typesupport_c: rosidl_typesupport_fastrtps_c;rosidl_typesupport_introspection_c
[0.344s] -- Using all available rosidl_typesupport_cpp: rosidl_typesupport_fastrtps_cpp;rosidl_typesupport_introspection_cpp
[0.361s] -- Found rosidl_default_generators: 1.2.1 (/opt/ros/humble/share/rosidl_default_generators/cmake)
[0.545s] -- Found ament_cmake_cppcheck: 0.12.15 (/opt/ros/humble/share/ament_cmake_cppcheck/cmake)
[0.546s] -- Found ament_cmake_cpplint: 0.12.15 (/opt/ros/humble/share/ament_cmake_cpplint/cmake)
[0.547s] -- Found ament_cmake_uncrustify: 0.12.15 (/opt/ros/humble/share/ament_cmake_uncrustify/cmake)
[0.548s] -- Found ament_cmake_ros: 0.10.0 (/opt/ros/humble/share/ament_cmake_ros/cmake)
[0.795s] -- Using all available rosidl_typesupport_c: rosidl_typesupport_fastrtps_c;rosidl_typesupport_introspection_c
[0.886s] -- Using all available rosidl_typesupport_cpp: rosidl_typesupport_fastrtps_cpp;rosidl_typesupport_introspection_cpp
[0.900s] -- Found PythonInterp: /usr/bin/python3 (found suitable version "3.10.12", minimum required is "3.6") 
[0.900s] -- Found python_cmake_module: 0.10.0 (/opt/ros/humble/share/python_cmake_module/cmake)
[0.921s] -- Found PythonLibs: /usr/lib/x86_64-linux-gnu/libpython3.10.so (found suitable version "3.10.12", minimum required is "3.5") 
[0.921s] -- Using PYTHON_EXECUTABLE: /usr/bin/python3
[0.921s] -- Using PYTHON_INCLUDE_DIRS: /usr/include/python3.10
[0.921s] -- Using PYTHON_LIBRARIES: /usr/lib/x86_64-linux-gnu/libpython3.10.so
[0.933s] -- Found PythonExtra: .so  
[0.965s] -- Found ament_cmake_flake8: 0.12.15 (/opt/ros/humble/share/ament_cmake_flake8/cmake)
[0.966s] -- Found ament_cmake_pep257: 0.12.15 (/opt/ros/humble/share/ament_cmake_pep257/cmake)
[1.014s] -- Found ament_lint_auto: 0.12.15 (/opt/ros/humble/share/ament_lint_auto/cmake)
[1.022s] -- Added test 'copyright' to check source files copyright and LICENSE
[1.022s] -- Added test 'xmllint' to check XML markup files
[1.025s] -- Configuring done
[1.048s] -- Generating done
[1.054s] -- Build files have been written to: /home/lh/Documents/joao_pessoa_2026/build/ardupilot_msgs
[1.059s] Invoked command in '/home/lh/Documents/joao_pessoa_2026/build/ardupilot_msgs' returned '0': CMAKE_PREFIX_PATH=${CMAKE_PREFIX_PATH}:/home/lh/Documents/joao_pessoa_2026/install/ardupilot_dds_tests:/home/lh/Documents/joao_pessoa_2026/install/hydrone_biguasim:/home/lh/Documents/joao_pessoa_2026/install/hydrone_bringup:/home/lh/Documents/joao_pessoa_2026/install/hydrone_vision:/home/lh/Documents/joao_pessoa_2026/install/hydrone_nav:/home/lh/Documents/joao_pessoa_2026/install/hydrone_mission:/home/lh/Documents/joao_pessoa_2026/install/hydrone_controller:/home/lh/Documents/joao_pessoa_2026/install/biguasim_main:/opt/ros/humble /usr/bin/cmake /home/lh/Documents/joao_pessoa_2026/src/ardupilot/Tools/ros2/ardupilot_msgs -DAMENT_CMAKE_SYMLINK_INSTALL=1 -DCMAKE_INSTALL_PREFIX=/home/lh/Documents/joao_pessoa_2026/install/ardupilot_msgs
[1.060s] Invoking command in '/home/lh/Documents/joao_pessoa_2026/build/ardupilot_msgs': CMAKE_PREFIX_PATH=${CMAKE_PREFIX_PATH}:/home/lh/Documents/joao_pessoa_2026/install/ardupilot_dds_tests:/home/lh/Documents/joao_pessoa_2026/install/hydrone_biguasim:/home/lh/Documents/joao_pessoa_2026/install/hydrone_bringup:/home/lh/Documents/joao_pessoa_2026/install/hydrone_vision:/home/lh/Documents/joao_pessoa_2026/install/hydrone_nav:/home/lh/Documents/joao_pessoa_2026/install/hydrone_mission:/home/lh/Documents/joao_pessoa_2026/install/hydrone_controller:/home/lh/Documents/joao_pessoa_2026/install/biguasim_main:/opt/ros/humble /usr/bin/cmake --build /home/lh/Documents/joao_pessoa_2026/build/ardupilot_msgs -- -j32 -l32
[1.089s] [  1%] [34m[1mGenerating C code for ROS interfaces[0m
[1.094s] [  2%] [34m[1mGenerating C++ code for ROS interfaces[0m
[1.096s] [  3%] [34m[1mGenerating Rust code for ROS interfaces[0m
[1.099s] [  3%] Built target ament_cmake_python_symlink_ardupilot_msgs
[1.304s] running egg_info
[1.304s] creating ardupilot_msgs.egg-info
[1.304s] writing ardupilot_msgs.egg-info/PKG-INFO
[1.305s] writing dependency_links to ardupilot_msgs.egg-info/dependency_links.txt
[1.305s] writing top-level names to ardupilot_msgs.egg-info/top_level.txt
[1.305s] writing manifest file 'ardupilot_msgs.egg-info/SOURCES.txt'
[1.306s] reading manifest file 'ardupilot_msgs.egg-info/SOURCES.txt'
[1.307s] writing manifest file 'ardupilot_msgs.egg-info/SOURCES.txt'
[1.326s] [  3%] Built target ament_cmake_python_build_ardupilot_msgs_egg
[1.409s] [  3%] Built target ardupilot_msgs__rs
[1.614s] [  3%] Built target ardupilot_msgs__cpp
[1.619s] [  5%] [34m[1mGenerating C++ type support dispatch for ROS interfaces[0m
[1.620s] [  6%] [34m[1mGenerating C++ type support for eProsima Fast-RTPS[0m
[1.621s] [  7%] [34m[1mGenerating C++ introspection for ROS interfaces[0m
[1.663s] [ 10%] [32mBuilding C object CMakeFiles/ardupilot_msgs__rosidl_generator_c.dir/rosidl_generator_c/ardupilot_msgs/msg/detail/global_position__functions.c.o[0m
[1.663s] [ 10%] [32mBuilding C object CMakeFiles/ardupilot_msgs__rosidl_generator_c.dir/rosidl_generator_c/ardupilot_msgs/msg/detail/rc__functions.c.o[0m
[1.664s] [ 11%] [32mBuilding C object CMakeFiles/ardupilot_msgs__rosidl_generator_c.dir/rosidl_generator_c/ardupilot_msgs/msg/detail/status__functions.c.o[0m
[1.664s] [ 13%] [32mBuilding C object CMakeFiles/ardupilot_msgs__rosidl_generator_c.dir/rosidl_generator_c/ardupilot_msgs/srv/detail/arm_motors__functions.c.o[0m
[1.664s] [ 13%] [32mBuilding C object CMakeFiles/ardupilot_msgs__rosidl_generator_c.dir/rosidl_generator_c/ardupilot_msgs/msg/detail/airspeed__functions.c.o[0m
[1.665s] [ 15%] [32mBuilding C object CMakeFiles/ardupilot_msgs__rosidl_generator_c.dir/rosidl_generator_c/ardupilot_msgs/srv/detail/mode_switch__functions.c.o[0m
[1.665s] [ 16%] [32mBuilding C object CMakeFiles/ardupilot_msgs__rosidl_generator_c.dir/rosidl_generator_c/ardupilot_msgs/srv/detail/takeoff__functions.c.o[0m
[1.684s] [ 17%] [32m[1mLinking C shared library libardupilot_msgs__rosidl_generator_c.so[0m
[1.711s] [ 17%] Built target ardupilot_msgs__rosidl_generator_c
[1.716s] [ 18%] [34m[1mGenerating C type support for eProsima Fast-RTPS[0m
[1.718s] [ 20%] [34m[1mGenerating C type support dispatch for ROS interfaces[0m
[1.718s] [ 21%] [34m[1mGenerating C introspection for ROS interfaces[0m
[1.987s] [ 22%] [32mBuilding CXX object CMakeFiles/ardupilot_msgs__rosidl_typesupport_introspection_cpp.dir/rosidl_typesupport_introspection_cpp/ardupilot_msgs/msg/detail/rc__type_support.cpp.o[0m
[1.988s] [ 23%] [32mBuilding CXX object CMakeFiles/ardupilot_msgs__rosidl_typesupport_introspection_cpp.dir/rosidl_typesupport_introspection_cpp/ardupilot_msgs/srv/detail/takeoff__type_support.cpp.o[0m
[1.989s] [ 25%] [32mBuilding CXX object CMakeFiles/ardupilot_msgs__rosidl_typesupport_introspection_cpp.dir/rosidl_typesupport_introspection_cpp/ardupilot_msgs/msg/detail/global_position__type_support.cpp.o[0m
[1.989s] [ 27%] [32mBuilding CXX object CMakeFiles/ardupilot_msgs__rosidl_typesupport_introspection_cpp.dir/rosidl_typesupport_introspection_cpp/ardupilot_msgs/msg/detail/airspeed__type_support.cpp.o[0m
[1.989s] [ 27%] [32mBuilding CXX object CMakeFiles/ardupilot_msgs__rosidl_typesupport_introspection_cpp.dir/rosidl_typesupport_introspection_cpp/ardupilot_msgs/msg/detail/status__type_support.cpp.o[0m
[1.989s] [ 28%] [32mBuilding CXX object CMakeFiles/ardupilot_msgs__rosidl_typesupport_introspection_cpp.dir/rosidl_typesupport_introspection_cpp/ardupilot_msgs/srv/detail/arm_motors__type_support.cpp.o[0m
[1.989s] [ 30%] [32mBuilding CXX object CMakeFiles/ardupilot_msgs__rosidl_typesupport_introspection_cpp.dir/rosidl_typesupport_introspection_cpp/ardupilot_msgs/srv/detail/mode_switch__type_support.cpp.o[0m
[2.000s] [ 31%] [32m[1mLinking CXX shared library libardupilot_msgs__rosidl_typesupport_introspection_cpp.so[0m
[2.055s] [ 33%] [32mBuilding CXX object CMakeFiles/ardupilot_msgs__rosidl_typesupport_c.dir/rosidl_typesupport_c/ardupilot_msgs/msg/airspeed__type_support.cpp.o[0m
[2.056s] [ 33%] [32mBuilding CXX object CMakeFiles/ardupilot_msgs__rosidl_typesupport_c.dir/rosidl_typesupport_c/ardupilot_msgs/msg/status__type_support.cpp.o[0m
[2.056s] [ 35%] [32mBuilding CXX object CMakeFiles/ardupilot_msgs__rosidl_typesupport_c.dir/rosidl_typesupport_c/ardupilot_msgs/msg/global_position__type_support.cpp.o[0m
[2.056s] [ 36%] [32mBuilding CXX object CMakeFiles/ardupilot_msgs__rosidl_typesupport_c.dir/rosidl_typesupport_c/ardupilot_msgs/srv/takeoff__type_support.cpp.o[0m
[2.057s] [ 37%] [32mBuilding CXX object CMakeFiles/ardupilot_msgs__rosidl_typesupport_c.dir/rosidl_typesupport_c/ardupilot_msgs/msg/rc__type_support.cpp.o[0m
[2.057s] [ 40%] [32mBuilding CXX object CMakeFiles/ardupilot_msgs__rosidl_typesupport_c.dir/rosidl_typesupport_c/ardupilot_msgs/srv/mode_switch__type_support.cpp.o[0m
[2.057s] [ 40%] [32mBuilding CXX object CMakeFiles/ardupilot_msgs__rosidl_typesupport_c.dir/rosidl_typesupport_c/ardupilot_msgs/srv/arm_motors__type_support.cpp.o[0m
[2.059s] [ 40%] Built target ardupilot_msgs__rosidl_typesupport_introspection_cpp
[2.073s] [ 41%] [32m[1mLinking CXX shared library libardupilot_msgs__rosidl_typesupport_c.so[0m
[2.104s] [ 41%] Built target ardupilot_msgs__rosidl_typesupport_c
[2.107s] [ 42%] [32mBuilding CXX object CMakeFiles/ardupilot_msgs__rosidl_typesupport_fastrtps_c.dir/rosidl_typesupport_fastrtps_c/ardupilot_msgs/msg/detail/rc__type_support_c.cpp.o[0m
[2.107s] [ 43%] [32mBuilding CXX object CMakeFiles/ardupilot_msgs__rosidl_typesupport_fastrtps_c.dir/rosidl_typesupport_fastrtps_c/ardupilot_msgs/msg/detail/airspeed__type_support_c.cpp.o[0m
[2.107s] [ 45%] [32mBuilding CXX object CMakeFiles/ardupilot_msgs__rosidl_typesupport_fastrtps_c.dir/rosidl_typesupport_fastrtps_c/ardupilot_msgs/srv/detail/arm_motors__type_support_c.cpp.o[0m
[2.107s] [ 46%] [32mBuilding CXX object CMakeFiles/ardupilot_msgs__rosidl_typesupport_fastrtps_c.dir/rosidl_typesupport_fastrtps_c/ardupilot_msgs/srv/detail/mode_switch__type_support_c.cpp.o[0m
[2.108s] [ 47%] [32mBuilding CXX object CMakeFiles/ardupilot_msgs__rosidl_typesupport_fastrtps_c.dir/rosidl_typesupport_fastrtps_c/ardupilot_msgs/srv/detail/takeoff__type_support_c.cpp.o[0m
[2.109s] [ 48%] [32mBuilding CXX object CMakeFiles/ardupilot_msgs__rosidl_typesupport_fastrtps_c.dir/rosidl_typesupport_fastrtps_c/ardupilot_msgs/msg/detail/global_position__type_support_c.cpp.o[0m
[2.109s] [ 50%] [32mBuilding CXX object CMakeFiles/ardupilot_msgs__rosidl_typesupport_fastrtps_c.dir/rosidl_typesupport_fastrtps_c/ardupilot_msgs/msg/detail/status__type_support_c.cpp.o[0m
[2.169s] [ 51%] [32m[1mLinking CXX shared library libardupilot_msgs__rosidl_typesupport_fastrtps_c.so[0m
[2.169s] [ 52%] [32mBuilding CXX object CMakeFiles/ardupilot_msgs__rosidl_typesupport_cpp.dir/rosidl_typesupport_cpp/ardupilot_msgs/msg/airspeed__type_support.cpp.o[0m
[2.169s] [ 53%] [32mBuilding CXX object CMakeFiles/ardupilot_msgs__rosidl_typesupport_cpp.dir/rosidl_typesupport_cpp/ardupilot_msgs/msg/status__type_support.cpp.o[0m
[2.170s] [ 55%] [32mBuilding CXX object CMakeFiles/ardupilot_msgs__rosidl_typesupport_cpp.dir/rosidl_typesupport_cpp/ardupilot_msgs/msg/global_position__type_support.cpp.o[0m
[2.171s] [ 56%] [32mBuilding CXX object CMakeFiles/ardupilot_msgs__rosidl_typesupport_cpp.dir/rosidl_typesupport_cpp/ardupilot_msgs/msg/rc__type_support.cpp.o[0m
[2.171s] [ 57%] [32mBuilding CXX object CMakeFiles/ardupilot_msgs__rosidl_typesupport_cpp.dir/rosidl_typesupport_cpp/ardupilot_msgs/srv/arm_motors__type_support.cpp.o[0m
[2.171s] [ 58%] [32mBuilding CXX object CMakeFiles/ardupilot_msgs__rosidl_typesupport_cpp.dir/rosidl_typesupport_cpp/ardupilot_msgs/srv/mode_switch__type_support.cpp.o[0m
[2.171s] [ 60%] [32mBuilding CXX object CMakeFiles/ardupilot_msgs__rosidl_typesupport_cpp.dir/rosidl_typesupport_cpp/ardupilot_msgs/srv/takeoff__type_support.cpp.o[0m
[2.179s] [ 61%] [32m[1mLinking CXX shared library libardupilot_msgs__rosidl_typesupport_cpp.so[0m
[2.205s] [ 61%] Built target ardupilot_msgs__rosidl_typesupport_cpp
[2.224s] [ 61%] Built target ardupilot_msgs__rosidl_typesupport_fastrtps_c
[2.292s] [ 62%] [32mBuilding CXX object CMakeFiles/ardupilot_msgs__rosidl_typesupport_fastrtps_cpp.dir/rosidl_typesupport_fastrtps_cpp/ardupilot_msgs/msg/detail/dds_fastrtps/airspeed__type_support.cpp.o[0m
[2.292s] [ 63%] [32mBuilding CXX object CMakeFiles/ardupilot_msgs__rosidl_typesupport_fastrtps_cpp.dir/rosidl_typesupport_fastrtps_cpp/ardupilot_msgs/msg/detail/dds_fastrtps/rc__type_support.cpp.o[0m
[2.292s] [ 65%] [32mBuilding CXX object CMakeFiles/ardupilot_msgs__rosidl_typesupport_fastrtps_cpp.dir/rosidl_typesupport_fastrtps_cpp/ardupilot_msgs/msg/detail/dds_fastrtps/status__type_support.cpp.o[0m
[2.293s] [ 66%] [32mBuilding CXX object CMakeFiles/ardupilot_msgs__rosidl_typesupport_fastrtps_cpp.dir/rosidl_typesupport_fastrtps_cpp/ardupilot_msgs/msg/detail/dds_fastrtps/global_position__type_support.cpp.o[0m
[2.293s] [ 67%] [32mBuilding CXX object CMakeFiles/ardupilot_msgs__rosidl_typesupport_fastrtps_cpp.dir/rosidl_typesupport_fastrtps_cpp/ardupilot_msgs/srv/detail/dds_fastrtps/arm_motors__type_support.cpp.o[0m
[2.294s] [ 70%] [32mBuilding CXX object CMakeFiles/ardupilot_msgs__rosidl_typesupport_fastrtps_cpp.dir/rosidl_typesupport_fastrtps_cpp/ardupilot_msgs/srv/detail/dds_fastrtps/takeoff__type_support.cpp.o[0m
[2.294s] [ 70%] [32mBuilding CXX object CMakeFiles/ardupilot_msgs__rosidl_typesupport_fastrtps_cpp.dir/rosidl_typesupport_fastrtps_cpp/ardupilot_msgs/srv/detail/dds_fastrtps/mode_switch__type_support.cpp.o[0m
[2.305s] [ 72%] [32mBuilding C object CMakeFiles/ardupilot_msgs__rosidl_typesupport_introspection_c.dir/rosidl_typesupport_introspection_c/ardupilot_msgs/msg/detail/status__type_support.c.o[0m
[2.306s] [ 72%] [32mBuilding C object CMakeFiles/ardupilot_msgs__rosidl_typesupport_introspection_c.dir/rosidl_typesupport_introspection_c/ardupilot_msgs/msg/detail/airspeed__type_support.c.o[0m
[2.307s] [ 75%] [32mBuilding C object CMakeFiles/ardupilot_msgs__rosidl_typesupport_introspection_c.dir/rosidl_typesupport_introspection_c/ardupilot_msgs/msg/detail/global_position__type_support.c.o[0m
[2.307s] [ 75%] [32mBuilding C object CMakeFiles/ardupilot_msgs__rosidl_typesupport_introspection_c.dir/rosidl_typesupport_introspection_c/ardupilot_msgs/msg/detail/rc__type_support.c.o[0m
[2.307s] [ 76%] [32mBuilding C object CMakeFiles/ardupilot_msgs__rosidl_typesupport_introspection_c.dir/rosidl_typesupport_introspection_c/ardupilot_msgs/srv/detail/arm_motors__type_support.c.o[0m
[2.307s] [ 77%] [32mBuilding C object CMakeFiles/ardupilot_msgs__rosidl_typesupport_introspection_c.dir/rosidl_typesupport_introspection_c/ardupilot_msgs/srv/detail/mode_switch__type_support.c.o[0m
[2.308s] [ 78%] [32mBuilding C object CMakeFiles/ardupilot_msgs__rosidl_typesupport_introspection_c.dir/rosidl_typesupport_introspection_c/ardupilot_msgs/srv/detail/takeoff__type_support.c.o[0m
[2.325s] [ 80%] [32m[1mLinking C shared library libardupilot_msgs__rosidl_typesupport_introspection_c.so[0m
[2.349s] [ 80%] Built target ardupilot_msgs__rosidl_typesupport_introspection_c
[2.356s] [ 81%] [32m[1mLinking CXX shared library libardupilot_msgs__rosidl_typesupport_fastrtps_cpp.so[0m
[2.397s] [ 81%] Built target ardupilot_msgs__rosidl_typesupport_fastrtps_cpp
[2.407s] [ 81%] Built target ardupilot_msgs
[2.418s] [ 82%] [34m[1mGenerating Python code for ROS interfaces[0m
[3.138s] [ 82%] Built target ardupilot_msgs__py
[3.148s] [ 83%] [32mBuilding C object CMakeFiles/ardupilot_msgs__rosidl_generator_py.dir/rosidl_generator_py/ardupilot_msgs/msg/_global_position_s.c.o[0m
[3.150s] [ 87%] [32mBuilding C object CMakeFiles/ardupilot_msgs__rosidl_generator_py.dir/rosidl_generator_py/ardupilot_msgs/msg/_status_s.c.o[0m
[3.150s] [ 87%] [32mBuilding C object CMakeFiles/ardupilot_msgs__rosidl_generator_py.dir/rosidl_generator_py/ardupilot_msgs/msg/_rc_s.c.o[0m
[3.150s] [ 87%] [32mBuilding C object CMakeFiles/ardupilot_msgs__rosidl_generator_py.dir/rosidl_generator_py/ardupilot_msgs/msg/_airspeed_s.c.o[0m
[3.150s] [ 90%] [32mBuilding C object CMakeFiles/ardupilot_msgs__rosidl_generator_py.dir/rosidl_generator_py/ardupilot_msgs/srv/_arm_motors_s.c.o[0m
[3.150s] [ 90%] [32mBuilding C object CMakeFiles/ardupilot_msgs__rosidl_generator_py.dir/rosidl_generator_py/ardupilot_msgs/srv/_mode_switch_s.c.o[0m
[3.150s] [ 91%] [32mBuilding C object CMakeFiles/ardupilot_msgs__rosidl_generator_py.dir/rosidl_generator_py/ardupilot_msgs/srv/_takeoff_s.c.o[0m
[3.158s] [ 92%] [32m[1mLinking C shared library rosidl_generator_py/ardupilot_msgs/libardupilot_msgs__rosidl_generator_py.so[0m
[3.180s] [ 92%] Built target ardupilot_msgs__rosidl_generator_py
[3.192s] [ 93%] [32mBuilding C object CMakeFiles/ardupilot_msgs__rosidl_typesupport_c__pyext.dir/rosidl_generator_py/ardupilot_msgs/_ardupilot_msgs_s.ep.rosidl_typesupport_c.c.o[0m
[3.192s] [ 95%] [32mBuilding C object CMakeFiles/ardupilot_msgs__rosidl_typesupport_introspection_c__pyext.dir/rosidl_generator_py/ardupilot_msgs/_ardupilot_msgs_s.ep.rosidl_typesupport_introspection_c.c.o[0m
[3.192s] [ 96%] [32mBuilding C object CMakeFiles/ardupilot_msgs__rosidl_typesupport_fastrtps_c__pyext.dir/rosidl_generator_py/ardupilot_msgs/_ardupilot_msgs_s.ep.rosidl_typesupport_fastrtps_c.c.o[0m
[3.202s] [ 97%] [32m[1mLinking C shared library rosidl_generator_py/ardupilot_msgs/ardupilot_msgs_s__rosidl_typesupport_fastrtps_c.cpython-310-x86_64-linux-gnu.so[0m
[3.202s] [ 98%] [32m[1mLinking C shared library rosidl_generator_py/ardupilot_msgs/ardupilot_msgs_s__rosidl_typesupport_introspection_c.cpython-310-x86_64-linux-gnu.so[0m
[3.203s] [100%] [32m[1mLinking C shared library rosidl_generator_py/ardupilot_msgs/ardupilot_msgs_s__rosidl_typesupport_c.cpython-310-x86_64-linux-gnu.so[0m
[3.233s] [100%] Built target ardupilot_msgs__rosidl_typesupport_fastrtps_c__pyext
[3.233s] [100%] Built target ardupilot_msgs__rosidl_typesupport_introspection_c__pyext
[3.235s] [100%] Built target ardupilot_msgs__rosidl_typesupport_c__pyext
[3.243s] Invoked command in '/home/lh/Documents/joao_pessoa_2026/build/ardupilot_msgs' returned '0': CMAKE_PREFIX_PATH=${CMAKE_PREFIX_PATH}:/home/lh/Documents/joao_pessoa_2026/install/ardupilot_dds_tests:/home/lh/Documents/joao_pessoa_2026/install/hydrone_biguasim:/home/lh/Documents/joao_pessoa_2026/install/hydrone_bringup:/home/lh/Documents/joao_pessoa_2026/install/hydrone_vision:/home/lh/Documents/joao_pessoa_2026/install/hydrone_nav:/home/lh/Documents/joao_pessoa_2026/install/hydrone_mission:/home/lh/Documents/joao_pessoa_2026/install/hydrone_controller:/home/lh/Documents/joao_pessoa_2026/install/biguasim_main:/opt/ros/humble /usr/bin/cmake --build /home/lh/Documents/joao_pessoa_2026/build/ardupilot_msgs -- -j32 -l32
[3.244s] Invoking command in '/home/lh/Documents/joao_pessoa_2026/build/ardupilot_msgs': CMAKE_PREFIX_PATH=${CMAKE_PREFIX_PATH}:/home/lh/Documents/joao_pessoa_2026/install/ardupilot_dds_tests:/home/lh/Documents/joao_pessoa_2026/install/hydrone_biguasim:/home/lh/Documents/joao_pessoa_2026/install/hydrone_bringup:/home/lh/Documents/joao_pessoa_2026/install/hydrone_vision:/home/lh/Documents/joao_pessoa_2026/install/hydrone_nav:/home/lh/Documents/joao_pessoa_2026/install/hydrone_mission:/home/lh/Documents/joao_pessoa_2026/install/hydrone_controller:/home/lh/Documents/joao_pessoa_2026/install/biguasim_main:/opt/ros/humble /usr/bin/cmake --install /home/lh/Documents/joao_pessoa_2026/build/ardupilot_msgs
[3.248s] -- Install configuration: ""
[3.248s] -- Execute custom install script
[3.248s] -- Symlinking: /home/lh/Documents/joao_pessoa_2026/install/ardupilot_msgs/share/ament_index/resource_index/rosidl_interfaces/ardupilot_msgs
[3.254s] -- Symlinking: /home/lh/Documents/joao_pessoa_2026/install/ardupilot_msgs/include/ardupilot_msgs/ardupilot_msgs/msg/airspeed.h
[3.259s] -- Symlinking: /home/lh/Documents/joao_pessoa_2026/install/ardupilot_msgs/include/ardupilot_msgs/ardupilot_msgs/msg/detail/airspeed__functions.h
[3.263s] -- Symlinking: /home/lh/Documents/joao_pessoa_2026/install/ardupilot_msgs/include/ardupilot_msgs/ardupilot_msgs/msg/detail/airspeed__struct.h
[3.266s] -- Symlinking: /home/lh/Documents/joao_pessoa_2026/install/ardupilot_msgs/include/ardupilot_msgs/ardupilot_msgs/msg/detail/airspeed__type_support.h
[3.271s] -- Symlinking: /home/lh/Documents/joao_pessoa_2026/install/ardupilot_msgs/include/ardupilot_msgs/ardupilot_msgs/msg/detail/global_position__functions.h
[3.275s] -- Symlinking: /home/lh/Documents/joao_pessoa_2026/install/ardupilot_msgs/include/ardupilot_msgs/ardupilot_msgs/msg/detail/global_position__struct.h
[3.279s] -- Symlinking: /home/lh/Documents/joao_pessoa_2026/install/ardupilot_msgs/include/ardupilot_msgs/ardupilot_msgs/msg/detail/global_position__type_support.h
[3.283s] -- Symlinking: /home/lh/Documents/joao_pessoa_2026/install/ardupilot_msgs/include/ardupilot_msgs/ardupilot_msgs/msg/detail/rc__functions.h
[3.288s] -- Symlinking: /home/lh/Documents/joao_pessoa_2026/install/ardupilot_msgs/include/ardupilot_msgs/ardupilot_msgs/msg/detail/rc__struct.h
[3.293s] -- Symlinking: /home/lh/Documents/joao_pessoa_2026/install/ardupilot_msgs/include/ardupilot_msgs/ardupilot_msgs/msg/detail/rc__type_support.h
[3.298s] -- Symlinking: /home/lh/Documents/joao_pessoa_2026/install/ardupilot_msgs/include/ardupilot_msgs/ardupilot_msgs/msg/detail/status__functions.h
[3.303s] -- Symlinking: /home/lh/Documents/joao_pessoa_2026/install/ardupilot_msgs/include/ardupilot_msgs/ardupilot_msgs/msg/detail/status__struct.h
[3.306s] -- Symlinking: /home/lh/Documents/joao_pessoa_2026/install/ardupilot_msgs/include/ardupilot_msgs/ardupilot_msgs/msg/detail/status__type_support.h
[3.310s] -- Symlinking: /home/lh/Documents/joao_pessoa_2026/install/ardupilot_msgs/include/ardupilot_msgs/ardupilot_msgs/msg/global_position.h
[3.315s] -- Symlinking: /home/lh/Documents/joao_pessoa_2026/install/ardupilot_msgs/include/ardupilot_msgs/ardupilot_msgs/msg/rc.h
[3.320s] -- Symlinking: /home/lh/Documents/joao_pessoa_2026/install/ardupilot_msgs/include/ardupilot_msgs/ardupilot_msgs/msg/rosidl_generator_c__visibility_control.h
[3.325s] -- Symlinking: /home/lh/Documents/joao_pessoa_2026/install/ardupilot_msgs/include/ardupilot_msgs/ardupilot_msgs/msg/status.h
[3.328s] -- Symlinking: /home/lh/Documents/joao_pessoa_2026/install/ardupilot_msgs/include/ardupilot_msgs/ardupilot_msgs/srv/arm_motors.h
[3.332s] -- Symlinking: /home/lh/Documents/joao_pessoa_2026/install/ardupilot_msgs/include/ardupilot_msgs/ardupilot_msgs/srv/detail/arm_motors__functions.h
[3.338s] -- Symlinking: /home/lh/Documents/joao_pessoa_2026/install/ardupilot_msgs/include/ardupilot_msgs/ardupilot_msgs/srv/detail/arm_motors__struct.h
[3.343s] -- Symlinking: /home/lh/Documents/joao_pessoa_2026/install/ardupilot_msgs/include/ardupilot_msgs/ardupilot_msgs/srv/detail/arm_motors__type_support.h
[3.348s] -- Symlinking: /home/lh/Documents/joao_pessoa_2026/install/ardupilot_msgs/include/ardupilot_msgs/ardupilot_msgs/srv/detail/mode_switch__functions.h
[3.352s] -- Symlinking: /home/lh/Documents/joao_pessoa_2026/install/ardupilot_msgs/include/ardupilot_msgs/ardupilot_msgs/srv/detail/mode_switch__struct.h
[3.356s] -- Symlinking: /home/lh/Documents/joao_pessoa_2026/install/ardupilot_msgs/include/ardupilot_msgs/ardupilot_msgs/srv/detail/mode_switch__type_support.h
[3.361s] -- Symlinking: /home/lh/Documents/joao_pessoa_2026/install/ardupilot_msgs/include/ardupilot_msgs/ardupilot_msgs/srv/detail/takeoff__functions.h
[3.366s] -- Symlinking: /home/lh/Documents/joao_pessoa_2026/install/ardupilot_msgs/include/ardupilot_msgs/ardupilot_msgs/srv/detail/takeoff__struct.h
[3.369s] -- Symlinking: /home/lh/Documents/joao_pessoa_2026/install/ardupilot_msgs/include/ardupilot_msgs/ardupilot_msgs/srv/detail/takeoff__type_support.h
[3.373s] -- Symlinking: /home/lh/Documents/joao_pessoa_2026/install/ardupilot_msgs/include/ardupilot_msgs/ardupilot_msgs/srv/mode_switch.h
[3.377s] -- Symlinking: /home/lh/Documents/joao_pessoa_2026/install/ardupilot_msgs/include/ardupilot_msgs/ardupilot_msgs/srv/takeoff.h
[3.382s] -- Symlinking: /home/lh/Documents/joao_pessoa_2026/install/ardupilot_msgs/share/ardupilot_msgs/environment/library_path.sh
[3.386s] -- Symlinking: /home/lh/Documents/joao_pessoa_2026/install/ardupilot_msgs/share/ardupilot_msgs/environment/library_path.dsv
[3.392s] -- Symlinking: /home/lh/Documents/joao_pessoa_2026/install/ardupilot_msgs/include/ardupilot_msgs/ardupilot_msgs/msg/detail/airspeed__rosidl_typesupport_fastrtps_c.h
[3.395s] -- Symlinking: /home/lh/Documents/joao_pessoa_2026/install/ardupilot_msgs/include/ardupilot_msgs/ardupilot_msgs/msg/detail/global_position__rosidl_typesupport_fastrtps_c.h
[3.399s] -- Symlinking: /home/lh/Documents/joao_pessoa_2026/install/ardupilot_msgs/include/ardupilot_msgs/ardupilot_msgs/msg/detail/rc__rosidl_typesupport_fastrtps_c.h
[3.403s] -- Symlinking: /home/lh/Documents/joao_pessoa_2026/install/ardupilot_msgs/include/ardupilot_msgs/ardupilot_msgs/msg/detail/status__rosidl_typesupport_fastrtps_c.h
[3.408s] -- Symlinking: /home/lh/Documents/joao_pessoa_2026/install/ardupilot_msgs/include/ardupilot_msgs/ardupilot_msgs/msg/rosidl_typesupport_fastrtps_c__visibility_control.h
[3.412s] -- Symlinking: /home/lh/Documents/joao_pessoa_2026/install/ardupilot_msgs/include/ardupilot_msgs/ardupilot_msgs/srv/detail/arm_motors__rosidl_typesupport_fastrtps_c.h
[3.416s] -- Symlinking: /home/lh/Documents/joao_pessoa_2026/install/ardupilot_msgs/include/ardupilot_msgs/ardupilot_msgs/srv/detail/mode_switch__rosidl_typesupport_fastrtps_c.h
[3.419s] -- Symlinking: /home/lh/Documents/joao_pessoa_2026/install/ardupilot_msgs/include/ardupilot_msgs/ardupilot_msgs/srv/detail/takeoff__rosidl_typesupport_fastrtps_c.h
[3.424s] -- Symlinking: /home/lh/Documents/joao_pessoa_2026/install/ardupilot_msgs/include/ardupilot_msgs/ardupilot_msgs/msg/airspeed.hpp
[3.427s] -- Symlinking: /home/lh/Documents/joao_pessoa_2026/install/ardupilot_msgs/include/ardupilot_msgs/ardupilot_msgs/msg/detail/airspeed__builder.hpp
[3.430s] -- Symlinking: /home/lh/Documents/joao_pessoa_2026/install/ardupilot_msgs/include/ardupilot_msgs/ardupilot_msgs/msg/detail/airspeed__struct.hpp
[3.434s] -- Symlinking: /home/lh/Documents/joao_pessoa_2026/install/ardupilot_msgs/include/ardupilot_msgs/ardupilot_msgs/msg/detail/airspeed__traits.hpp
[3.438s] -- Symlinking: /home/lh/Documents/joao_pessoa_2026/install/ardupilot_msgs/include/ardupilot_msgs/ardupilot_msgs/msg/detail/airspeed__type_support.hpp
[3.442s] -- Symlinking: /home/lh/Documents/joao_pessoa_2026/install/ardupilot_msgs/include/ardupilot_msgs/ardupilot_msgs/msg/detail/global_position__builder.hpp
[3.445s] -- Symlinking: /home/lh/Documents/joao_pessoa_2026/install/ardupilot_msgs/include/ardupilot_msgs/ardupilot_msgs/msg/detail/global_position__struct.hpp
[3.449s] -- Symlinking: /home/lh/Documents/joao_pessoa_2026/install/ardupilot_msgs/include/ardupilot_msgs/ardupilot_msgs/msg/detail/global_position__traits.hpp
[3.455s] -- Symlinking: /home/lh/Documents/joao_pessoa_2026/install/ardupilot_msgs/include/ardupilot_msgs/ardupilot_msgs/msg/detail/global_position__type_support.hpp
[3.458s] -- Symlinking: /home/lh/Documents/joao_pessoa_2026/install/ardupilot_msgs/include/ardupilot_msgs/ardupilot_msgs/msg/detail/rc__builder.hpp
[3.463s] -- Symlinking: /home/lh/Documents/joao_pessoa_2026/install/ardupilot_msgs/include/ardupilot_msgs/ardupilot_msgs/msg/detail/rc__struct.hpp
[3.469s] -- Symlinking: /home/lh/Documents/joao_pessoa_2026/install/ardupilot_msgs/include/ardupilot_msgs/ardupilot_msgs/msg/detail/rc__traits.hpp
[3.473s] -- Symlinking: /home/lh/Documents/joao_pessoa_2026/install/ardupilot_msgs/include/ardupilot_msgs/ardupilot_msgs/msg/detail/rc__type_support.hpp
[3.477s] -- Symlinking: /home/lh/Documents/joao_pessoa_2026/install/ardupilot_msgs/include/ardupilot_msgs/ardupilot_msgs/msg/detail/status__builder.hpp
[3.482s] -- Symlinking: /home/lh/Documents/joao_pessoa_2026/install/ardupilot_msgs/include/ardupilot_msgs/ardupilot_msgs/msg/detail/status__struct.hpp
[3.487s] -- Symlinking: /home/lh/Documents/joao_pessoa_2026/install/ardupilot_msgs/include/ardupilot_msgs/ardupilot_msgs/msg/detail/status__traits.hpp
[3.491s] -- Symlinking: /home/lh/Documents/joao_pessoa_2026/install/ardupilot_msgs/include/ardupilot_msgs/ardupilot_msgs/msg/detail/status__type_support.hpp
[3.495s] -- Symlinking: /home/lh/Documents/joao_pessoa_2026/install/ardupilot_msgs/include/ardupilot_msgs/ardupilot_msgs/msg/global_position.hpp
[3.499s] -- Symlinking: /home/lh/Documents/joao_pessoa_2026/install/ardupilot_msgs/include/ardupilot_msgs/ardupilot_msgs/msg/rc.hpp
[3.502s] -- Symlinking: /home/lh/Documents/joao_pessoa_2026/install/ardupilot_msgs/include/ardupilot_msgs/ardupilot_msgs/msg/rosidl_generator_cpp__visibility_control.hpp
[3.507s] -- Symlinking: /home/lh/Documents/joao_pessoa_2026/install/ardupilot_msgs/include/ardupilot_msgs/ardupilot_msgs/msg/status.hpp
[3.511s] -- Symlinking: /home/lh/Documents/joao_pessoa_2026/install/ardupilot_msgs/include/ardupilot_msgs/ardupilot_msgs/srv/arm_motors.hpp
[3.517s] -- Symlinking: /home/lh/Documents/joao_pessoa_2026/install/ardupilot_msgs/include/ardupilot_msgs/ardupilot_msgs/srv/detail/arm_motors__builder.hpp
[3.521s] -- Symlinking: /home/lh/Documents/joao_pessoa_2026/install/ardupilot_msgs/include/ardupilot_msgs/ardupilot_msgs/srv/detail/arm_motors__struct.hpp
[3.525s] -- Symlinking: /home/lh/Documents/joao_pessoa_2026/install/ardupilot_msgs/include/ardupilot_msgs/ardupilot_msgs/srv/detail/arm_motors__traits.hpp
[3.531s] -- Symlinking: /home/lh/Documents/joao_pessoa_2026/install/ardupilot_msgs/include/ardupilot_msgs/ardupilot_msgs/srv/detail/arm_motors__type_support.hpp
[3.535s] -- Symlinking: /home/lh/Documents/joao_pessoa_2026/install/ardupilot_msgs/include/ardupilot_msgs/ardupilot_msgs/srv/detail/mode_switch__builder.hpp
[3.539s] -- Symlinking: /home/lh/Documents/joao_pessoa_2026/install/ardupilot_msgs/include/ardupilot_msgs/ardupilot_msgs/srv/detail/mode_switch__struct.hpp
[3.544s] -- Symlinking: /home/lh/Documents/joao_pessoa_2026/install/ardupilot_msgs/include/ardupilot_msgs/ardupilot_msgs/srv/detail/mode_switch__traits.hpp
[3.548s] -- Symlinking: /home/lh/Documents/joao_pessoa_2026/install/ardupilot_msgs/include/ardupilot_msgs/ardupilot_msgs/srv/detail/mode_switch__type_support.hpp
[3.552s] -- Symlinking: /home/lh/Documents/joao_pessoa_2026/install/ardupilot_msgs/include/ardupilot_msgs/ardupilot_msgs/srv/detail/takeoff__builder.hpp
[3.557s] -- Symlinking: /home/lh/Documents/joao_pessoa_2026/install/ardupilot_msgs/include/ardupilot_msgs/ardupilot_msgs/srv/detail/takeoff__struct.hpp
[3.563s] -- Symlinking: /home/lh/Documents/joao_pessoa_2026/install/ardupilot_msgs/include/ardupilot_msgs/ardupilot_msgs/srv/detail/takeoff__traits.hpp
[3.567s] -- Symlinking: /home/lh/Documents/joao_pessoa_2026/install/ardupilot_msgs/include/ardupilot_msgs/ardupilot_msgs/srv/detail/takeoff__type_support.hpp
[3.573s] -- Symlinking: /home/lh/Documents/joao_pessoa_2026/install/ardupilot_msgs/include/ardupilot_msgs/ardupilot_msgs/srv/mode_switch.hpp
[3.577s] -- Symlinking: /home/lh/Documents/joao_pessoa_2026/install/ardupilot_msgs/include/ardupilot_msgs/ardupilot_msgs/srv/takeoff.hpp
[3.581s] -- Symlinking: /home/lh/Documents/joao_pessoa_2026/install/ardupilot_msgs/include/ardupilot_msgs/ardupilot_msgs/msg/detail/airspeed__rosidl_typesupport_fastrtps_cpp.hpp
[3.584s] -- Symlinking: /home/lh/Documents/joao_pessoa_2026/install/ardupilot_msgs/include/ardupilot_msgs/ardupilot_msgs/msg/detail/global_position__rosidl_typesupport_fastrtps_cpp.hpp
[3.589s] -- Symlinking: /home/lh/Documents/joao_pessoa_2026/install/ardupilot_msgs/include/ardupilot_msgs/ardupilot_msgs/msg/detail/rc__rosidl_typesupport_fastrtps_cpp.hpp
[3.594s] -- Symlinking: /home/lh/Documents/joao_pessoa_2026/install/ardupilot_msgs/include/ardupilot_msgs/ardupilot_msgs/msg/detail/status__rosidl_typesupport_fastrtps_cpp.hpp
[3.597s] -- Symlinking: /home/lh/Documents/joao_pessoa_2026/install/ardupilot_msgs/include/ardupilot_msgs/ardupilot_msgs/msg/rosidl_typesupport_fastrtps_cpp__visibility_control.h
[3.603s] -- Symlinking: /home/lh/Documents/joao_pessoa_2026/install/ardupilot_msgs/include/ardupilot_msgs/ardupilot_msgs/srv/detail/arm_motors__rosidl_typesupport_fastrtps_cpp.hpp
[3.608s] -- Symlinking: /home/lh/Documents/joao_pessoa_2026/install/ardupilot_msgs/include/ardupilot_msgs/ardupilot_msgs/srv/detail/mode_switch__rosidl_typesupport_fastrtps_cpp.hpp
[3.612s] -- Symlinking: /home/lh/Documents/joao_pessoa_2026/install/ardupilot_msgs/include/ardupilot_msgs/ardupilot_msgs/srv/detail/takeoff__rosidl_typesupport_fastrtps_cpp.hpp
[3.616s] -- Symlinking: /home/lh/Documents/joao_pessoa_2026/install/ardupilot_msgs/include/ardupilot_msgs/ardupilot_msgs/msg/detail/airspeed__rosidl_typesupport_introspection_c.h
[3.620s] -- Symlinking: /home/lh/Documents/joao_pessoa_2026/install/ardupilot_msgs/include/ardupilot_msgs/ardupilot_msgs/msg/detail/global_position__rosidl_typesupport_introspection_c.h
[3.624s] -- Symlinking: /home/lh/Documents/joao_pessoa_2026/install/ardupilot_msgs/include/ardupilot_msgs/ardupilot_msgs/msg/detail/rc__rosidl_typesupport_introspection_c.h
[3.629s] -- Symlinking: /home/lh/Documents/joao_pessoa_2026/install/ardupilot_msgs/include/ardupilot_msgs/ardupilot_msgs/msg/detail/status__rosidl_typesupport_introspection_c.h
[3.634s] -- Symlinking: /home/lh/Documents/joao_pessoa_2026/install/ardupilot_msgs/include/ardupilot_msgs/ardupilot_msgs/msg/rosidl_typesupport_introspection_c__visibility_control.h
[3.639s] -- Symlinking: /home/lh/Documents/joao_pessoa_2026/install/ardupilot_msgs/include/ardupilot_msgs/ardupilot_msgs/srv/detail/arm_motors__rosidl_typesupport_introspection_c.h
[3.644s] -- Symlinking: /home/lh/Documents/joao_pessoa_2026/install/ardupilot_msgs/include/ardupilot_msgs/ardupilot_msgs/srv/detail/mode_switch__rosidl_typesupport_introspection_c.h
[3.648s] -- Symlinking: /home/lh/Documents/joao_pessoa_2026/install/ardupilot_msgs/include/ardupilot_msgs/ardupilot_msgs/srv/detail/takeoff__rosidl_typesupport_introspection_c.h
[3.653s] -- Symlinking: /home/lh/Documents/joao_pessoa_2026/install/ardupilot_msgs/include/ardupilot_msgs/ardupilot_msgs/msg/detail/airspeed__rosidl_typesupport_introspection_cpp.hpp
[3.658s] -- Symlinking: /home/lh/Documents/joao_pessoa_2026/install/ardupilot_msgs/include/ardupilot_msgs/ardupilot_msgs/msg/detail/global_position__rosidl_typesupport_introspection_cpp.hpp
[3.663s] -- Symlinking: /home/lh/Documents/joao_pessoa_2026/install/ardupilot_msgs/include/ardupilot_msgs/ardupilot_msgs/msg/detail/rc__rosidl_typesupport_introspection_cpp.hpp
[3.668s] -- Symlinking: /home/lh/Documents/joao_pessoa_2026/install/ardupilot_msgs/include/ardupilot_msgs/ardupilot_msgs/msg/detail/status__rosidl_typesupport_introspection_cpp.hpp
[3.673s] -- Symlinking: /home/lh/Documents/joao_pessoa_2026/install/ardupilot_msgs/include/ardupilot_msgs/ardupilot_msgs/srv/detail/arm_motors__rosidl_typesupport_introspection_cpp.hpp
[3.676s] -- Symlinking: /home/lh/Documents/joao_pessoa_2026/install/ardupilot_msgs/include/ardupilot_msgs/ardupilot_msgs/srv/detail/mode_switch__rosidl_typesupport_introspection_cpp.hpp
[3.680s] -- Symlinking: /home/lh/Documents/joao_pessoa_2026/install/ardupilot_msgs/include/ardupilot_msgs/ardupilot_msgs/srv/detail/takeoff__rosidl_typesupport_introspection_cpp.hpp
[3.686s] -- Symlinking: /home/lh/Documents/joao_pessoa_2026/install/ardupilot_msgs/share/ardupilot_msgs/environment/pythonpath.sh
[3.692s] -- Symlinking: /home/lh/Documents/joao_pessoa_2026/install/ardupilot_msgs/share/ardupilot_msgs/environment/pythonpath.dsv
[3.696s] -- Symlinking: /home/lh/Documents/joao_pessoa_2026/install/ardupilot_msgs/local/lib/python3.10/dist-packages/ardupilot_msgs-0.0.0-py3.10.egg-info/PKG-INFO
[3.701s] -- Symlinking: /home/lh/Documents/joao_pessoa_2026/install/ardupilot_msgs/local/lib/python3.10/dist-packages/ardupilot_msgs-0.0.0-py3.10.egg-info/SOURCES.txt
[3.706s] -- Symlinking: /home/lh/Documents/joao_pessoa_2026/install/ardupilot_msgs/local/lib/python3.10/dist-packages/ardupilot_msgs-0.0.0-py3.10.egg-info/dependency_links.txt
[3.711s] -- Symlinking: /home/lh/Documents/joao_pessoa_2026/install/ardupilot_msgs/local/lib/python3.10/dist-packages/ardupilot_msgs-0.0.0-py3.10.egg-info/top_level.txt
[3.715s] -- Symlinking: /home/lh/Documents/joao_pessoa_2026/install/ardupilot_msgs/local/lib/python3.10/dist-packages/ardupilot_msgs/__init__.py
[3.720s] -- Symlinking: /home/lh/Documents/joao_pessoa_2026/install/ardupilot_msgs/local/lib/python3.10/dist-packages/ardupilot_msgs/_ardupilot_msgs_s.ep.rosidl_typesupport_c.c
[3.726s] -- Symlinking: /home/lh/Documents/joao_pessoa_2026/install/ardupilot_msgs/local/lib/python3.10/dist-packages/ardupilot_msgs/_ardupilot_msgs_s.ep.rosidl_typesupport_fastrtps_c.c
[3.731s] -- Symlinking: /home/lh/Documents/joao_pessoa_2026/install/ardupilot_msgs/local/lib/python3.10/dist-packages/ardupilot_msgs/_ardupilot_msgs_s.ep.rosidl_typesupport_introspection_c.c
[3.736s] -- Symlinking: /home/lh/Documents/joao_pessoa_2026/install/ardupilot_msgs/local/lib/python3.10/dist-packages/ardupilot_msgs/ardupilot_msgs_s__rosidl_typesupport_c.cpython-310-x86_64-linux-gnu.so
[3.740s] -- Symlinking: /home/lh/Documents/joao_pessoa_2026/install/ardupilot_msgs/local/lib/python3.10/dist-packages/ardupilot_msgs/ardupilot_msgs_s__rosidl_typesupport_fastrtps_c.cpython-310-x86_64-linux-gnu.so
[3.745s] -- Symlinking: /home/lh/Documents/joao_pessoa_2026/install/ardupilot_msgs/local/lib/python3.10/dist-packages/ardupilot_msgs/ardupilot_msgs_s__rosidl_typesupport_introspection_c.cpython-310-x86_64-linux-gnu.so
[3.749s] -- Symlinking: /home/lh/Documents/joao_pessoa_2026/install/ardupilot_msgs/local/lib/python3.10/dist-packages/ardupilot_msgs/libardupilot_msgs__rosidl_generator_py.so
[3.754s] -- Symlinking: /home/lh/Documents/joao_pessoa_2026/install/ardupilot_msgs/local/lib/python3.10/dist-packages/ardupilot_msgs/msg/__init__.py
[3.759s] -- Symlinking: /home/lh/Documents/joao_pessoa_2026/install/ardupilot_msgs/local/lib/python3.10/dist-packages/ardupilot_msgs/msg/_airspeed.py
[3.764s] -- Symlinking: /home/lh/Documents/joao_pessoa_2026/install/ardupilot_msgs/local/lib/python3.10/dist-packages/ardupilot_msgs/msg/_airspeed_s.c
[3.769s] -- Symlinking: /home/lh/Documents/joao_pessoa_2026/install/ardupilot_msgs/local/lib/python3.10/dist-packages/ardupilot_msgs/msg/_global_position.py
[3.774s] -- Symlinking: /home/lh/Documents/joao_pessoa_2026/install/ardupilot_msgs/local/lib/python3.10/dist-packages/ardupilot_msgs/msg/_global_position_s.c
[3.778s] -- Symlinking: /home/lh/Documents/joao_pessoa_2026/install/ardupilot_msgs/local/lib/python3.10/dist-packages/ardupilot_msgs/msg/_rc.py
[3.784s] -- Symlinking: /home/lh/Documents/joao_pessoa_2026/install/ardupilot_msgs/local/lib/python3.10/dist-packages/ardupilot_msgs/msg/_rc_s.c
[3.789s] -- Symlinking: /home/lh/Documents/joao_pessoa_2026/install/ardupilot_msgs/local/lib/python3.10/dist-packages/ardupilot_msgs/msg/_status.py
[3.792s] -- Symlinking: /home/lh/Documents/joao_pessoa_2026/install/ardupilot_msgs/local/lib/python3.10/dist-packages/ardupilot_msgs/msg/_status_s.c
[3.797s] -- Symlinking: /home/lh/Documents/joao_pessoa_2026/install/ardupilot_msgs/local/lib/python3.10/dist-packages/ardupilot_msgs/srv/__init__.py
[3.801s] -- Symlinking: /home/lh/Documents/joao_pessoa_2026/install/ardupilot_msgs/local/lib/python3.10/dist-packages/ardupilot_msgs/srv/_arm_motors.py
[3.806s] -- Symlinking: /home/lh/Documents/joao_pessoa_2026/install/ardupilot_msgs/local/lib/python3.10/dist-packages/ardupilot_msgs/srv/_arm_motors_s.c
[3.810s] -- Symlinking: /home/lh/Documents/joao_pessoa_2026/install/ardupilot_msgs/local/lib/python3.10/dist-packages/ardupilot_msgs/srv/_mode_switch.py
[3.816s] -- Symlinking: /home/lh/Documents/joao_pessoa_2026/install/ardupilot_msgs/local/lib/python3.10/dist-packages/ardupilot_msgs/srv/_mode_switch_s.c
[3.821s] -- Symlinking: /home/lh/Documents/joao_pessoa_2026/install/ardupilot_msgs/local/lib/python3.10/dist-packages/ardupilot_msgs/srv/_takeoff.py
[3.825s] -- Symlinking: /home/lh/Documents/joao_pessoa_2026/install/ardupilot_msgs/local/lib/python3.10/dist-packages/ardupilot_msgs/srv/_takeoff_s.c
[3.831s] -- Up-to-date symlink: /home/lh/Documents/joao_pessoa_2026/install/ardupilot_msgs/local/lib/python3.10/dist-packages/ardupilot_msgs/ardupilot_msgs_s__rosidl_typesupport_fastrtps_c.cpython-310-x86_64-linux-gnu.so
[3.831s] -- Up-to-date symlink: /home/lh/Documents/joao_pessoa_2026/install/ardupilot_msgs/local/lib/python3.10/dist-packages/ardupilot_msgs/ardupilot_msgs_s__rosidl_typesupport_introspection_c.cpython-310-x86_64-linux-gnu.so
[3.831s] -- Up-to-date symlink: /home/lh/Documents/joao_pessoa_2026/install/ardupilot_msgs/local/lib/python3.10/dist-packages/ardupilot_msgs/ardupilot_msgs_s__rosidl_typesupport_c.cpython-310-x86_64-linux-gnu.so
[3.832s] -- Symlinking: /home/lh/Documents/joao_pessoa_2026/install/ardupilot_msgs/share/ament_index/resource_index/rust_packages/ardupilot_msgs
[3.836s] -- Symlinking: /home/lh/Documents/joao_pessoa_2026/install/ardupilot_msgs/share/ardupilot_msgs/rust/Cargo.toml
[3.840s] -- Symlinking: /home/lh/Documents/joao_pessoa_2026/install/ardupilot_msgs/share/ardupilot_msgs/rust/build.rs
[3.845s] -- Symlinking: /home/lh/Documents/joao_pessoa_2026/install/ardupilot_msgs/share/ardupilot_msgs/rust/src/lib.rs
[3.850s] -- Symlinking: /home/lh/Documents/joao_pessoa_2026/install/ardupilot_msgs/share/ardupilot_msgs/rust/src/msg.rs
[3.855s] -- Symlinking: /home/lh/Documents/joao_pessoa_2026/install/ardupilot_msgs/share/ardupilot_msgs/rust/src/msg/rmw.rs
[3.859s] -- Symlinking: /home/lh/Documents/joao_pessoa_2026/install/ardupilot_msgs/share/ardupilot_msgs/rust/src/srv.rs
[3.863s] -- Symlinking: /home/lh/Documents/joao_pessoa_2026/install/ardupilot_msgs/share/ardupilot_msgs/rust/src/srv/rmw.rs
[3.866s] -- Symlinking: /home/lh/Documents/joao_pessoa_2026/install/ardupilot_msgs/share/ardupilot_msgs/msg/GlobalPosition.idl
[3.872s] -- Symlinking: /home/lh/Documents/joao_pessoa_2026/install/ardupilot_msgs/share/ardupilot_msgs/msg/Rc.idl
[3.875s] -- Symlinking: /home/lh/Documents/joao_pessoa_2026/install/ardupilot_msgs/share/ardupilot_msgs/msg/Status.idl
[3.881s] -- Symlinking: /home/lh/Documents/joao_pessoa_2026/install/ardupilot_msgs/share/ardupilot_msgs/msg/Airspeed.idl
[3.885s] -- Symlinking: /home/lh/Documents/joao_pessoa_2026/install/ardupilot_msgs/share/ardupilot_msgs/srv/ArmMotors.idl
[3.889s] -- Symlinking: /home/lh/Documents/joao_pessoa_2026/install/ardupilot_msgs/share/ardupilot_msgs/srv/ModeSwitch.idl
[3.895s] -- Symlinking: /home/lh/Documents/joao_pessoa_2026/install/ardupilot_msgs/share/ardupilot_msgs/srv/Takeoff.idl
[3.898s] -- Symlinking: /home/lh/Documents/joao_pessoa_2026/install/ardupilot_msgs/share/ardupilot_msgs/msg/GlobalPosition.msg
[3.902s] -- Symlinking: /home/lh/Documents/joao_pessoa_2026/install/ardupilot_msgs/share/ardupilot_msgs/msg/Rc.msg
[3.906s] -- Symlinking: /home/lh/Documents/joao_pessoa_2026/install/ardupilot_msgs/share/ardupilot_msgs/msg/Status.msg
[3.910s] -- Symlinking: /home/lh/Documents/joao_pessoa_2026/install/ardupilot_msgs/share/ardupilot_msgs/msg/Airspeed.msg
[3.915s] -- Symlinking: /home/lh/Documents/joao_pessoa_2026/install/ardupilot_msgs/share/ardupilot_msgs/srv/ArmMotors.srv
[3.920s] -- Symlinking: /home/lh/Documents/joao_pessoa_2026/install/ardupilot_msgs/share/ardupilot_msgs/srv/ArmMotors_Request.msg
[3.925s] -- Symlinking: /home/lh/Documents/joao_pessoa_2026/install/ardupilot_msgs/share/ardupilot_msgs/srv/ArmMotors_Response.msg
[3.929s] -- Symlinking: /home/lh/Documents/joao_pessoa_2026/install/ardupilot_msgs/share/ardupilot_msgs/srv/ModeSwitch.srv
[3.933s] -- Symlinking: /home/lh/Documents/joao_pessoa_2026/install/ardupilot_msgs/share/ardupilot_msgs/srv/ModeSwitch_Request.msg
[3.938s] -- Symlinking: /home/lh/Documents/joao_pessoa_2026/install/ardupilot_msgs/share/ardupilot_msgs/srv/ModeSwitch_Response.msg
[3.942s] -- Symlinking: /home/lh/Documents/joao_pessoa_2026/install/ardupilot_msgs/share/ardupilot_msgs/srv/Takeoff.srv
[3.946s] -- Symlinking: /home/lh/Documents/joao_pessoa_2026/install/ardupilot_msgs/share/ardupilot_msgs/srv/Takeoff_Request.msg
[3.951s] -- Symlinking: /home/lh/Documents/joao_pessoa_2026/install/ardupilot_msgs/share/ardupilot_msgs/srv/Takeoff_Response.msg
[3.955s] -- Symlinking: /home/lh/Documents/joao_pessoa_2026/install/ardupilot_msgs/share/ament_index/resource_index/package_run_dependencies/ardupilot_msgs
[3.960s] -- Symlinking: /home/lh/Documents/joao_pessoa_2026/install/ardupilot_msgs/share/ament_index/resource_index/parent_prefix_path/ardupilot_msgs
[3.966s] -- Symlinking: /home/lh/Documents/joao_pessoa_2026/install/ardupilot_msgs/share/ardupilot_msgs/environment/ament_prefix_path.sh
[3.969s] -- Symlinking: /home/lh/Documents/joao_pessoa_2026/install/ardupilot_msgs/share/ardupilot_msgs/environment/ament_prefix_path.dsv
[3.973s] -- Symlinking: /home/lh/Documents/joao_pessoa_2026/install/ardupilot_msgs/share/ardupilot_msgs/environment/path.sh
[3.979s] -- Symlinking: /home/lh/Documents/joao_pessoa_2026/install/ardupilot_msgs/share/ardupilot_msgs/environment/path.dsv
[3.983s] -- Symlinking: /home/lh/Documents/joao_pessoa_2026/install/ardupilot_msgs/share/ardupilot_msgs/local_setup.bash
[3.987s] -- Symlinking: /home/lh/Documents/joao_pessoa_2026/install/ardupilot_msgs/share/ardupilot_msgs/local_setup.sh
[3.992s] -- Symlinking: /home/lh/Documents/joao_pessoa_2026/install/ardupilot_msgs/share/ardupilot_msgs/local_setup.zsh
[3.997s] -- Symlinking: /home/lh/Documents/joao_pessoa_2026/install/ardupilot_msgs/share/ardupilot_msgs/local_setup.dsv
[4.002s] -- Symlinking: /home/lh/Documents/joao_pessoa_2026/install/ardupilot_msgs/share/ardupilot_msgs/package.dsv
[4.005s] -- Symlinking: /home/lh/Documents/joao_pessoa_2026/install/ardupilot_msgs/share/ament_index/resource_index/packages/ardupilot_msgs
[4.011s] -- Symlinking: /home/lh/Documents/joao_pessoa_2026/install/ardupilot_msgs/share/ardupilot_msgs/cmake/rosidl_cmake-extras.cmake
[4.016s] -- Symlinking: /home/lh/Documents/joao_pessoa_2026/install/ardupilot_msgs/share/ardupilot_msgs/cmake/ament_cmake_export_dependencies-extras.cmake
[4.019s] -- Symlinking: /home/lh/Documents/joao_pessoa_2026/install/ardupilot_msgs/share/ardupilot_msgs/cmake/ament_cmake_export_include_directories-extras.cmake
[4.024s] -- Symlinking: /home/lh/Documents/joao_pessoa_2026/install/ardupilot_msgs/share/ardupilot_msgs/cmake/ament_cmake_export_libraries-extras.cmake
[4.029s] -- Symlinking: /home/lh/Documents/joao_pessoa_2026/install/ardupilot_msgs/share/ardupilot_msgs/cmake/ament_cmake_export_targets-extras.cmake
[4.033s] -- Symlinking: /home/lh/Documents/joao_pessoa_2026/install/ardupilot_msgs/share/ardupilot_msgs/cmake/rosidl_cmake_export_typesupport_targets-extras.cmake
[4.037s] -- Symlinking: /home/lh/Documents/joao_pessoa_2026/install/ardupilot_msgs/share/ardupilot_msgs/cmake/rosidl_cmake_export_typesupport_libraries-extras.cmake
[4.042s] -- Symlinking: /home/lh/Documents/joao_pessoa_2026/install/ardupilot_msgs/share/ardupilot_msgs/cmake/ardupilot_msgsConfig.cmake
[4.047s] -- Symlinking: /home/lh/Documents/joao_pessoa_2026/install/ardupilot_msgs/share/ardupilot_msgs/cmake/ardupilot_msgsConfig-version.cmake
[4.051s] -- Symlinking: /home/lh/Documents/joao_pessoa_2026/install/ardupilot_msgs/share/ardupilot_msgs/package.xml
[4.056s] -- Installing: /home/lh/Documents/joao_pessoa_2026/install/ardupilot_msgs/lib/libardupilot_msgs__rosidl_generator_c.so
[4.056s] -- Set runtime path of "/home/lh/Documents/joao_pessoa_2026/install/ardupilot_msgs/lib/libardupilot_msgs__rosidl_generator_c.so" to ""
[4.056s] -- Installing: /home/lh/Documents/joao_pessoa_2026/install/ardupilot_msgs/lib/libardupilot_msgs__rosidl_typesupport_fastrtps_c.so
[4.057s] -- Set runtime path of "/home/lh/Documents/joao_pessoa_2026/install/ardupilot_msgs/lib/libardupilot_msgs__rosidl_typesupport_fastrtps_c.so" to ""
[4.057s] -- Installing: /home/lh/Documents/joao_pessoa_2026/install/ardupilot_msgs/lib/libardupilot_msgs__rosidl_typesupport_fastrtps_cpp.so
[4.057s] -- Set runtime path of "/home/lh/Documents/joao_pessoa_2026/install/ardupilot_msgs/lib/libardupilot_msgs__rosidl_typesupport_fastrtps_cpp.so" to ""
[4.057s] -- Installing: /home/lh/Documents/joao_pessoa_2026/install/ardupilot_msgs/lib/libardupilot_msgs__rosidl_typesupport_introspection_c.so
[4.057s] -- Set runtime path of "/home/lh/Documents/joao_pessoa_2026/install/ardupilot_msgs/lib/libardupilot_msgs__rosidl_typesupport_introspection_c.so" to ""
[4.057s] -- Installing: /home/lh/Documents/joao_pessoa_2026/install/ardupilot_msgs/lib/libardupilot_msgs__rosidl_typesupport_c.so
[4.057s] -- Set runtime path of "/home/lh/Documents/joao_pessoa_2026/install/ardupilot_msgs/lib/libardupilot_msgs__rosidl_typesupport_c.so" to ""
[4.057s] -- Installing: /home/lh/Documents/joao_pessoa_2026/install/ardupilot_msgs/lib/libardupilot_msgs__rosidl_typesupport_introspection_cpp.so
[4.057s] -- Set runtime path of "/home/lh/Documents/joao_pessoa_2026/install/ardupilot_msgs/lib/libardupilot_msgs__rosidl_typesupport_introspection_cpp.so" to ""
[4.057s] -- Installing: /home/lh/Documents/joao_pessoa_2026/install/ardupilot_msgs/lib/libardupilot_msgs__rosidl_typesupport_cpp.so
[4.057s] -- Set runtime path of "/home/lh/Documents/joao_pessoa_2026/install/ardupilot_msgs/lib/libardupilot_msgs__rosidl_typesupport_cpp.so" to ""
[4.081s] Listing '/home/lh/Documents/joao_pessoa_2026/install/ardupilot_msgs/local/lib/python3.10/dist-packages/ardupilot_msgs'...
[4.081s] Compiling '/home/lh/Documents/joao_pessoa_2026/install/ardupilot_msgs/local/lib/python3.10/dist-packages/ardupilot_msgs/__init__.py'...
[4.081s] Listing '/home/lh/Documents/joao_pessoa_2026/install/ardupilot_msgs/local/lib/python3.10/dist-packages/ardupilot_msgs/msg'...
[4.081s] Compiling '/home/lh/Documents/joao_pessoa_2026/install/ardupilot_msgs/local/lib/python3.10/dist-packages/ardupilot_msgs/msg/__init__.py'...
[4.081s] Compiling '/home/lh/Documents/joao_pessoa_2026/install/ardupilot_msgs/local/lib/python3.10/dist-packages/ardupilot_msgs/msg/_airspeed.py'...
[4.081s] Compiling '/home/lh/Documents/joao_pessoa_2026/install/ardupilot_msgs/local/lib/python3.10/dist-packages/ardupilot_msgs/msg/_global_position.py'...
[4.081s] Compiling '/home/lh/Documents/joao_pessoa_2026/install/ardupilot_msgs/local/lib/python3.10/dist-packages/ardupilot_msgs/msg/_rc.py'...
[4.081s] Compiling '/home/lh/Documents/joao_pessoa_2026/install/ardupilot_msgs/local/lib/python3.10/dist-packages/ardupilot_msgs/msg/_status.py'...
[4.081s] Listing '/home/lh/Documents/joao_pessoa_2026/install/ardupilot_msgs/local/lib/python3.10/dist-packages/ardupilot_msgs/srv'...
[4.081s] Compiling '/home/lh/Documents/joao_pessoa_2026/install/ardupilot_msgs/local/lib/python3.10/dist-packages/ardupilot_msgs/srv/__init__.py'...
[4.082s] Compiling '/home/lh/Documents/joao_pessoa_2026/install/ardupilot_msgs/local/lib/python3.10/dist-packages/ardupilot_msgs/srv/_arm_motors.py'...
[4.082s] Compiling '/home/lh/Documents/joao_pessoa_2026/install/ardupilot_msgs/local/lib/python3.10/dist-packages/ardupilot_msgs/srv/_mode_switch.py'...
[4.082s] Compiling '/home/lh/Documents/joao_pessoa_2026/install/ardupilot_msgs/local/lib/python3.10/dist-packages/ardupilot_msgs/srv/_takeoff.py'...
[4.083s] -- Installing: /home/lh/Documents/joao_pessoa_2026/install/ardupilot_msgs/lib/libardupilot_msgs__rosidl_generator_py.so
[4.083s] -- Set runtime path of "/home/lh/Documents/joao_pessoa_2026/install/ardupilot_msgs/lib/libardupilot_msgs__rosidl_generator_py.so" to ""
[4.084s] -- Installing: /home/lh/Documents/joao_pessoa_2026/install/ardupilot_msgs/share/ardupilot_msgs/cmake/export_ardupilot_msgs__rosidl_generator_cExport.cmake
[4.084s] -- Installing: /home/lh/Documents/joao_pessoa_2026/install/ardupilot_msgs/share/ardupilot_msgs/cmake/export_ardupilot_msgs__rosidl_generator_cExport-noconfig.cmake
[4.084s] -- Installing: /home/lh/Documents/joao_pessoa_2026/install/ardupilot_msgs/share/ardupilot_msgs/cmake/export_ardupilot_msgs__rosidl_typesupport_fastrtps_cExport.cmake
[4.084s] -- Installing: /home/lh/Documents/joao_pessoa_2026/install/ardupilot_msgs/share/ardupilot_msgs/cmake/export_ardupilot_msgs__rosidl_typesupport_fastrtps_cExport-noconfig.cmake
[4.084s] -- Installing: /home/lh/Documents/joao_pessoa_2026/install/ardupilot_msgs/share/ardupilot_msgs/cmake/export_ardupilot_msgs__rosidl_generator_cppExport.cmake
[4.084s] -- Installing: /home/lh/Documents/joao_pessoa_2026/install/ardupilot_msgs/share/ardupilot_msgs/cmake/export_ardupilot_msgs__rosidl_typesupport_fastrtps_cppExport.cmake
[4.084s] -- Installing: /home/lh/Documents/joao_pessoa_2026/install/ardupilot_msgs/share/ardupilot_msgs/cmake/export_ardupilot_msgs__rosidl_typesupport_fastrtps_cppExport-noconfig.cmake
[4.084s] -- Installing: /home/lh/Documents/joao_pessoa_2026/install/ardupilot_msgs/share/ardupilot_msgs/cmake/ardupilot_msgs__rosidl_typesupport_introspection_cExport.cmake
[4.084s] -- Installing: /home/lh/Documents/joao_pessoa_2026/install/ardupilot_msgs/share/ardupilot_msgs/cmake/ardupilot_msgs__rosidl_typesupport_introspection_cExport-noconfig.cmake
[4.084s] -- Installing: /home/lh/Documents/joao_pessoa_2026/install/ardupilot_msgs/share/ardupilot_msgs/cmake/ardupilot_msgs__rosidl_typesupport_cExport.cmake
[4.084s] -- Installing: /home/lh/Documents/joao_pessoa_2026/install/ardupilot_msgs/share/ardupilot_msgs/cmake/ardupilot_msgs__rosidl_typesupport_cExport-noconfig.cmake
[4.084s] -- Installing: /home/lh/Documents/joao_pessoa_2026/install/ardupilot_msgs/share/ardupilot_msgs/cmake/ardupilot_msgs__rosidl_typesupport_introspection_cppExport.cmake
[4.084s] -- Installing: /home/lh/Documents/joao_pessoa_2026/install/ardupilot_msgs/share/ardupilot_msgs/cmake/ardupilot_msgs__rosidl_typesupport_introspection_cppExport-noconfig.cmake
[4.084s] -- Installing: /home/lh/Documents/joao_pessoa_2026/install/ardupilot_msgs/share/ardupilot_msgs/cmake/ardupilot_msgs__rosidl_typesupport_cppExport.cmake
[4.084s] -- Installing: /home/lh/Documents/joao_pessoa_2026/install/ardupilot_msgs/share/ardupilot_msgs/cmake/ardupilot_msgs__rosidl_typesupport_cppExport-noconfig.cmake
[4.084s] -- Installing: /home/lh/Documents/joao_pessoa_2026/install/ardupilot_msgs/share/ardupilot_msgs/cmake/export_ardupilot_msgs__rosidl_generator_pyExport.cmake
[4.084s] -- Installing: /home/lh/Documents/joao_pessoa_2026/install/ardupilot_msgs/share/ardupilot_msgs/cmake/export_ardupilot_msgs__rosidl_generator_pyExport-noconfig.cmake
[4.086s] Invoked command in '/home/lh/Documents/joao_pessoa_2026/build/ardupilot_msgs' returned '0': CMAKE_PREFIX_PATH=${CMAKE_PREFIX_PATH}:/home/lh/Documents/joao_pessoa_2026/install/ardupilot_dds_tests:/home/lh/Documents/joao_pessoa_2026/install/hydrone_biguasim:/home/lh/Documents/joao_pessoa_2026/install/hydrone_bringup:/home/lh/Documents/joao_pessoa_2026/install/hydrone_vision:/home/lh/Documents/joao_pessoa_2026/install/hydrone_nav:/home/lh/Documents/joao_pessoa_2026/install/hydrone_mission:/home/lh/Documents/joao_pessoa_2026/install/hydrone_controller:/home/lh/Documents/joao_pessoa_2026/install/biguasim_main:/opt/ros/humble /usr/bin/cmake --install /home/lh/Documents/joao_pessoa_2026/build/ardupilot_msgs
