[0.008s] Invoking command in '/home/lh/Documents/joao_pessoa_2026/build/ardupilot_msgs': CMAKE_PREFIX_PATH=${CMAKE_PREFIX_PATH}:/home/lh/Documents/joao_pessoa_2026/install/ardupilot_dds_tests:/home/lh/Documents/joao_pessoa_2026/install/biguasim_main:/opt/ros/humble /usr/bin/cmake /home/lh/Documents/joao_pessoa_2026/src/ardupilot/Tools/ros2/ardupilot_msgs -DAMENT_CMAKE_SYMLINK_INSTALL=1 -DCMAKE_INSTALL_PREFIX=/home/lh/Documents/joao_pessoa_2026/install/ardupilot_msgs
[0.041s] -- The C compiler identification is GNU 11.4.0
[0.069s] -- The CXX compiler identification is GNU 11.4.0
[0.076s] -- Detecting C compiler ABI info
[0.110s] -- Detecting C compiler ABI info - done
[0.113s] -- Check for working C compiler: /usr/lib/ccache/cc - skipped
[0.113s] -- Detecting C compile features
[0.114s] -- Detecting C compile features - done
[0.115s] -- Detecting CXX compiler ABI info
[0.160s] -- Detecting CXX compiler ABI info - done
[0.163s] -- Check for working CXX compiler: /usr/lib/ccache/c++ - skipped
[0.163s] -- Detecting CXX compile features
[0.164s] -- Detecting CXX compile features - done
[0.164s] -- Found ament_cmake: 1.3.14 (/opt/ros/humble/share/ament_cmake/cmake)
[0.265s] -- Found Python3: /usr/bin/python3 (found version "3.10.12") found components: Interpreter 
[0.298s] -- Override CMake install command with custom implementation using symlinks instead of copying resources
[0.308s] -- Found geometry_msgs: 4.9.1 (/opt/ros/humble/share/geometry_msgs/cmake)
[0.323s] -- Found rosidl_generator_c: 3.1.8 (/opt/ros/humble/share/rosidl_generator_c/cmake)
[0.325s] -- Found rosidl_adapter: 3.1.8 (/opt/ros/humble/share/rosidl_adapter/cmake)
[0.328s] -- Found rosidl_generator_cpp: 3.1.8 (/opt/ros/humble/share/rosidl_generator_cpp/cmake)
[0.333s] -- Using all available rosidl_typesupport_c: rosidl_typesupport_fastrtps_c;rosidl_typesupport_introspection_c
[0.339s] -- Using all available rosidl_typesupport_cpp: rosidl_typesupport_fastrtps_cpp;rosidl_typesupport_introspection_cpp
[0.356s] -- Found rosidl_default_generators: 1.2.1 (/opt/ros/humble/share/rosidl_default_generators/cmake)
[0.524s] -- Found ament_cmake_cppcheck: 0.12.15 (/opt/ros/humble/share/ament_cmake_cppcheck/cmake)
[0.525s] -- Found ament_cmake_cpplint: 0.12.15 (/opt/ros/humble/share/ament_cmake_cpplint/cmake)
[0.525s] -- Found ament_cmake_uncrustify: 0.12.15 (/opt/ros/humble/share/ament_cmake_uncrustify/cmake)
[0.526s] -- Found ament_cmake_ros: 0.10.0 (/opt/ros/humble/share/ament_cmake_ros/cmake)
[0.743s] -- Using all available rosidl_typesupport_c: rosidl_typesupport_fastrtps_c;rosidl_typesupport_introspection_c
[0.838s] -- Using all available rosidl_typesupport_cpp: rosidl_typesupport_fastrtps_cpp;rosidl_typesupport_introspection_cpp
[0.851s] -- Found PythonInterp: /usr/bin/python3 (found suitable version "3.10.12", minimum required is "3.6") 
[0.851s] -- Found python_cmake_module: 0.10.0 (/opt/ros/humble/share/python_cmake_module/cmake)
[0.871s] -- Found PythonLibs: /usr/lib/x86_64-linux-gnu/libpython3.10.so (found suitable version "3.10.12", minimum required is "3.5") 
[0.871s] -- Using PYTHON_EXECUTABLE: /usr/bin/python3
[0.871s] -- Using PYTHON_INCLUDE_DIRS: /usr/include/python3.10
[0.871s] -- Using PYTHON_LIBRARIES: /usr/lib/x86_64-linux-gnu/libpython3.10.so
[0.882s] -- Found PythonExtra: .so  
[0.912s] -- Found ament_cmake_flake8: 0.12.15 (/opt/ros/humble/share/ament_cmake_flake8/cmake)
[0.913s] -- Found ament_cmake_pep257: 0.12.15 (/opt/ros/humble/share/ament_cmake_pep257/cmake)
[0.960s] -- Found ament_lint_auto: 0.12.15 (/opt/ros/humble/share/ament_lint_auto/cmake)
[0.967s] -- Added test 'copyright' to check source files copyright and LICENSE
[0.967s] -- Added test 'xmllint' to check XML markup files
[0.969s] -- Configuring done
[0.988s] -- Generating done
[0.994s] -- Build files have been written to: /home/lh/Documents/joao_pessoa_2026/build/ardupilot_msgs
[0.999s] Invoked command in '/home/lh/Documents/joao_pessoa_2026/build/ardupilot_msgs' returned '0': CMAKE_PREFIX_PATH=${CMAKE_PREFIX_PATH}:/home/lh/Documents/joao_pessoa_2026/install/ardupilot_dds_tests:/home/lh/Documents/joao_pessoa_2026/install/biguasim_main:/opt/ros/humble /usr/bin/cmake /home/lh/Documents/joao_pessoa_2026/src/ardupilot/Tools/ros2/ardupilot_msgs -DAMENT_CMAKE_SYMLINK_INSTALL=1 -DCMAKE_INSTALL_PREFIX=/home/lh/Documents/joao_pessoa_2026/install/ardupilot_msgs
[1.000s] Invoking command in '/home/lh/Documents/joao_pessoa_2026/build/ardupilot_msgs': CMAKE_PREFIX_PATH=${CMAKE_PREFIX_PATH}:/home/lh/Documents/joao_pessoa_2026/install/ardupilot_dds_tests:/home/lh/Documents/joao_pessoa_2026/install/biguasim_main:/opt/ros/humble /usr/bin/cmake --build /home/lh/Documents/joao_pessoa_2026/build/ardupilot_msgs -- -j32 -l32
[1.028s] [  1%] [34m[1mGenerating C code for ROS interfaces[0m
[1.036s] [  2%] [34m[1mGenerating C++ code for ROS interfaces[0m
[1.036s] [  2%] Built target ament_cmake_python_symlink_ardupilot_msgs
[1.037s] [  3%] [34m[1mGenerating Rust code for ROS interfaces[0m
[1.243s] running egg_info
[1.243s] creating ardupilot_msgs.egg-info
[1.243s] writing ardupilot_msgs.egg-info/PKG-INFO
[1.243s] writing dependency_links to ardupilot_msgs.egg-info/dependency_links.txt
[1.244s] writing top-level names to ardupilot_msgs.egg-info/top_level.txt
[1.244s] writing manifest file 'ardupilot_msgs.egg-info/SOURCES.txt'
[1.245s] reading manifest file 'ardupilot_msgs.egg-info/SOURCES.txt'
[1.246s] writing manifest file 'ardupilot_msgs.egg-info/SOURCES.txt'
[1.267s] [  3%] Built target ament_cmake_python_build_ardupilot_msgs_egg
[1.361s] [  3%] Built target ardupilot_msgs__rs
[1.554s] [  3%] Built target ardupilot_msgs__cpp
[1.560s] [  5%] [34m[1mGenerating C++ type support dispatch for ROS interfaces[0m
[1.564s] [  6%] [34m[1mGenerating C++ type support for eProsima Fast-RTPS[0m
[1.564s] [  7%] [34m[1mGenerating C++ introspection for ROS interfaces[0m
[1.812s] [ 12%] [32mBuilding C object CMakeFiles/ardupilot_msgs__rosidl_generator_c.dir/rosidl_generator_c/ardupilot_msgs/msg/detail/status__functions.c.o[0m
[1.812s] [ 12%] [32mBuilding C object CMakeFiles/ardupilot_msgs__rosidl_generator_c.dir/rosidl_generator_c/ardupilot_msgs/msg/detail/airspeed__functions.c.o[0m
[1.812s] [ 12%] [32mBuilding C object CMakeFiles/ardupilot_msgs__rosidl_generator_c.dir/rosidl_generator_c/ardupilot_msgs/msg/detail/global_position__functions.c.o[0m
[1.812s] [ 12%] [32mBuilding C object CMakeFiles/ardupilot_msgs__rosidl_generator_c.dir/rosidl_generator_c/ardupilot_msgs/msg/detail/rc__functions.c.o[0m
[1.812s] [ 13%] [32mBuilding C object CMakeFiles/ardupilot_msgs__rosidl_generator_c.dir/rosidl_generator_c/ardupilot_msgs/srv/detail/arm_motors__functions.c.o[0m
[1.814s] [ 15%] [32mBuilding C object CMakeFiles/ardupilot_msgs__rosidl_generator_c.dir/rosidl_generator_c/ardupilot_msgs/srv/detail/takeoff__functions.c.o[0m
[1.817s] [ 16%] [32mBuilding C object CMakeFiles/ardupilot_msgs__rosidl_generator_c.dir/rosidl_generator_c/ardupilot_msgs/srv/detail/mode_switch__functions.c.o[0m
[1.878s] [ 17%] [32m[1mLinking C shared library libardupilot_msgs__rosidl_generator_c.so[0m
[1.903s] [ 17%] Built target ardupilot_msgs__rosidl_generator_c
[1.909s] [ 18%] [34m[1mGenerating C type support for eProsima Fast-RTPS[0m
[1.909s] [ 21%] [34m[1mGenerating C type support dispatch for ROS interfaces[0m
[1.909s] [ 21%] [34m[1mGenerating C introspection for ROS interfaces[0m
[1.957s] [ 25%] [32mBuilding CXX object CMakeFiles/ardupilot_msgs__rosidl_typesupport_cpp.dir/rosidl_typesupport_cpp/ardupilot_msgs/msg/rc__type_support.cpp.o[0m
[1.957s] [ 25%] [32mBuilding CXX object CMakeFiles/ardupilot_msgs__rosidl_typesupport_cpp.dir/rosidl_typesupport_cpp/ardupilot_msgs/msg/global_position__type_support.cpp.o[0m
[1.957s] [ 25%] [32mBuilding CXX object CMakeFiles/ardupilot_msgs__rosidl_typesupport_cpp.dir/rosidl_typesupport_cpp/ardupilot_msgs/msg/airspeed__type_support.cpp.o[0m
[1.957s] [ 26%] [32mBuilding CXX object CMakeFiles/ardupilot_msgs__rosidl_typesupport_cpp.dir/rosidl_typesupport_cpp/ardupilot_msgs/srv/mode_switch__type_support.cpp.o[0m
[1.958s] [ 27%] [32mBuilding CXX object CMakeFiles/ardupilot_msgs__rosidl_typesupport_cpp.dir/rosidl_typesupport_cpp/ardupilot_msgs/srv/arm_motors__type_support.cpp.o[0m
[1.959s] [ 28%] [32mBuilding CXX object CMakeFiles/ardupilot_msgs__rosidl_typesupport_cpp.dir/rosidl_typesupport_cpp/ardupilot_msgs/msg/status__type_support.cpp.o[0m
[1.959s] [ 30%] [32mBuilding CXX object CMakeFiles/ardupilot_msgs__rosidl_typesupport_cpp.dir/rosidl_typesupport_cpp/ardupilot_msgs/srv/takeoff__type_support.cpp.o[0m
[2.126s] [ 31%] [32mBuilding CXX object CMakeFiles/ardupilot_msgs__rosidl_typesupport_introspection_cpp.dir/rosidl_typesupport_introspection_cpp/ardupilot_msgs/msg/detail/rc__type_support.cpp.o[0m
[2.126s] [ 32%] [32mBuilding CXX object CMakeFiles/ardupilot_msgs__rosidl_typesupport_introspection_cpp.dir/rosidl_typesupport_introspection_cpp/ardupilot_msgs/msg/detail/airspeed__type_support.cpp.o[0m
[2.126s] [ 33%] [32mBuilding CXX object CMakeFiles/ardupilot_msgs__rosidl_typesupport_introspection_cpp.dir/rosidl_typesupport_introspection_cpp/ardupilot_msgs/msg/detail/global_position__type_support.cpp.o[0m
[2.126s] [ 35%] [32mBuilding CXX object CMakeFiles/ardupilot_msgs__rosidl_typesupport_introspection_cpp.dir/rosidl_typesupport_introspection_cpp/ardupilot_msgs/srv/detail/arm_motors__type_support.cpp.o[0m
[2.126s] [ 36%] [32mBuilding CXX object CMakeFiles/ardupilot_msgs__rosidl_typesupport_introspection_cpp.dir/rosidl_typesupport_introspection_cpp/ardupilot_msgs/msg/detail/status__type_support.cpp.o[0m
[2.127s] [ 37%] [32mBuilding CXX object CMakeFiles/ardupilot_msgs__rosidl_typesupport_introspection_cpp.dir/rosidl_typesupport_introspection_cpp/ardupilot_msgs/srv/detail/takeoff__type_support.cpp.o[0m
[2.129s] [ 38%] [32mBuilding CXX object CMakeFiles/ardupilot_msgs__rosidl_typesupport_introspection_cpp.dir/rosidl_typesupport_introspection_cpp/ardupilot_msgs/srv/detail/mode_switch__type_support.cpp.o[0m
[2.208s] [ 40%] [32m[1mLinking CXX shared library libardupilot_msgs__rosidl_typesupport_cpp.so[0m
[2.241s] [ 40%] Built target ardupilot_msgs__rosidl_typesupport_cpp
[2.264s] [ 46%] [32mBuilding CXX object CMakeFiles/ardupilot_msgs__rosidl_typesupport_fastrtps_cpp.dir/rosidl_typesupport_fastrtps_cpp/ardupilot_msgs/msg/detail/dds_fastrtps/status__type_support.cpp.o[0m
[2.264s] [ 46%] [32mBuilding CXX object CMakeFiles/ardupilot_msgs__rosidl_typesupport_fastrtps_cpp.dir/rosidl_typesupport_fastrtps_cpp/ardupilot_msgs/msg/detail/dds_fastrtps/rc__type_support.cpp.o[0m
[2.264s] [ 46%] [32mBuilding CXX object CMakeFiles/ardupilot_msgs__rosidl_typesupport_fastrtps_cpp.dir/rosidl_typesupport_fastrtps_cpp/ardupilot_msgs/msg/detail/dds_fastrtps/airspeed__type_support.cpp.o[0m
[2.264s] [ 46%] [32mBuilding CXX object CMakeFiles/ardupilot_msgs__rosidl_typesupport_fastrtps_cpp.dir/rosidl_typesupport_fastrtps_cpp/ardupilot_msgs/msg/detail/dds_fastrtps/global_position__type_support.cpp.o[0m
[2.265s] [ 46%] [32mBuilding CXX object CMakeFiles/ardupilot_msgs__rosidl_typesupport_fastrtps_cpp.dir/rosidl_typesupport_fastrtps_cpp/ardupilot_msgs/srv/detail/dds_fastrtps/arm_motors__type_support.cpp.o[0m
[2.274s] [ 48%] [32mBuilding CXX object CMakeFiles/ardupilot_msgs__rosidl_typesupport_fastrtps_cpp.dir/rosidl_typesupport_fastrtps_cpp/ardupilot_msgs/srv/detail/dds_fastrtps/takeoff__type_support.cpp.o[0m
[2.274s] [ 48%] [32mBuilding CXX object CMakeFiles/ardupilot_msgs__rosidl_typesupport_fastrtps_cpp.dir/rosidl_typesupport_fastrtps_cpp/ardupilot_msgs/srv/detail/dds_fastrtps/mode_switch__type_support.cpp.o[0m
[2.447s] [ 50%] [32mBuilding C object CMakeFiles/ardupilot_msgs__rosidl_typesupport_introspection_c.dir/rosidl_typesupport_introspection_c/ardupilot_msgs/msg/detail/status__type_support.c.o[0m
[2.447s] [ 52%] [32mBuilding C object CMakeFiles/ardupilot_msgs__rosidl_typesupport_introspection_c.dir/rosidl_typesupport_introspection_c/ardupilot_msgs/msg/detail/global_position__type_support.c.o[0m
[2.447s] [ 52%] [32mBuilding C object CMakeFiles/ardupilot_msgs__rosidl_typesupport_introspection_c.dir/rosidl_typesupport_introspection_c/ardupilot_msgs/msg/detail/rc__type_support.c.o[0m
[2.447s] [ 53%] [32mBuilding C object CMakeFiles/ardupilot_msgs__rosidl_typesupport_introspection_c.dir/rosidl_typesupport_introspection_c/ardupilot_msgs/msg/detail/airspeed__type_support.c.o[0m
[2.447s] [ 55%] [32mBuilding C object CMakeFiles/ardupilot_msgs__rosidl_typesupport_introspection_c.dir/rosidl_typesupport_introspection_c/ardupilot_msgs/srv/detail/arm_motors__type_support.c.o[0m
[2.448s] [ 56%] [32mBuilding C object CMakeFiles/ardupilot_msgs__rosidl_typesupport_introspection_c.dir/rosidl_typesupport_introspection_c/ardupilot_msgs/srv/detail/takeoff__type_support.c.o[0m
[2.448s] [ 57%] [32mBuilding C object CMakeFiles/ardupilot_msgs__rosidl_typesupport_introspection_c.dir/rosidl_typesupport_introspection_c/ardupilot_msgs/srv/detail/mode_switch__type_support.c.o[0m
[2.487s] [ 58%] [32m[1mLinking C shared library libardupilot_msgs__rosidl_typesupport_introspection_c.so[0m
[2.506s] [ 58%] Built target ardupilot_msgs__rosidl_typesupport_introspection_c
[2.506s] [ 60%] [32mBuilding CXX object CMakeFiles/ardupilot_msgs__rosidl_typesupport_c.dir/rosidl_typesupport_c/ardupilot_msgs/srv/arm_motors__type_support.cpp.o[0m
[2.507s] [ 61%] [32mBuilding CXX object CMakeFiles/ardupilot_msgs__rosidl_typesupport_c.dir/rosidl_typesupport_c/ardupilot_msgs/srv/mode_switch__type_support.cpp.o[0m
[2.508s] [ 62%] [32mBuilding CXX object CMakeFiles/ardupilot_msgs__rosidl_typesupport_c.dir/rosidl_typesupport_c/ardupilot_msgs/msg/global_position__type_support.cpp.o[0m
[2.508s] [ 66%] [32mBuilding CXX object CMakeFiles/ardupilot_msgs__rosidl_typesupport_c.dir/rosidl_typesupport_c/ardupilot_msgs/srv/takeoff__type_support.cpp.o[0m
[2.508s] [ 66%] [32mBuilding CXX object CMakeFiles/ardupilot_msgs__rosidl_typesupport_c.dir/rosidl_typesupport_c/ardupilot_msgs/msg/status__type_support.cpp.o[0m
[2.508s] [ 67%] [32mBuilding CXX object CMakeFiles/ardupilot_msgs__rosidl_typesupport_c.dir/rosidl_typesupport_c/ardupilot_msgs/msg/rc__type_support.cpp.o[0m
[2.508s] [ 67%] [32mBuilding CXX object CMakeFiles/ardupilot_msgs__rosidl_typesupport_c.dir/rosidl_typesupport_c/ardupilot_msgs/msg/airspeed__type_support.cpp.o[0m
[2.541s] [ 68%] [32m[1mLinking CXX shared library libardupilot_msgs__rosidl_typesupport_c.so[0m
[2.557s] [ 70%] [32m[1mLinking CXX shared library libardupilot_msgs__rosidl_typesupport_introspection_cpp.so[0m
[2.574s] [ 70%] Built target ardupilot_msgs__rosidl_typesupport_c
[2.577s] [ 73%] [32mBuilding CXX object CMakeFiles/ardupilot_msgs__rosidl_typesupport_fastrtps_c.dir/rosidl_typesupport_fastrtps_c/ardupilot_msgs/srv/detail/arm_motors__type_support_c.cpp.o[0m
[2.577s] [ 73%] [32mBuilding CXX object CMakeFiles/ardupilot_msgs__rosidl_typesupport_fastrtps_c.dir/rosidl_typesupport_fastrtps_c/ardupilot_msgs/msg/detail/status__type_support_c.cpp.o[0m
[2.577s] [ 73%] [32mBuilding CXX object CMakeFiles/ardupilot_msgs__rosidl_typesupport_fastrtps_c.dir/rosidl_typesupport_fastrtps_c/ardupilot_msgs/msg/detail/airspeed__type_support_c.cpp.o[0m
[2.577s] [ 75%] [32mBuilding CXX object CMakeFiles/ardupilot_msgs__rosidl_typesupport_fastrtps_c.dir/rosidl_typesupport_fastrtps_c/ardupilot_msgs/srv/detail/mode_switch__type_support_c.cpp.o[0m
[2.577s] [ 76%] [32mBuilding CXX object CMakeFiles/ardupilot_msgs__rosidl_typesupport_fastrtps_c.dir/rosidl_typesupport_fastrtps_c/ardupilot_msgs/srv/detail/takeoff__type_support_c.cpp.o[0m
[2.578s] [ 77%] [32mBuilding CXX object CMakeFiles/ardupilot_msgs__rosidl_typesupport_fastrtps_c.dir/rosidl_typesupport_fastrtps_c/ardupilot_msgs/msg/detail/global_position__type_support_c.cpp.o[0m
[2.578s] [ 78%] [32mBuilding CXX object CMakeFiles/ardupilot_msgs__rosidl_typesupport_fastrtps_c.dir/rosidl_typesupport_fastrtps_c/ardupilot_msgs/msg/detail/rc__type_support_c.cpp.o[0m
[2.600s] [ 78%] Built target ardupilot_msgs__rosidl_typesupport_introspection_cpp
[2.641s] [ 80%] [32m[1mLinking CXX shared library libardupilot_msgs__rosidl_typesupport_fastrtps_cpp.so[0m
[2.696s] [ 80%] Built target ardupilot_msgs__rosidl_typesupport_fastrtps_cpp
[2.861s] [ 81%] [32m[1mLinking CXX shared library libardupilot_msgs__rosidl_typesupport_fastrtps_c.so[0m
[2.901s] [ 81%] Built target ardupilot_msgs__rosidl_typesupport_fastrtps_c
[2.914s] [ 81%] Built target ardupilot_msgs
[2.925s] [ 82%] [34m[1mGenerating Python code for ROS interfaces[0m
[3.622s] [ 82%] Built target ardupilot_msgs__py
[3.635s] [ 83%] [32mBuilding C object CMakeFiles/ardupilot_msgs__rosidl_generator_py.dir/rosidl_generator_py/ardupilot_msgs/msg/_global_position_s.c.o[0m
[3.635s] [ 85%] [32mBuilding C object CMakeFiles/ardupilot_msgs__rosidl_generator_py.dir/rosidl_generator_py/ardupilot_msgs/msg/_rc_s.c.o[0m
[3.636s] [ 86%] [32mBuilding C object CMakeFiles/ardupilot_msgs__rosidl_generator_py.dir/rosidl_generator_py/ardupilot_msgs/msg/_status_s.c.o[0m
[3.636s] [ 88%] [32mBuilding C object CMakeFiles/ardupilot_msgs__rosidl_generator_py.dir/rosidl_generator_py/ardupilot_msgs/msg/_airspeed_s.c.o[0m
[3.636s] [ 88%] [32mBuilding C object CMakeFiles/ardupilot_msgs__rosidl_generator_py.dir/rosidl_generator_py/ardupilot_msgs/srv/_arm_motors_s.c.o[0m
[3.636s] [ 90%] [32mBuilding C object CMakeFiles/ardupilot_msgs__rosidl_generator_py.dir/rosidl_generator_py/ardupilot_msgs/srv/_mode_switch_s.c.o[0m
[3.636s] [ 91%] [32mBuilding C object CMakeFiles/ardupilot_msgs__rosidl_generator_py.dir/rosidl_generator_py/ardupilot_msgs/srv/_takeoff_s.c.o[0m
[3.759s] [ 92%] [32m[1mLinking C shared library rosidl_generator_py/ardupilot_msgs/libardupilot_msgs__rosidl_generator_py.so[0m
[3.784s] [ 92%] Built target ardupilot_msgs__rosidl_generator_py
[3.798s] [ 95%] [32mBuilding C object CMakeFiles/ardupilot_msgs__rosidl_typesupport_fastrtps_c__pyext.dir/rosidl_generator_py/ardupilot_msgs/_ardupilot_msgs_s.ep.rosidl_typesupport_fastrtps_c.c.o[0m
[3.798s] [ 95%] [32mBuilding C object CMakeFiles/ardupilot_msgs__rosidl_typesupport_introspection_c__pyext.dir/rosidl_generator_py/ardupilot_msgs/_ardupilot_msgs_s.ep.rosidl_typesupport_introspection_c.c.o[0m
[3.798s] [ 96%] [32mBuilding C object CMakeFiles/ardupilot_msgs__rosidl_typesupport_c__pyext.dir/rosidl_generator_py/ardupilot_msgs/_ardupilot_msgs_s.ep.rosidl_typesupport_c.c.o[0m
[3.892s] [ 97%] [32m[1mLinking C shared library rosidl_generator_py/ardupilot_msgs/ardupilot_msgs_s__rosidl_typesupport_fastrtps_c.cpython-310-x86_64-linux-gnu.so[0m
[3.895s] [ 98%] [32m[1mLinking C shared library rosidl_generator_py/ardupilot_msgs/ardupilot_msgs_s__rosidl_typesupport_c.cpython-310-x86_64-linux-gnu.so[0m
[3.909s] [100%] [32m[1mLinking C shared library rosidl_generator_py/ardupilot_msgs/ardupilot_msgs_s__rosidl_typesupport_introspection_c.cpython-310-x86_64-linux-gnu.so[0m
[3.915s] [100%] Built target ardupilot_msgs__rosidl_typesupport_fastrtps_c__pyext
[3.923s] [100%] Built target ardupilot_msgs__rosidl_typesupport_c__pyext
[3.933s] [100%] Built target ardupilot_msgs__rosidl_typesupport_introspection_c__pyext
[3.941s] Invoked command in '/home/lh/Documents/joao_pessoa_2026/build/ardupilot_msgs' returned '0': CMAKE_PREFIX_PATH=${CMAKE_PREFIX_PATH}:/home/lh/Documents/joao_pessoa_2026/install/ardupilot_dds_tests:/home/lh/Documents/joao_pessoa_2026/install/biguasim_main:/opt/ros/humble /usr/bin/cmake --build /home/lh/Documents/joao_pessoa_2026/build/ardupilot_msgs -- -j32 -l32
[3.942s] Invoking command in '/home/lh/Documents/joao_pessoa_2026/build/ardupilot_msgs': CMAKE_PREFIX_PATH=${CMAKE_PREFIX_PATH}:/home/lh/Documents/joao_pessoa_2026/install/ardupilot_dds_tests:/home/lh/Documents/joao_pessoa_2026/install/biguasim_main:/opt/ros/humble /usr/bin/cmake --install /home/lh/Documents/joao_pessoa_2026/build/ardupilot_msgs
[3.947s] -- Install configuration: ""
[3.948s] -- Execute custom install script
[3.948s] -- Symlinking: /home/lh/Documents/joao_pessoa_2026/install/ardupilot_msgs/share/ament_index/resource_index/rosidl_interfaces/ardupilot_msgs
[3.954s] -- Symlinking: /home/lh/Documents/joao_pessoa_2026/install/ardupilot_msgs/include/ardupilot_msgs/ardupilot_msgs/msg/airspeed.h
[3.959s] -- Symlinking: /home/lh/Documents/joao_pessoa_2026/install/ardupilot_msgs/include/ardupilot_msgs/ardupilot_msgs/msg/detail/airspeed__functions.h
[3.964s] -- Symlinking: /home/lh/Documents/joao_pessoa_2026/install/ardupilot_msgs/include/ardupilot_msgs/ardupilot_msgs/msg/detail/airspeed__struct.h
[3.968s] -- Symlinking: /home/lh/Documents/joao_pessoa_2026/install/ardupilot_msgs/include/ardupilot_msgs/ardupilot_msgs/msg/detail/airspeed__type_support.h
[3.973s] -- Symlinking: /home/lh/Documents/joao_pessoa_2026/install/ardupilot_msgs/include/ardupilot_msgs/ardupilot_msgs/msg/detail/global_position__functions.h
[3.978s] -- Symlinking: /home/lh/Documents/joao_pessoa_2026/install/ardupilot_msgs/include/ardupilot_msgs/ardupilot_msgs/msg/detail/global_position__struct.h
[3.982s] -- Symlinking: /home/lh/Documents/joao_pessoa_2026/install/ardupilot_msgs/include/ardupilot_msgs/ardupilot_msgs/msg/detail/global_position__type_support.h
[3.986s] -- Symlinking: /home/lh/Documents/joao_pessoa_2026/install/ardupilot_msgs/include/ardupilot_msgs/ardupilot_msgs/msg/detail/rc__functions.h
[3.991s] -- Symlinking: /home/lh/Documents/joao_pessoa_2026/install/ardupilot_msgs/include/ardupilot_msgs/ardupilot_msgs/msg/detail/rc__struct.h
[3.995s] -- Symlinking: /home/lh/Documents/joao_pessoa_2026/install/ardupilot_msgs/include/ardupilot_msgs/ardupilot_msgs/msg/detail/rc__type_support.h
[3.999s] -- Symlinking: /home/lh/Documents/joao_pessoa_2026/install/ardupilot_msgs/include/ardupilot_msgs/ardupilot_msgs/msg/detail/status__functions.h
[4.004s] -- Symlinking: /home/lh/Documents/joao_pessoa_2026/install/ardupilot_msgs/include/ardupilot_msgs/ardupilot_msgs/msg/detail/status__struct.h
[4.009s] -- Symlinking: /home/lh/Documents/joao_pessoa_2026/install/ardupilot_msgs/include/ardupilot_msgs/ardupilot_msgs/msg/detail/status__type_support.h
[4.013s] -- Symlinking: /home/lh/Documents/joao_pessoa_2026/install/ardupilot_msgs/include/ardupilot_msgs/ardupilot_msgs/msg/global_position.h
[4.017s] -- Symlinking: /home/lh/Documents/joao_pessoa_2026/install/ardupilot_msgs/include/ardupilot_msgs/ardupilot_msgs/msg/rc.h
[4.021s] -- Symlinking: /home/lh/Documents/joao_pessoa_2026/install/ardupilot_msgs/include/ardupilot_msgs/ardupilot_msgs/msg/rosidl_generator_c__visibility_control.h
[4.026s] -- Symlinking: /home/lh/Documents/joao_pessoa_2026/install/ardupilot_msgs/include/ardupilot_msgs/ardupilot_msgs/msg/status.h
[4.030s] -- Symlinking: /home/lh/Documents/joao_pessoa_2026/install/ardupilot_msgs/include/ardupilot_msgs/ardupilot_msgs/srv/arm_motors.h
[4.034s] -- Symlinking: /home/lh/Documents/joao_pessoa_2026/install/ardupilot_msgs/include/ardupilot_msgs/ardupilot_msgs/srv/detail/arm_motors__functions.h
[4.039s] -- Symlinking: /home/lh/Documents/joao_pessoa_2026/install/ardupilot_msgs/include/ardupilot_msgs/ardupilot_msgs/srv/detail/arm_motors__struct.h
[4.044s] -- Symlinking: /home/lh/Documents/joao_pessoa_2026/install/ardupilot_msgs/include/ardupilot_msgs/ardupilot_msgs/srv/detail/arm_motors__type_support.h
[4.048s] -- Symlinking: /home/lh/Documents/joao_pessoa_2026/install/ardupilot_msgs/include/ardupilot_msgs/ardupilot_msgs/srv/detail/mode_switch__functions.h
[4.052s] -- Symlinking: /home/lh/Documents/joao_pessoa_2026/install/ardupilot_msgs/include/ardupilot_msgs/ardupilot_msgs/srv/detail/mode_switch__struct.h
[4.057s] -- Symlinking: /home/lh/Documents/joao_pessoa_2026/install/ardupilot_msgs/include/ardupilot_msgs/ardupilot_msgs/srv/detail/mode_switch__type_support.h
[4.061s] -- Symlinking: /home/lh/Documents/joao_pessoa_2026/install/ardupilot_msgs/include/ardupilot_msgs/ardupilot_msgs/srv/detail/takeoff__functions.h
[4.065s] -- Symlinking: /home/lh/Documents/joao_pessoa_2026/install/ardupilot_msgs/include/ardupilot_msgs/ardupilot_msgs/srv/detail/takeoff__struct.h
[4.070s] -- Symlinking: /home/lh/Documents/joao_pessoa_2026/install/ardupilot_msgs/include/ardupilot_msgs/ardupilot_msgs/srv/detail/takeoff__type_support.h
[4.075s] -- Symlinking: /home/lh/Documents/joao_pessoa_2026/install/ardupilot_msgs/include/ardupilot_msgs/ardupilot_msgs/srv/mode_switch.h
[4.080s] -- Symlinking: /home/lh/Documents/joao_pessoa_2026/install/ardupilot_msgs/include/ardupilot_msgs/ardupilot_msgs/srv/takeoff.h
[4.083s] -- Symlinking: /home/lh/Documents/joao_pessoa_2026/install/ardupilot_msgs/share/ardupilot_msgs/environment/library_path.sh
[4.088s] -- Symlinking: /home/lh/Documents/joao_pessoa_2026/install/ardupilot_msgs/share/ardupilot_msgs/environment/library_path.dsv
[4.094s] -- Symlinking: /home/lh/Documents/joao_pessoa_2026/install/ardupilot_msgs/include/ardupilot_msgs/ardupilot_msgs/msg/detail/airspeed__rosidl_typesupport_fastrtps_c.h
[4.098s] -- Symlinking: /home/lh/Documents/joao_pessoa_2026/install/ardupilot_msgs/include/ardupilot_msgs/ardupilot_msgs/msg/detail/global_position__rosidl_typesupport_fastrtps_c.h
[4.103s] -- Symlinking: /home/lh/Documents/joao_pessoa_2026/install/ardupilot_msgs/include/ardupilot_msgs/ardupilot_msgs/msg/detail/rc__rosidl_typesupport_fastrtps_c.h
[4.108s] -- Symlinking: /home/lh/Documents/joao_pessoa_2026/install/ardupilot_msgs/include/ardupilot_msgs/ardupilot_msgs/msg/detail/status__rosidl_typesupport_fastrtps_c.h
[4.112s] -- Symlinking: /home/lh/Documents/joao_pessoa_2026/install/ardupilot_msgs/include/ardupilot_msgs/ardupilot_msgs/msg/rosidl_typesupport_fastrtps_c__visibility_control.h
[4.117s] -- Symlinking: /home/lh/Documents/joao_pessoa_2026/install/ardupilot_msgs/include/ardupilot_msgs/ardupilot_msgs/srv/detail/arm_motors__rosidl_typesupport_fastrtps_c.h
[4.122s] -- Symlinking: /home/lh/Documents/joao_pessoa_2026/install/ardupilot_msgs/include/ardupilot_msgs/ardupilot_msgs/srv/detail/mode_switch__rosidl_typesupport_fastrtps_c.h
[4.125s] -- Symlinking: /home/lh/Documents/joao_pessoa_2026/install/ardupilot_msgs/include/ardupilot_msgs/ardupilot_msgs/srv/detail/takeoff__rosidl_typesupport_fastrtps_c.h
[4.131s] -- Symlinking: /home/lh/Documents/joao_pessoa_2026/install/ardupilot_msgs/include/ardupilot_msgs/ardupilot_msgs/msg/airspeed.hpp
[4.136s] -- Symlinking: /home/lh/Documents/joao_pessoa_2026/install/ardupilot_msgs/include/ardupilot_msgs/ardupilot_msgs/msg/detail/airspeed__builder.hpp
[4.141s] -- Symlinking: /home/lh/Documents/joao_pessoa_2026/install/ardupilot_msgs/include/ardupilot_msgs/ardupilot_msgs/msg/detail/airspeed__struct.hpp
[4.145s] -- Symlinking: /home/lh/Documents/joao_pessoa_2026/install/ardupilot_msgs/include/ardupilot_msgs/ardupilot_msgs/msg/detail/airspeed__traits.hpp
[4.150s] -- Symlinking: /home/lh/Documents/joao_pessoa_2026/install/ardupilot_msgs/include/ardupilot_msgs/ardupilot_msgs/msg/detail/airspeed__type_support.hpp
[4.156s] -- Symlinking: /home/lh/Documents/joao_pessoa_2026/install/ardupilot_msgs/include/ardupilot_msgs/ardupilot_msgs/msg/detail/global_position__builder.hpp
[4.161s] -- Symlinking: /home/lh/Documents/joao_pessoa_2026/install/ardupilot_msgs/include/ardupilot_msgs/ardupilot_msgs/msg/detail/global_position__struct.hpp
[4.166s] -- Symlinking: /home/lh/Documents/joao_pessoa_2026/install/ardupilot_msgs/include/ardupilot_msgs/ardupilot_msgs/msg/detail/global_position__traits.hpp
[4.171s] -- Symlinking: /home/lh/Documents/joao_pessoa_2026/install/ardupilot_msgs/include/ardupilot_msgs/ardupilot_msgs/msg/detail/global_position__type_support.hpp
[4.175s] -- Symlinking: /home/lh/Documents/joao_pessoa_2026/install/ardupilot_msgs/include/ardupilot_msgs/ardupilot_msgs/msg/detail/rc__builder.hpp
[4.180s] -- Symlinking: /home/lh/Documents/joao_pessoa_2026/install/ardupilot_msgs/include/ardupilot_msgs/ardupilot_msgs/msg/detail/rc__struct.hpp
[4.185s] -- Symlinking: /home/lh/Documents/joao_pessoa_2026/install/ardupilot_msgs/include/ardupilot_msgs/ardupilot_msgs/msg/detail/rc__traits.hpp
[4.189s] -- Symlinking: /home/lh/Documents/joao_pessoa_2026/install/ardupilot_msgs/include/ardupilot_msgs/ardupilot_msgs/msg/detail/rc__type_support.hpp
[4.195s] -- Symlinking: /home/lh/Documents/joao_pessoa_2026/install/ardupilot_msgs/include/ardupilot_msgs/ardupilot_msgs/msg/detail/status__builder.hpp
[4.200s] -- Symlinking: /home/lh/Documents/joao_pessoa_2026/install/ardupilot_msgs/include/ardupilot_msgs/ardupilot_msgs/msg/detail/status__struct.hpp
[4.205s] -- Symlinking: /home/lh/Documents/joao_pessoa_2026/install/ardupilot_msgs/include/ardupilot_msgs/ardupilot_msgs/msg/detail/status__traits.hpp
[4.210s] -- Symlinking: /home/lh/Documents/joao_pessoa_2026/install/ardupilot_msgs/include/ardupilot_msgs/ardupilot_msgs/msg/detail/status__type_support.hpp
[4.215s] -- Symlinking: /home/lh/Documents/joao_pessoa_2026/install/ardupilot_msgs/include/ardupilot_msgs/ardupilot_msgs/msg/global_position.hpp
[4.219s] -- Symlinking: /home/lh/Documents/joao_pessoa_2026/install/ardupilot_msgs/include/ardupilot_msgs/ardupilot_msgs/msg/rc.hpp
[4.222s] -- Symlinking: /home/lh/Documents/joao_pessoa_2026/install/ardupilot_msgs/include/ardupilot_msgs/ardupilot_msgs/msg/rosidl_generator_cpp__visibility_control.hpp
[4.228s] -- Symlinking: /home/lh/Documents/joao_pessoa_2026/install/ardupilot_msgs/include/ardupilot_msgs/ardupilot_msgs/msg/status.hpp
[4.231s] -- Symlinking: /home/lh/Documents/joao_pessoa_2026/install/ardupilot_msgs/include/ardupilot_msgs/ardupilot_msgs/srv/arm_motors.hpp
[4.235s] -- Symlinking: /home/lh/Documents/joao_pessoa_2026/install/ardupilot_msgs/include/ardupilot_msgs/ardupilot_msgs/srv/detail/arm_motors__builder.hpp
[4.239s] -- Symlinking: /home/lh/Documents/joao_pessoa_2026/install/ardupilot_msgs/include/ardupilot_msgs/ardupilot_msgs/srv/detail/arm_motors__struct.hpp
[4.244s] -- Symlinking: /home/lh/Documents/joao_pessoa_2026/install/ardupilot_msgs/include/ardupilot_msgs/ardupilot_msgs/srv/detail/arm_motors__traits.hpp
[4.249s] -- Symlinking: /home/lh/Documents/joao_pessoa_2026/install/ardupilot_msgs/include/ardupilot_msgs/ardupilot_msgs/srv/detail/arm_motors__type_support.hpp
[4.253s] -- Symlinking: /home/lh/Documents/joao_pessoa_2026/install/ardupilot_msgs/include/ardupilot_msgs/ardupilot_msgs/srv/detail/mode_switch__builder.hpp
[4.258s] -- Symlinking: /home/lh/Documents/joao_pessoa_2026/install/ardupilot_msgs/include/ardupilot_msgs/ardupilot_msgs/srv/detail/mode_switch__struct.hpp
[4.263s] -- Symlinking: /home/lh/Documents/joao_pessoa_2026/install/ardupilot_msgs/include/ardupilot_msgs/ardupilot_msgs/srv/detail/mode_switch__traits.hpp
[4.267s] -- Symlinking: /home/lh/Documents/joao_pessoa_2026/install/ardupilot_msgs/include/ardupilot_msgs/ardupilot_msgs/srv/detail/mode_switch__type_support.hpp
[4.271s] -- Symlinking: /home/lh/Documents/joao_pessoa_2026/install/ardupilot_msgs/include/ardupilot_msgs/ardupilot_msgs/srv/detail/takeoff__builder.hpp
[4.276s] -- Symlinking: /home/lh/Documents/joao_pessoa_2026/install/ardupilot_msgs/include/ardupilot_msgs/ardupilot_msgs/srv/detail/takeoff__struct.hpp
[4.279s] -- Symlinking: /home/lh/Documents/joao_pessoa_2026/install/ardupilot_msgs/include/ardupilot_msgs/ardupilot_msgs/srv/detail/takeoff__traits.hpp
[4.283s] -- Symlinking: /home/lh/Documents/joao_pessoa_2026/install/ardupilot_msgs/include/ardupilot_msgs/ardupilot_msgs/srv/detail/takeoff__type_support.hpp
[4.289s] -- Symlinking: /home/lh/Documents/joao_pessoa_2026/install/ardupilot_msgs/include/ardupilot_msgs/ardupilot_msgs/srv/mode_switch.hpp
[4.294s] -- Symlinking: /home/lh/Documents/joao_pessoa_2026/install/ardupilot_msgs/include/ardupilot_msgs/ardupilot_msgs/srv/takeoff.hpp
[4.299s] -- Symlinking: /home/lh/Documents/joao_pessoa_2026/install/ardupilot_msgs/include/ardupilot_msgs/ardupilot_msgs/msg/detail/airspeed__rosidl_typesupport_fastrtps_cpp.hpp
[4.303s] -- Symlinking: /home/lh/Documents/joao_pessoa_2026/install/ardupilot_msgs/include/ardupilot_msgs/ardupilot_msgs/msg/detail/global_position__rosidl_typesupport_fastrtps_cpp.hpp
[4.308s] -- Symlinking: /home/lh/Documents/joao_pessoa_2026/install/ardupilot_msgs/include/ardupilot_msgs/ardupilot_msgs/msg/detail/rc__rosidl_typesupport_fastrtps_cpp.hpp
[4.313s] -- Symlinking: /home/lh/Documents/joao_pessoa_2026/install/ardupilot_msgs/include/ardupilot_msgs/ardupilot_msgs/msg/detail/status__rosidl_typesupport_fastrtps_cpp.hpp
[4.317s] -- Symlinking: /home/lh/Documents/joao_pessoa_2026/install/ardupilot_msgs/include/ardupilot_msgs/ardupilot_msgs/msg/rosidl_typesupport_fastrtps_cpp__visibility_control.h
[4.322s] -- Symlinking: /home/lh/Documents/joao_pessoa_2026/install/ardupilot_msgs/include/ardupilot_msgs/ardupilot_msgs/srv/detail/arm_motors__rosidl_typesupport_fastrtps_cpp.hpp
[4.328s] -- Symlinking: /home/lh/Documents/joao_pessoa_2026/install/ardupilot_msgs/include/ardupilot_msgs/ardupilot_msgs/srv/detail/mode_switch__rosidl_typesupport_fastrtps_cpp.hpp
[4.331s] -- Symlinking: /home/lh/Documents/joao_pessoa_2026/install/ardupilot_msgs/include/ardupilot_msgs/ardupilot_msgs/srv/detail/takeoff__rosidl_typesupport_fastrtps_cpp.hpp
[4.336s] -- Symlinking: /home/lh/Documents/joao_pessoa_2026/install/ardupilot_msgs/include/ardupilot_msgs/ardupilot_msgs/msg/detail/airspeed__rosidl_typesupport_introspection_c.h
[4.340s] -- Symlinking: /home/lh/Documents/joao_pessoa_2026/install/ardupilot_msgs/include/ardupilot_msgs/ardupilot_msgs/msg/detail/global_position__rosidl_typesupport_introspection_c.h
[4.345s] -- Symlinking: /home/lh/Documents/joao_pessoa_2026/install/ardupilot_msgs/include/ardupilot_msgs/ardupilot_msgs/msg/detail/rc__rosidl_typesupport_introspection_c.h
[4.349s] -- Symlinking: /home/lh/Documents/joao_pessoa_2026/install/ardupilot_msgs/include/ardupilot_msgs/ardupilot_msgs/msg/detail/status__rosidl_typesupport_introspection_c.h
[4.354s] -- Symlinking: /home/lh/Documents/joao_pessoa_2026/install/ardupilot_msgs/include/ardupilot_msgs/ardupilot_msgs/msg/rosidl_typesupport_introspection_c__visibility_control.h
[4.359s] -- Symlinking: /home/lh/Documents/joao_pessoa_2026/install/ardupilot_msgs/include/ardupilot_msgs/ardupilot_msgs/srv/detail/arm_motors__rosidl_typesupport_introspection_c.h
[4.363s] -- Symlinking: /home/lh/Documents/joao_pessoa_2026/install/ardupilot_msgs/include/ardupilot_msgs/ardupilot_msgs/srv/detail/mode_switch__rosidl_typesupport_introspection_c.h
[4.367s] -- Symlinking: /home/lh/Documents/joao_pessoa_2026/install/ardupilot_msgs/include/ardupilot_msgs/ardupilot_msgs/srv/detail/takeoff__rosidl_typesupport_introspection_c.h
[4.372s] -- Symlinking: /home/lh/Documents/joao_pessoa_2026/install/ardupilot_msgs/include/ardupilot_msgs/ardupilot_msgs/msg/detail/airspeed__rosidl_typesupport_introspection_cpp.hpp
[4.377s] -- Symlinking: /home/lh/Documents/joao_pessoa_2026/install/ardupilot_msgs/include/ardupilot_msgs/ardupilot_msgs/msg/detail/global_position__rosidl_typesupport_introspection_cpp.hpp
[4.382s] -- Symlinking: /home/lh/Documents/joao_pessoa_2026/install/ardupilot_msgs/include/ardupilot_msgs/ardupilot_msgs/msg/detail/rc__rosidl_typesupport_introspection_cpp.hpp
[4.387s] -- Symlinking: /home/lh/Documents/joao_pessoa_2026/install/ardupilot_msgs/include/ardupilot_msgs/ardupilot_msgs/msg/detail/status__rosidl_typesupport_introspection_cpp.hpp
[4.392s] -- Symlinking: /home/lh/Documents/joao_pessoa_2026/install/ardupilot_msgs/include/ardupilot_msgs/ardupilot_msgs/srv/detail/arm_motors__rosidl_typesupport_introspection_cpp.hpp
[4.397s] -- Symlinking: /home/lh/Documents/joao_pessoa_2026/install/ardupilot_msgs/include/ardupilot_msgs/ardupilot_msgs/srv/detail/mode_switch__rosidl_typesupport_introspection_cpp.hpp
[4.401s] -- Symlinking: /home/lh/Documents/joao_pessoa_2026/install/ardupilot_msgs/include/ardupilot_msgs/ardupilot_msgs/srv/detail/takeoff__rosidl_typesupport_introspection_cpp.hpp
[4.406s] -- Symlinking: /home/lh/Documents/joao_pessoa_2026/install/ardupilot_msgs/share/ardupilot_msgs/environment/pythonpath.sh
[4.410s] -- Symlinking: /home/lh/Documents/joao_pessoa_2026/install/ardupilot_msgs/share/ardupilot_msgs/environment/pythonpath.dsv
[4.415s] -- Symlinking: /home/lh/Documents/joao_pessoa_2026/install/ardupilot_msgs/local/lib/python3.10/dist-packages/ardupilot_msgs-0.0.0-py3.10.egg-info/PKG-INFO
[4.420s] -- Symlinking: /home/lh/Documents/joao_pessoa_2026/install/ardupilot_msgs/local/lib/python3.10/dist-packages/ardupilot_msgs-0.0.0-py3.10.egg-info/SOURCES.txt
[4.425s] -- Symlinking: /home/lh/Documents/joao_pessoa_2026/install/ardupilot_msgs/local/lib/python3.10/dist-packages/ardupilot_msgs-0.0.0-py3.10.egg-info/dependency_links.txt
[4.430s] -- Symlinking: /home/lh/Documents/joao_pessoa_2026/install/ardupilot_msgs/local/lib/python3.10/dist-packages/ardupilot_msgs-0.0.0-py3.10.egg-info/top_level.txt
[4.436s] -- Symlinking: /home/lh/Documents/joao_pessoa_2026/install/ardupilot_msgs/local/lib/python3.10/dist-packages/ardupilot_msgs/__init__.py
[4.439s] -- Symlinking: /home/lh/Documents/joao_pessoa_2026/install/ardupilot_msgs/local/lib/python3.10/dist-packages/ardupilot_msgs/_ardupilot_msgs_s.ep.rosidl_typesupport_c.c
[4.443s] -- Symlinking: /home/lh/Documents/joao_pessoa_2026/install/ardupilot_msgs/local/lib/python3.10/dist-packages/ardupilot_msgs/_ardupilot_msgs_s.ep.rosidl_typesupport_fastrtps_c.c
[4.447s] -- Symlinking: /home/lh/Documents/joao_pessoa_2026/install/ardupilot_msgs/local/lib/python3.10/dist-packages/ardupilot_msgs/_ardupilot_msgs_s.ep.rosidl_typesupport_introspection_c.c
[4.452s] -- Symlinking: /home/lh/Documents/joao_pessoa_2026/install/ardupilot_msgs/local/lib/python3.10/dist-packages/ardupilot_msgs/ardupilot_msgs_s__rosidl_typesupport_c.cpython-310-x86_64-linux-gnu.so
[4.457s] -- Symlinking: /home/lh/Documents/joao_pessoa_2026/install/ardupilot_msgs/local/lib/python3.10/dist-packages/ardupilot_msgs/ardupilot_msgs_s__rosidl_typesupport_fastrtps_c.cpython-310-x86_64-linux-gnu.so
[4.462s] -- Symlinking: /home/lh/Documents/joao_pessoa_2026/install/ardupilot_msgs/local/lib/python3.10/dist-packages/ardupilot_msgs/ardupilot_msgs_s__rosidl_typesupport_introspection_c.cpython-310-x86_64-linux-gnu.so
[4.466s] -- Symlinking: /home/lh/Documents/joao_pessoa_2026/install/ardupilot_msgs/local/lib/python3.10/dist-packages/ardupilot_msgs/libardupilot_msgs__rosidl_generator_py.so
[4.470s] -- Symlinking: /home/lh/Documents/joao_pessoa_2026/install/ardupilot_msgs/local/lib/python3.10/dist-packages/ardupilot_msgs/msg/__init__.py
[4.475s] -- Symlinking: /home/lh/Documents/joao_pessoa_2026/install/ardupilot_msgs/local/lib/python3.10/dist-packages/ardupilot_msgs/msg/_airspeed.py
[4.479s] -- Symlinking: /home/lh/Documents/joao_pessoa_2026/install/ardupilot_msgs/local/lib/python3.10/dist-packages/ardupilot_msgs/msg/_airspeed_s.c
[4.484s] -- Symlinking: /home/lh/Documents/joao_pessoa_2026/install/ardupilot_msgs/local/lib/python3.10/dist-packages/ardupilot_msgs/msg/_global_position.py
[4.489s] -- Symlinking: /home/lh/Documents/joao_pessoa_2026/install/ardupilot_msgs/local/lib/python3.10/dist-packages/ardupilot_msgs/msg/_global_position_s.c
[4.494s] -- Symlinking: /home/lh/Documents/joao_pessoa_2026/install/ardupilot_msgs/local/lib/python3.10/dist-packages/ardupilot_msgs/msg/_rc.py
[4.498s] -- Symlinking: /home/lh/Documents/joao_pessoa_2026/install/ardupilot_msgs/local/lib/python3.10/dist-packages/ardupilot_msgs/msg/_rc_s.c
[4.502s] -- Symlinking: /home/lh/Documents/joao_pessoa_2026/install/ardupilot_msgs/local/lib/python3.10/dist-packages/ardupilot_msgs/msg/_status.py
[4.507s] -- Symlinking: /home/lh/Documents/joao_pessoa_2026/install/ardupilot_msgs/local/lib/python3.10/dist-packages/ardupilot_msgs/msg/_status_s.c
[4.511s] -- Symlinking: /home/lh/Documents/joao_pessoa_2026/install/ardupilot_msgs/local/lib/python3.10/dist-packages/ardupilot_msgs/srv/__init__.py
[4.516s] -- Symlinking: /home/lh/Documents/joao_pessoa_2026/install/ardupilot_msgs/local/lib/python3.10/dist-packages/ardupilot_msgs/srv/_arm_motors.py
[4.522s] -- Symlinking: /home/lh/Documents/joao_pessoa_2026/install/ardupilot_msgs/local/lib/python3.10/dist-packages/ardupilot_msgs/srv/_arm_motors_s.c
[4.527s] -- Symlinking: /home/lh/Documents/joao_pessoa_2026/install/ardupilot_msgs/local/lib/python3.10/dist-packages/ardupilot_msgs/srv/_mode_switch.py
[4.531s] -- Symlinking: /home/lh/Documents/joao_pessoa_2026/install/ardupilot_msgs/local/lib/python3.10/dist-packages/ardupilot_msgs/srv/_mode_switch_s.c
[4.535s] -- Symlinking: /home/lh/Documents/joao_pessoa_2026/install/ardupilot_msgs/local/lib/python3.10/dist-packages/ardupilot_msgs/srv/_takeoff.py
[4.540s] -- Symlinking: /home/lh/Documents/joao_pessoa_2026/install/ardupilot_msgs/local/lib/python3.10/dist-packages/ardupilot_msgs/srv/_takeoff_s.c
[4.544s] -- Up-to-date symlink: /home/lh/Documents/joao_pessoa_2026/install/ardupilot_msgs/local/lib/python3.10/dist-packages/ardupilot_msgs/ardupilot_msgs_s__rosidl_typesupport_fastrtps_c.cpython-310-x86_64-linux-gnu.so
[4.544s] -- Up-to-date symlink: /home/lh/Documents/joao_pessoa_2026/install/ardupilot_msgs/local/lib/python3.10/dist-packages/ardupilot_msgs/ardupilot_msgs_s__rosidl_typesupport_introspection_c.cpython-310-x86_64-linux-gnu.so
[4.544s] -- Up-to-date symlink: /home/lh/Documents/joao_pessoa_2026/install/ardupilot_msgs/local/lib/python3.10/dist-packages/ardupilot_msgs/ardupilot_msgs_s__rosidl_typesupport_c.cpython-310-x86_64-linux-gnu.so
[4.544s] -- Symlinking: /home/lh/Documents/joao_pessoa_2026/install/ardupilot_msgs/share/ament_index/resource_index/rust_packages/ardupilot_msgs
[4.549s] -- Symlinking: /home/lh/Documents/joao_pessoa_2026/install/ardupilot_msgs/share/ardupilot_msgs/rust/Cargo.toml
[4.554s] -- Symlinking: /home/lh/Documents/joao_pessoa_2026/install/ardupilot_msgs/share/ardupilot_msgs/rust/build.rs
[4.559s] -- Symlinking: /home/lh/Documents/joao_pessoa_2026/install/ardupilot_msgs/share/ardupilot_msgs/rust/src/lib.rs
[4.563s] -- Symlinking: /home/lh/Documents/joao_pessoa_2026/install/ardupilot_msgs/share/ardupilot_msgs/rust/src/msg.rs
[4.566s] -- Symlinking: /home/lh/Documents/joao_pessoa_2026/install/ardupilot_msgs/share/ardupilot_msgs/rust/src/msg/rmw.rs
[4.572s] -- Symlinking: /home/lh/Documents/joao_pessoa_2026/install/ardupilot_msgs/share/ardupilot_msgs/rust/src/srv.rs
[4.575s] -- Symlinking: /home/lh/Documents/joao_pessoa_2026/install/ardupilot_msgs/share/ardupilot_msgs/rust/src/srv/rmw.rs
[4.581s] -- Symlinking: /home/lh/Documents/joao_pessoa_2026/install/ardupilot_msgs/share/ardupilot_msgs/msg/GlobalPosition.idl
[4.586s] -- Symlinking: /home/lh/Documents/joao_pessoa_2026/install/ardupilot_msgs/share/ardupilot_msgs/msg/Rc.idl
[4.590s] -- Symlinking: /home/lh/Documents/joao_pessoa_2026/install/ardupilot_msgs/share/ardupilot_msgs/msg/Status.idl
[4.594s] -- Symlinking: /home/lh/Documents/joao_pessoa_2026/install/ardupilot_msgs/share/ardupilot_msgs/msg/Airspeed.idl
[4.598s] -- Symlinking: /home/lh/Documents/joao_pessoa_2026/install/ardupilot_msgs/share/ardupilot_msgs/srv/ArmMotors.idl
[4.603s] -- Symlinking: /home/lh/Documents/joao_pessoa_2026/install/ardupilot_msgs/share/ardupilot_msgs/srv/ModeSwitch.idl
[4.607s] -- Symlinking: /home/lh/Documents/joao_pessoa_2026/install/ardupilot_msgs/share/ardupilot_msgs/srv/Takeoff.idl
[4.612s] -- Symlinking: /home/lh/Documents/joao_pessoa_2026/install/ardupilot_msgs/share/ardupilot_msgs/msg/GlobalPosition.msg
[4.617s] -- Symlinking: /home/lh/Documents/joao_pessoa_2026/install/ardupilot_msgs/share/ardupilot_msgs/msg/Rc.msg
[4.622s] -- Symlinking: /home/lh/Documents/joao_pessoa_2026/install/ardupilot_msgs/share/ardupilot_msgs/msg/Status.msg
[4.626s] -- Symlinking: /home/lh/Documents/joao_pessoa_2026/install/ardupilot_msgs/share/ardupilot_msgs/msg/Airspeed.msg
[4.631s] -- Symlinking: /home/lh/Documents/joao_pessoa_2026/install/ardupilot_msgs/share/ardupilot_msgs/srv/ArmMotors.srv
[4.634s] -- Symlinking: /home/lh/Documents/joao_pessoa_2026/install/ardupilot_msgs/share/ardupilot_msgs/srv/ArmMotors_Request.msg
[4.638s] -- Symlinking: /home/lh/Documents/joao_pessoa_2026/install/ardupilot_msgs/share/ardupilot_msgs/srv/ArmMotors_Response.msg
[4.644s] -- Symlinking: /home/lh/Documents/joao_pessoa_2026/install/ardupilot_msgs/share/ardupilot_msgs/srv/ModeSwitch.srv
[4.649s] -- Symlinking: /home/lh/Documents/joao_pessoa_2026/install/ardupilot_msgs/share/ardupilot_msgs/srv/ModeSwitch_Request.msg
[4.654s] -- Symlinking: /home/lh/Documents/joao_pessoa_2026/install/ardupilot_msgs/share/ardupilot_msgs/srv/ModeSwitch_Response.msg
[4.658s] -- Symlinking: /home/lh/Documents/joao_pessoa_2026/install/ardupilot_msgs/share/ardupilot_msgs/srv/Takeoff.srv
[4.663s] -- Symlinking: /home/lh/Documents/joao_pessoa_2026/install/ardupilot_msgs/share/ardupilot_msgs/srv/Takeoff_Request.msg
[4.669s] -- Symlinking: /home/lh/Documents/joao_pessoa_2026/install/ardupilot_msgs/share/ardupilot_msgs/srv/Takeoff_Response.msg
[4.673s] -- Symlinking: /home/lh/Documents/joao_pessoa_2026/install/ardupilot_msgs/share/ament_index/resource_index/package_run_dependencies/ardupilot_msgs
[4.678s] -- Symlinking: /home/lh/Documents/joao_pessoa_2026/install/ardupilot_msgs/share/ament_index/resource_index/parent_prefix_path/ardupilot_msgs
[4.683s] -- Symlinking: /home/lh/Documents/joao_pessoa_2026/install/ardupilot_msgs/share/ardupilot_msgs/environment/ament_prefix_path.sh
[4.688s] -- Symlinking: /home/lh/Documents/joao_pessoa_2026/install/ardupilot_msgs/share/ardupilot_msgs/environment/ament_prefix_path.dsv
[4.692s] -- Symlinking: /home/lh/Documents/joao_pessoa_2026/install/ardupilot_msgs/share/ardupilot_msgs/environment/path.sh
[4.697s] -- Symlinking: /home/lh/Documents/joao_pessoa_2026/install/ardupilot_msgs/share/ardupilot_msgs/environment/path.dsv
[4.702s] -- Symlinking: /home/lh/Documents/joao_pessoa_2026/install/ardupilot_msgs/share/ardupilot_msgs/local_setup.bash
[4.707s] -- Symlinking: /home/lh/Documents/joao_pessoa_2026/install/ardupilot_msgs/share/ardupilot_msgs/local_setup.sh
[4.712s] -- Symlinking: /home/lh/Documents/joao_pessoa_2026/install/ardupilot_msgs/share/ardupilot_msgs/local_setup.zsh
[4.718s] -- Symlinking: /home/lh/Documents/joao_pessoa_2026/install/ardupilot_msgs/share/ardupilot_msgs/local_setup.dsv
[4.722s] -- Symlinking: /home/lh/Documents/joao_pessoa_2026/install/ardupilot_msgs/share/ardupilot_msgs/package.dsv
[4.728s] -- Symlinking: /home/lh/Documents/joao_pessoa_2026/install/ardupilot_msgs/share/ament_index/resource_index/packages/ardupilot_msgs
[4.732s] -- Symlinking: /home/lh/Documents/joao_pessoa_2026/install/ardupilot_msgs/share/ardupilot_msgs/cmake/rosidl_cmake-extras.cmake
[4.736s] -- Symlinking: /home/lh/Documents/joao_pessoa_2026/install/ardupilot_msgs/share/ardupilot_msgs/cmake/ament_cmake_export_dependencies-extras.cmake
[4.740s] -- Symlinking: /home/lh/Documents/joao_pessoa_2026/install/ardupilot_msgs/share/ardupilot_msgs/cmake/ament_cmake_export_include_directories-extras.cmake
[4.746s] -- Symlinking: /home/lh/Documents/joao_pessoa_2026/install/ardupilot_msgs/share/ardupilot_msgs/cmake/ament_cmake_export_libraries-extras.cmake
[4.751s] -- Symlinking: /home/lh/Documents/joao_pessoa_2026/install/ardupilot_msgs/share/ardupilot_msgs/cmake/ament_cmake_export_targets-extras.cmake
[4.755s] -- Symlinking: /home/lh/Documents/joao_pessoa_2026/install/ardupilot_msgs/share/ardupilot_msgs/cmake/rosidl_cmake_export_typesupport_targets-extras.cmake
[4.760s] -- Symlinking: /home/lh/Documents/joao_pessoa_2026/install/ardupilot_msgs/share/ardupilot_msgs/cmake/rosidl_cmake_export_typesupport_libraries-extras.cmake
[4.766s] -- Symlinking: /home/lh/Documents/joao_pessoa_2026/install/ardupilot_msgs/share/ardupilot_msgs/cmake/ardupilot_msgsConfig.cmake
[4.769s] -- Symlinking: /home/lh/Documents/joao_pessoa_2026/install/ardupilot_msgs/share/ardupilot_msgs/cmake/ardupilot_msgsConfig-version.cmake
[4.774s] -- Symlinking: /home/lh/Documents/joao_pessoa_2026/install/ardupilot_msgs/share/ardupilot_msgs/package.xml
[4.779s] -- Installing: /home/lh/Documents/joao_pessoa_2026/install/ardupilot_msgs/lib/libardupilot_msgs__rosidl_generator_c.so
[4.779s] -- Set runtime path of "/home/lh/Documents/joao_pessoa_2026/install/ardupilot_msgs/lib/libardupilot_msgs__rosidl_generator_c.so" to ""
[4.779s] -- Installing: /home/lh/Documents/joao_pessoa_2026/install/ardupilot_msgs/lib/libardupilot_msgs__rosidl_typesupport_fastrtps_c.so
[4.779s] -- Set runtime path of "/home/lh/Documents/joao_pessoa_2026/install/ardupilot_msgs/lib/libardupilot_msgs__rosidl_typesupport_fastrtps_c.so" to ""
[4.779s] -- Installing: /home/lh/Documents/joao_pessoa_2026/install/ardupilot_msgs/lib/libardupilot_msgs__rosidl_typesupport_fastrtps_cpp.so
[4.779s] -- Set runtime path of "/home/lh/Documents/joao_pessoa_2026/install/ardupilot_msgs/lib/libardupilot_msgs__rosidl_typesupport_fastrtps_cpp.so" to ""
[4.780s] -- Installing: /home/lh/Documents/joao_pessoa_2026/install/ardupilot_msgs/lib/libardupilot_msgs__rosidl_typesupport_introspection_c.so
[4.780s] -- Set runtime path of "/home/lh/Documents/joao_pessoa_2026/install/ardupilot_msgs/lib/libardupilot_msgs__rosidl_typesupport_introspection_c.so" to ""
[4.780s] -- Installing: /home/lh/Documents/joao_pessoa_2026/install/ardupilot_msgs/lib/libardupilot_msgs__rosidl_typesupport_c.so
[4.780s] -- Set runtime path of "/home/lh/Documents/joao_pessoa_2026/install/ardupilot_msgs/lib/libardupilot_msgs__rosidl_typesupport_c.so" to ""
[4.780s] -- Installing: /home/lh/Documents/joao_pessoa_2026/install/ardupilot_msgs/lib/libardupilot_msgs__rosidl_typesupport_introspection_cpp.so
[4.780s] -- Set runtime path of "/home/lh/Documents/joao_pessoa_2026/install/ardupilot_msgs/lib/libardupilot_msgs__rosidl_typesupport_introspection_cpp.so" to ""
[4.780s] -- Installing: /home/lh/Documents/joao_pessoa_2026/install/ardupilot_msgs/lib/libardupilot_msgs__rosidl_typesupport_cpp.so
[4.780s] -- Set runtime path of "/home/lh/Documents/joao_pessoa_2026/install/ardupilot_msgs/lib/libardupilot_msgs__rosidl_typesupport_cpp.so" to ""
[4.803s] Listing '/home/lh/Documents/joao_pessoa_2026/install/ardupilot_msgs/local/lib/python3.10/dist-packages/ardupilot_msgs'...
[4.803s] Compiling '/home/lh/Documents/joao_pessoa_2026/install/ardupilot_msgs/local/lib/python3.10/dist-packages/ardupilot_msgs/__init__.py'...
[4.803s] Listing '/home/lh/Documents/joao_pessoa_2026/install/ardupilot_msgs/local/lib/python3.10/dist-packages/ardupilot_msgs/msg'...
[4.803s] Compiling '/home/lh/Documents/joao_pessoa_2026/install/ardupilot_msgs/local/lib/python3.10/dist-packages/ardupilot_msgs/msg/__init__.py'...
[4.803s] Compiling '/home/lh/Documents/joao_pessoa_2026/install/ardupilot_msgs/local/lib/python3.10/dist-packages/ardupilot_msgs/msg/_airspeed.py'...
[4.803s] Compiling '/home/lh/Documents/joao_pessoa_2026/install/ardupilot_msgs/local/lib/python3.10/dist-packages/ardupilot_msgs/msg/_global_position.py'...
[4.803s] Compiling '/home/lh/Documents/joao_pessoa_2026/install/ardupilot_msgs/local/lib/python3.10/dist-packages/ardupilot_msgs/msg/_rc.py'...
[4.803s] Compiling '/home/lh/Documents/joao_pessoa_2026/install/ardupilot_msgs/local/lib/python3.10/dist-packages/ardupilot_msgs/msg/_status.py'...
[4.803s] Listing '/home/lh/Documents/joao_pessoa_2026/install/ardupilot_msgs/local/lib/python3.10/dist-packages/ardupilot_msgs/srv'...
[4.803s] Compiling '/home/lh/Documents/joao_pessoa_2026/install/ardupilot_msgs/local/lib/python3.10/dist-packages/ardupilot_msgs/srv/__init__.py'...
[4.803s] Compiling '/home/lh/Documents/joao_pessoa_2026/install/ardupilot_msgs/local/lib/python3.10/dist-packages/ardupilot_msgs/srv/_arm_motors.py'...
[4.803s] Compiling '/home/lh/Documents/joao_pessoa_2026/install/ardupilot_msgs/local/lib/python3.10/dist-packages/ardupilot_msgs/srv/_mode_switch.py'...
[4.804s] Compiling '/home/lh/Documents/joao_pessoa_2026/install/ardupilot_msgs/local/lib/python3.10/dist-packages/ardupilot_msgs/srv/_takeoff.py'...
[4.805s] -- Installing: /home/lh/Documents/joao_pessoa_2026/install/ardupilot_msgs/lib/libardupilot_msgs__rosidl_generator_py.so
[4.806s] -- Set runtime path of "/home/lh/Documents/joao_pessoa_2026/install/ardupilot_msgs/lib/libardupilot_msgs__rosidl_generator_py.so" to ""
[4.806s] -- Installing: /home/lh/Documents/joao_pessoa_2026/install/ardupilot_msgs/share/ardupilot_msgs/cmake/export_ardupilot_msgs__rosidl_generator_cExport.cmake
[4.806s] -- Installing: /home/lh/Documents/joao_pessoa_2026/install/ardupilot_msgs/share/ardupilot_msgs/cmake/export_ardupilot_msgs__rosidl_generator_cExport-noconfig.cmake
[4.806s] -- Installing: /home/lh/Documents/joao_pessoa_2026/install/ardupilot_msgs/share/ardupilot_msgs/cmake/export_ardupilot_msgs__rosidl_typesupport_fastrtps_cExport.cmake
[4.806s] -- Installing: /home/lh/Documents/joao_pessoa_2026/install/ardupilot_msgs/share/ardupilot_msgs/cmake/export_ardupilot_msgs__rosidl_typesupport_fastrtps_cExport-noconfig.cmake
[4.806s] -- Installing: /home/lh/Documents/joao_pessoa_2026/install/ardupilot_msgs/share/ardupilot_msgs/cmake/export_ardupilot_msgs__rosidl_generator_cppExport.cmake
[4.806s] -- Installing: /home/lh/Documents/joao_pessoa_2026/install/ardupilot_msgs/share/ardupilot_msgs/cmake/export_ardupilot_msgs__rosidl_typesupport_fastrtps_cppExport.cmake
[4.806s] -- Installing: /home/lh/Documents/joao_pessoa_2026/install/ardupilot_msgs/share/ardupilot_msgs/cmake/export_ardupilot_msgs__rosidl_typesupport_fastrtps_cppExport-noconfig.cmake
[4.806s] -- Installing: /home/lh/Documents/joao_pessoa_2026/install/ardupilot_msgs/share/ardupilot_msgs/cmake/ardupilot_msgs__rosidl_typesupport_introspection_cExport.cmake
[4.806s] -- Installing: /home/lh/Documents/joao_pessoa_2026/install/ardupilot_msgs/share/ardupilot_msgs/cmake/ardupilot_msgs__rosidl_typesupport_introspection_cExport-noconfig.cmake
[4.806s] -- Installing: /home/lh/Documents/joao_pessoa_2026/install/ardupilot_msgs/share/ardupilot_msgs/cmake/ardupilot_msgs__rosidl_typesupport_cExport.cmake
[4.806s] -- Installing: /home/lh/Documents/joao_pessoa_2026/install/ardupilot_msgs/share/ardupilot_msgs/cmake/ardupilot_msgs__rosidl_typesupport_cExport-noconfig.cmake
[4.806s] -- Installing: /home/lh/Documents/joao_pessoa_2026/install/ardupilot_msgs/share/ardupilot_msgs/cmake/ardupilot_msgs__rosidl_typesupport_introspection_cppExport.cmake
[4.806s] -- Installing: /home/lh/Documents/joao_pessoa_2026/install/ardupilot_msgs/share/ardupilot_msgs/cmake/ardupilot_msgs__rosidl_typesupport_introspection_cppExport-noconfig.cmake
[4.806s] -- Installing: /home/lh/Documents/joao_pessoa_2026/install/ardupilot_msgs/share/ardupilot_msgs/cmake/ardupilot_msgs__rosidl_typesupport_cppExport.cmake
[4.806s] -- Installing: /home/lh/Documents/joao_pessoa_2026/install/ardupilot_msgs/share/ardupilot_msgs/cmake/ardupilot_msgs__rosidl_typesupport_cppExport-noconfig.cmake
[4.806s] -- Installing: /home/lh/Documents/joao_pessoa_2026/install/ardupilot_msgs/share/ardupilot_msgs/cmake/export_ardupilot_msgs__rosidl_generator_pyExport.cmake
[4.806s] -- Installing: /home/lh/Documents/joao_pessoa_2026/install/ardupilot_msgs/share/ardupilot_msgs/cmake/export_ardupilot_msgs__rosidl_generator_pyExport-noconfig.cmake
[4.808s] Invoked command in '/home/lh/Documents/joao_pessoa_2026/build/ardupilot_msgs' returned '0': CMAKE_PREFIX_PATH=${CMAKE_PREFIX_PATH}:/home/lh/Documents/joao_pessoa_2026/install/ardupilot_dds_tests:/home/lh/Documents/joao_pessoa_2026/install/biguasim_main:/opt/ros/humble /usr/bin/cmake --install /home/lh/Documents/joao_pessoa_2026/build/ardupilot_msgs
