[0.008s] Invoking command in '/home/lh/Documents/fbot_drone/drone_ws/src/ardupilot/build/ardupilot_msgs': CONDA_PROMPT_MODIFIER=(base) /usr/bin/cmake /home/lh/Documents/fbot_drone/drone_ws/src/ardupilot/Tools/ros2/ardupilot_msgs -DCMAKE_INSTALL_PREFIX=/home/lh/Documents/fbot_drone/drone_ws/src/ardupilot/install/ardupilot_msgs
[0.047s] -- The C compiler identification is GNU 11.4.0
[0.084s] -- The CXX compiler identification is GNU 11.4.0
[0.088s] -- Detecting C compiler ABI info
[0.124s] -- Detecting C compiler ABI info - done
[0.129s] -- Check for working C compiler: /usr/lib/ccache/cc - skipped
[0.129s] -- Detecting C compile features
[0.130s] -- Detecting C compile features - done
[0.131s] -- Detecting CXX compiler ABI info
[0.168s] -- Detecting CXX compiler ABI info - done
[0.174s] -- Check for working CXX compiler: /usr/lib/ccache/c++ - skipped
[0.174s] -- Detecting CXX compile features
[0.174s] -- Detecting CXX compile features - done
[0.181s] [31mCMake Error at CMakeLists.txt:7 (find_package):
[0.181s]   By not providing "Findament_cmake.cmake" in CMAKE_MODULE_PATH this project
[0.181s]   has asked CMake to find a package configuration file provided by
[0.181s]   "ament_cmake", but CMake did not find one.
[0.181s] 
[0.182s]   Could not find a package configuration file provided by "ament_cmake" with
[0.182s]   any of the following names:
[0.182s] 
[0.182s]     ament_cmakeConfig.cmake
[0.182s]     ament_cmake-config.cmake
[0.182s] 
[0.182s]   Add the installation prefix of "ament_cmake" to CMAKE_PREFIX_PATH or set
[0.182s]   "ament_cmake_DIR" to a directory containing one of the above files.  If
[0.182s]   "ament_cmake" provides a separate development package or SDK, be sure it
[0.182s]   has been installed.
[0.182s] 
[0.182s] [0m
[0.182s] -- Configuring incomplete, errors occurred!
[0.182s] See also "/home/lh/Documents/fbot_drone/drone_ws/src/ardupilot/build/ardupilot_msgs/CMakeFiles/CMakeOutput.log".
[0.184s] Invoked command in '/home/lh/Documents/fbot_drone/drone_ws/src/ardupilot/build/ardupilot_msgs' returned '1': CONDA_PROMPT_MODIFIER=(base) /usr/bin/cmake /home/lh/Documents/fbot_drone/drone_ws/src/ardupilot/Tools/ros2/ardupilot_msgs -DCMAKE_INSTALL_PREFIX=/home/lh/Documents/fbot_drone/drone_ws/src/ardupilot/install/ardupilot_msgs
